2025-02-16T18:16:33.2535196Z ##[group]Run TinyTapeout/tt-gds-action/custom_gds@tt10
2025-02-16T18:16:33.2535720Z with:
2025-02-16T18:16:33.2536029Z   top_module: tt_um_tatzeltapeout
2025-02-16T18:16:33.2536315Z   gds_path: gds/tt_um_tatzeltapeout.gds
2025-02-16T18:16:33.2536599Z   lef_path: lef/tt_um_tatzeltapeout.lef
2025-02-16T18:16:33.2536851Z   verilog_path: src/project.v
2025-02-16T18:16:33.2537102Z   tools-repo: TinyTapeout/tt-support-tools
2025-02-16T18:16:33.2537360Z   tools-ref: tt10
2025-02-16T18:16:33.2537565Z ##[endgroup]
2025-02-16T18:16:33.2618800Z ##[group]Run mkdir -p tt_submission
2025-02-16T18:16:33.2619161Z [36;1mmkdir -p tt_submission[0m
2025-02-16T18:16:33.2619405Z [36;1mjq -n \[0m
2025-02-16T18:16:33.2619638Z [36;1m  --arg app "custom_gds action" \[0m
2025-02-16T18:16:33.2620308Z [36;1m  --arg repo "https://github.com/tatzelbrumm/tt10-analog-tatzeltapeout" \[0m
2025-02-16T18:16:33.2621035Z [36;1m  --arg commit "29e773f2075ec540edba80ef51cab0174657d4cb" \[0m
2025-02-16T18:16:33.2621586Z [36;1m  --arg workflow_url "https://github.com/tatzelbrumm/tt10-analog-tatzeltapeout/actions/runs/13357596664" \[0m
2025-02-16T18:16:33.2622192Z [36;1m  '{app: $app, repo: $repo, commit: $commit, workflow_url: $workflow_url}' \[0m
2025-02-16T18:16:33.2622553Z [36;1m  > tt_submission/commit_id.json[0m
2025-02-16T18:16:33.2682194Z shell: /usr/bin/bash --noprofile --norc -e -o pipefail {0}
2025-02-16T18:16:33.2682537Z ##[endgroup]
2025-02-16T18:16:33.3437161Z ##[group]Run wget https://github.com/htfab/klayout/releases/download/v0.29.11/klayout_0.29.11-1_amd64.deb
2025-02-16T18:16:33.3438091Z [36;1mwget https://github.com/htfab/klayout/releases/download/v0.29.11/klayout_0.29.11-1_amd64.deb[0m
2025-02-16T18:16:33.3438656Z [36;1msudo apt-get update && sudo apt-get install -y ./klayout_0.29.11-1_amd64.deb[0m
2025-02-16T18:16:33.3439028Z [36;1mpip install klayout==0.29.11[0m
2025-02-16T18:16:33.3493151Z shell: /usr/bin/bash --noprofile --norc -e -o pipefail {0}
2025-02-16T18:16:33.3493479Z ##[endgroup]
2025-02-16T18:16:33.4143778Z --2025-02-16 18:16:33--  https://github.com/htfab/klayout/releases/download/v0.29.11/klayout_0.29.11-1_amd64.deb
2025-02-16T18:16:33.4402048Z Resolving github.com (github.com)... 140.82.116.4
2025-02-16T18:16:33.4584733Z Connecting to github.com (github.com)|140.82.116.4|:443... connected.
2025-02-16T18:16:33.6253884Z HTTP request sent, awaiting response... 302 Found
2025-02-16T18:16:33.6257829Z Location: https://objects.githubusercontent.com/github-production-release-asset-2e65be/905016093/dbcc0ca6-02ff-4d06-8cae-343744c6a373?X-Amz-Algorithm=AWS4-HMAC-SHA256&X-Amz-Credential=releaseassetproduction%2F20250216%2Fus-east-1%2Fs3%2Faws4_request&X-Amz-Date=20250216T181633Z&X-Amz-Expires=300&X-Amz-Signature=f3da2efab6b44961da6d0611508b1782914b0265486a9890591b1d9c8ab76ad5&X-Amz-SignedHeaders=host&response-content-disposition=attachment%3B%20filename%3Dklayout_0.29.11-1_amd64.deb&response-content-type=application%2Foctet-stream [following]
2025-02-16T18:16:33.6265294Z --2025-02-16 18:16:33--  https://objects.githubusercontent.com/github-production-release-asset-2e65be/905016093/dbcc0ca6-02ff-4d06-8cae-343744c6a373?X-Amz-Algorithm=AWS4-HMAC-SHA256&X-Amz-Credential=releaseassetproduction%2F20250216%2Fus-east-1%2Fs3%2Faws4_request&X-Amz-Date=20250216T181633Z&X-Amz-Expires=300&X-Amz-Signature=f3da2efab6b44961da6d0611508b1782914b0265486a9890591b1d9c8ab76ad5&X-Amz-SignedHeaders=host&response-content-disposition=attachment%3B%20filename%3Dklayout_0.29.11-1_amd64.deb&response-content-type=application%2Foctet-stream
2025-02-16T18:16:33.6301723Z Resolving objects.githubusercontent.com (objects.githubusercontent.com)... 185.199.109.133, 185.199.110.133, 185.199.111.133, ...
2025-02-16T18:16:33.6326289Z Connecting to objects.githubusercontent.com (objects.githubusercontent.com)|185.199.109.133|:443... connected.
2025-02-16T18:16:34.0151919Z HTTP request sent, awaiting response... 200 OK
2025-02-16T18:16:34.0152752Z Length: 63179420 (60M) [application/octet-stream]
2025-02-16T18:16:34.0153979Z Saving to: ‘klayout_0.29.11-1_amd64.deb’
2025-02-16T18:16:34.0190497Z 
2025-02-16T18:16:34.0199514Z      0K .......... .......... .......... .......... ..........  0% 10.7M 6s
2025-02-16T18:16:34.0208915Z     50K .......... .......... .......... .......... ..........  0% 49.8M 3s
2025-02-16T18:16:34.0212285Z    100K .......... .......... .......... .......... ..........  0%  142M 2s
2025-02-16T18:16:34.0215570Z    150K .......... .......... .......... .......... ..........  0%  150M 2s
2025-02-16T18:16:34.0218375Z    200K .......... .......... .......... .......... ..........  0%  182M 2s
2025-02-16T18:16:34.0220837Z    250K .......... .......... .......... .......... ..........  0%  204M 1s
2025-02-16T18:16:34.0223040Z    300K .......... .......... .......... .......... ..........  0%  266M 1s
2025-02-16T18:16:34.0225769Z    350K .......... .......... .......... .......... ..........  0%  143M 1s
2025-02-16T18:16:34.0228159Z    400K .......... .......... .......... .......... ..........  0%  209M 1s
2025-02-16T18:16:34.0230658Z    450K .......... .......... .......... .......... ..........  0%  309M 1s
2025-02-16T18:16:34.0231366Z    500K .......... .......... .......... .......... ..........  0%  273M 1s
2025-02-16T18:16:34.0233677Z    550K .......... .......... .......... .......... ..........  0%  325M 1s
2025-02-16T18:16:34.0236854Z    600K .......... .......... .......... .......... ..........  1%  295M 1s
2025-02-16T18:16:34.0237494Z    650K .......... .......... .......... .......... ..........  1%  471M 1s
2025-02-16T18:16:34.0238833Z    700K .......... .......... .......... .......... ..........  1%  277M 1s
2025-02-16T18:16:34.0240215Z    750K .......... .......... .......... .......... ..........  1%  200M 1s
2025-02-16T18:16:34.0241732Z    800K .......... .......... .......... .......... ..........  1%  252M 1s
2025-02-16T18:16:34.0243515Z    850K .......... .......... .......... .......... ..........  1%  296M 1s
2025-02-16T18:16:34.0245250Z    900K .......... .......... .......... .......... ..........  1%  268M 1s
2025-02-16T18:16:34.0247059Z    950K .......... .......... .......... .......... ..........  1%  305M 1s
2025-02-16T18:16:34.0249983Z   1000K .......... .......... .......... .......... ..........  1%  281M 1s
2025-02-16T18:16:34.0250796Z   1050K .......... .......... .......... .......... ..........  1%  283M 1s
2025-02-16T18:16:34.0254396Z   1100K .......... .......... .......... .......... ..........  1%  242M 1s
2025-02-16T18:16:34.0254998Z   1150K .......... .......... .......... .......... ..........  1%  244M 1s
2025-02-16T18:16:34.0256052Z   1200K .......... .......... .......... .......... ..........  2%  271M 0s
2025-02-16T18:16:34.0258918Z   1250K .......... .......... .......... .......... ..........  2%  306M 0s
2025-02-16T18:16:34.0259506Z   1300K .......... .......... .......... .......... ..........  2%  292M 0s
2025-02-16T18:16:34.0261581Z   1350K .......... .......... .......... .......... ..........  2%  261M 0s
2025-02-16T18:16:34.0263935Z   1400K .......... .......... .......... .......... ..........  2%  288M 0s
2025-02-16T18:16:34.0264883Z   1450K .......... .......... .......... .......... ..........  2%  270M 0s
2025-02-16T18:16:34.0267151Z   1500K .......... .......... .......... .......... ..........  2%  294M 0s
2025-02-16T18:16:34.0268844Z   1550K .......... .......... .......... .......... ..........  2%  207M 0s
2025-02-16T18:16:34.0270931Z   1600K .......... .......... .......... .......... ..........  2%  303M 0s
2025-02-16T18:16:34.0272242Z   1650K .......... .......... .......... .......... ..........  2%  257M 0s
2025-02-16T18:16:34.0274141Z   1700K .......... .......... .......... .......... ..........  2%  309M 0s
2025-02-16T18:16:34.0275597Z   1750K .......... .......... .......... .......... ..........  2%  292M 0s
2025-02-16T18:16:34.0277450Z   1800K .......... .......... .......... .......... ..........  2%  297M 0s
2025-02-16T18:16:34.0279333Z   1850K .......... .......... .......... .......... ..........  3%  267M 0s
2025-02-16T18:16:34.0281684Z   1900K .......... .......... .......... .......... ..........  3%  261M 0s
2025-02-16T18:16:34.0298317Z   1950K .......... .......... .......... .......... ..........  3% 29.7M 0s
2025-02-16T18:16:34.0298916Z   2000K .......... .......... .......... .......... ..........  3%  306M 0s
2025-02-16T18:16:34.0300878Z   2050K .......... .......... .......... .......... ..........  3%  279M 0s
2025-02-16T18:16:34.0302534Z   2100K .......... .......... .......... .......... ..........  3%  257M 0s
2025-02-16T18:16:34.0304341Z   2150K .......... .......... .......... .......... ..........  3%  281M 0s
2025-02-16T18:16:34.0306149Z   2200K .......... .......... .......... .......... ..........  3%  296M 0s
2025-02-16T18:16:34.0307811Z   2250K .......... .......... .......... .......... ..........  3%  284M 0s
2025-02-16T18:16:34.0310397Z   2300K .......... .......... .......... .......... ..........  3%  273M 0s
2025-02-16T18:16:34.0313197Z   2350K .......... .......... .......... .......... ..........  3%  205M 0s
2025-02-16T18:16:34.0314373Z   2400K .......... .......... .......... .......... ..........  3%  276M 0s
2025-02-16T18:16:34.0316059Z   2450K .......... .......... .......... .......... ..........  4%  269M 0s
2025-02-16T18:16:34.0317201Z   2500K .......... .......... .......... .......... ..........  4%  280M 0s
2025-02-16T18:16:34.0319001Z   2550K .......... .......... .......... .......... ..........  4%  289M 0s
2025-02-16T18:16:34.0321259Z   2600K .......... .......... .......... .......... ..........  4%  289M 0s
2025-02-16T18:16:34.0322655Z   2650K .......... .......... .......... .......... ..........  4%  242M 0s
2025-02-16T18:16:34.0325417Z   2700K .......... .......... .......... .......... ..........  4%  302M 0s
2025-02-16T18:16:34.0326417Z   2750K .......... .......... .......... .......... ..........  4%  213M 0s
2025-02-16T18:16:34.0330255Z   2800K .......... .......... .......... .......... ..........  4%  310M 0s
2025-02-16T18:16:34.0330839Z   2850K .......... .......... .......... .......... ..........  4%  311M 0s
2025-02-16T18:16:34.0331942Z   2900K .......... .......... .......... .......... ..........  4%  255M 0s
2025-02-16T18:16:34.0334729Z   2950K .......... .......... .......... .......... ..........  4%  316M 0s
2025-02-16T18:16:34.0335308Z   3000K .......... .......... .......... .......... ..........  4%  296M 0s
2025-02-16T18:16:34.0336511Z   3050K .......... .......... .......... .......... ..........  5%  290M 0s
2025-02-16T18:16:34.0339906Z   3100K .......... .......... .......... .......... ..........  5%  301M 0s
2025-02-16T18:16:34.0341894Z   3150K .......... .......... .......... .......... ..........  5%  227M 0s
2025-02-16T18:16:34.0342472Z   3200K .......... .......... .......... .......... ..........  5%  241M 0s
2025-02-16T18:16:34.0343904Z   3250K .......... .......... .......... .......... ..........  5%  281M 0s
2025-02-16T18:16:34.0347184Z   3300K .......... .......... .......... .......... ..........  5%  301M 0s
2025-02-16T18:16:34.0347793Z   3350K .......... .......... .......... .......... ..........  5%  306M 0s
2025-02-16T18:16:34.0350578Z   3400K .......... .......... .......... .......... ..........  5%  283M 0s
2025-02-16T18:16:34.0351177Z   3450K .......... .......... .......... .......... ..........  5%  280M 0s
2025-02-16T18:16:34.0355060Z   3500K .......... .......... .......... .......... ..........  5%  243M 0s
2025-02-16T18:16:34.0355639Z   3550K .......... .......... .......... .......... ..........  5%  239M 0s
2025-02-16T18:16:34.0356218Z   3600K .......... .......... .......... .......... ..........  5%  298M 0s
2025-02-16T18:16:34.0358459Z   3650K .......... .......... .......... .......... ..........  5%  296M 0s
2025-02-16T18:16:34.0359838Z   3700K .......... .......... .......... .......... ..........  6%  267M 0s
2025-02-16T18:16:34.0361983Z   3750K .......... .......... .......... .......... ..........  6%  264M 0s
2025-02-16T18:16:34.0364349Z   3800K .......... .......... .......... .......... ..........  6%  285M 0s
2025-02-16T18:16:34.0365422Z   3850K .......... .......... .......... .......... ..........  6%  249M 0s
2025-02-16T18:16:34.0369952Z   3900K .......... .......... .......... .......... ..........  6%  298M 0s
2025-02-16T18:16:34.0371052Z   3950K .......... .......... .......... .......... ..........  6%  213M 0s
2025-02-16T18:16:34.0372581Z   4000K .......... .......... .......... .......... ..........  6%  218M 0s
2025-02-16T18:16:34.0373860Z   4050K .......... .......... .......... .......... ..........  6%  270M 0s
2025-02-16T18:16:34.0375148Z   4100K .......... .......... .......... .......... ..........  6%  282M 0s
2025-02-16T18:16:34.0376988Z   4150K .......... .......... .......... .......... ..........  6%  254M 0s
2025-02-16T18:16:34.0378965Z   4200K .......... .......... .......... .......... ..........  6%  298M 0s
2025-02-16T18:16:34.0380638Z   4250K .......... .......... .......... .......... ..........  6%  282M 0s
2025-02-16T18:16:34.0382910Z   4300K .......... .......... .......... .......... ..........  7%  263M 0s
2025-02-16T18:16:34.0384158Z   4350K .......... .......... .......... .......... ..........  7%  238M 0s
2025-02-16T18:16:34.0386158Z   4400K .......... .......... .......... .......... ..........  7%  307M 0s
2025-02-16T18:16:34.0387457Z   4450K .......... .......... .......... .......... ..........  7%  293M 0s
2025-02-16T18:16:34.0389425Z   4500K .......... .......... .......... .......... ..........  7%  288M 0s
2025-02-16T18:16:34.0391065Z   4550K .......... .......... .......... .......... ..........  7%  284M 0s
2025-02-16T18:16:34.0392681Z   4600K .......... .......... .......... .......... ..........  7%  281M 0s
2025-02-16T18:16:34.0394599Z   4650K .......... .......... .......... .......... ..........  7%  303M 0s
2025-02-16T18:16:34.0397026Z   4700K .......... .......... .......... .......... ..........  7%  286M 0s
2025-02-16T18:16:34.0398705Z   4750K .......... .......... .......... .......... ..........  7%  214M 0s
2025-02-16T18:16:34.0400006Z   4800K .......... .......... .......... .......... ..........  7%  272M 0s
2025-02-16T18:16:34.0402172Z   4850K .......... .......... .......... .......... ..........  7%  258M 0s
2025-02-16T18:16:34.0403635Z   4900K .......... .......... .......... .......... ..........  8%  298M 0s
2025-02-16T18:16:34.0405447Z   4950K .......... .......... .......... .......... ..........  8%  306M 0s
2025-02-16T18:16:34.0407073Z   5000K .......... .......... .......... .......... ..........  8%  290M 0s
2025-02-16T18:16:34.0408756Z   5050K .......... .......... .......... .......... ..........  8%  291M 0s
2025-02-16T18:16:34.0411134Z   5100K .......... .......... .......... .......... ..........  8%  296M 0s
2025-02-16T18:16:34.0412429Z   5150K .......... .......... .......... .......... ..........  8%  209M 0s
2025-02-16T18:16:34.0437337Z   5200K .......... .......... .......... .......... ..........  8% 20.2M 0s
2025-02-16T18:16:34.0438982Z   5250K .......... .......... .......... .......... ..........  8%  217M 0s
2025-02-16T18:16:34.0440979Z   5300K .......... .......... .......... .......... ..........  8%  302M 0s
2025-02-16T18:16:34.0466107Z   5350K .......... .......... .......... .......... ..........  8% 19.6M 0s
2025-02-16T18:16:34.0470655Z   5400K .......... .......... .......... .......... ..........  8%  117M 0s
2025-02-16T18:16:34.0473033Z   5450K .......... .......... .......... .......... ..........  8%  226M 0s
2025-02-16T18:16:34.0476461Z   5500K .......... .......... .......... .......... ..........  8%  198M 0s
2025-02-16T18:16:34.0477064Z   5550K .......... .......... .......... .......... ..........  9%  224M 0s
2025-02-16T18:16:34.0478554Z   5600K .......... .......... .......... .......... ..........  9%  284M 0s
2025-02-16T18:16:34.0480330Z   5650K .......... .......... .......... .......... ..........  9%  276M 0s
2025-02-16T18:16:34.0482159Z   5700K .......... .......... .......... .......... ..........  9%  245M 0s
2025-02-16T18:16:34.0483926Z   5750K .......... .......... .......... .......... ..........  9%  263M 0s
2025-02-16T18:16:34.0486223Z   5800K .......... .......... .......... .......... ..........  9%  281M 0s
2025-02-16T18:16:34.0487776Z   5850K .......... .......... .......... .......... ..........  9%  273M 0s
2025-02-16T18:16:34.0490807Z   5900K .......... .......... .......... .......... ..........  9%  269M 0s
2025-02-16T18:16:34.0491928Z   5950K .......... .......... .......... .......... ..........  9%  184M 0s
2025-02-16T18:16:34.0493543Z   6000K .......... .......... .......... .......... ..........  9%  295M 0s
2025-02-16T18:16:34.0495850Z   6050K .......... .......... .......... .......... ..........  9%  297M 0s
2025-02-16T18:16:34.0497109Z   6100K .......... .......... .......... .......... ..........  9%  267M 0s
2025-02-16T18:16:34.0499019Z   6150K .......... .......... .......... .......... .......... 10%  254M 0s
2025-02-16T18:16:34.0500934Z   6200K .......... .......... .......... .......... .......... 10%  285M 0s
2025-02-16T18:16:34.0504156Z   6250K .......... .......... .......... .......... .......... 10%  191M 0s
2025-02-16T18:16:34.0505567Z   6300K .......... .......... .......... .......... .......... 10%  217M 0s
2025-02-16T18:16:34.0507400Z   6350K .......... .......... .......... .......... .......... 10%  253M 0s
2025-02-16T18:16:34.0513074Z   6400K .......... .......... .......... .......... .......... 10%  106M 0s
2025-02-16T18:16:34.0514759Z   6450K .......... .......... .......... .......... .......... 10%  243M 0s
2025-02-16T18:16:34.0516590Z   6500K .......... .......... .......... .......... .......... 10%  257M 0s
2025-02-16T18:16:34.0517719Z   6550K .......... .......... .......... .......... .......... 10%  288M 0s
2025-02-16T18:16:34.0521617Z   6600K .......... .......... .......... .......... .......... 10%  133M 0s
2025-02-16T18:16:34.0523829Z   6650K .......... .......... .......... .......... .......... 10%  289M 0s
2025-02-16T18:16:34.0526115Z   6700K .......... .......... .......... .......... .......... 10%  260M 0s
2025-02-16T18:16:34.0527361Z   6750K .......... .......... .......... .......... .......... 11%  206M 0s
2025-02-16T18:16:34.0531682Z   6800K .......... .......... .......... .......... .......... 11%  120M 0s
2025-02-16T18:16:34.0580398Z   6850K .......... .......... .......... .......... .......... 11%  212M 0s
2025-02-16T18:16:34.0581590Z   6900K .......... .......... .......... .......... .......... 11%  259M 0s
2025-02-16T18:16:34.0582174Z   6950K .......... .......... .......... .......... .......... 11%  268M 0s
2025-02-16T18:16:34.0583561Z   7000K .......... .......... .......... .......... .......... 11%  340M 0s
2025-02-16T18:16:34.0584162Z   7050K .......... .......... .......... .......... .......... 11%  322M 0s
2025-02-16T18:16:34.0585177Z   7100K .......... .......... .......... .......... .......... 11%  295M 0s
2025-02-16T18:16:34.0586237Z   7150K .......... .......... .......... .......... .......... 11%  236M 0s
2025-02-16T18:16:34.0587387Z   7200K .......... .......... .......... .......... .......... 11%  352M 0s
2025-02-16T18:16:34.0587968Z   7250K .......... .......... .......... .......... .......... 11%  331M 0s
2025-02-16T18:16:34.0589707Z   7300K .......... .......... .......... .......... .......... 11%  323M 0s
2025-02-16T18:16:34.0590977Z   7350K .......... .......... .......... .......... .......... 11%  371M 0s
2025-02-16T18:16:34.0591554Z   7400K .......... .......... .......... .......... .......... 12%  205M 0s
2025-02-16T18:16:34.0592405Z   7450K .......... .......... .......... .......... .......... 12%  356M 0s
2025-02-16T18:16:34.0593215Z   7500K .......... .......... .......... .......... .......... 12%  369M 0s
2025-02-16T18:16:34.0593804Z   7550K .......... .......... .......... .......... .......... 12%  174M 0s
2025-02-16T18:16:34.0594360Z   7600K .......... .......... .......... .......... .......... 12%  306M 0s
2025-02-16T18:16:34.0596026Z   7650K .......... .......... .......... .......... .......... 12%  347M 0s
2025-02-16T18:16:34.0596987Z   7700K .......... .......... .......... .......... .......... 12%  245M 0s
2025-02-16T18:16:34.0597563Z   7750K .......... .......... .......... .......... .......... 12%  318M 0s
2025-02-16T18:16:34.0598352Z   7800K .......... .......... .......... .......... .......... 12%  304M 0s
2025-02-16T18:16:34.0599870Z   7850K .......... .......... .......... .......... .......... 12%  314M 0s
2025-02-16T18:16:34.0600613Z   7900K .......... .......... .......... .......... .......... 12%  346M 0s
2025-02-16T18:16:34.0601172Z   7950K .......... .......... .......... .......... .......... 12%  245M 0s
2025-02-16T18:16:34.0601748Z   8000K .......... .......... .......... .......... .......... 13%  292M 0s
2025-02-16T18:16:34.0603474Z   8050K .......... .......... .......... .......... .......... 13%  334M 0s
2025-02-16T18:16:34.0604060Z   8100K .......... .......... .......... .......... .......... 13%  352M 0s
2025-02-16T18:16:34.0604615Z   8150K .......... .......... .......... .......... .......... 13%  336M 0s
2025-02-16T18:16:34.0605171Z   8200K .......... .......... .......... .......... .......... 13%  324M 0s
2025-02-16T18:16:34.0605740Z   8250K .......... .......... .......... .......... .......... 13%  316M 0s
2025-02-16T18:16:34.0607993Z   8300K .......... .......... .......... .......... .......... 13%  247M 0s
2025-02-16T18:16:34.0608582Z   8350K .......... .......... .......... .......... .......... 13%  166M 0s
2025-02-16T18:16:34.0609143Z   8400K .......... .......... .......... .......... .......... 13%  281M 0s
2025-02-16T18:16:34.0609707Z   8450K .......... .......... .......... .......... .......... 13%  270M 0s
2025-02-16T18:16:34.0610648Z   8500K .......... .......... .......... .......... .......... 13%  257M 0s
2025-02-16T18:16:34.0612927Z   8550K .......... .......... .......... .......... .......... 13%  236M 0s
2025-02-16T18:16:34.0613508Z   8600K .......... .......... .......... .......... .......... 14%  271M 0s
2025-02-16T18:16:34.0615229Z   8650K .......... .......... .......... .......... .......... 14%  288M 0s
2025-02-16T18:16:34.0615794Z   8700K .......... .......... .......... .......... .......... 14%  260M 0s
2025-02-16T18:16:34.0616366Z   8750K .......... .......... .......... .......... .......... 14%  209M 0s
2025-02-16T18:16:34.0616920Z   8800K .......... .......... .......... .......... .......... 14%  244M 0s
2025-02-16T18:16:34.0617482Z   8850K .......... .......... .......... .......... .......... 14%  290M 0s
2025-02-16T18:16:34.0619701Z   8900K .......... .......... .......... .......... .......... 14%  273M 0s
2025-02-16T18:16:34.0620481Z   8950K .......... .......... .......... .......... .......... 14%  291M 0s
2025-02-16T18:16:34.0621064Z   9000K .......... .......... .......... .......... .......... 14%  257M 0s
2025-02-16T18:16:34.0623038Z   9050K .......... .......... .......... .......... .......... 14%  298M 0s
2025-02-16T18:16:34.0623610Z   9100K .......... .......... .......... .......... .......... 14%  257M 0s
2025-02-16T18:16:34.0624175Z   9150K .......... .......... .......... .......... .......... 14%  197M 0s
2025-02-16T18:16:34.0624747Z   9200K .......... .......... .......... .......... .......... 14%  270M 0s
2025-02-16T18:16:34.0627126Z   9250K .......... .......... .......... .......... .......... 15%  284M 0s
2025-02-16T18:16:34.0627720Z   9300K .......... .......... .......... .......... .......... 15%  274M 0s
2025-02-16T18:16:34.0628309Z   9350K .......... .......... .......... .......... .......... 15%  246M 0s
2025-02-16T18:16:34.0628867Z   9400K .......... .......... .......... .......... .......... 15%  257M 0s
2025-02-16T18:16:34.0629425Z   9450K .......... .......... .......... .......... .......... 15%  225M 0s
2025-02-16T18:16:34.0630188Z   9500K .......... .......... .......... .......... .......... 15%  262M 0s
2025-02-16T18:16:34.0630773Z   9550K .......... .......... .......... .......... .......... 15%  254M 0s
2025-02-16T18:16:34.0631898Z   9600K .......... .......... .......... .......... .......... 15%  263M 0s
2025-02-16T18:16:34.0633815Z   9650K .......... .......... .......... .......... .......... 15%  297M 0s
2025-02-16T18:16:34.0635966Z   9700K .......... .......... .......... .......... .......... 15%  222M 0s
2025-02-16T18:16:34.0637378Z   9750K .......... .......... .......... .......... .......... 15%  300M 0s
2025-02-16T18:16:34.0639427Z   9800K .......... .......... .......... .......... .......... 15%  299M 0s
2025-02-16T18:16:34.0640890Z   9850K .......... .......... .......... .......... .......... 16%  297M 0s
2025-02-16T18:16:34.0643164Z   9900K .......... .......... .......... .......... .......... 16%  264M 0s
2025-02-16T18:16:34.0644493Z   9950K .......... .......... .......... .......... .......... 16%  230M 0s
2025-02-16T18:16:34.0646352Z  10000K .......... .......... .......... .......... .......... 16%  307M 0s
2025-02-16T18:16:34.0647770Z  10050K .......... .......... .......... .......... .......... 16%  293M 0s
2025-02-16T18:16:34.0649777Z  10100K .......... .......... .......... .......... .......... 16%  301M 0s
2025-02-16T18:16:34.0651405Z  10150K .......... .......... .......... .......... .......... 16%  268M 0s
2025-02-16T18:16:34.1338593Z  10200K .......... .......... .......... .......... .......... 16%  731K 1s
2025-02-16T18:16:34.1339384Z  10250K .......... .......... .......... .......... .......... 16%  194M 1s
2025-02-16T18:16:34.1341064Z  10300K .......... .......... .......... .......... .......... 16%  178M 1s
2025-02-16T18:16:34.1343841Z  10350K .......... .......... .......... .......... .......... 16%  277M 1s
2025-02-16T18:16:34.1344617Z  10400K .......... .......... .......... .......... .......... 16%  269M 1s
2025-02-16T18:16:34.1346060Z  10450K .......... .......... .......... .......... .......... 17%  299M 1s
2025-02-16T18:16:34.1348096Z  10500K .......... .......... .......... .......... .......... 17%  291M 1s
2025-02-16T18:16:34.1351900Z  10550K .......... .......... .......... .......... .......... 17%  272M 1s
2025-02-16T18:16:34.1352502Z  10600K .......... .......... .......... .......... .......... 17%  268M 1s
2025-02-16T18:16:34.1353316Z  10650K .......... .......... .......... .......... .......... 17%  278M 1s
2025-02-16T18:16:34.1355718Z  10700K .......... .......... .......... .......... .......... 17%  194M 1s
2025-02-16T18:16:34.1357720Z  10750K .......... .......... .......... .......... .......... 17%  289M 1s
2025-02-16T18:16:34.1360465Z  10800K .......... .......... .......... .......... .......... 17%  280M 1s
2025-02-16T18:16:34.1361202Z  10850K .......... .......... .......... .......... .......... 17%  250M 1s
2025-02-16T18:16:34.1365087Z  10900K .......... .......... .......... .......... .......... 17%  277M 1s
2025-02-16T18:16:34.1365702Z  10950K .......... .......... .......... .......... .......... 17%  298M 1s
2025-02-16T18:16:34.1366443Z  11000K .......... .......... .......... .......... .......... 17%  271M 1s
2025-02-16T18:16:34.1369288Z  11050K .......... .......... .......... .......... .......... 17%  243M 1s
2025-02-16T18:16:34.1370327Z  11100K .......... .......... .......... .......... .......... 18%  280M 1s
2025-02-16T18:16:34.1372354Z  11150K .......... .......... .......... .......... .......... 18%  256M 1s
2025-02-16T18:16:34.1374817Z  11200K .......... .......... .......... .......... .......... 18%  217M 1s
2025-02-16T18:16:34.1375929Z  11250K .......... .......... .......... .......... .......... 18%  281M 1s
2025-02-16T18:16:34.1377902Z  11300K .......... .......... .......... .......... .......... 18%  300M 1s
2025-02-16T18:16:34.1381467Z  11350K .......... .......... .......... .......... .......... 18%  294M 1s
2025-02-16T18:16:34.1382077Z  11400K .......... .......... .......... .......... .......... 18%  256M 1s
2025-02-16T18:16:34.1383067Z  11450K .......... .......... .......... .......... .......... 18%  282M 1s
2025-02-16T18:16:34.1385300Z  11500K .......... .......... .......... .......... .......... 18%  224M 1s
2025-02-16T18:16:34.1386876Z  11550K .......... .......... .......... .......... .......... 18%  306M 1s
2025-02-16T18:16:34.1389293Z  11600K .......... .......... .......... .......... .......... 18%  247M 1s
2025-02-16T18:16:34.1391091Z  11650K .......... .......... .......... .......... .......... 18%  286M 1s
2025-02-16T18:16:34.1392632Z  11700K .......... .......... .......... .......... .......... 19%  272M 1s
2025-02-16T18:16:34.1394002Z  11750K .......... .......... .......... .......... .......... 19%  278M 1s
2025-02-16T18:16:34.1395937Z  11800K .......... .......... .......... .......... .......... 19%  271M 1s
2025-02-16T18:16:34.1398458Z  11850K .......... .......... .......... .......... .......... 19%  286M 1s
2025-02-16T18:16:34.1399514Z  11900K .......... .......... .......... .......... .......... 19%  231M 1s
2025-02-16T18:16:34.1401611Z  11950K .......... .......... .......... .......... .......... 19%  247M 1s
2025-02-16T18:16:34.1403420Z  12000K .......... .......... .......... .......... .......... 19%  285M 1s
2025-02-16T18:16:34.1406430Z  12050K .......... .......... .......... .......... .......... 19%  301M 1s
2025-02-16T18:16:34.1407027Z  12100K .......... .......... .......... .......... .......... 19%  307M 1s
2025-02-16T18:16:34.1408179Z  12150K .......... .......... .......... .......... .......... 19%  301M 1s
2025-02-16T18:16:34.1410949Z  12200K .......... .......... .......... .......... .......... 19%  298M 1s
2025-02-16T18:16:34.1412034Z  12250K .......... .......... .......... .......... .......... 19%  234M 1s
2025-02-16T18:16:34.1414279Z  12300K .......... .......... .......... .......... .......... 20%  224M 1s
2025-02-16T18:16:34.1416370Z  12350K .......... .......... .......... .......... .......... 20%  233M 1s
2025-02-16T18:16:34.1417768Z  12400K .......... .......... .......... .......... .......... 20%  284M 1s
2025-02-16T18:16:34.1420384Z  12450K .......... .......... .......... .......... .......... 20%  309M 0s
2025-02-16T18:16:34.1421702Z  12500K .......... .......... .......... .......... .......... 20%  243M 0s
2025-02-16T18:16:34.1423313Z  12550K .......... .......... .......... .......... .......... 20%  278M 0s
2025-02-16T18:16:34.1425015Z  12600K .......... .......... .......... .......... .......... 20%  284M 0s
2025-02-16T18:16:34.1426808Z  12650K .......... .......... .......... .......... .......... 20%  311M 0s
2025-02-16T18:16:34.1428900Z  12700K .......... .......... .......... .......... .......... 20%  228M 0s
2025-02-16T18:16:34.1430693Z  12750K .......... .......... .......... .......... .......... 20%  277M 0s
2025-02-16T18:16:34.1432465Z  12800K .......... .......... .......... .......... .......... 20%  262M 0s
2025-02-16T18:16:34.1434845Z  12850K .......... .......... .......... .......... .......... 20%  287M 0s
2025-02-16T18:16:34.1435952Z  12900K .......... .......... .......... .......... .......... 20%  257M 0s
2025-02-16T18:16:34.1437916Z  12950K .......... .......... .......... .......... .......... 21%  292M 0s
2025-02-16T18:16:34.1439824Z  13000K .......... .......... .......... .......... .......... 21%  276M 0s
2025-02-16T18:16:34.1441652Z  13050K .......... .......... .......... .......... .......... 21%  242M 0s
2025-02-16T18:16:34.1443646Z  13100K .......... .......... .......... .......... .......... 21%  211M 0s
2025-02-16T18:16:34.1445499Z  13150K .......... .......... .......... .......... .......... 21%  298M 0s
2025-02-16T18:16:34.1446993Z  13200K .......... .......... .......... .......... .......... 21%  286M 0s
2025-02-16T18:16:34.1448677Z  13250K .......... .......... .......... .......... .......... 21%  300M 0s
2025-02-16T18:16:34.1450920Z  13300K .......... .......... .......... .......... .......... 21%  295M 0s
2025-02-16T18:16:34.1452089Z  13350K .......... .......... .......... .......... .......... 21%  264M 0s
2025-02-16T18:16:34.1454352Z  13400K .......... .......... .......... .......... .......... 21%  318M 0s
2025-02-16T18:16:34.1456538Z  13450K .......... .......... .......... .......... .......... 21%  292M 0s
2025-02-16T18:16:34.1457310Z  13500K .......... .......... .......... .......... .......... 21%  223M 0s
2025-02-16T18:16:34.1458948Z  13550K .......... .......... .......... .......... .......... 22%  334M 0s
2025-02-16T18:16:34.1461697Z  13600K .......... .......... .......... .......... .......... 22%  311M 0s
2025-02-16T18:16:34.1462575Z  13650K .......... .......... .......... .......... .......... 22%  234M 0s
2025-02-16T18:16:34.1464207Z  13700K .......... .......... .......... .......... .......... 22%  321M 0s
2025-02-16T18:16:34.1466952Z  13750K .......... .......... .......... .......... .......... 22%  289M 0s
2025-02-16T18:16:34.1467558Z  13800K .......... .......... .......... .......... .......... 22%  280M 0s
2025-02-16T18:16:34.1470287Z  13850K .......... .......... .......... .......... .......... 22%  290M 0s
2025-02-16T18:16:34.1471604Z  13900K .......... .......... .......... .......... .......... 22%  200M 0s
2025-02-16T18:16:34.1474520Z  13950K .......... .......... .......... .......... .......... 22%  322M 0s
2025-02-16T18:16:34.1475074Z  14000K .......... .......... .......... .......... .......... 22%  280M 0s
2025-02-16T18:16:34.1476557Z  14050K .......... .......... .......... .......... .......... 22%  307M 0s
2025-02-16T18:16:34.1478746Z  14100K .......... .......... .......... .......... .......... 22%  303M 0s
2025-02-16T18:16:34.1479783Z  14150K .......... .......... .......... .......... .......... 23%  291M 0s
2025-02-16T18:16:34.1481644Z  14200K .......... .......... .......... .......... .......... 23%  286M 0s
2025-02-16T18:16:34.1483559Z  14250K .......... .......... .......... .......... .......... 23%  291M 0s
2025-02-16T18:16:34.1485407Z  14300K .......... .......... .......... .......... .......... 23%  227M 0s
2025-02-16T18:16:34.1486640Z  14350K .......... .......... .......... .......... .......... 23%  372M 0s
2025-02-16T18:16:34.1488667Z  14400K .......... .......... .......... .......... .......... 23%  252M 0s
2025-02-16T18:16:34.1491745Z  14450K .......... .......... .......... .......... .......... 23%  319M 0s
2025-02-16T18:16:34.1492310Z  14500K .......... .......... .......... .......... .......... 23%  257M 0s
2025-02-16T18:16:34.1493825Z  14550K .......... .......... .......... .......... .......... 23%  298M 0s
2025-02-16T18:16:34.1496094Z  14600K .......... .......... .......... .......... .......... 23%  284M 0s
2025-02-16T18:16:34.1497066Z  14650K .......... .......... .......... .......... .......... 23%  286M 0s
2025-02-16T18:16:34.1499066Z  14700K .......... .......... .......... .......... .......... 23%  250M 0s
2025-02-16T18:16:34.1502404Z  14750K .......... .......... .......... .......... .......... 23%  321M 0s
2025-02-16T18:16:34.1503014Z  14800K .......... .......... .......... .......... .......... 24%  276M 0s
2025-02-16T18:16:34.1503906Z  14850K .......... .......... .......... .......... .......... 24%  294M 0s
2025-02-16T18:16:34.1506051Z  14900K .......... .......... .......... .......... .......... 24%  295M 0s
2025-02-16T18:16:34.1507238Z  14950K .......... .......... .......... .......... .......... 24%  294M 0s
2025-02-16T18:16:34.1510651Z  15000K .......... .......... .......... .......... .......... 24%  327M 0s
2025-02-16T18:16:34.1511203Z  15050K .......... .......... .......... .......... .......... 24%  288M 0s
2025-02-16T18:16:34.1512750Z  15100K .......... .......... .......... .......... .......... 24%  217M 0s
2025-02-16T18:16:34.1515227Z  15150K .......... .......... .......... .......... .......... 24%  308M 0s
2025-02-16T18:16:34.1515960Z  15200K .......... .......... .......... .......... .......... 24%  278M 0s
2025-02-16T18:16:34.1517578Z  15250K .......... .......... .......... .......... .......... 24%  335M 0s
2025-02-16T18:16:34.1519680Z  15300K .......... .......... .......... .......... .......... 24%  309M 0s
2025-02-16T18:16:34.1520966Z  15350K .......... .......... .......... .......... .......... 24%  272M 0s
2025-02-16T18:16:34.1524130Z  15400K .......... .......... .......... .......... .......... 25%  306M 0s
2025-02-16T18:16:34.1524687Z  15450K .......... .......... .......... .......... .......... 25%  303M 0s
2025-02-16T18:16:34.1526258Z  15500K .......... .......... .......... .......... .......... 25%  235M 0s
2025-02-16T18:16:34.1528877Z  15550K .......... .......... .......... .......... .......... 25%  303M 0s
2025-02-16T18:16:34.1529642Z  15600K .......... .......... .......... .......... .......... 25%  301M 0s
2025-02-16T18:16:34.1531049Z  15650K .......... .......... .......... .......... .......... 25%  301M 0s
2025-02-16T18:16:34.1533634Z  15700K .......... .......... .......... .......... .......... 25%  308M 0s
2025-02-16T18:16:34.1534222Z  15750K .......... .......... .......... .......... .......... 25%  293M 0s
2025-02-16T18:16:34.1537304Z  15800K .......... .......... .......... .......... .......... 25%  325M 0s
2025-02-16T18:16:34.1537848Z  15850K .......... .......... .......... .......... .......... 25%  285M 0s
2025-02-16T18:16:34.1539609Z  15900K .......... .......... .......... .......... .......... 25%  235M 0s
2025-02-16T18:16:34.1541838Z  15950K .......... .......... .......... .......... .......... 25%  280M 0s
2025-02-16T18:16:34.1542957Z  16000K .......... .......... .......... .......... .......... 26%  293M 0s
2025-02-16T18:16:34.1546103Z  16050K .......... .......... .......... .......... .......... 26%  329M 0s
2025-02-16T18:16:34.1546668Z  16100K .......... .......... .......... .......... .......... 26%  297M 0s
2025-02-16T18:16:34.1547704Z  16150K .......... .......... .......... .......... .......... 26%  299M 0s
2025-02-16T18:16:34.1550667Z  16200K .......... .......... .......... .......... .......... 26%  330M 0s
2025-02-16T18:16:34.1551216Z  16250K .......... .......... .......... .......... .......... 26%  264M 0s
2025-02-16T18:16:34.1553223Z  16300K .......... .......... .......... .......... .......... 26%  237M 0s
2025-02-16T18:16:34.1555335Z  16350K .......... .......... .......... .......... .......... 26%  302M 0s
2025-02-16T18:16:34.1556403Z  16400K .......... .......... .......... .......... .......... 26%  283M 0s
2025-02-16T18:16:34.1559517Z  16450K .......... .......... .......... .......... .......... 26%  323M 0s
2025-02-16T18:16:34.1560196Z  16500K .......... .......... .......... .......... .......... 26%  291M 0s
2025-02-16T18:16:34.1563346Z  16550K .......... .......... .......... .......... .......... 26%  272M 0s
2025-02-16T18:16:34.1563897Z  16600K .......... .......... .......... .......... .......... 26%  303M 0s
2025-02-16T18:16:34.1564833Z  16650K .......... .......... .......... .......... .......... 27%  282M 0s
2025-02-16T18:16:34.1567925Z  16700K .......... .......... .......... .......... .......... 27%  230M 0s
2025-02-16T18:16:34.1568647Z  16750K .......... .......... .......... .......... .......... 27%  277M 0s
2025-02-16T18:16:34.1570376Z  16800K .......... .......... .......... .......... .......... 27%  327M 0s
2025-02-16T18:16:34.1573301Z  16850K .......... .......... .......... .......... .......... 27%  282M 0s
2025-02-16T18:16:34.1573859Z  16900K .......... .......... .......... .......... .......... 27%  282M 0s
2025-02-16T18:16:34.1576496Z  16950K .......... .......... .......... .......... .......... 27%  303M 0s
2025-02-16T18:16:34.1577097Z  17000K .......... .......... .......... .......... .......... 27%  295M 0s
2025-02-16T18:16:34.1578765Z  17050K .......... .......... .......... .......... .......... 27%  290M 0s
2025-02-16T18:16:34.1581458Z  17100K .......... .......... .......... .......... .......... 27%  208M 0s
2025-02-16T18:16:34.1582764Z  17150K .......... .......... .......... .......... .......... 27%  266M 0s
2025-02-16T18:16:34.1585571Z  17200K .......... .......... .......... .......... .......... 27%  325M 0s
2025-02-16T18:16:34.1586122Z  17250K .......... .......... .......... .......... .......... 28%  308M 0s
2025-02-16T18:16:34.1587416Z  17300K .......... .......... .......... .......... .......... 28%  305M 0s
2025-02-16T18:16:34.1590527Z  17350K .......... .......... .......... .......... .......... 28%  328M 0s
2025-02-16T18:16:34.1591083Z  17400K .......... .......... .......... .......... .......... 28%  258M 0s
2025-02-16T18:16:34.1594266Z  17450K .......... .......... .......... .......... .......... 28%  303M 0s
2025-02-16T18:16:34.1595882Z  17500K .......... .......... .......... .......... .......... 28%  147M 0s
2025-02-16T18:16:34.1599166Z  17550K .......... .......... .......... .......... .......... 28%  315M 0s
2025-02-16T18:16:34.1599775Z  17600K .......... .......... .......... .......... .......... 28%  313M 0s
2025-02-16T18:16:34.1600804Z  17650K .......... .......... .......... .......... .......... 28%  282M 0s
2025-02-16T18:16:34.1603672Z  17700K .......... .......... .......... .......... .......... 28%  279M 0s
2025-02-16T18:16:34.1604491Z  17750K .......... .......... .......... .......... .......... 28%  225M 0s
2025-02-16T18:16:34.1606555Z  17800K .......... .......... .......... .......... .......... 28%  308M 0s
2025-02-16T18:16:34.1607923Z  17850K .......... .......... .......... .......... .......... 29%  286M 0s
2025-02-16T18:16:34.1610379Z  17900K .......... .......... .......... .......... .......... 29%  219M 0s
2025-02-16T18:16:34.1611974Z  17950K .......... .......... .......... .......... .......... 29%  271M 0s
2025-02-16T18:16:34.1613488Z  18000K .......... .......... .......... .......... .......... 29%  318M 0s
2025-02-16T18:16:34.1615036Z  18050K .......... .......... .......... .......... .......... 29%  318M 0s
2025-02-16T18:16:34.1616609Z  18100K .......... .......... .......... .......... .......... 29%  313M 0s
2025-02-16T18:16:34.1618165Z  18150K .......... .......... .......... .......... .......... 29%  318M 0s
2025-02-16T18:16:34.1620196Z  18200K .......... .......... .......... .......... .......... 29%  250M 0s
2025-02-16T18:16:34.1621542Z  18250K .......... .......... .......... .......... .......... 29%  292M 0s
2025-02-16T18:16:34.1623540Z  18300K .......... .......... .......... .......... .......... 29%  274M 0s
2025-02-16T18:16:34.1625059Z  18350K .......... .......... .......... .......... .......... 29%  314M 0s
2025-02-16T18:16:34.1626579Z  18400K .......... .......... .......... .......... .......... 29%  325M 0s
2025-02-16T18:16:34.1628074Z  18450K .......... .......... .......... .......... .......... 29%  323M 0s
2025-02-16T18:16:34.1629675Z  18500K .......... .......... .......... .......... .......... 30%  315M 0s
2025-02-16T18:16:34.1631448Z  18550K .......... .......... .......... .......... .......... 30%  277M 0s
2025-02-16T18:16:34.1633278Z  18600K .......... .......... .......... .......... .......... 30%  259M 0s
2025-02-16T18:16:34.1634762Z  18650K .......... .......... .......... .......... .......... 30%  353M 0s
2025-02-16T18:16:34.1636691Z  18700K .......... .......... .......... .......... .......... 30%  243M 0s
2025-02-16T18:16:34.1638124Z  18750K .......... .......... .......... .......... .......... 30%  322M 0s
2025-02-16T18:16:34.1639699Z  18800K .......... .......... .......... .......... .......... 30%  321M 0s
2025-02-16T18:16:34.1641456Z  18850K .......... .......... .......... .......... .......... 30%  284M 0s
2025-02-16T18:16:34.1642970Z  18900K .......... .......... .......... .......... .......... 30%  320M 0s
2025-02-16T18:16:34.1644511Z  18950K .......... .......... .......... .......... .......... 30%  323M 0s
2025-02-16T18:16:34.1646065Z  19000K .......... .......... .......... .......... .......... 30%  317M 0s
2025-02-16T18:16:34.1647628Z  19050K .......... .......... .......... .......... .......... 30%  317M 0s
2025-02-16T18:16:34.1649558Z  19100K .......... .......... .......... .......... .......... 31%  241M 0s
2025-02-16T18:16:34.1651267Z  19150K .......... .......... .......... .......... .......... 31%  294M 0s
2025-02-16T18:16:34.1652758Z  19200K .......... .......... .......... .......... .......... 31%  318M 0s
2025-02-16T18:16:34.1654314Z  19250K .......... .......... .......... .......... .......... 31%  328M 0s
2025-02-16T18:16:34.1655816Z  19300K .......... .......... .......... .......... .......... 31%  316M 0s
2025-02-16T18:16:34.1657318Z  19350K .......... .......... .......... .......... .......... 31%  323M 0s
2025-02-16T18:16:34.1659152Z  19400K .......... .......... .......... .......... .......... 31%  311M 0s
2025-02-16T18:16:34.1660795Z  19450K .......... .......... .......... .......... .......... 31%  309M 0s
2025-02-16T18:16:34.1662718Z  19500K .......... .......... .......... .......... .......... 31%  218M 0s
2025-02-16T18:16:34.1664225Z  19550K .......... .......... .......... .......... .......... 31%  320M 0s
2025-02-16T18:16:34.1665744Z  19600K .......... .......... .......... .......... .......... 31%  321M 0s
2025-02-16T18:16:34.1667295Z  19650K .......... .......... .......... .......... .......... 31%  315M 0s
2025-02-16T18:16:34.1668821Z  19700K .......... .......... .......... .......... .......... 32%  321M 0s
2025-02-16T18:16:34.1670355Z  19750K .......... .......... .......... .......... .......... 32%  319M 0s
2025-02-16T18:16:34.1672077Z  19800K .......... .......... .......... .......... .......... 32%  294M 0s
2025-02-16T18:16:34.1673642Z  19850K .......... .......... .......... .......... .......... 32%  316M 0s
2025-02-16T18:16:34.1675582Z  19900K .......... .......... .......... .......... .......... 32%  239M 0s
2025-02-16T18:16:34.1677104Z  19950K .......... .......... .......... .......... .......... 32%  323M 0s
2025-02-16T18:16:34.1678628Z  20000K .......... .......... .......... .......... .......... 32%  320M 0s
2025-02-16T18:16:34.1680319Z  20050K .......... .......... .......... .......... .......... 32%  317M 0s
2025-02-16T18:16:34.1681908Z  20100K .......... .......... .......... .......... .......... 32%  283M 0s
2025-02-16T18:16:34.1683454Z  20150K .......... .......... .......... .......... .......... 32%  322M 0s
2025-02-16T18:16:34.1684935Z  20200K .......... .......... .......... .......... .......... 32%  310M 0s
2025-02-16T18:16:34.1686582Z  20250K .......... .......... .......... .......... .......... 32%  323M 0s
2025-02-16T18:16:34.1688471Z  20300K .......... .......... .......... .......... .......... 32%  245M 0s
2025-02-16T18:16:34.1690006Z  20350K .......... .......... .......... .......... .......... 33%  322M 0s
2025-02-16T18:16:34.1691716Z  20400K .......... .......... .......... .......... .......... 33%  287M 0s
2025-02-16T18:16:34.2281286Z  20450K .......... .......... .......... .......... .......... 33%  849K 0s
2025-02-16T18:16:34.2283796Z  20500K .......... .......... .......... .......... .......... 33%  166M 0s
2025-02-16T18:16:34.2290023Z  20550K .......... .......... .......... .......... .......... 33% 98.0M 0s
2025-02-16T18:16:34.2290894Z  20600K .......... .......... .......... .......... .......... 33%  237M 0s
2025-02-16T18:16:34.2293138Z  20650K .......... .......... .......... .......... .......... 33%  240M 0s
2025-02-16T18:16:34.2295969Z  20700K .......... .......... .......... .......... .......... 33%  143M 0s
2025-02-16T18:16:34.2297583Z  20750K .......... .......... .......... .......... .......... 33%  302M 0s
2025-02-16T18:16:34.2299045Z  20800K .......... .......... .......... .......... .......... 33%  325M 0s
2025-02-16T18:16:34.2306782Z  20850K .......... .......... .......... .......... .......... 33% 70.7M 0s
2025-02-16T18:16:34.2307709Z  20900K .......... .......... .......... .......... .......... 33%  270M 0s
2025-02-16T18:16:34.2310324Z  20950K .......... .......... .......... .......... .......... 34%  294M 0s
2025-02-16T18:16:34.2311393Z  21000K .......... .......... .......... .......... .......... 34%  248M 0s
2025-02-16T18:16:34.2313473Z  21050K .......... .......... .......... .......... .......... 34%  318M 0s
2025-02-16T18:16:34.2316714Z  21100K .......... .......... .......... .......... .......... 34%  245M 0s
2025-02-16T18:16:34.2317260Z  21150K .......... .......... .......... .......... .......... 34%  305M 0s
2025-02-16T18:16:34.2318183Z  21200K .......... .......... .......... .......... .......... 34%  287M 0s
2025-02-16T18:16:34.2319738Z  21250K .......... .......... .......... .......... .......... 34%  328M 0s
2025-02-16T18:16:34.2321481Z  21300K .......... .......... .......... .......... .......... 34%  283M 0s
2025-02-16T18:16:34.2324369Z  21350K .......... .......... .......... .......... .......... 34%  322M 0s
2025-02-16T18:16:34.2324914Z  21400K .......... .......... .......... .......... .......... 34%  301M 0s
2025-02-16T18:16:34.2326882Z  21450K .......... .......... .......... .......... .......... 34%  287M 0s
2025-02-16T18:16:34.2328174Z  21500K .......... .......... .......... .......... .......... 34%  240M 0s
2025-02-16T18:16:34.2331184Z  21550K .......... .......... .......... .......... .......... 35%  238M 0s
2025-02-16T18:16:34.2332251Z  21600K .......... .......... .......... .......... .......... 35%  245M 0s
2025-02-16T18:16:34.2333867Z  21650K .......... .......... .......... .......... .......... 35%  333M 0s
2025-02-16T18:16:34.2335512Z  21700K .......... .......... .......... .......... .......... 35%  314M 0s
2025-02-16T18:16:34.2337145Z  21750K .......... .......... .......... .......... .......... 35%  292M 0s
2025-02-16T18:16:34.2338724Z  21800K .......... .......... .......... .......... .......... 35%  314M 0s
2025-02-16T18:16:34.2347537Z  21850K .......... .......... .......... .......... .......... 35%  239M 0s
2025-02-16T18:16:34.2348093Z  21900K .......... .......... .......... .......... .......... 35% 64.5M 0s
2025-02-16T18:16:34.2349853Z  21950K .......... .......... .......... .......... .......... 35%  314M 0s
2025-02-16T18:16:34.2351678Z  22000K .......... .......... .......... .......... .......... 35%  263M 0s
2025-02-16T18:16:34.2353404Z  22050K .......... .......... .......... .......... .......... 35%  308M 0s
2025-02-16T18:16:34.2354862Z  22100K .......... .......... .......... .......... .......... 35%  298M 0s
2025-02-16T18:16:34.2356635Z  22150K .......... .......... .......... .......... .......... 35%  331M 0s
2025-02-16T18:16:34.2413960Z  22200K .......... .......... .......... .......... .......... 36% 8.52M 0s
2025-02-16T18:16:34.2416401Z  22250K .......... .......... .......... .......... .......... 36%  252M 0s
2025-02-16T18:16:34.2420615Z  22300K .......... .......... .......... .......... .......... 36%  104M 0s
2025-02-16T18:16:34.2423103Z  22350K .......... .......... .......... .......... .......... 36%  174M 0s
2025-02-16T18:16:34.2425241Z  22400K .......... .......... .......... .......... .......... 36%  236M 0s
2025-02-16T18:16:34.2431398Z  22450K .......... .......... .......... .......... .......... 36% 83.8M 0s
2025-02-16T18:16:34.2432933Z  22500K .......... .......... .......... .......... .......... 36%  260M 0s
2025-02-16T18:16:34.2435320Z  22550K .......... .......... .......... .......... .......... 36%  212M 0s
2025-02-16T18:16:34.2436861Z  22600K .......... .......... .......... .......... .......... 36%  312M 0s
2025-02-16T18:16:34.2452302Z  22650K .......... .......... .......... .......... .......... 36% 33.1M 0s
2025-02-16T18:16:34.2453810Z  22700K .......... .......... .......... .......... .......... 36%  210M 0s
2025-02-16T18:16:34.2455669Z  22750K .......... .......... .......... .......... .......... 36%  274M 0s
2025-02-16T18:16:34.2457864Z  22800K .......... .......... .......... .......... .......... 37%  230M 0s
2025-02-16T18:16:34.2459678Z  22850K .......... .......... .......... .......... .......... 37%  291M 0s
2025-02-16T18:16:34.2461151Z  22900K .......... .......... .......... .......... .......... 37%  276M 0s
2025-02-16T18:16:34.2463262Z  22950K .......... .......... .......... .......... .......... 37%  254M 0s
2025-02-16T18:16:34.2465868Z  23000K .......... .......... .......... .......... .......... 37%  185M 0s
2025-02-16T18:16:34.2473090Z  23050K .......... .......... .......... .......... .......... 37% 71.5M 0s
2025-02-16T18:16:34.2474751Z  23100K .......... .......... .......... .......... .......... 37%  232M 0s
2025-02-16T18:16:34.2476653Z  23150K .......... .......... .......... .......... .......... 37%  247M 0s
2025-02-16T18:16:34.2479291Z  23200K .......... .......... .......... .......... .......... 37%  323M 0s
2025-02-16T18:16:34.2479895Z  23250K .......... .......... .......... .......... .......... 37%  282M 0s
2025-02-16T18:16:34.2481651Z  23300K .......... .......... .......... .......... .......... 37%  291M 0s
2025-02-16T18:16:34.2483278Z  23350K .......... .......... .......... .......... .......... 37%  313M 0s
2025-02-16T18:16:34.2486821Z  23400K .......... .......... .......... .......... .......... 38%  145M 0s
2025-02-16T18:16:34.2488970Z  23450K .......... .......... .......... .......... .......... 38%  278M 0s
2025-02-16T18:16:34.2490499Z  23500K .......... .......... .......... .......... .......... 38%  224M 0s
2025-02-16T18:16:34.2493247Z  23550K .......... .......... .......... .......... .......... 38%  195M 0s
2025-02-16T18:16:34.2494634Z  23600K .......... .......... .......... .......... .......... 38%  271M 0s
2025-02-16T18:16:34.2496610Z  23650K .......... .......... .......... .......... .......... 38%  301M 0s
2025-02-16T18:16:34.2499556Z  23700K .......... .......... .......... .......... .......... 38%  289M 0s
2025-02-16T18:16:34.2500311Z  23750K .......... .......... .......... .......... .......... 38%  293M 0s
2025-02-16T18:16:34.2501687Z  23800K .......... .......... .......... .......... .......... 38%  250M 0s
2025-02-16T18:16:34.2503945Z  23850K .......... .......... .......... .......... .......... 38%  304M 0s
2025-02-16T18:16:34.2506466Z  23900K .......... .......... .......... .......... .......... 38%  174M 0s
2025-02-16T18:16:34.2507821Z  23950K .......... .......... .......... .......... .......... 38%  266M 0s
2025-02-16T18:16:34.2509538Z  24000K .......... .......... .......... .......... .......... 38%  308M 0s
2025-02-16T18:16:34.2513463Z  24050K .......... .......... .......... .......... .......... 39%  273M 0s
2025-02-16T18:16:34.2514280Z  24100K .......... .......... .......... .......... .......... 39%  187M 0s
2025-02-16T18:16:34.2515637Z  24150K .......... .......... .......... .......... .......... 39%  283M 0s
2025-02-16T18:16:34.2517381Z  24200K .......... .......... .......... .......... .......... 39%  300M 0s
2025-02-16T18:16:34.2520507Z  24250K .......... .......... .......... .......... .......... 39%  209M 0s
2025-02-16T18:16:34.2522376Z  24300K .......... .......... .......... .......... .......... 39%  182M 0s
2025-02-16T18:16:34.2523850Z  24350K .......... .......... .......... .......... .......... 39%  286M 0s
2025-02-16T18:16:34.2526622Z  24400K .......... .......... .......... .......... .......... 39%  303M 0s
2025-02-16T18:16:34.2527352Z  24450K .......... .......... .......... .......... .......... 39%  268M 0s
2025-02-16T18:16:34.2529241Z  24500K .......... .......... .......... .......... .......... 39%  301M 0s
2025-02-16T18:16:34.2531086Z  24550K .......... .......... .......... .......... .......... 39%  289M 0s
2025-02-16T18:16:34.2533536Z  24600K .......... .......... .......... .......... .......... 39%  251M 0s
2025-02-16T18:16:34.2535039Z  24650K .......... .......... .......... .......... .......... 40%  262M 0s
2025-02-16T18:16:34.2536751Z  24700K .......... .......... .......... .......... .......... 40%  226M 0s
2025-02-16T18:16:34.2540284Z  24750K .......... .......... .......... .......... .......... 40%  299M 0s
2025-02-16T18:16:34.2540880Z  24800K .......... .......... .......... .......... .......... 40%  222M 0s
2025-02-16T18:16:34.2542610Z  24850K .......... .......... .......... .......... .......... 40%  250M 0s
2025-02-16T18:16:34.2544130Z  24900K .......... .......... .......... .......... .......... 40%  294M 0s
2025-02-16T18:16:34.2547135Z  24950K .......... .......... .......... .......... .......... 40%  250M 0s
2025-02-16T18:16:34.2547947Z  25000K .......... .......... .......... .......... .......... 40%  264M 0s
2025-02-16T18:16:34.2549948Z  25050K .......... .......... .......... .......... .......... 40%  312M 0s
2025-02-16T18:16:34.2551390Z  25100K .......... .......... .......... .......... .......... 40%  240M 0s
2025-02-16T18:16:34.2554129Z  25150K .......... .......... .......... .......... .......... 40%  207M 0s
2025-02-16T18:16:34.2555381Z  25200K .......... .......... .......... .......... .......... 40%  295M 0s
2025-02-16T18:16:34.2557649Z  25250K .......... .......... .......... .......... .......... 41%  343M 0s
2025-02-16T18:16:34.2560246Z  25300K .......... .......... .......... .......... .......... 41%  155M 0s
2025-02-16T18:16:34.2561993Z  25350K .......... .......... .......... .......... .......... 41%  252M 0s
2025-02-16T18:16:34.2563706Z  25400K .......... .......... .......... .......... .......... 41%  311M 0s
2025-02-16T18:16:34.2566634Z  25450K .......... .......... .......... .......... .......... 41%  334M 0s
2025-02-16T18:16:34.2567484Z  25500K .......... .......... .......... .......... .......... 41%  201M 0s
2025-02-16T18:16:34.2569077Z  25550K .......... .......... .......... .......... .......... 41%  317M 0s
2025-02-16T18:16:34.2570691Z  25600K .......... .......... .......... .......... .......... 41%  341M 0s
2025-02-16T18:16:34.2572980Z  25650K .......... .......... .......... .......... .......... 41%  207M 0s
2025-02-16T18:16:34.2574822Z  25700K .......... .......... .......... .......... .......... 41%  262M 0s
2025-02-16T18:16:34.2576062Z  25750K .......... .......... .......... .......... .......... 41%  342M 0s
2025-02-16T18:16:34.2577785Z  25800K .......... .......... .......... .......... .......... 41%  320M 0s
2025-02-16T18:16:34.2581195Z  25850K .......... .......... .......... .......... .......... 41%  210M 0s
2025-02-16T18:16:34.2582630Z  25900K .......... .......... .......... .......... .......... 42%  180M 0s
2025-02-16T18:16:34.2584707Z  25950K .......... .......... .......... .......... .......... 42%  303M 0s
2025-02-16T18:16:34.2587123Z  26000K .......... .......... .......... .......... .......... 42%  266M 0s
2025-02-16T18:16:34.2588175Z  26050K .......... .......... .......... .......... .......... 42%  249M 0s
2025-02-16T18:16:34.2589874Z  26100K .......... .......... .......... .......... .......... 42%  298M 0s
2025-02-16T18:16:34.2593133Z  26150K .......... .......... .......... .......... .......... 42%  267M 0s
2025-02-16T18:16:34.2593714Z  26200K .......... .......... .......... .......... .......... 42%  307M 0s
2025-02-16T18:16:34.2595598Z  26250K .......... .......... .......... .......... .......... 42%  291M 0s
2025-02-16T18:16:34.2597007Z  26300K .......... .......... .......... .......... .......... 42%  215M 0s
2025-02-16T18:16:34.2599817Z  26350K .......... .......... .......... .......... .......... 42%  247M 0s
2025-02-16T18:16:34.2601024Z  26400K .......... .......... .......... .......... .......... 42%  250M 0s
2025-02-16T18:16:34.2602949Z  26450K .......... .......... .......... .......... .......... 42%  291M 0s
2025-02-16T18:16:34.2604608Z  26500K .......... .......... .......... .......... .......... 43%  289M 0s
2025-02-16T18:16:34.2608324Z  26550K .......... .......... .......... .......... .......... 43%  135M 0s
2025-02-16T18:16:34.2610018Z  26600K .......... .......... .......... .......... .......... 43%  270M 0s
2025-02-16T18:16:34.2612877Z  26650K .......... .......... .......... .......... .......... 43%  251M 0s
2025-02-16T18:16:34.2614221Z  26700K .......... .......... .......... .......... .......... 43%  193M 0s
2025-02-16T18:16:34.2617360Z  26750K .......... .......... .......... .......... .......... 43%  298M 0s
2025-02-16T18:16:34.2617961Z  26800K .......... .......... .......... .......... .......... 43%  288M 0s
2025-02-16T18:16:34.2619392Z  26850K .......... .......... .......... .......... .......... 43%  277M 0s
2025-02-16T18:16:34.2622023Z  26900K .......... .......... .......... .......... .......... 43%  261M 0s
2025-02-16T18:16:34.2623339Z  26950K .......... .......... .......... .......... .......... 43%  243M 0s
2025-02-16T18:16:34.2625984Z  27000K .......... .......... .......... .......... .......... 43%  290M 0s
2025-02-16T18:16:34.2627288Z  27050K .......... .......... .......... .......... .......... 43%  275M 0s
2025-02-16T18:16:34.2631260Z  27100K .......... .......... .......... .......... .......... 44%  220M 0s
2025-02-16T18:16:34.2631867Z  27150K .......... .......... .......... .......... .......... 44%  298M 0s
2025-02-16T18:16:34.2632629Z  27200K .......... .......... .......... .......... .......... 44%  238M 0s
2025-02-16T18:16:34.2635592Z  27250K .......... .......... .......... .......... .......... 44%  291M 0s
2025-02-16T18:16:34.2636378Z  27300K .......... .......... .......... .......... .......... 44%  275M 0s
2025-02-16T18:16:34.2639922Z  27350K .......... .......... .......... .......... .......... 44%  271M 0s
2025-02-16T18:16:34.2640681Z  27400K .......... .......... .......... .......... .......... 44%  289M 0s
2025-02-16T18:16:34.2641991Z  27450K .......... .......... .......... .......... .......... 44%  258M 0s
2025-02-16T18:16:34.2644378Z  27500K .......... .......... .......... .......... .......... 44%  217M 0s
2025-02-16T18:16:34.2645545Z  27550K .......... .......... .......... .......... .......... 44%  257M 0s
2025-02-16T18:16:34.2648110Z  27600K .......... .......... .......... .......... .......... 44%  291M 0s
2025-02-16T18:16:34.2649073Z  27650K .......... .......... .......... .......... .......... 44%  271M 0s
2025-02-16T18:16:34.2652897Z  27700K .......... .......... .......... .......... .......... 44%  269M 0s
2025-02-16T18:16:34.2653511Z  27750K .......... .......... .......... .......... .......... 45%  265M 0s
2025-02-16T18:16:34.2654645Z  27800K .......... .......... .......... .......... .......... 45%  285M 0s
2025-02-16T18:16:34.2656965Z  27850K .......... .......... .......... .......... .......... 45%  262M 0s
2025-02-16T18:16:34.2658283Z  27900K .......... .......... .......... .......... .......... 45%  236M 0s
2025-02-16T18:16:34.2660440Z  27950K .......... .......... .......... .......... .......... 45%  301M 0s
2025-02-16T18:16:34.2661850Z  28000K .......... .......... .......... .......... .......... 45%  263M 0s
2025-02-16T18:16:34.2663995Z  28050K .......... .......... .......... .......... .......... 45%  342M 0s
2025-02-16T18:16:34.2665297Z  28100K .......... .......... .......... .......... .......... 45%  233M 0s
2025-02-16T18:16:34.2667123Z  28150K .......... .......... .......... .......... .......... 45%  299M 0s
2025-02-16T18:16:34.2668629Z  28200K .......... .......... .......... .......... .......... 45%  293M 0s
2025-02-16T18:16:34.2670996Z  28250K .......... .......... .......... .......... .......... 45%  342M 0s
2025-02-16T18:16:34.2672787Z  28300K .......... .......... .......... .......... .......... 45%  180M 0s
2025-02-16T18:16:34.2674462Z  28350K .......... .......... .......... .......... .......... 46%  291M 0s
2025-02-16T18:16:34.2677684Z  28400K .......... .......... .......... .......... .......... 46%  287M 0s
2025-02-16T18:16:34.2678560Z  28450K .......... .......... .......... .......... .......... 46%  306M 0s
2025-02-16T18:16:34.2679673Z  28500K .......... .......... .......... .......... .......... 46%  269M 0s
2025-02-16T18:16:34.2681648Z  28550K .......... .......... .......... .......... .......... 46%  254M 0s
2025-02-16T18:16:34.2683758Z  28600K .......... .......... .......... .......... .......... 46%  281M 0s
2025-02-16T18:16:34.2686866Z  28650K .......... .......... .......... .......... .......... 46%  250M 0s
2025-02-16T18:16:34.2687881Z  28700K .......... .......... .......... .......... .......... 46%  221M 0s
2025-02-16T18:16:34.2689237Z  28750K .......... .......... .......... .......... .......... 46%  266M 0s
2025-02-16T18:16:34.2691201Z  28800K .......... .......... .......... .......... .......... 46%  270M 0s
2025-02-16T18:16:34.2693025Z  28850K .......... .......... .......... .......... .......... 46%  266M 0s
2025-02-16T18:16:34.2696949Z  28900K .......... .......... .......... .......... .......... 46%  294M 0s
2025-02-16T18:16:34.2697540Z  28950K .......... .......... .......... .......... .......... 47%  297M 0s
2025-02-16T18:16:34.2698410Z  29000K .......... .......... .......... .......... .......... 47%  267M 0s
2025-02-16T18:16:34.2700712Z  29050K .......... .......... .......... .......... .......... 47%  267M 0s
2025-02-16T18:16:34.2702481Z  29100K .......... .......... .......... .......... .......... 47%  185M 0s
2025-02-16T18:16:34.2704202Z  29150K .......... .......... .......... .......... .......... 47%  284M 0s
2025-02-16T18:16:34.2706148Z  29200K .......... .......... .......... .......... .......... 47%  290M 0s
2025-02-16T18:16:34.2707643Z  29250K .......... .......... .......... .......... .......... 47%  288M 0s
2025-02-16T18:16:34.2709524Z  29300K .......... .......... .......... .......... .......... 47%  301M 0s
2025-02-16T18:16:34.2711710Z  29350K .......... .......... .......... .......... .......... 47%  229M 0s
2025-02-16T18:16:34.2713188Z  29400K .......... .......... .......... .......... .......... 47%  287M 0s
2025-02-16T18:16:34.2715406Z  29450K .......... .......... .......... .......... .......... 47%  304M 0s
2025-02-16T18:16:34.2716720Z  29500K .......... .......... .......... .......... .......... 47%  235M 0s
2025-02-16T18:16:34.2729160Z  29550K .......... .......... .......... .......... .......... 47% 40.1M 0s
2025-02-16T18:16:34.2732331Z  29600K .......... .......... .......... .......... .......... 48%  161M 0s
2025-02-16T18:16:34.2739284Z  29650K .......... .......... .......... .......... .......... 48% 70.1M 0s
2025-02-16T18:16:34.2743358Z  29700K .......... .......... .......... .......... .......... 48%  121M 0s
2025-02-16T18:16:34.2746931Z  29750K .......... .......... .......... .......... .......... 48%  134M 0s
2025-02-16T18:16:34.2771997Z  29800K .......... .......... .......... .......... .......... 48% 19.6M 0s
2025-02-16T18:16:34.2774153Z  29850K .......... .......... .......... .......... .......... 48%  257M 0s
2025-02-16T18:16:34.2776932Z  29900K .......... .......... .......... .......... .......... 48%  230M 0s
2025-02-16T18:16:34.2777732Z  29950K .......... .......... .......... .......... .......... 48%  280M 0s
2025-02-16T18:16:34.2781257Z  30000K .......... .......... .......... .......... .......... 48%  272M 0s
2025-02-16T18:16:34.2781847Z  30050K .......... .......... .......... .......... .......... 48%  306M 0s
2025-02-16T18:16:34.2782625Z  30100K .......... .......... .......... .......... .......... 48%  250M 0s
2025-02-16T18:16:34.2784510Z  30150K .......... .......... .......... .......... .......... 48%  297M 0s
2025-02-16T18:16:34.2787485Z  30200K .......... .......... .......... .......... .......... 49%  282M 0s
2025-02-16T18:16:34.2788346Z  30250K .......... .......... .......... .......... .......... 49%  272M 0s
2025-02-16T18:16:34.2791589Z  30300K .......... .......... .......... .......... .......... 49%  214M 0s
2025-02-16T18:16:34.2792198Z  30350K .......... .......... .......... .......... .......... 49%  242M 0s
2025-02-16T18:16:34.2793923Z  30400K .......... .......... .......... .......... .......... 49%  288M 0s
2025-02-16T18:16:34.2795412Z  30450K .......... .......... .......... .......... .......... 49%  295M 0s
2025-02-16T18:16:34.2797334Z  30500K .......... .......... .......... .......... .......... 49%  309M 0s
2025-02-16T18:16:34.2798781Z  30550K .......... .......... .......... .......... .......... 49%  284M 0s
2025-02-16T18:16:34.2800776Z  30600K .......... .......... .......... .......... .......... 49%  301M 0s
2025-02-16T18:16:34.2802782Z  30650K .......... .......... .......... .......... .......... 49%  264M 0s
2025-02-16T18:16:34.3486311Z  30700K .......... .......... .......... .......... .......... 49%  731K 0s
2025-02-16T18:16:34.3488346Z  30750K .......... .......... .......... .......... .......... 49%  224M 0s
2025-02-16T18:16:34.3489734Z  30800K .......... .......... .......... .......... .......... 50%  325M 0s
2025-02-16T18:16:34.3494334Z  30850K .......... .......... .......... .......... .......... 50%  110M 0s
2025-02-16T18:16:34.3495587Z  30900K .......... .......... .......... .......... .......... 50%  348M 0s
2025-02-16T18:16:34.3497260Z  30950K .......... .......... .......... .......... .......... 50%  332M 0s
2025-02-16T18:16:34.3500776Z  31000K .......... .......... .......... .......... .......... 50%  152M 0s
2025-02-16T18:16:34.3502739Z  31050K .......... .......... .......... .......... .......... 50%  254M 0s
2025-02-16T18:16:34.3504020Z  31100K .......... .......... .......... .......... .......... 50%  269M 0s
2025-02-16T18:16:34.3505678Z  31150K .......... .......... .......... .......... .......... 50%  318M 0s
2025-02-16T18:16:34.3507612Z  31200K .......... .......... .......... .......... .......... 50%  262M 0s
2025-02-16T18:16:34.3509118Z  31250K .......... .......... .......... .......... .......... 50%  298M 0s
2025-02-16T18:16:34.3510795Z  31300K .......... .......... .......... .......... .......... 50%  347M 0s
2025-02-16T18:16:34.3513374Z  31350K .......... .......... .......... .......... .......... 50%  186M 0s
2025-02-16T18:16:34.3515190Z  31400K .......... .......... .......... .......... .......... 50%  261M 0s
2025-02-16T18:16:34.3516871Z  31450K .......... .......... .......... .......... .......... 51%  348M 0s
2025-02-16T18:16:34.3518292Z  31500K .......... .......... .......... .......... .......... 51%  265M 0s
2025-02-16T18:16:34.3521774Z  31550K .......... .......... .......... .......... .......... 51%  152M 0s
2025-02-16T18:16:34.3523112Z  31600K .......... .......... .......... .......... .......... 51%  297M 0s
2025-02-16T18:16:34.3525034Z  31650K .......... .......... .......... .......... .......... 51%  308M 0s
2025-02-16T18:16:34.3528669Z  31700K .......... .......... .......... .......... .......... 51%  170M 0s
2025-02-16T18:16:34.3529636Z  31750K .......... .......... .......... .......... .......... 51%  255M 0s
2025-02-16T18:16:34.3531720Z  31800K .......... .......... .......... .......... .......... 51%  254M 0s
2025-02-16T18:16:34.3535813Z  31850K .......... .......... .......... .......... .......... 51%  290M 0s
2025-02-16T18:16:34.3536641Z  31900K .......... .......... .......... .......... .......... 51%  154M 0s
2025-02-16T18:16:34.3538065Z  31950K .......... .......... .......... .......... .......... 51%  276M 0s
2025-02-16T18:16:34.3540261Z  32000K .......... .......... .......... .......... .......... 51%  300M 0s
2025-02-16T18:16:34.3543473Z  32050K .......... .......... .......... .......... .......... 52%  141M 0s
2025-02-16T18:16:34.3544923Z  32100K .......... .......... .......... .......... .......... 52%  274M 0s
2025-02-16T18:16:34.3546815Z  32150K .......... .......... .......... .......... .......... 52%  311M 0s
2025-02-16T18:16:34.3550349Z  32200K .......... .......... .......... .......... .......... 52%  278M 0s
2025-02-16T18:16:34.3551825Z  32250K .......... .......... .......... .......... .......... 52%  169M 0s
2025-02-16T18:16:34.3553293Z  32300K .......... .......... .......... .......... .......... 52%  224M 0s
2025-02-16T18:16:34.3555108Z  32350K .......... .......... .......... .......... .......... 52%  302M 0s
2025-02-16T18:16:34.3558667Z  32400K .......... .......... .......... .......... .......... 52%  143M 0s
2025-02-16T18:16:34.3560282Z  32450K .......... .......... .......... .......... .......... 52%  279M 0s
2025-02-16T18:16:34.3564015Z  32500K .......... .......... .......... .......... .......... 52%  266M 0s
2025-02-16T18:16:34.3564630Z  32550K .......... .......... .......... .......... .......... 52%  290M 0s
2025-02-16T18:16:34.3565612Z  32600K .......... .......... .......... .......... .......... 52%  262M 0s
2025-02-16T18:16:34.3569358Z  32650K .......... .......... .......... .......... .......... 52%  299M 0s
2025-02-16T18:16:34.3569938Z  32700K .......... .......... .......... .......... .......... 53%  274M 0s
2025-02-16T18:16:34.3571254Z  32750K .......... .......... .......... .......... .......... 53%  206M 0s
2025-02-16T18:16:34.3573497Z  32800K .......... .......... .......... .......... .......... 53%  270M 0s
2025-02-16T18:16:34.3574860Z  32850K .......... .......... .......... .......... .......... 53%  273M 0s
2025-02-16T18:16:34.3578106Z  32900K .......... .......... .......... .......... .......... 53%  302M 0s
2025-02-16T18:16:34.3578689Z  32950K .......... .......... .......... .......... .......... 53%  302M 0s
2025-02-16T18:16:34.3579861Z  33000K .......... .......... .......... .......... .......... 53%  290M 0s
2025-02-16T18:16:34.3583455Z  33050K .......... .......... .......... .......... .......... 53%  270M 0s
2025-02-16T18:16:34.3584051Z  33100K .......... .......... .......... .......... .......... 53%  217M 0s
2025-02-16T18:16:34.3587369Z  33150K .......... .......... .......... .......... .......... 53%  285M 0s
2025-02-16T18:16:34.3587947Z  33200K .......... .......... .......... .......... .......... 53%  312M 0s
2025-02-16T18:16:34.3588966Z  33250K .......... .......... .......... .......... .......... 53%  282M 0s
2025-02-16T18:16:34.3592226Z  33300K .......... .......... .......... .......... .......... 54%  296M 0s
2025-02-16T18:16:34.3592830Z  33350K .......... .......... .......... .......... .......... 54%  268M 0s
2025-02-16T18:16:34.3594164Z  33400K .......... .......... .......... .......... .......... 54%  282M 0s
2025-02-16T18:16:34.3596495Z  33450K .......... .......... .......... .......... .......... 54%  298M 0s
2025-02-16T18:16:34.3598138Z  33500K .......... .......... .......... .......... .......... 54%  207M 0s
2025-02-16T18:16:34.3601031Z  33550K .......... .......... .......... .......... .......... 54%  368M 0s
2025-02-16T18:16:34.3601850Z  33600K .......... .......... .......... .......... .......... 54%  192M 0s
2025-02-16T18:16:34.3605603Z  33650K .......... .......... .......... .......... .......... 54%  306M 0s
2025-02-16T18:16:34.3606224Z  33700K .......... .......... .......... .......... .......... 54%  290M 0s
2025-02-16T18:16:34.3607176Z  33750K .......... .......... .......... .......... .......... 54%  265M 0s
2025-02-16T18:16:34.3609757Z  33800K .......... .......... .......... .......... .......... 54%  275M 0s
2025-02-16T18:16:34.3611435Z  33850K .......... .......... .......... .......... .......... 54%  272M 0s
2025-02-16T18:16:34.3614056Z  33900K .......... .......... .......... .......... .......... 55%  199M 0s
2025-02-16T18:16:34.3614665Z  33950K .......... .......... .......... .......... .......... 55%  300M 0s
2025-02-16T18:16:34.3618489Z  34000K .......... .......... .......... .......... .......... 55%  262M 0s
2025-02-16T18:16:34.3619116Z  34050K .......... .......... .......... .......... .......... 55%  289M 0s
2025-02-16T18:16:34.3620301Z  34100K .......... .......... .......... .......... .......... 55%  273M 0s
2025-02-16T18:16:34.3622981Z  34150K .......... .......... .......... .......... .......... 55%  251M 0s
2025-02-16T18:16:34.3624005Z  34200K .......... .......... .......... .......... .......... 55%  270M 0s
2025-02-16T18:16:34.3627964Z  34250K .......... .......... .......... .......... .......... 55%  295M 0s
2025-02-16T18:16:34.3628549Z  34300K .......... .......... .......... .......... .......... 55%  228M 0s
2025-02-16T18:16:34.3629355Z  34350K .......... .......... .......... .......... .......... 55%  271M 0s
2025-02-16T18:16:34.3632110Z  34400K .......... .......... .......... .......... .......... 55%  265M 0s
2025-02-16T18:16:34.3632999Z  34450K .......... .......... .......... .......... .......... 55%  266M 0s
2025-02-16T18:16:34.3636741Z  34500K .......... .......... .......... .......... .......... 55%  299M 0s
2025-02-16T18:16:34.3637354Z  34550K .......... .......... .......... .......... .......... 56%  277M 0s
2025-02-16T18:16:34.3638705Z  34600K .......... .......... .......... .......... .......... 56%  218M 0s
2025-02-16T18:16:34.3641172Z  34650K .......... .......... .......... .......... .......... 56%  336M 0s
2025-02-16T18:16:34.3642704Z  34700K .......... .......... .......... .......... .......... 56%  189M 0s
2025-02-16T18:16:34.3645132Z  34750K .......... .......... .......... .......... .......... 56%  286M 0s
2025-02-16T18:16:34.3646211Z  34800K .......... .......... .......... .......... .......... 56%  277M 0s
2025-02-16T18:16:34.3649111Z  34850K .......... .......... .......... .......... .......... 56%  297M 0s
2025-02-16T18:16:34.3650265Z  34900K .......... .......... .......... .......... .......... 56%  234M 0s
2025-02-16T18:16:34.3653907Z  34950K .......... .......... .......... .......... .......... 56%  261M 0s
2025-02-16T18:16:34.3654483Z  35000K .......... .......... .......... .......... .......... 56%  297M 0s
2025-02-16T18:16:34.3655669Z  35050K .......... .......... .......... .......... .......... 56%  289M 0s
2025-02-16T18:16:34.3658085Z  35100K .......... .......... .......... .......... .......... 56%  218M 0s
2025-02-16T18:16:34.3659277Z  35150K .......... .......... .......... .......... .......... 57%  253M 0s
2025-02-16T18:16:34.3662338Z  35200K .......... .......... .......... .......... .......... 57%  276M 0s
2025-02-16T18:16:34.3662933Z  35250K .......... .......... .......... .......... .......... 57%  273M 0s
2025-02-16T18:16:34.3666428Z  35300K .......... .......... .......... .......... .......... 57%  292M 0s
2025-02-16T18:16:34.3667029Z  35350K .......... .......... .......... .......... .......... 57%  280M 0s
2025-02-16T18:16:34.3668314Z  35400K .......... .......... .......... .......... .......... 57%  257M 0s
2025-02-16T18:16:34.3671390Z  35450K .......... .......... .......... .......... .......... 57%  292M 0s
2025-02-16T18:16:34.3672401Z  35500K .......... .......... .......... .......... .......... 57%  191M 0s
2025-02-16T18:16:34.3675077Z  35550K .......... .......... .......... .......... .......... 57%  292M 0s
2025-02-16T18:16:34.3675708Z  35600K .......... .......... .......... .......... .......... 57%  290M 0s
2025-02-16T18:16:34.3679415Z  35650K .......... .......... .......... .......... .......... 57%  294M 0s
2025-02-16T18:16:34.3679997Z  35700K .......... .......... .......... .......... .......... 57%  296M 0s
2025-02-16T18:16:34.3681093Z  35750K .......... .......... .......... .......... .......... 58%  267M 0s
2025-02-16T18:16:34.3683897Z  35800K .......... .......... .......... .......... .......... 58%  255M 0s
2025-02-16T18:16:34.3685172Z  35850K .......... .......... .......... .......... .......... 58%  276M 0s
2025-02-16T18:16:34.3687854Z  35900K .......... .......... .......... .......... .......... 58%  222M 0s
2025-02-16T18:16:34.3688590Z  35950K .......... .......... .......... .......... .......... 58%  266M 0s
2025-02-16T18:16:34.3692315Z  36000K .......... .......... .......... .......... .......... 58%  295M 0s
2025-02-16T18:16:34.3692909Z  36050K .......... .......... .......... .......... .......... 58%  276M 0s
2025-02-16T18:16:34.3693959Z  36100K .......... .......... .......... .......... .......... 58%  274M 0s
2025-02-16T18:16:34.3696378Z  36150K .......... .......... .......... .......... .......... 58%  278M 0s
2025-02-16T18:16:34.3697537Z  36200K .......... .......... .......... .......... .......... 58%  268M 0s
2025-02-16T18:16:34.3700802Z  36250K .......... .......... .......... .......... .......... 58%  295M 0s
2025-02-16T18:16:34.3701583Z  36300K .......... .......... .......... .......... .......... 58%  189M 0s
2025-02-16T18:16:34.3705202Z  36350K .......... .......... .......... .......... .......... 58%  290M 0s
2025-02-16T18:16:34.3705786Z  36400K .......... .......... .......... .......... .......... 59%  304M 0s
2025-02-16T18:16:34.3706736Z  36450K .......... .......... .......... .......... .......... 59%  280M 0s
2025-02-16T18:16:34.3708957Z  36500K .......... .......... .......... .......... .......... 59%  275M 0s
2025-02-16T18:16:34.3710680Z  36550K .......... .......... .......... .......... .......... 59%  251M 0s
2025-02-16T18:16:34.3713263Z  36600K .......... .......... .......... .......... .......... 59%  249M 0s
2025-02-16T18:16:34.3715002Z  36650K .......... .......... .......... .......... .......... 59%  257M 0s
2025-02-16T18:16:34.3717314Z  36700K .......... .......... .......... .......... .......... 59%  217M 0s
2025-02-16T18:16:34.3718412Z  36750K .......... .......... .......... .......... .......... 59%  258M 0s
2025-02-16T18:16:34.3720445Z  36800K .......... .......... .......... .......... .......... 59%  298M 0s
2025-02-16T18:16:34.3722931Z  36850K .......... .......... .......... .......... .......... 59%  240M 0s
2025-02-16T18:16:34.3724057Z  36900K .......... .......... .......... .......... .......... 59%  257M 0s
2025-02-16T18:16:34.3727346Z  36950K .......... .......... .......... .......... .......... 59%  291M 0s
2025-02-16T18:16:34.3727932Z  37000K .......... .......... .......... .......... .......... 60%  258M 0s
2025-02-16T18:16:34.3732099Z  37050K .......... .......... .......... .......... .......... 60%  266M 0s
2025-02-16T18:16:34.3732673Z  37100K .......... .......... .......... .......... .......... 60%  205M 0s
2025-02-16T18:16:34.3733770Z  37150K .......... .......... .......... .......... .......... 60%  244M 0s
2025-02-16T18:16:34.3736271Z  37200K .......... .......... .......... .......... .......... 60%  265M 0s
2025-02-16T18:16:34.3737525Z  37250K .......... .......... .......... .......... .......... 60%  264M 0s
2025-02-16T18:16:34.3740814Z  37300K .......... .......... .......... .......... .......... 60%  300M 0s
2025-02-16T18:16:34.3741398Z  37350K .......... .......... .......... .......... .......... 60%  258M 0s
2025-02-16T18:16:34.3744900Z  37400K .......... .......... .......... .......... .......... 60%  265M 0s
2025-02-16T18:16:34.3745543Z  37450K .......... .......... .......... .......... .......... 60%  263M 0s
2025-02-16T18:16:34.3748803Z  37500K .......... .......... .......... .......... .......... 60%  207M 0s
2025-02-16T18:16:34.3749448Z  37550K .......... .......... .......... .......... .......... 60%  278M 0s
2025-02-16T18:16:34.3750896Z  37600K .......... .......... .......... .......... .......... 61%  245M 0s
2025-02-16T18:16:34.3753539Z  37650K .......... .......... .......... .......... .......... 61%  273M 0s
2025-02-16T18:16:34.3754536Z  37700K .......... .......... .......... .......... .......... 61%  255M 0s
2025-02-16T18:16:34.3756213Z  37750K .......... .......... .......... .......... .......... 61%  316M 0s
2025-02-16T18:16:34.3758511Z  37800K .......... .......... .......... .......... .......... 61%  247M 0s
2025-02-16T18:16:34.3762101Z  37850K .......... .......... .......... .......... .......... 61%  280M 0s
2025-02-16T18:16:34.3762697Z  37900K .......... .......... .......... .......... .......... 61%  203M 0s
2025-02-16T18:16:34.3765510Z  37950K .......... .......... .......... .......... .......... 61%  266M 0s
2025-02-16T18:16:34.3766111Z  38000K .......... .......... .......... .......... .......... 61%  268M 0s
2025-02-16T18:16:34.3767840Z  38050K .......... .......... .......... .......... .......... 61%  269M 0s
2025-02-16T18:16:34.3769726Z  38100K .......... .......... .......... .......... .......... 61%  289M 0s
2025-02-16T18:16:34.3771346Z  38150K .......... .......... .......... .......... .......... 61%  265M 0s
2025-02-16T18:16:34.3773207Z  38200K .......... .......... .......... .......... .......... 61%  289M 0s
2025-02-16T18:16:34.3775428Z  38250K .......... .......... .......... .......... .......... 62%  283M 0s
2025-02-16T18:16:34.3776678Z  38300K .......... .......... .......... .......... .......... 62%  232M 0s
2025-02-16T18:16:34.3778508Z  38350K .......... .......... .......... .......... .......... 62%  299M 0s
2025-02-16T18:16:34.3780304Z  38400K .......... .......... .......... .......... .......... 62%  291M 0s
2025-02-16T18:16:34.3782240Z  38450K .......... .......... .......... .......... .......... 62%  262M 0s
2025-02-16T18:16:34.3784120Z  38500K .......... .......... .......... .......... .......... 62%  272M 0s
2025-02-16T18:16:34.3785460Z  38550K .......... .......... .......... .......... .......... 62%  295M 0s
2025-02-16T18:16:34.3787382Z  38600K .......... .......... .......... .......... .......... 62%  290M 0s
2025-02-16T18:16:34.3789503Z  38650K .......... .......... .......... .......... .......... 62%  284M 0s
2025-02-16T18:16:34.3791182Z  38700K .......... .......... .......... .......... .......... 62%  207M 0s
2025-02-16T18:16:34.3793133Z  38750K .......... .......... .......... .......... .......... 62%  281M 0s
2025-02-16T18:16:34.3794541Z  38800K .......... .......... .......... .......... .......... 62%  284M 0s
2025-02-16T18:16:34.3796439Z  38850K .......... .......... .......... .......... .......... 63%  301M 0s
2025-02-16T18:16:34.3798184Z  38900K .......... .......... .......... .......... .......... 63%  280M 0s
2025-02-16T18:16:34.3799771Z  38950K .......... .......... .......... .......... .......... 63%  284M 0s
2025-02-16T18:16:34.3801913Z  39000K .......... .......... .......... .......... .......... 63%  255M 0s
2025-02-16T18:16:34.3804017Z  39050K .......... .......... .......... .......... .......... 63%  287M 0s
2025-02-16T18:16:34.3805417Z  39100K .......... .......... .......... .......... .......... 63%  222M 0s
2025-02-16T18:16:34.3807336Z  39150K .......... .......... .......... .......... .......... 63%  291M 0s
2025-02-16T18:16:34.3808809Z  39200K .......... .......... .......... .......... .......... 63%  281M 0s
2025-02-16T18:16:34.3811478Z  39250K .......... .......... .......... .......... .......... 63%  303M 0s
2025-02-16T18:16:34.3812358Z  39300K .......... .......... .......... .......... .......... 63%  254M 0s
2025-02-16T18:16:34.3814448Z  39350K .......... .......... .......... .......... .......... 63%  296M 0s
2025-02-16T18:16:34.3815790Z  39400K .......... .......... .......... .......... .......... 63%  296M 0s
2025-02-16T18:16:34.3818044Z  39450K .......... .......... .......... .......... .......... 64%  298M 0s
2025-02-16T18:16:34.3819459Z  39500K .......... .......... .......... .......... .......... 64%  226M 0s
2025-02-16T18:16:34.3821549Z  39550K .......... .......... .......... .......... .......... 64%  267M 0s
2025-02-16T18:16:34.3823039Z  39600K .......... .......... .......... .......... .......... 64%  280M 0s
2025-02-16T18:16:34.3825050Z  39650K .......... .......... .......... .......... .......... 64%  301M 0s
2025-02-16T18:16:34.3826524Z  39700K .......... .......... .......... .......... .......... 64%  275M 0s
2025-02-16T18:16:34.3828485Z  39750K .......... .......... .......... .......... .......... 64%  297M 0s
2025-02-16T18:16:34.3829897Z  39800K .......... .......... .......... .......... .......... 64%  291M 0s
2025-02-16T18:16:34.3832349Z  39850K .......... .......... .......... .......... .......... 64%  257M 0s
2025-02-16T18:16:34.3833760Z  39900K .......... .......... .......... .......... .......... 64%  228M 0s
2025-02-16T18:16:34.3835802Z  39950K .......... .......... .......... .......... .......... 64%  297M 0s
2025-02-16T18:16:34.3837441Z  40000K .......... .......... .......... .......... .......... 64%  286M 0s
2025-02-16T18:16:34.3838956Z  40050K .......... .......... .......... .......... .......... 64%  292M 0s
2025-02-16T18:16:34.3840755Z  40100K .......... .......... .......... .......... .......... 65%  293M 0s
2025-02-16T18:16:34.3843016Z  40150K .......... .......... .......... .......... .......... 65%  265M 0s
2025-02-16T18:16:34.3844209Z  40200K .......... .......... .......... .......... .......... 65%  288M 0s
2025-02-16T18:16:34.3846432Z  40250K .......... .......... .......... .......... .......... 65%  292M 0s
2025-02-16T18:16:34.3848009Z  40300K .......... .......... .......... .......... .......... 65%  219M 0s
2025-02-16T18:16:34.3849604Z  40350K .......... .......... .......... .......... .......... 65%  292M 0s
2025-02-16T18:16:34.3851678Z  40400K .......... .......... .......... .......... .......... 65%  269M 0s
2025-02-16T18:16:34.3853355Z  40450K .......... .......... .......... .......... .......... 65%  275M 0s
2025-02-16T18:16:34.3855127Z  40500K .......... .......... .......... .......... .......... 65%  287M 0s
2025-02-16T18:16:34.3856882Z  40550K .......... .......... .......... .......... .......... 65%  293M 0s
2025-02-16T18:16:34.3858470Z  40600K .......... .......... .......... .......... .......... 65%  277M 0s
2025-02-16T18:16:34.3860977Z  40650K .......... .......... .......... .......... .......... 65%  288M 0s
2025-02-16T18:16:34.3862592Z  40700K .......... .......... .......... .......... .......... 66%  197M 0s
2025-02-16T18:16:34.3864284Z  40750K .......... .......... .......... .......... .......... 66%  283M 0s
2025-02-16T18:16:34.3865998Z  40800K .......... .......... .......... .......... .......... 66%  290M 0s
2025-02-16T18:16:34.3868006Z  40850K .......... .......... .......... .......... .......... 66%  294M 0s
2025-02-16T18:16:34.3890393Z  40900K .......... .......... .......... .......... .......... 66%  279M 0s
2025-02-16T18:16:34.4479453Z  40950K .......... .......... .......... .......... .......... 66%  821K 0s
2025-02-16T18:16:34.4482922Z  41000K .......... .......... .......... .......... .......... 66%  207M 0s
2025-02-16T18:16:34.4484013Z  41050K .......... .......... .......... .......... .......... 66%  174M 0s
2025-02-16T18:16:34.4486859Z  41100K .......... .......... .......... .......... .......... 66%  248M 0s
2025-02-16T18:16:34.4488636Z  41150K .......... .......... .......... .......... .......... 66%  173M 0s
2025-02-16T18:16:34.4492156Z  41200K .......... .......... .......... .......... .......... 66%  246M 0s
2025-02-16T18:16:34.4492794Z  41250K .......... .......... .......... .......... .......... 66%  229M 0s
2025-02-16T18:16:34.4494718Z  41300K .......... .......... .......... .......... .......... 67%  277M 0s
2025-02-16T18:16:34.4498555Z  41350K .......... .......... .......... .......... .......... 67%  130M 0s
2025-02-16T18:16:34.4501874Z  41400K .......... .......... .......... .......... .......... 67%  260M 0s
2025-02-16T18:16:34.4502669Z  41450K .......... .......... .......... .......... .......... 67%  204M 0s
2025-02-16T18:16:34.4505838Z  41500K .......... .......... .......... .......... .......... 67%  246M 0s
2025-02-16T18:16:34.4507232Z  41550K .......... .......... .......... .......... .......... 67%  180M 0s
2025-02-16T18:16:34.4510647Z  41600K .......... .......... .......... .......... .......... 67%  244M 0s
2025-02-16T18:16:34.4511545Z  41650K .......... .......... .......... .......... .......... 67%  231M 0s
2025-02-16T18:16:34.4514946Z  41700K .......... .......... .......... .......... .......... 67%  230M 0s
2025-02-16T18:16:34.4515403Z  41750K .......... .......... .......... .......... .......... 67%  403M 0s
2025-02-16T18:16:34.4515991Z  41800K .......... .......... .......... .......... .......... 67%  357M 0s
2025-02-16T18:16:34.4517704Z  41850K .......... .......... .......... .......... .......... 67%  316M 0s
2025-02-16T18:16:34.4519916Z  41900K .......... .......... .......... .......... .......... 67%  355M 0s
2025-02-16T18:16:34.4520972Z  41950K .......... .......... .......... .......... .......... 68%  250M 0s
2025-02-16T18:16:34.4522678Z  42000K .......... .......... .......... .......... .......... 68%  285M 0s
2025-02-16T18:16:34.4525538Z  42050K .......... .......... .......... .......... .......... 68%  300M 0s
2025-02-16T18:16:34.4526212Z  42100K .......... .......... .......... .......... .......... 68%  351M 0s
2025-02-16T18:16:34.4527454Z  42150K .......... .......... .......... .......... .......... 68%  284M 0s
2025-02-16T18:16:34.4529261Z  42200K .......... .......... .......... .......... .......... 68%  297M 0s
2025-02-16T18:16:34.4530914Z  42250K .......... .......... .......... .......... .......... 68%  261M 0s
2025-02-16T18:16:34.4533417Z  42300K .......... .......... .......... .......... .......... 68%  254M 0s
2025-02-16T18:16:34.4534725Z  42350K .......... .......... .......... .......... .......... 68%  243M 0s
2025-02-16T18:16:34.4536597Z  42400K .......... .......... .......... .......... .......... 68%  278M 0s
2025-02-16T18:16:34.4538355Z  42450K .......... .......... .......... .......... .......... 68%  298M 0s
2025-02-16T18:16:34.4541504Z  42500K .......... .......... .......... .......... .......... 68%  353M 0s
2025-02-16T18:16:34.4541977Z  42550K .......... .......... .......... .......... .......... 69%  288M 0s
2025-02-16T18:16:34.4542842Z  42600K .......... .......... .......... .......... .......... 69%  304M 0s
2025-02-16T18:16:34.4545626Z  42650K .......... .......... .......... .......... .......... 69%  329M 0s
2025-02-16T18:16:34.4546169Z  42700K .......... .......... .......... .......... .......... 69%  393M 0s
2025-02-16T18:16:34.4547781Z  42750K .......... .......... .......... .......... .......... 69%  236M 0s
2025-02-16T18:16:34.4550350Z  42800K .......... .......... .......... .......... .......... 69%  361M 0s
2025-02-16T18:16:34.4550821Z  42850K .......... .......... .......... .......... .......... 69%  360M 0s
2025-02-16T18:16:34.4553209Z  42900K .......... .......... .......... .......... .......... 69%  274M 0s
2025-02-16T18:16:34.4553735Z  42950K .......... .......... .......... .......... .......... 69%  346M 0s
2025-02-16T18:16:34.4555207Z  43000K .......... .......... .......... .......... .......... 69%  285M 0s
2025-02-16T18:16:34.4557710Z  43050K .......... .......... .......... .......... .......... 69%  342M 0s
2025-02-16T18:16:34.4558625Z  43100K .......... .......... .......... .......... .......... 69%  349M 0s
2025-02-16T18:16:34.4560759Z  43150K .......... .......... .......... .......... .......... 70%  240M 0s
2025-02-16T18:16:34.4562645Z  43200K .......... .......... .......... .......... .......... 70%  284M 0s
2025-02-16T18:16:34.4563462Z  43250K .......... .......... .......... .......... .......... 70%  288M 0s
2025-02-16T18:16:34.4565010Z  43300K .......... .......... .......... .......... .......... 70%  333M 0s
2025-02-16T18:16:34.4566392Z  43350K .......... .......... .......... .......... .......... 70%  352M 0s
2025-02-16T18:16:34.4567875Z  43400K .......... .......... .......... .......... .......... 70%  339M 0s
2025-02-16T18:16:34.4569255Z  43450K .......... .......... .......... .......... .......... 70%  340M 0s
2025-02-16T18:16:34.4571396Z  43500K .......... .......... .......... .......... .......... 70%  301M 0s
2025-02-16T18:16:34.4572631Z  43550K .......... .......... .......... .......... .......... 70%  267M 0s
2025-02-16T18:16:34.4574061Z  43600K .......... .......... .......... .......... .......... 70%  341M 0s
2025-02-16T18:16:34.4575654Z  43650K .......... .......... .......... .......... .......... 70%  347M 0s
2025-02-16T18:16:34.4576868Z  43700K .......... .......... .......... .......... .......... 70%  351M 0s
2025-02-16T18:16:34.4578426Z  43750K .......... .......... .......... .......... .......... 70%  341M 0s
2025-02-16T18:16:34.4580537Z  43800K .......... .......... .......... .......... .......... 71%  345M 0s
2025-02-16T18:16:34.4581629Z  43850K .......... .......... .......... .......... .......... 71%  265M 0s
2025-02-16T18:16:34.4583538Z  43900K .......... .......... .......... .......... .......... 71%  318M 0s
2025-02-16T18:16:34.4585217Z  43950K .......... .......... .......... .......... .......... 71%  255M 0s
2025-02-16T18:16:34.4586446Z  44000K .......... .......... .......... .......... .......... 71%  345M 0s
2025-02-16T18:16:34.4587970Z  44050K .......... .......... .......... .......... .......... 71%  322M 0s
2025-02-16T18:16:34.4590278Z  44100K .......... .......... .......... .......... .......... 71%  311M 0s
2025-02-16T18:16:34.4591528Z  44150K .......... .......... .......... .......... .......... 71%  270M 0s
2025-02-16T18:16:34.4593263Z  44200K .......... .......... .......... .......... .......... 71%  287M 0s
2025-02-16T18:16:34.4594718Z  44250K .......... .......... .......... .......... .......... 71%  317M 0s
2025-02-16T18:16:34.4596836Z  44300K .......... .......... .......... .......... .......... 71%  300M 0s
2025-02-16T18:16:34.4597960Z  44350K .......... .......... .......... .......... .......... 71%  280M 0s
2025-02-16T18:16:34.4599599Z  44400K .......... .......... .......... .......... .......... 72%  336M 0s
2025-02-16T18:16:34.4601375Z  44450K .......... .......... .......... .......... .......... 72%  299M 0s
2025-02-16T18:16:34.4602605Z  44500K .......... .......... .......... .......... .......... 72%  316M 0s
2025-02-16T18:16:34.4605614Z  44550K .......... .......... .......... .......... .......... 72%  309M 0s
2025-02-16T18:16:34.4606371Z  44600K .......... .......... .......... .......... .......... 72%  329M 0s
2025-02-16T18:16:34.4607320Z  44650K .......... .......... .......... .......... .......... 72%  305M 0s
2025-02-16T18:16:34.4609754Z  44700K .......... .......... .......... .......... .......... 72%  321M 0s
2025-02-16T18:16:34.4611560Z  44750K .......... .......... .......... .......... .......... 72%  213M 0s
2025-02-16T18:16:34.4612698Z  44800K .......... .......... .......... .......... .......... 72%  318M 0s
2025-02-16T18:16:34.4615273Z  44850K .......... .......... .......... .......... .......... 72%  319M 0s
2025-02-16T18:16:34.4615750Z  44900K .......... .......... .......... .......... .......... 72%  311M 0s
2025-02-16T18:16:34.4618356Z  44950K .......... .......... .......... .......... .......... 72%  299M 0s
2025-02-16T18:16:34.4619156Z  45000K .......... .......... .......... .......... .......... 73%  290M 0s
2025-02-16T18:16:34.4621124Z  45050K .......... .......... .......... .......... .......... 73%  256M 0s
2025-02-16T18:16:34.4623507Z  45100K .......... .......... .......... .......... .......... 73%  292M 0s
2025-02-16T18:16:34.4624942Z  45150K .......... .......... .......... .......... .......... 73%  210M 0s
2025-02-16T18:16:34.4626582Z  45200K .......... .......... .......... .......... .......... 73%  325M 0s
2025-02-16T18:16:34.4628694Z  45250K .......... .......... .......... .......... .......... 73%  297M 0s
2025-02-16T18:16:34.4629866Z  45300K .......... .......... .......... .......... .......... 73%  281M 0s
2025-02-16T18:16:34.4632564Z  45350K .......... .......... .......... .......... .......... 73%  198M 0s
2025-02-16T18:16:34.4634082Z  45400K .......... .......... .......... .......... .......... 73%  312M 0s
2025-02-16T18:16:34.4638614Z  45450K .......... .......... .......... .......... .......... 73%  111M 0s
2025-02-16T18:16:34.4640781Z  45500K .......... .......... .......... .......... .......... 73%  294M 0s
2025-02-16T18:16:34.4642566Z  45550K .......... .......... .......... .......... .......... 73%  196M 0s
2025-02-16T18:16:34.4644157Z  45600K .......... .......... .......... .......... .......... 73%  290M 0s
2025-02-16T18:16:34.4646020Z  45650K .......... .......... .......... .......... .......... 74%  302M 0s
2025-02-16T18:16:34.4647222Z  45700K .......... .......... .......... .......... .......... 74%  332M 0s
2025-02-16T18:16:34.4648734Z  45750K .......... .......... .......... .......... .......... 74%  331M 0s
2025-02-16T18:16:34.4650497Z  45800K .......... .......... .......... .......... .......... 74%  301M 0s
2025-02-16T18:16:34.4652153Z  45850K .......... .......... .......... .......... .......... 74%  296M 0s
2025-02-16T18:16:34.4654635Z  45900K .......... .......... .......... .......... .......... 74%  310M 0s
2025-02-16T18:16:34.4655525Z  45950K .......... .......... .......... .......... .......... 74%  237M 0s
2025-02-16T18:16:34.4658787Z  46000K .......... .......... .......... .......... .......... 74%  195M 0s
2025-02-16T18:16:34.4659572Z  46050K .......... .......... .......... .......... .......... 74%  320M 0s
2025-02-16T18:16:34.4661390Z  46100K .......... .......... .......... .......... .......... 74%  284M 0s
2025-02-16T18:16:34.4662886Z  46150K .......... .......... .......... .......... .......... 74%  317M 0s
2025-02-16T18:16:34.4665320Z  46200K .......... .......... .......... .......... .......... 74%  249M 0s
2025-02-16T18:16:34.4666438Z  46250K .......... .......... .......... .......... .......... 75%  288M 0s
2025-02-16T18:16:34.4669360Z  46300K .......... .......... .......... .......... .......... 75%  234M 0s
2025-02-16T18:16:34.4670969Z  46350K .......... .......... .......... .......... .......... 75%  247M 0s
2025-02-16T18:16:34.4673018Z  46400K .......... .......... .......... .......... .......... 75%  247M 0s
2025-02-16T18:16:34.4674027Z  46450K .......... .......... .......... .......... .......... 75%  320M 0s
2025-02-16T18:16:34.4676023Z  46500K .......... .......... .......... .......... .......... 75%  335M 0s
2025-02-16T18:16:34.4677225Z  46550K .......... .......... .......... .......... .......... 75%  298M 0s
2025-02-16T18:16:34.4678792Z  46600K .......... .......... .......... .......... .......... 75%  317M 0s
2025-02-16T18:16:34.4681215Z  46650K .......... .......... .......... .......... .......... 75%  303M 0s
2025-02-16T18:16:34.4682912Z  46700K .......... .......... .......... .......... .......... 75%  269M 0s
2025-02-16T18:16:34.4684178Z  46750K .......... .......... .......... .......... .......... 75%  237M 0s
2025-02-16T18:16:34.4686827Z  46800K .......... .......... .......... .......... .......... 75%  203M 0s
2025-02-16T18:16:34.4688253Z  46850K .......... .......... .......... .......... .......... 76%  305M 0s
2025-02-16T18:16:34.4694500Z  46900K .......... .......... .......... .......... .......... 76% 80.7M 0s
2025-02-16T18:16:34.4695942Z  46950K .......... .......... .......... .......... .......... 76%  311M 0s
2025-02-16T18:16:34.4698323Z  47000K .......... .......... .......... .......... .......... 76%  324M 0s
2025-02-16T18:16:34.4698936Z  47050K .......... .......... .......... .......... .......... 76%  316M 0s
2025-02-16T18:16:34.4702940Z  47100K .......... .......... .......... .......... .......... 76%  310M 0s
2025-02-16T18:16:34.4703496Z  47150K .......... .......... .......... .......... .......... 76%  203M 0s
2025-02-16T18:16:34.4704581Z  47200K .......... .......... .......... .......... .......... 76%  282M 0s
2025-02-16T18:16:34.4707722Z  47250K .......... .......... .......... .......... .......... 76%  338M 0s
2025-02-16T18:16:34.4708314Z  47300K .......... .......... .......... .......... .......... 76%  313M 0s
2025-02-16T18:16:34.4709296Z  47350K .......... .......... .......... .......... .......... 76%  292M 0s
2025-02-16T18:16:34.4712543Z  47400K .......... .......... .......... .......... .......... 76%  299M 0s
2025-02-16T18:16:34.4713102Z  47450K .......... .......... .......... .......... .......... 76%  319M 0s
2025-02-16T18:16:34.4714377Z  47500K .......... .......... .......... .......... .......... 77%  344M 0s
2025-02-16T18:16:34.4717298Z  47550K .......... .......... .......... .......... .......... 77%  253M 0s
2025-02-16T18:16:34.4717858Z  47600K .......... .......... .......... .......... .......... 77%  346M 0s
2025-02-16T18:16:34.4718583Z  47650K .......... .......... .......... .......... .......... 77%  344M 0s
2025-02-16T18:16:34.4721907Z  47700K .......... .......... .......... .......... .......... 77%  339M 0s
2025-02-16T18:16:34.4722470Z  47750K .......... .......... .......... .......... .......... 77%  266M 0s
2025-02-16T18:16:34.4723654Z  47800K .......... .......... .......... .......... .......... 77%  310M 0s
2025-02-16T18:16:34.4726660Z  47850K .......... .......... .......... .......... .......... 77%  318M 0s
2025-02-16T18:16:34.4727246Z  47900K .......... .......... .......... .......... .......... 77%  335M 0s
2025-02-16T18:16:34.4728645Z  47950K .......... .......... .......... .......... .......... 77%  227M 0s
2025-02-16T18:16:34.4731244Z  48000K .......... .......... .......... .......... .......... 77%  331M 0s
2025-02-16T18:16:34.4731811Z  48050K .......... .......... .......... .......... .......... 77%  302M 0s
2025-02-16T18:16:34.4733418Z  48100K .......... .......... .......... .......... .......... 78%  308M 0s
2025-02-16T18:16:34.4735924Z  48150K .......... .......... .......... .......... .......... 78%  333M 0s
2025-02-16T18:16:34.4736492Z  48200K .......... .......... .......... .......... .......... 78%  325M 0s
2025-02-16T18:16:34.4738115Z  48250K .......... .......... .......... .......... .......... 78%  298M 0s
2025-02-16T18:16:34.4740374Z  48300K .......... .......... .......... .......... .......... 78%  314M 0s
2025-02-16T18:16:34.4742079Z  48350K .......... .......... .......... .......... .......... 78%  195M 0s
2025-02-16T18:16:34.4744323Z  48400K .......... .......... .......... .......... .......... 78%  322M 0s
2025-02-16T18:16:34.4745687Z  48450K .......... .......... .......... .......... .......... 78%  279M 0s
2025-02-16T18:16:34.4746999Z  48500K .......... .......... .......... .......... .......... 78%  300M 0s
2025-02-16T18:16:34.4749479Z  48550K .......... .......... .......... .......... .......... 78%  306M 0s
2025-02-16T18:16:34.4750289Z  48600K .......... .......... .......... .......... .......... 78%  304M 0s
2025-02-16T18:16:34.4753277Z  48650K .......... .......... .......... .......... .......... 78%  283M 0s
2025-02-16T18:16:34.4753985Z  48700K .......... .......... .......... .......... .......... 79%  299M 0s
2025-02-16T18:16:34.4755766Z  48750K .......... .......... .......... .......... .......... 79%  224M 0s
2025-02-16T18:16:34.4757224Z  48800K .......... .......... .......... .......... .......... 79%  300M 0s
2025-02-16T18:16:34.4758736Z  48850K .......... .......... .......... .......... .......... 79%  327M 0s
2025-02-16T18:16:34.4761093Z  48900K .......... .......... .......... .......... .......... 79%  306M 0s
2025-02-16T18:16:34.4762215Z  48950K .......... .......... .......... .......... .......... 79%  260M 0s
2025-02-16T18:16:34.4765196Z  49000K .......... .......... .......... .......... .......... 79%  324M 0s
2025-02-16T18:16:34.4765800Z  49050K .......... .......... .......... .......... .......... 79%  322M 0s
2025-02-16T18:16:34.4767619Z  49100K .......... .......... .......... .......... .......... 79%  283M 0s
2025-02-16T18:16:34.4770340Z  49150K .......... .......... .......... .......... .......... 79%  238M 0s
2025-02-16T18:16:34.4770783Z  49200K .......... .......... .......... .......... .......... 79%  266M 0s
2025-02-16T18:16:34.4772619Z  49250K .......... .......... .......... .......... .......... 79%  294M 0s
2025-02-16T18:16:34.4774776Z  49300K .......... .......... .......... .......... .......... 79%  318M 0s
2025-02-16T18:16:34.4776060Z  49350K .......... .......... .......... .......... .......... 80%  296M 0s
2025-02-16T18:16:34.4777725Z  49400K .......... .......... .......... .......... .......... 80%  241M 0s
2025-02-16T18:16:34.4779679Z  49450K .......... .......... .......... .......... .......... 80%  316M 0s
2025-02-16T18:16:34.4781404Z  49500K .......... .......... .......... .......... .......... 80%  239M 0s
2025-02-16T18:16:34.4782818Z  49550K .......... .......... .......... .......... .......... 80%  322M 0s
2025-02-16T18:16:34.4784453Z  49600K .......... .......... .......... .......... .......... 80%  311M 0s
2025-02-16T18:16:34.4787070Z  49650K .......... .......... .......... .......... .......... 80%  250M 0s
2025-02-16T18:16:34.4787851Z  49700K .......... .......... .......... .......... .......... 80%  318M 0s
2025-02-16T18:16:34.4789639Z  49750K .......... .......... .......... .......... .......... 80%  329M 0s
2025-02-16T18:16:34.4791424Z  49800K .......... .......... .......... .......... .......... 80%  255M 0s
2025-02-16T18:16:34.4793316Z  49850K .......... .......... .......... .......... .......... 80%  292M 0s
2025-02-16T18:16:34.4795417Z  49900K .......... .......... .......... .......... .......... 80%  284M 0s
2025-02-16T18:16:34.4796800Z  49950K .......... .......... .......... .......... .......... 81%  222M 0s
2025-02-16T18:16:34.4799098Z  50000K .......... .......... .......... .......... .......... 81%  341M 0s
2025-02-16T18:16:34.4799772Z  50050K .......... .......... .......... .......... .......... 81%  298M 0s
2025-02-16T18:16:34.4801524Z  50100K .......... .......... .......... .......... .......... 81%  280M 0s
2025-02-16T18:16:34.4803139Z  50150K .......... .......... .......... .......... .......... 81%  324M 0s
2025-02-16T18:16:34.4805082Z  50200K .......... .......... .......... .......... .......... 81%  295M 0s
2025-02-16T18:16:34.4806693Z  50250K .......... .......... .......... .......... .......... 81%  312M 0s
2025-02-16T18:16:34.4808528Z  50300K .......... .......... .......... .......... .......... 81%  320M 0s
2025-02-16T18:16:34.4809852Z  50350K .......... .......... .......... .......... .......... 81%  255M 0s
2025-02-16T18:16:34.4811839Z  50400K .......... .......... .......... .......... .......... 81%  330M 0s
2025-02-16T18:16:34.4813118Z  50450K .......... .......... .......... .......... .......... 81%  265M 0s
2025-02-16T18:16:34.4814684Z  50500K .......... .......... .......... .......... .......... 81%  335M 0s
2025-02-16T18:16:34.4815906Z  50550K .......... .......... .......... .......... .......... 82%  378M 0s
2025-02-16T18:16:34.4817493Z  50600K .......... .......... .......... .......... .......... 82%  326M 0s
2025-02-16T18:16:34.4819085Z  50650K .......... .......... .......... .......... .......... 82%  353M 0s
2025-02-16T18:16:34.4821310Z  50700K .......... .......... .......... .......... .......... 82%  316M 0s
2025-02-16T18:16:34.4822601Z  50750K .......... .......... .......... .......... .......... 82%  213M 0s
2025-02-16T18:16:34.4824885Z  50800K .......... .......... .......... .......... .......... 82%  234M 0s
2025-02-16T18:16:34.4827064Z  50850K .......... .......... .......... .......... .......... 82%  236M 0s
2025-02-16T18:16:34.4828496Z  50900K .......... .......... .......... .......... .......... 82%  371M 0s
2025-02-16T18:16:34.4831052Z  50950K .......... .......... .......... .......... .......... 82%  234M 0s
2025-02-16T18:16:34.4832074Z  51000K .......... .......... .......... .......... .......... 82%  280M 0s
2025-02-16T18:16:34.4836792Z  51050K .......... .......... .......... .......... .......... 82%  109M 0s
2025-02-16T18:16:34.4838045Z  51100K .......... .......... .......... .......... .......... 82%  313M 0s
2025-02-16T18:16:34.5545544Z  51150K .......... .......... .......... .......... .......... 82%  269M 0s
2025-02-16T18:16:34.5547279Z  51200K .......... .......... .......... .......... .......... 83%  708K 0s
2025-02-16T18:16:34.5548159Z  51250K .......... .......... .......... .......... .......... 83%  264M 0s
2025-02-16T18:16:34.5550405Z  51300K .......... .......... .......... .......... .......... 83%  311M 0s
2025-02-16T18:16:34.5551669Z  51350K .......... .......... .......... .......... .......... 83%  261M 0s
2025-02-16T18:16:34.5553157Z  51400K .......... .......... .......... .......... .......... 83%  327M 0s
2025-02-16T18:16:34.5556266Z  51450K .......... .......... .......... .......... .......... 83%  173M 0s
2025-02-16T18:16:34.5559421Z  51500K .......... .......... .......... .......... .......... 83%  305M 0s
2025-02-16T18:16:34.5559985Z  51550K .......... .......... .......... .......... .......... 83%  270M 0s
2025-02-16T18:16:34.5561174Z  51600K .......... .......... .......... .......... .......... 83%  276M 0s
2025-02-16T18:16:34.5564248Z  51650K .......... .......... .......... .......... .......... 83%  320M 0s
2025-02-16T18:16:34.5564818Z  51700K .......... .......... .......... .......... .......... 83%  346M 0s
2025-02-16T18:16:34.5565644Z  51750K .......... .......... .......... .......... .......... 83%  328M 0s
2025-02-16T18:16:34.5568644Z  51800K .......... .......... .......... .......... .......... 84%  325M 0s
2025-02-16T18:16:34.5569217Z  51850K .......... .......... .......... .......... .......... 84%  353M 0s
2025-02-16T18:16:34.5570182Z  51900K .......... .......... .......... .......... .......... 84%  315M 0s
2025-02-16T18:16:34.5572978Z  51950K .......... .......... .......... .......... .......... 84%  227M 0s
2025-02-16T18:16:34.5574037Z  52000K .......... .......... .......... .......... .......... 84%  256M 0s
2025-02-16T18:16:34.5577127Z  52050K .......... .......... .......... .......... .......... 84%  334M 0s
2025-02-16T18:16:34.5577717Z  52100K .......... .......... .......... .......... .......... 84%  295M 0s
2025-02-16T18:16:34.5578909Z  52150K .......... .......... .......... .......... .......... 84%  282M 0s
2025-02-16T18:16:34.5582312Z  52200K .......... .......... .......... .......... .......... 84%  333M 0s
2025-02-16T18:16:34.5582889Z  52250K .......... .......... .......... .......... .......... 84%  296M 0s
2025-02-16T18:16:34.5583775Z  52300K .......... .......... .......... .......... .......... 84%  308M 0s
2025-02-16T18:16:34.5586933Z  52350K .......... .......... .......... .......... .......... 84%  244M 0s
2025-02-16T18:16:34.5587522Z  52400K .......... .......... .......... .......... .......... 85%  340M 0s
2025-02-16T18:16:34.5588700Z  52450K .......... .......... .......... .......... .......... 85%  298M 0s
2025-02-16T18:16:34.5591719Z  52500K .......... .......... .......... .......... .......... 85%  329M 0s
2025-02-16T18:16:34.5592297Z  52550K .......... .......... .......... .......... .......... 85%  282M 0s
2025-02-16T18:16:34.5593584Z  52600K .......... .......... .......... .......... .......... 85%  295M 0s
2025-02-16T18:16:34.5596073Z  52650K .......... .......... .......... .......... .......... 85%  307M 0s
2025-02-16T18:16:34.5596976Z  52700K .......... .......... .......... .......... .......... 85%  277M 0s
2025-02-16T18:16:34.5600706Z  52750K .......... .......... .......... .......... .......... 85%  247M 0s
2025-02-16T18:16:34.5601287Z  52800K .......... .......... .......... .......... .......... 85%  254M 0s
2025-02-16T18:16:34.5602435Z  52850K .......... .......... .......... .......... .......... 85%  296M 0s
2025-02-16T18:16:34.5604711Z  52900K .......... .......... .......... .......... .......... 85%  334M 0s
2025-02-16T18:16:34.5605816Z  52950K .......... .......... .......... .......... .......... 85%  262M 0s
2025-02-16T18:16:34.5608984Z  53000K .......... .......... .......... .......... .......... 85%  334M 0s
2025-02-16T18:16:34.5609547Z  53050K .......... .......... .......... .......... .......... 86%  285M 0s
2025-02-16T18:16:34.5610885Z  53100K .......... .......... .......... .......... .......... 86%  269M 0s
2025-02-16T18:16:34.5613591Z  53150K .......... .......... .......... .......... .......... 86%  252M 0s
2025-02-16T18:16:34.5614350Z  53200K .......... .......... .......... .......... .......... 86%  296M 0s
2025-02-16T18:16:34.5615962Z  53250K .......... .......... .......... .......... .......... 86%  325M 0s
2025-02-16T18:16:34.5617222Z  53300K .......... .......... .......... .......... .......... 86%  340M 0s
2025-02-16T18:16:34.5619229Z  53350K .......... .......... .......... .......... .......... 86%  289M 0s
2025-02-16T18:16:34.5620739Z  53400K .......... .......... .......... .......... .......... 86%  320M 0s
2025-02-16T18:16:34.5622796Z  53450K .......... .......... .......... .......... .......... 86%  293M 0s
2025-02-16T18:16:34.5624122Z  53500K .......... .......... .......... .......... .......... 86%  302M 0s
2025-02-16T18:16:34.5625997Z  53550K .......... .......... .......... .......... .......... 86%  244M 0s
2025-02-16T18:16:34.5627440Z  53600K .......... .......... .......... .......... .......... 86%  293M 0s
2025-02-16T18:16:34.5629230Z  53650K .......... .......... .......... .......... .......... 87%  311M 0s
2025-02-16T18:16:34.5630783Z  53700K .......... .......... .......... .......... .......... 87%  310M 0s
2025-02-16T18:16:34.5632853Z  53750K .......... .......... .......... .......... .......... 87%  251M 0s
2025-02-16T18:16:34.5634195Z  53800K .......... .......... .......... .......... .......... 87%  307M 0s
2025-02-16T18:16:34.5635994Z  53850K .......... .......... .......... .......... .......... 87%  307M 0s
2025-02-16T18:16:34.5637760Z  53900K .......... .......... .......... .......... .......... 87%  280M 0s
2025-02-16T18:16:34.5639747Z  53950K .......... .......... .......... .......... .......... 87%  245M 0s
2025-02-16T18:16:34.5641878Z  54000K .......... .......... .......... .......... .......... 87%  234M 0s
2025-02-16T18:16:34.5643116Z  54050K .......... .......... .......... .......... .......... 87%  300M 0s
2025-02-16T18:16:34.5644805Z  54100K .......... .......... .......... .......... .......... 87%  331M 0s
2025-02-16T18:16:34.5646666Z  54150K .......... .......... .......... .......... .......... 87%  275M 0s
2025-02-16T18:16:34.5647938Z  54200K .......... .......... .......... .......... .......... 87%  330M 0s
2025-02-16T18:16:34.5650327Z  54250K .......... .......... .......... .......... .......... 88%  252M 0s
2025-02-16T18:16:34.5651690Z  54300K .......... .......... .......... .......... .......... 88%  258M 0s
2025-02-16T18:16:34.5653424Z  54350K .......... .......... .......... .......... .......... 88%  317M 0s
2025-02-16T18:16:34.5654993Z  54400K .......... .......... .......... .......... .......... 88%  314M 0s
2025-02-16T18:16:34.5656726Z  54450K .......... .......... .......... .......... .......... 88%  277M 0s
2025-02-16T18:16:34.5658103Z  54500K .......... .......... .......... .......... .......... 88%  324M 0s
2025-02-16T18:16:34.5659932Z  54550K .......... .......... .......... .......... .......... 88%  294M 0s
2025-02-16T18:16:34.5661816Z  54600K .......... .......... .......... .......... .......... 88%  265M 0s
2025-02-16T18:16:34.5664393Z  54650K .......... .......... .......... .......... .......... 88%  314M 0s
2025-02-16T18:16:34.5664947Z  54700K .......... .......... .......... .......... .......... 88%  340M 0s
2025-02-16T18:16:34.5666861Z  54750K .......... .......... .......... .......... .......... 88%  231M 0s
2025-02-16T18:16:34.5669321Z  54800K .......... .......... .......... .......... .......... 88%  324M 0s
2025-02-16T18:16:34.5669881Z  54850K .......... .......... .......... .......... .......... 88%  331M 0s
2025-02-16T18:16:34.5673169Z  54900K .......... .......... .......... .......... .......... 89%  260M 0s
2025-02-16T18:16:34.5673761Z  54950K .......... .......... .......... .......... .......... 89%  283M 0s
2025-02-16T18:16:34.5674959Z  55000K .......... .......... .......... .......... .......... 89%  302M 0s
2025-02-16T18:16:34.5678093Z  55050K .......... .......... .......... .......... .......... 89%  335M 0s
2025-02-16T18:16:34.5678669Z  55100K .......... .......... .......... .......... .......... 89%  346M 0s
2025-02-16T18:16:34.5679743Z  55150K .......... .......... .......... .......... .......... 89%  247M 0s
2025-02-16T18:16:34.5682580Z  55200K .......... .......... .......... .......... .......... 89%  293M 0s
2025-02-16T18:16:34.5683227Z  55250K .......... .......... .......... .......... .......... 89%  270M 0s
2025-02-16T18:16:34.5684715Z  55300K .......... .......... .......... .......... .......... 89%  326M 0s
2025-02-16T18:16:34.5686320Z  55350K .......... .......... .......... .......... .......... 89%  338M 0s
2025-02-16T18:16:34.5688908Z  55400K .......... .......... .......... .......... .......... 89%  310M 0s
2025-02-16T18:16:34.5689456Z  55450K .......... .......... .......... .......... .......... 89%  335M 0s
2025-02-16T18:16:34.5692716Z  55500K .......... .......... .......... .......... .......... 90%  274M 0s
2025-02-16T18:16:34.5693302Z  55550K .......... .......... .......... .......... .......... 90%  213M 0s
2025-02-16T18:16:34.5694995Z  55600K .......... .......... .......... .......... .......... 90%  306M 0s
2025-02-16T18:16:34.5697551Z  55650K .......... .......... .......... .......... .......... 90%  321M 0s
2025-02-16T18:16:34.5698112Z  55700K .......... .......... .......... .......... .......... 90%  339M 0s
2025-02-16T18:16:34.5699695Z  55750K .......... .......... .......... .......... .......... 90%  286M 0s
2025-02-16T18:16:34.5702397Z  55800K .......... .......... .......... .......... .......... 90%  281M 0s
2025-02-16T18:16:34.5702962Z  55850K .......... .......... .......... .......... .......... 90%  310M 0s
2025-02-16T18:16:34.5704710Z  55900K .......... .......... .......... .......... .......... 90%  299M 0s
2025-02-16T18:16:34.5706616Z  55950K .......... .......... .......... .......... .......... 90%  226M 0s
2025-02-16T18:16:34.5708421Z  56000K .......... .......... .......... .......... .......... 90%  304M 0s
2025-02-16T18:16:34.5711304Z  56050K .......... .......... .......... .......... .......... 90%  321M 0s
2025-02-16T18:16:34.5711864Z  56100K .......... .......... .......... .......... .......... 91%  324M 0s
2025-02-16T18:16:34.5712893Z  56150K .......... .......... .......... .......... .......... 91%  310M 0s
2025-02-16T18:16:34.5714545Z  56200K .......... .......... .......... .......... .......... 91%  318M 0s
2025-02-16T18:16:34.5717235Z  56250K .......... .......... .......... .......... .......... 91%  328M 0s
2025-02-16T18:16:34.5717799Z  56300K .......... .......... .......... .......... .......... 91%  344M 0s
2025-02-16T18:16:34.5719560Z  56350K .......... .......... .......... .......... .......... 91%  233M 0s
2025-02-16T18:16:34.5721213Z  56400K .......... .......... .......... .......... .......... 91%  293M 0s
2025-02-16T18:16:34.5723407Z  56450K .......... .......... .......... .......... .......... 91%  323M 0s
2025-02-16T18:16:34.5724286Z  56500K .......... .......... .......... .......... .......... 91%  289M 0s
2025-02-16T18:16:34.5725794Z  56550K .......... .......... .......... .......... .......... 91%  331M 0s
2025-02-16T18:16:34.5728325Z  56600K .......... .......... .......... .......... .......... 91%  327M 0s
2025-02-16T18:16:34.5728986Z  56650K .......... .......... .......... .......... .......... 91%  290M 0s
2025-02-16T18:16:34.5732332Z  56700K .......... .......... .......... .......... .......... 91%  304M 0s
2025-02-16T18:16:34.5732963Z  56750K .......... .......... .......... .......... .......... 92%  203M 0s
2025-02-16T18:16:34.5734671Z  56800K .......... .......... .......... .......... .......... 92%  304M 0s
2025-02-16T18:16:34.5737248Z  56850K .......... .......... .......... .......... .......... 92%  324M 0s
2025-02-16T18:16:34.5737692Z  56900K .......... .......... .......... .......... .......... 92%  304M 0s
2025-02-16T18:16:34.5739527Z  56950K .......... .......... .......... .......... .......... 92%  285M 0s
2025-02-16T18:16:34.5741274Z  57000K .......... .......... .......... .......... .......... 92%  284M 0s
2025-02-16T18:16:34.5743773Z  57050K .......... .......... .......... .......... .......... 92%  314M 0s
2025-02-16T18:16:34.5744340Z  57100K .......... .......... .......... .......... .......... 92%  317M 0s
2025-02-16T18:16:34.5746440Z  57150K .......... .......... .......... .......... .......... 92%  229M 0s
2025-02-16T18:16:34.5748656Z  57200K .......... .......... .......... .......... .......... 92%  327M 0s
2025-02-16T18:16:34.5749523Z  57250K .......... .......... .......... .......... .......... 92%  296M 0s
2025-02-16T18:16:34.5752836Z  57300K .......... .......... .......... .......... .......... 92%  282M 0s
2025-02-16T18:16:34.5753425Z  57350K .......... .......... .......... .......... .......... 93%  301M 0s
2025-02-16T18:16:34.5754311Z  57400K .......... .......... .......... .......... .......... 93%  326M 0s
2025-02-16T18:16:34.5755990Z  57450K .......... .......... .......... .......... .......... 93%  318M 0s
2025-02-16T18:16:34.5758138Z  57500K .......... .......... .......... .......... .......... 93%  338M 0s
2025-02-16T18:16:34.5759636Z  57550K .......... .......... .......... .......... .......... 93%  223M 0s
2025-02-16T18:16:34.5762278Z  57600K .......... .......... .......... .......... .......... 93%  280M 0s
2025-02-16T18:16:34.5762834Z  57650K .......... .......... .......... .......... .......... 93%  299M 0s
2025-02-16T18:16:34.5764600Z  57700K .......... .......... .......... .......... .......... 93%  304M 0s
2025-02-16T18:16:34.5767134Z  57750K .......... .......... .......... .......... .......... 93%  316M 0s
2025-02-16T18:16:34.5767688Z  57800K .......... .......... .......... .......... .......... 93%  371M 0s
2025-02-16T18:16:34.5769343Z  57850K .......... .......... .......... .......... .......... 93%  268M 0s
2025-02-16T18:16:34.5771600Z  57900K .......... .......... .......... .......... .......... 93%  289M 0s
2025-02-16T18:16:34.5773203Z  57950K .......... .......... .......... .......... .......... 94%  212M 0s
2025-02-16T18:16:34.5775949Z  58000K .......... .......... .......... .......... .......... 94%  340M 0s
2025-02-16T18:16:34.5776503Z  58050K .......... .......... .......... .......... .......... 94%  370M 0s
2025-02-16T18:16:34.5777433Z  58100K .......... .......... .......... .......... .......... 94%  314M 0s
2025-02-16T18:16:34.5780338Z  58150K .......... .......... .......... .......... .......... 94%  333M 0s
2025-02-16T18:16:34.5780890Z  58200K .......... .......... .......... .......... .......... 94%  349M 0s
2025-02-16T18:16:34.5782477Z  58250K .......... .......... .......... .......... .......... 94%  254M 0s
2025-02-16T18:16:34.5784755Z  58300K .......... .......... .......... .......... .......... 94%  293M 0s
2025-02-16T18:16:34.5786119Z  58350K .......... .......... .......... .......... .......... 94%  228M 0s
2025-02-16T18:16:34.5789091Z  58400K .......... .......... .......... .......... .......... 94%  309M 0s
2025-02-16T18:16:34.5789648Z  58450K .......... .......... .......... .......... .......... 94%  272M 0s
2025-02-16T18:16:34.5793235Z  58500K .......... .......... .......... .......... .......... 94%  259M 0s
2025-02-16T18:16:34.5793834Z  58550K .......... .......... .......... .......... .......... 94%  300M 0s
2025-02-16T18:16:34.5794809Z  58600K .......... .......... .......... .......... .......... 95%  273M 0s
2025-02-16T18:16:34.5796449Z  58650K .......... .......... .......... .......... .......... 95%  327M 0s
2025-02-16T18:16:34.5799020Z  58700K .......... .......... .......... .......... .......... 95%  313M 0s
2025-02-16T18:16:34.5799918Z  58750K .......... .......... .......... .......... .......... 95%  225M 0s
2025-02-16T18:16:34.5801808Z  58800K .......... .......... .......... .......... .......... 95%  285M 0s
2025-02-16T18:16:34.5803116Z  58850K .......... .......... .......... .......... .......... 95%  318M 0s
2025-02-16T18:16:34.5805032Z  58900K .......... .......... .......... .......... .......... 95%  300M 0s
2025-02-16T18:16:34.5807797Z  58950K .......... .......... .......... .......... .......... 95%  320M 0s
2025-02-16T18:16:34.5808361Z  59000K .......... .......... .......... .......... .......... 95%  368M 0s
2025-02-16T18:16:34.5809270Z  59050K .......... .......... .......... .......... .......... 95%  319M 0s
2025-02-16T18:16:34.5811138Z  59100K .......... .......... .......... .......... .......... 95%  293M 0s
2025-02-16T18:16:34.5814666Z  59150K .......... .......... .......... .......... .......... 95%  236M 0s
2025-02-16T18:16:34.5815476Z  59200K .......... .......... .......... .......... .......... 96%  300M 0s
2025-02-16T18:16:34.5816296Z  59250K .......... .......... .......... .......... .......... 96%  285M 0s
2025-02-16T18:16:34.5819985Z  59300K .......... .......... .......... .......... .......... 96%  331M 0s
2025-02-16T18:16:34.5820576Z  59350K .......... .......... .......... .......... .......... 96%  306M 0s
2025-02-16T18:16:34.5821391Z  59400K .......... .......... .......... .......... .......... 96%  248M 0s
2025-02-16T18:16:34.5823017Z  59450K .......... .......... .......... .......... .......... 96%  328M 0s
2025-02-16T18:16:34.5824623Z  59500K .......... .......... .......... .......... .......... 96%  309M 0s
2025-02-16T18:16:34.5826457Z  59550K .......... .......... .......... .......... .......... 96%  248M 0s
2025-02-16T18:16:34.5827927Z  59600K .......... .......... .......... .......... .......... 96%  331M 0s
2025-02-16T18:16:34.5829346Z  59650K .......... .......... .......... .......... .......... 96%  334M 0s
2025-02-16T18:16:34.5831033Z  59700K .......... .......... .......... .......... .......... 96%  310M 0s
2025-02-16T18:16:34.5832474Z  59750K .......... .......... .......... .......... .......... 96%  322M 0s
2025-02-16T18:16:34.5834037Z  59800K .......... .......... .......... .......... .......... 97%  329M 0s
2025-02-16T18:16:34.5835600Z  59850K .......... .......... .......... .......... .......... 97%  327M 0s
2025-02-16T18:16:34.5837121Z  59900K .......... .......... .......... .......... .......... 97%  314M 0s
2025-02-16T18:16:34.5839067Z  59950K .......... .......... .......... .......... .......... 97%  242M 0s
2025-02-16T18:16:34.5840729Z  60000K .......... .......... .......... .......... .......... 97%  331M 0s
2025-02-16T18:16:34.5842235Z  60050K .......... .......... .......... .......... .......... 97%  287M 0s
2025-02-16T18:16:34.5843662Z  60100K .......... .......... .......... .......... .......... 97%  327M 0s
2025-02-16T18:16:34.5845207Z  60150K .......... .......... .......... .......... .......... 97%  335M 0s
2025-02-16T18:16:34.5846724Z  60200K .......... .......... .......... .......... .......... 97%  332M 0s
2025-02-16T18:16:34.5848332Z  60250K .......... .......... .......... .......... .......... 97%  322M 0s
2025-02-16T18:16:34.5849827Z  60300K .......... .......... .......... .......... .......... 97%  311M 0s
2025-02-16T18:16:34.5851931Z  60350K .......... .......... .......... .......... .......... 97%  224M 0s
2025-02-16T18:16:34.5853442Z  60400K .......... .......... .......... .......... .......... 97%  316M 0s
2025-02-16T18:16:34.5854811Z  60450K .......... .......... .......... .......... .......... 98%  331M 0s
2025-02-16T18:16:34.5856380Z  60500K .......... .......... .......... .......... .......... 98%  344M 0s
2025-02-16T18:16:34.5857822Z  60550K .......... .......... .......... .......... .......... 98%  328M 0s
2025-02-16T18:16:34.5859361Z  60600K .......... .......... .......... .......... .......... 98%  336M 0s
2025-02-16T18:16:34.5861065Z  60650K .......... .......... .......... .......... .......... 98%  300M 0s
2025-02-16T18:16:34.5862655Z  60700K .......... .......... .......... .......... .......... 98%  310M 0s
2025-02-16T18:16:34.5864523Z  60750K .......... .......... .......... .......... .......... 98%  241M 0s
2025-02-16T18:16:34.5865949Z  60800K .......... .......... .......... .......... .......... 98%  334M 0s
2025-02-16T18:16:34.5868203Z  60850K .......... .......... .......... .......... .......... 98%  296M 0s
2025-02-16T18:16:34.5868960Z  60900K .......... .......... .......... .......... .......... 98%  321M 0s
2025-02-16T18:16:34.5871251Z  60950K .......... .......... .......... .......... .......... 98%  242M 0s
2025-02-16T18:16:34.5872527Z  61000K .......... .......... .......... .......... .......... 98%  321M 0s
2025-02-16T18:16:34.5874155Z  61050K .......... .......... .......... .......... .......... 99%  363M 0s
2025-02-16T18:16:34.5875659Z  61100K .......... .......... .......... .......... .......... 99%  323M 0s
2025-02-16T18:16:34.5877625Z  61150K .......... .......... .......... .......... .......... 99%  243M 0s
2025-02-16T18:16:34.5878871Z  61200K .......... .......... .......... .......... .......... 99%  339M 0s
2025-02-16T18:16:34.5880634Z  61250K .......... .......... .......... .......... .......... 99%  340M 0s
2025-02-16T18:16:34.5882300Z  61300K .......... .......... .......... .......... .......... 99%  264M 0s
2025-02-16T18:16:34.5883840Z  61350K .......... .......... .......... .......... .......... 99%  326M 0s
2025-02-16T18:16:34.6434007Z  61400K .......... .......... .......... .......... .......... 99%  909K 0s
2025-02-16T18:16:34.6437837Z  61450K .......... .......... .......... .......... .......... 99%  121M 0s
2025-02-16T18:16:34.6441753Z  61500K .......... .......... .......... .......... .......... 99%  132M 0s
2025-02-16T18:16:34.6443585Z  61550K .......... .......... .......... .......... .......... 99%  215M 0s
2025-02-16T18:16:34.6444924Z  61600K .......... .......... .......... .......... .......... 99%  324M 0s
2025-02-16T18:16:34.6446244Z  61650K .......... .......... .......... .......... ........  100%  344M=0.6s
2025-02-16T18:16:34.6446650Z 
2025-02-16T18:16:34.6447408Z 2025-02-16 18:16:34 (95.7 MB/s) - ‘klayout_0.29.11-1_amd64.deb’ saved [63179420/63179420]
2025-02-16T18:16:34.6447806Z 
2025-02-16T18:16:34.7641256Z Get:1 file:/etc/apt/apt-mirrors.txt Mirrorlist [142 B]
2025-02-16T18:16:34.8134358Z Hit:2 http://azure.archive.ubuntu.com/ubuntu noble InRelease
2025-02-16T18:16:34.8135427Z Hit:6 https://packages.microsoft.com/repos/azure-cli noble InRelease
2025-02-16T18:16:34.8136362Z Get:7 https://packages.microsoft.com/ubuntu/24.04/prod noble InRelease [3600 B]
2025-02-16T18:16:34.8158761Z Get:3 http://azure.archive.ubuntu.com/ubuntu noble-updates InRelease [126 kB]
2025-02-16T18:16:34.8236227Z Get:4 http://azure.archive.ubuntu.com/ubuntu noble-backports InRelease [126 kB]
2025-02-16T18:16:34.8301438Z Get:5 http://azure.archive.ubuntu.com/ubuntu noble-security InRelease [126 kB]
2025-02-16T18:16:35.1248828Z Get:8 https://packages.microsoft.com/ubuntu/24.04/prod noble/main armhf Packages [6679 B]
2025-02-16T18:16:35.1479400Z Get:9 https://packages.microsoft.com/ubuntu/24.04/prod noble/main arm64 Packages [12.9 kB]
2025-02-16T18:16:35.1514028Z Get:10 https://packages.microsoft.com/ubuntu/24.04/prod noble/main amd64 Packages [21.0 kB]
2025-02-16T18:16:35.1724005Z Get:11 http://azure.archive.ubuntu.com/ubuntu noble-updates/main amd64 Packages [865 kB]
2025-02-16T18:16:35.1803202Z Get:12 http://azure.archive.ubuntu.com/ubuntu noble-updates/main amd64 Components [150 kB]
2025-02-16T18:16:35.1814745Z Get:13 http://azure.archive.ubuntu.com/ubuntu noble-updates/universe amd64 Packages [1014 kB]
2025-02-16T18:16:35.1883269Z Get:14 http://azure.archive.ubuntu.com/ubuntu noble-updates/universe amd64 Components [363 kB]
2025-02-16T18:16:35.1913018Z Get:15 http://azure.archive.ubuntu.com/ubuntu noble-updates/restricted amd64 Components [212 B]
2025-02-16T18:16:35.1923635Z Get:16 http://azure.archive.ubuntu.com/ubuntu noble-updates/multiverse amd64 Components [940 B]
2025-02-16T18:16:35.2266298Z Get:17 http://azure.archive.ubuntu.com/ubuntu noble-backports/main amd64 Components [208 B]
2025-02-16T18:16:35.2282150Z Get:18 http://azure.archive.ubuntu.com/ubuntu noble-backports/universe amd64 Components [17.6 kB]
2025-02-16T18:16:35.2293378Z Get:19 http://azure.archive.ubuntu.com/ubuntu noble-backports/restricted amd64 Components [216 B]
2025-02-16T18:16:35.2304532Z Get:20 http://azure.archive.ubuntu.com/ubuntu noble-backports/multiverse amd64 Components [212 B]
2025-02-16T18:16:35.3228531Z Get:21 http://azure.archive.ubuntu.com/ubuntu noble-security/main amd64 Packages [617 kB]
2025-02-16T18:16:35.3271437Z Get:22 http://azure.archive.ubuntu.com/ubuntu noble-security/main amd64 Components [9020 B]
2025-02-16T18:16:35.3281934Z Get:23 http://azure.archive.ubuntu.com/ubuntu noble-security/universe amd64 Packages [803 kB]
2025-02-16T18:16:35.3423283Z Get:24 http://azure.archive.ubuntu.com/ubuntu noble-security/universe amd64 Components [52.0 kB]
2025-02-16T18:16:35.3435361Z Get:25 http://azure.archive.ubuntu.com/ubuntu noble-security/restricted amd64 Components [212 B]
2025-02-16T18:16:35.3445873Z Get:26 http://azure.archive.ubuntu.com/ubuntu noble-security/multiverse amd64 Components [208 B]
2025-02-16T18:16:44.4698646Z Fetched 4317 kB in 1s (5024 kB/s)
2025-02-16T18:16:45.0756573Z Reading package lists...
2025-02-16T18:16:45.1291046Z Reading package lists...
2025-02-16T18:16:45.2685342Z Building dependency tree...
2025-02-16T18:16:45.2692556Z Reading state information...
2025-02-16T18:16:45.4003738Z The following additional packages will be installed:
2025-02-16T18:16:45.4004553Z   libasyncns0 libdouble-conversion3 libegl-mesa0 libegl1 libflac12t64
2025-02-16T18:16:45.4005392Z   libgit2-1.7 libhttp-parser2.9 libinput-bin libinput10 libmd4c0 libmp3lame0
2025-02-16T18:16:45.4006261Z   libmpg123-0t64 libmtdev1t64 libopus0 libpulse0 libqt5core5t64 libqt5dbus5t64
2025-02-16T18:16:45.4007259Z   libqt5designer5 libqt5gui5t64 libqt5multimedia5 libqt5multimediawidgets5
2025-02-16T18:16:45.4008186Z   libqt5network5t64 libqt5opengl5t64 libqt5printsupport5t64 libqt5qml5
2025-02-16T18:16:45.4009134Z   libqt5qmlmodels5 libqt5quick5 libqt5sql5-sqlite libqt5sql5t64 libqt5svg5
2025-02-16T18:16:45.4009902Z   libqt5waylandclient5 libqt5waylandcompositor5 libqt5widgets5t64
2025-02-16T18:16:45.4011128Z   libqt5xml5t64 libqt5xmlpatterns5 libsndfile1 libvorbisenc2 libwacom-common
2025-02-16T18:16:45.4012076Z   libwacom9 libxcb-icccm4 libxcb-image0 libxcb-keysyms1 libxcb-render-util0
2025-02-16T18:16:45.4012953Z   libxcb-shape0 libxcb-util1 libxcb-xinerama0 libxcb-xinput0 libxcb-xkb1
2025-02-16T18:16:45.4013761Z   libxkbcommon-x11-0 qt5-gtk-platformtheme qttranslations5-l10n qtwayland5
2025-02-16T18:16:45.4014578Z Suggested packages:
2025-02-16T18:16:45.4015036Z   opus-tools pulseaudio qgnomeplatform-qt5 qt5-image-formats-plugins
2025-02-16T18:16:45.4015576Z   qt5-qmltooling-plugins libwacom-bin
2025-02-16T18:16:45.4523572Z The following NEW packages will be installed:
2025-02-16T18:16:45.4524611Z   klayout libasyncns0 libdouble-conversion3 libegl-mesa0 libegl1 libflac12t64
2025-02-16T18:16:45.4525543Z   libgit2-1.7 libhttp-parser2.9 libinput-bin libinput10 libmd4c0 libmp3lame0
2025-02-16T18:16:45.4526531Z   libmpg123-0t64 libmtdev1t64 libopus0 libpulse0 libqt5core5t64 libqt5dbus5t64
2025-02-16T18:16:45.4527468Z   libqt5designer5 libqt5gui5t64 libqt5multimedia5 libqt5multimediawidgets5
2025-02-16T18:16:45.4528367Z   libqt5network5t64 libqt5opengl5t64 libqt5printsupport5t64 libqt5qml5
2025-02-16T18:16:45.4529608Z   libqt5qmlmodels5 libqt5quick5 libqt5sql5-sqlite libqt5sql5t64 libqt5svg5
2025-02-16T18:16:45.4530609Z   libqt5waylandclient5 libqt5waylandcompositor5 libqt5widgets5t64
2025-02-16T18:16:45.4531470Z   libqt5xml5t64 libqt5xmlpatterns5 libsndfile1 libvorbisenc2 libwacom-common
2025-02-16T18:16:45.4532347Z   libwacom9 libxcb-icccm4 libxcb-image0 libxcb-keysyms1 libxcb-render-util0
2025-02-16T18:16:45.4533248Z   libxcb-shape0 libxcb-util1 libxcb-xinerama0 libxcb-xinput0 libxcb-xkb1
2025-02-16T18:16:45.4534127Z   libxkbcommon-x11-0 qt5-gtk-platformtheme qttranslations5-l10n qtwayland5
2025-02-16T18:16:45.7389234Z 0 upgraded, 53 newly installed, 0 to remove and 22 not upgraded.
2025-02-16T18:16:45.7389961Z Need to get 23.2 MB/86.3 MB of archives.
2025-02-16T18:16:45.7390702Z After this operation, 301 MB of additional disk space will be used.
2025-02-16T18:16:45.7392126Z Get:1 /home/runner/work/tt10-analog-tatzeltapeout/tt10-analog-tatzeltapeout/klayout_0.29.11-1_amd64.deb klayout amd64 0.29.11-1 [63.2 MB]
2025-02-16T18:16:45.7393190Z Get:2 file:/etc/apt/apt-mirrors.txt Mirrorlist [142 B]
2025-02-16T18:16:45.9262886Z Get:3 http://azure.archive.ubuntu.com/ubuntu noble/universe amd64 libdouble-conversion3 amd64 3.3.0-1build1 [40.3 kB]
2025-02-16T18:16:46.1374857Z Get:4 http://azure.archive.ubuntu.com/ubuntu noble/universe amd64 libqt5core5t64 amd64 5.15.13+dfsg-1ubuntu1 [2011 kB]
2025-02-16T18:16:46.7094516Z Get:5 http://azure.archive.ubuntu.com/ubuntu noble-updates/main amd64 libegl-mesa0 amd64 24.2.8-1ubuntu1~24.04.1 [129 kB]
2025-02-16T18:16:46.7944686Z Get:6 http://azure.archive.ubuntu.com/ubuntu noble/main amd64 libegl1 amd64 1.7.0-1build1 [28.7 kB]
2025-02-16T18:16:46.8775814Z Get:7 http://azure.archive.ubuntu.com/ubuntu noble/main amd64 libmtdev1t64 amd64 1.1.6-1.1build1 [14.4 kB]
2025-02-16T18:16:46.9609460Z Get:8 http://azure.archive.ubuntu.com/ubuntu noble/main amd64 libwacom-common all 2.10.0-2 [63.4 kB]
2025-02-16T18:16:47.0462235Z Get:9 http://azure.archive.ubuntu.com/ubuntu noble/main amd64 libwacom9 amd64 2.10.0-2 [23.9 kB]
2025-02-16T18:16:47.1299753Z Get:10 http://azure.archive.ubuntu.com/ubuntu noble/main amd64 libinput-bin amd64 1.25.0-1ubuntu2 [22.2 kB]
2025-02-16T18:16:47.2201495Z Get:11 http://azure.archive.ubuntu.com/ubuntu noble/main amd64 libinput10 amd64 1.25.0-1ubuntu2 [133 kB]
2025-02-16T18:16:47.3044839Z Get:12 http://azure.archive.ubuntu.com/ubuntu noble/universe amd64 libmd4c0 amd64 0.4.8-1build1 [42.3 kB]
2025-02-16T18:16:47.3884404Z Get:13 http://azure.archive.ubuntu.com/ubuntu noble/universe amd64 libqt5dbus5t64 amd64 5.15.13+dfsg-1ubuntu1 [220 kB]
2025-02-16T18:16:47.4780662Z Get:14 http://azure.archive.ubuntu.com/ubuntu noble/universe amd64 libqt5network5t64 amd64 5.15.13+dfsg-1ubuntu1 [723 kB]
2025-02-16T18:16:47.6551228Z Get:15 http://azure.archive.ubuntu.com/ubuntu noble/main amd64 libxcb-icccm4 amd64 0.4.1-1.1build3 [10.8 kB]
2025-02-16T18:16:47.7385426Z Get:16 http://azure.archive.ubuntu.com/ubuntu noble/main amd64 libxcb-util1 amd64 0.4.0-1build3 [10.7 kB]
2025-02-16T18:16:47.8228995Z Get:17 http://azure.archive.ubuntu.com/ubuntu noble/main amd64 libxcb-image0 amd64 0.4.0-2build1 [10.8 kB]
2025-02-16T18:16:47.9064498Z Get:18 http://azure.archive.ubuntu.com/ubuntu noble/main amd64 libxcb-keysyms1 amd64 0.4.0-1build4 [7956 B]
2025-02-16T18:16:47.9903380Z Get:19 http://azure.archive.ubuntu.com/ubuntu noble/main amd64 libxcb-render-util0 amd64 0.3.9-1build4 [9608 B]
2025-02-16T18:16:48.0736903Z Get:20 http://azure.archive.ubuntu.com/ubuntu noble/main amd64 libxcb-shape0 amd64 1.15-1ubuntu2 [6100 B]
2025-02-16T18:16:48.1574640Z Get:21 http://azure.archive.ubuntu.com/ubuntu noble/main amd64 libxcb-xinerama0 amd64 1.15-1ubuntu2 [5410 B]
2025-02-16T18:16:48.2402749Z Get:22 http://azure.archive.ubuntu.com/ubuntu noble/main amd64 libxcb-xinput0 amd64 1.15-1ubuntu2 [33.2 kB]
2025-02-16T18:16:48.3240291Z Get:23 http://azure.archive.ubuntu.com/ubuntu noble/main amd64 libxcb-xkb1 amd64 1.15-1ubuntu2 [32.3 kB]
2025-02-16T18:16:48.4114398Z Get:24 http://azure.archive.ubuntu.com/ubuntu noble/main amd64 libxkbcommon-x11-0 amd64 1.6.0-1build1 [14.5 kB]
2025-02-16T18:16:48.4949624Z Get:25 http://azure.archive.ubuntu.com/ubuntu noble/universe amd64 libqt5gui5t64 amd64 5.15.13+dfsg-1ubuntu1 [3748 kB]
2025-02-16T18:16:48.9939084Z Get:26 http://azure.archive.ubuntu.com/ubuntu noble/universe amd64 libqt5widgets5t64 amd64 5.15.13+dfsg-1ubuntu1 [2561 kB]
2025-02-16T18:16:49.3455455Z Get:27 http://azure.archive.ubuntu.com/ubuntu noble/universe amd64 libqt5xml5t64 amd64 5.15.13+dfsg-1ubuntu1 [124 kB]
2025-02-16T18:16:49.4392683Z Get:28 http://azure.archive.ubuntu.com/ubuntu noble/universe amd64 libqt5designer5 amd64 5.15.13-1 [2824 kB]
2025-02-16T18:16:49.8839255Z Get:29 http://azure.archive.ubuntu.com/ubuntu noble/main amd64 libasyncns0 amd64 0.8-6build4 [11.3 kB]
2025-02-16T18:16:49.9683356Z Get:30 http://azure.archive.ubuntu.com/ubuntu noble/main amd64 libflac12t64 amd64 1.4.3+ds-2.1ubuntu2 [197 kB]
2025-02-16T18:16:50.0558439Z Get:31 http://azure.archive.ubuntu.com/ubuntu noble/main amd64 libmp3lame0 amd64 3.100-6build1 [142 kB]
2025-02-16T18:16:50.1432468Z Get:32 http://azure.archive.ubuntu.com/ubuntu noble-updates/main amd64 libmpg123-0t64 amd64 1.32.5-1ubuntu1.1 [169 kB]
2025-02-16T18:16:50.2290636Z Get:33 http://azure.archive.ubuntu.com/ubuntu noble/main amd64 libopus0 amd64 1.4-1build1 [208 kB]
2025-02-16T18:16:50.3203523Z Get:34 http://azure.archive.ubuntu.com/ubuntu noble/main amd64 libvorbisenc2 amd64 1.3.7-1build3 [80.8 kB]
2025-02-16T18:16:50.4086158Z Get:35 http://azure.archive.ubuntu.com/ubuntu noble/main amd64 libsndfile1 amd64 1.2.2-1ubuntu5 [208 kB]
2025-02-16T18:16:50.4986466Z Get:36 http://azure.archive.ubuntu.com/ubuntu noble-updates/main amd64 libpulse0 amd64 1:16.1+dfsg1-2ubuntu10.1 [292 kB]
2025-02-16T18:16:50.5920617Z Get:37 http://azure.archive.ubuntu.com/ubuntu noble/universe amd64 libqt5multimedia5 amd64 5.15.13-1 [310 kB]
2025-02-16T18:16:50.6872336Z Get:38 http://azure.archive.ubuntu.com/ubuntu noble/universe amd64 libqt5multimediawidgets5 amd64 5.15.13-1 [40.7 kB]
2025-02-16T18:16:50.7708026Z Get:39 http://azure.archive.ubuntu.com/ubuntu noble/universe amd64 libqt5opengl5t64 amd64 5.15.13+dfsg-1ubuntu1 [150 kB]
2025-02-16T18:16:50.8600886Z Get:40 http://azure.archive.ubuntu.com/ubuntu noble/universe amd64 libqt5printsupport5t64 amd64 5.15.13+dfsg-1ubuntu1 [208 kB]
2025-02-16T18:16:50.9481227Z Get:41 http://azure.archive.ubuntu.com/ubuntu noble/universe amd64 libqt5sql5t64 amd64 5.15.13+dfsg-1ubuntu1 [122 kB]
2025-02-16T18:16:51.0341695Z Get:42 http://azure.archive.ubuntu.com/ubuntu noble/universe amd64 libqt5svg5 amd64 5.15.13-1 [146 kB]
2025-02-16T18:16:51.1303865Z Get:43 http://azure.archive.ubuntu.com/ubuntu noble/universe amd64 libqt5xmlpatterns5 amd64 5.15.13-1 [899 kB]
2025-02-16T18:16:51.2319714Z Get:44 http://azure.archive.ubuntu.com/ubuntu noble/main amd64 libhttp-parser2.9 amd64 2.9.4-6build1 [22.3 kB]
2025-02-16T18:16:51.3154493Z Get:45 http://azure.archive.ubuntu.com/ubuntu noble/main amd64 libgit2-1.7 amd64 1.7.2+ds-1ubuntu3 [529 kB]
2025-02-16T18:16:51.4862034Z Get:46 http://azure.archive.ubuntu.com/ubuntu noble/universe amd64 libqt5qml5 amd64 5.15.13+dfsg-1 [1482 kB]
2025-02-16T18:16:51.7374530Z Get:47 http://azure.archive.ubuntu.com/ubuntu noble/universe amd64 libqt5qmlmodels5 amd64 5.15.13+dfsg-1 [203 kB]
2025-02-16T18:16:51.8286891Z Get:48 http://azure.archive.ubuntu.com/ubuntu noble/universe amd64 libqt5quick5 amd64 5.15.13+dfsg-1 [1736 kB]
2025-02-16T18:16:52.0851669Z Get:49 http://azure.archive.ubuntu.com/ubuntu noble/universe amd64 libqt5sql5-sqlite amd64 5.15.13+dfsg-1ubuntu1 [51.5 kB]
2025-02-16T18:16:52.1706940Z Get:50 http://azure.archive.ubuntu.com/ubuntu noble/universe amd64 libqt5waylandclient5 amd64 5.15.13-1 [405 kB]
2025-02-16T18:16:52.3359198Z Get:51 http://azure.archive.ubuntu.com/ubuntu noble/universe amd64 libqt5waylandcompositor5 amd64 5.15.13-1 [396 kB]
2025-02-16T18:16:52.5002104Z Get:52 http://azure.archive.ubuntu.com/ubuntu noble/universe amd64 qt5-gtk-platformtheme amd64 5.15.13+dfsg-1ubuntu1 [125 kB]
2025-02-16T18:16:52.5860598Z Get:53 http://azure.archive.ubuntu.com/ubuntu noble/universe amd64 qttranslations5-l10n all 5.15.13-1 [1964 kB]
2025-02-16T18:16:52.8630380Z Get:54 http://azure.archive.ubuntu.com/ubuntu noble/universe amd64 qtwayland5 amd64 5.15.13-1 [223 kB]
2025-02-16T18:16:53.1572441Z Fetched 23.2 MB in 7s (3127 kB/s)
2025-02-16T18:16:53.2054063Z Selecting previously unselected package libdouble-conversion3:amd64.
2025-02-16T18:16:53.2481621Z (Reading database ... 
2025-02-16T18:16:53.2482239Z (Reading database ... 5%
2025-02-16T18:16:53.2482709Z (Reading database ... 10%
2025-02-16T18:16:53.2483145Z (Reading database ... 15%
2025-02-16T18:16:53.2483577Z (Reading database ... 20%
2025-02-16T18:16:53.2483837Z (Reading database ... 25%
2025-02-16T18:16:53.2484089Z (Reading database ... 30%
2025-02-16T18:16:53.2484332Z (Reading database ... 35%
2025-02-16T18:16:53.2484576Z (Reading database ... 40%
2025-02-16T18:16:53.2484811Z (Reading database ... 45%
2025-02-16T18:16:53.2485055Z (Reading database ... 50%
2025-02-16T18:16:53.3390313Z (Reading database ... 55%
2025-02-16T18:16:53.6778764Z (Reading database ... 60%
2025-02-16T18:16:53.7407719Z (Reading database ... 65%
2025-02-16T18:16:53.8126563Z (Reading database ... 70%
2025-02-16T18:16:53.9071022Z (Reading database ... 75%
2025-02-16T18:16:54.3801372Z (Reading database ... 80%
2025-02-16T18:16:54.8886908Z (Reading database ... 85%
2025-02-16T18:16:55.4761074Z (Reading database ... 90%
2025-02-16T18:16:55.8687009Z (Reading database ... 95%
2025-02-16T18:16:55.8687903Z (Reading database ... 100%
2025-02-16T18:16:55.8688317Z (Reading database ... 220710 files and directories currently installed.)
2025-02-16T18:16:55.8732966Z Preparing to unpack .../00-libdouble-conversion3_3.3.0-1build1_amd64.deb ...
2025-02-16T18:16:55.8776992Z Unpacking libdouble-conversion3:amd64 (3.3.0-1build1) ...
2025-02-16T18:16:55.9059092Z Selecting previously unselected package libqt5core5t64:amd64.
2025-02-16T18:16:55.9192424Z Preparing to unpack .../01-libqt5core5t64_5.15.13+dfsg-1ubuntu1_amd64.deb ...
2025-02-16T18:16:55.9207178Z Unpacking libqt5core5t64:amd64 (5.15.13+dfsg-1ubuntu1) ...
2025-02-16T18:16:55.9777500Z Selecting previously unselected package libegl-mesa0:amd64.
2025-02-16T18:16:55.9911799Z Preparing to unpack .../02-libegl-mesa0_24.2.8-1ubuntu1~24.04.1_amd64.deb ...
2025-02-16T18:16:55.9937456Z Unpacking libegl-mesa0:amd64 (24.2.8-1ubuntu1~24.04.1) ...
2025-02-16T18:16:56.0197625Z Selecting previously unselected package libegl1:amd64.
2025-02-16T18:16:56.0330843Z Preparing to unpack .../03-libegl1_1.7.0-1build1_amd64.deb ...
2025-02-16T18:16:56.0347217Z Unpacking libegl1:amd64 (1.7.0-1build1) ...
2025-02-16T18:16:56.0606200Z Selecting previously unselected package libmtdev1t64:amd64.
2025-02-16T18:16:56.0739978Z Preparing to unpack .../04-libmtdev1t64_1.1.6-1.1build1_amd64.deb ...
2025-02-16T18:16:56.0752255Z Unpacking libmtdev1t64:amd64 (1.1.6-1.1build1) ...
2025-02-16T18:16:56.0979124Z Selecting previously unselected package libwacom-common.
2025-02-16T18:16:56.1113701Z Preparing to unpack .../05-libwacom-common_2.10.0-2_all.deb ...
2025-02-16T18:16:56.1127906Z Unpacking libwacom-common (2.10.0-2) ...
2025-02-16T18:16:56.2203222Z Selecting previously unselected package libwacom9:amd64.
2025-02-16T18:16:56.2338100Z Preparing to unpack .../06-libwacom9_2.10.0-2_amd64.deb ...
2025-02-16T18:16:56.2353284Z Unpacking libwacom9:amd64 (2.10.0-2) ...
2025-02-16T18:16:56.2589101Z Selecting previously unselected package libinput-bin.
2025-02-16T18:16:56.2722876Z Preparing to unpack .../07-libinput-bin_1.25.0-1ubuntu2_amd64.deb ...
2025-02-16T18:16:56.2731956Z Unpacking libinput-bin (1.25.0-1ubuntu2) ...
2025-02-16T18:16:56.3047077Z Selecting previously unselected package libinput10:amd64.
2025-02-16T18:16:56.3181503Z Preparing to unpack .../08-libinput10_1.25.0-1ubuntu2_amd64.deb ...
2025-02-16T18:16:56.3195833Z Unpacking libinput10:amd64 (1.25.0-1ubuntu2) ...
2025-02-16T18:16:56.3481578Z Selecting previously unselected package libmd4c0:amd64.
2025-02-16T18:16:56.3615069Z Preparing to unpack .../09-libmd4c0_0.4.8-1build1_amd64.deb ...
2025-02-16T18:16:56.3629593Z Unpacking libmd4c0:amd64 (0.4.8-1build1) ...
2025-02-16T18:16:56.3870625Z Selecting previously unselected package libqt5dbus5t64:amd64.
2025-02-16T18:16:56.4003266Z Preparing to unpack .../10-libqt5dbus5t64_5.15.13+dfsg-1ubuntu1_amd64.deb ...
2025-02-16T18:16:56.4015072Z Unpacking libqt5dbus5t64:amd64 (5.15.13+dfsg-1ubuntu1) ...
2025-02-16T18:16:56.4321368Z Selecting previously unselected package libqt5network5t64:amd64.
2025-02-16T18:16:56.4456642Z Preparing to unpack .../11-libqt5network5t64_5.15.13+dfsg-1ubuntu1_amd64.deb ...
2025-02-16T18:16:56.4469432Z Unpacking libqt5network5t64:amd64 (5.15.13+dfsg-1ubuntu1) ...
2025-02-16T18:16:56.4851116Z Selecting previously unselected package libxcb-icccm4:amd64.
2025-02-16T18:16:56.4984327Z Preparing to unpack .../12-libxcb-icccm4_0.4.1-1.1build3_amd64.deb ...
2025-02-16T18:16:56.5001778Z Unpacking libxcb-icccm4:amd64 (0.4.1-1.1build3) ...
2025-02-16T18:16:56.5243660Z Selecting previously unselected package libxcb-util1:amd64.
2025-02-16T18:16:56.5378471Z Preparing to unpack .../13-libxcb-util1_0.4.0-1build3_amd64.deb ...
2025-02-16T18:16:56.5388390Z Unpacking libxcb-util1:amd64 (0.4.0-1build3) ...
2025-02-16T18:16:56.5612112Z Selecting previously unselected package libxcb-image0:amd64.
2025-02-16T18:16:56.5746549Z Preparing to unpack .../14-libxcb-image0_0.4.0-2build1_amd64.deb ...
2025-02-16T18:16:56.5758758Z Unpacking libxcb-image0:amd64 (0.4.0-2build1) ...
2025-02-16T18:16:56.5976512Z Selecting previously unselected package libxcb-keysyms1:amd64.
2025-02-16T18:16:56.6109440Z Preparing to unpack .../15-libxcb-keysyms1_0.4.0-1build4_amd64.deb ...
2025-02-16T18:16:56.6125131Z Unpacking libxcb-keysyms1:amd64 (0.4.0-1build4) ...
2025-02-16T18:16:56.6378130Z Selecting previously unselected package libxcb-render-util0:amd64.
2025-02-16T18:16:56.6513347Z Preparing to unpack .../16-libxcb-render-util0_0.3.9-1build4_amd64.deb ...
2025-02-16T18:16:56.6525973Z Unpacking libxcb-render-util0:amd64 (0.3.9-1build4) ...
2025-02-16T18:16:56.6758862Z Selecting previously unselected package libxcb-shape0:amd64.
2025-02-16T18:16:56.6893079Z Preparing to unpack .../17-libxcb-shape0_1.15-1ubuntu2_amd64.deb ...
2025-02-16T18:16:56.6904098Z Unpacking libxcb-shape0:amd64 (1.15-1ubuntu2) ...
2025-02-16T18:16:56.7126914Z Selecting previously unselected package libxcb-xinerama0:amd64.
2025-02-16T18:16:56.7260926Z Preparing to unpack .../18-libxcb-xinerama0_1.15-1ubuntu2_amd64.deb ...
2025-02-16T18:16:56.7272567Z Unpacking libxcb-xinerama0:amd64 (1.15-1ubuntu2) ...
2025-02-16T18:16:56.7491632Z Selecting previously unselected package libxcb-xinput0:amd64.
2025-02-16T18:16:56.7625439Z Preparing to unpack .../19-libxcb-xinput0_1.15-1ubuntu2_amd64.deb ...
2025-02-16T18:16:56.7641974Z Unpacking libxcb-xinput0:amd64 (1.15-1ubuntu2) ...
2025-02-16T18:16:56.7875688Z Selecting previously unselected package libxcb-xkb1:amd64.
2025-02-16T18:16:56.8009682Z Preparing to unpack .../20-libxcb-xkb1_1.15-1ubuntu2_amd64.deb ...
2025-02-16T18:16:56.8021185Z Unpacking libxcb-xkb1:amd64 (1.15-1ubuntu2) ...
2025-02-16T18:16:56.8269797Z Selecting previously unselected package libxkbcommon-x11-0:amd64.
2025-02-16T18:16:56.8407782Z Preparing to unpack .../21-libxkbcommon-x11-0_1.6.0-1build1_amd64.deb ...
2025-02-16T18:16:56.8420623Z Unpacking libxkbcommon-x11-0:amd64 (1.6.0-1build1) ...
2025-02-16T18:16:56.8689700Z Selecting previously unselected package libqt5gui5t64:amd64.
2025-02-16T18:16:56.8826978Z Preparing to unpack .../22-libqt5gui5t64_5.15.13+dfsg-1ubuntu1_amd64.deb ...
2025-02-16T18:16:56.8840950Z Unpacking libqt5gui5t64:amd64 (5.15.13+dfsg-1ubuntu1) ...
2025-02-16T18:16:56.9600775Z Selecting previously unselected package libqt5widgets5t64:amd64.
2025-02-16T18:16:56.9736344Z Preparing to unpack .../23-libqt5widgets5t64_5.15.13+dfsg-1ubuntu1_amd64.deb ...
2025-02-16T18:16:56.9750965Z Unpacking libqt5widgets5t64:amd64 (5.15.13+dfsg-1ubuntu1) ...
2025-02-16T18:16:57.0329394Z Selecting previously unselected package libqt5xml5t64:amd64.
2025-02-16T18:16:57.0465830Z Preparing to unpack .../24-libqt5xml5t64_5.15.13+dfsg-1ubuntu1_amd64.deb ...
2025-02-16T18:16:57.0477998Z Unpacking libqt5xml5t64:amd64 (5.15.13+dfsg-1ubuntu1) ...
2025-02-16T18:16:57.0745281Z Selecting previously unselected package libqt5designer5:amd64.
2025-02-16T18:16:57.0882703Z Preparing to unpack .../25-libqt5designer5_5.15.13-1_amd64.deb ...
2025-02-16T18:16:57.0892595Z Unpacking libqt5designer5:amd64 (5.15.13-1) ...
2025-02-16T18:16:57.1354096Z Selecting previously unselected package libasyncns0:amd64.
2025-02-16T18:16:57.1487639Z Preparing to unpack .../26-libasyncns0_0.8-6build4_amd64.deb ...
2025-02-16T18:16:57.1498881Z Unpacking libasyncns0:amd64 (0.8-6build4) ...
2025-02-16T18:16:57.1730716Z Selecting previously unselected package libflac12t64:amd64.
2025-02-16T18:16:57.1865457Z Preparing to unpack .../27-libflac12t64_1.4.3+ds-2.1ubuntu2_amd64.deb ...
2025-02-16T18:16:57.1881707Z Unpacking libflac12t64:amd64 (1.4.3+ds-2.1ubuntu2) ...
2025-02-16T18:16:57.2155090Z Selecting previously unselected package libmp3lame0:amd64.
2025-02-16T18:16:57.2289603Z Preparing to unpack .../28-libmp3lame0_3.100-6build1_amd64.deb ...
2025-02-16T18:16:57.2299833Z Unpacking libmp3lame0:amd64 (3.100-6build1) ...
2025-02-16T18:16:57.2550724Z Selecting previously unselected package libmpg123-0t64:amd64.
2025-02-16T18:16:57.2684427Z Preparing to unpack .../29-libmpg123-0t64_1.32.5-1ubuntu1.1_amd64.deb ...
2025-02-16T18:16:57.2701129Z Unpacking libmpg123-0t64:amd64 (1.32.5-1ubuntu1.1) ...
2025-02-16T18:16:57.2988532Z Selecting previously unselected package libopus0:amd64.
2025-02-16T18:16:57.3122267Z Preparing to unpack .../30-libopus0_1.4-1build1_amd64.deb ...
2025-02-16T18:16:57.3132816Z Unpacking libopus0:amd64 (1.4-1build1) ...
2025-02-16T18:16:57.3389113Z Selecting previously unselected package libvorbisenc2:amd64.
2025-02-16T18:16:57.3522378Z Preparing to unpack .../31-libvorbisenc2_1.3.7-1build3_amd64.deb ...
2025-02-16T18:16:57.3536235Z Unpacking libvorbisenc2:amd64 (1.3.7-1build3) ...
2025-02-16T18:16:57.3802140Z Selecting previously unselected package libsndfile1:amd64.
2025-02-16T18:16:57.3934246Z Preparing to unpack .../32-libsndfile1_1.2.2-1ubuntu5_amd64.deb ...
2025-02-16T18:16:57.3945461Z Unpacking libsndfile1:amd64 (1.2.2-1ubuntu5) ...
2025-02-16T18:16:57.4220474Z Selecting previously unselected package libpulse0:amd64.
2025-02-16T18:16:57.4352814Z Preparing to unpack .../33-libpulse0_1%3a16.1+dfsg1-2ubuntu10.1_amd64.deb ...
2025-02-16T18:16:57.4663364Z Unpacking libpulse0:amd64 (1:16.1+dfsg1-2ubuntu10.1) ...
2025-02-16T18:16:57.4964029Z Selecting previously unselected package libqt5multimedia5:amd64.
2025-02-16T18:16:57.5096495Z Preparing to unpack .../34-libqt5multimedia5_5.15.13-1_amd64.deb ...
2025-02-16T18:16:57.5111699Z Unpacking libqt5multimedia5:amd64 (5.15.13-1) ...
2025-02-16T18:16:57.5397956Z Selecting previously unselected package libqt5multimediawidgets5:amd64.
2025-02-16T18:16:57.5530286Z Preparing to unpack .../35-libqt5multimediawidgets5_5.15.13-1_amd64.deb ...
2025-02-16T18:16:57.5542310Z Unpacking libqt5multimediawidgets5:amd64 (5.15.13-1) ...
2025-02-16T18:16:57.5801880Z Selecting previously unselected package libqt5opengl5t64:amd64.
2025-02-16T18:16:57.5934541Z Preparing to unpack .../36-libqt5opengl5t64_5.15.13+dfsg-1ubuntu1_amd64.deb ...
2025-02-16T18:16:57.5946363Z Unpacking libqt5opengl5t64:amd64 (5.15.13+dfsg-1ubuntu1) ...
2025-02-16T18:16:57.6220373Z Selecting previously unselected package libqt5printsupport5t64:amd64.
2025-02-16T18:16:57.6352514Z Preparing to unpack .../37-libqt5printsupport5t64_5.15.13+dfsg-1ubuntu1_amd64.deb ...
2025-02-16T18:16:57.6367289Z Unpacking libqt5printsupport5t64:amd64 (5.15.13+dfsg-1ubuntu1) ...
2025-02-16T18:16:57.6661075Z Selecting previously unselected package libqt5sql5t64:amd64.
2025-02-16T18:16:57.6793932Z Preparing to unpack .../38-libqt5sql5t64_5.15.13+dfsg-1ubuntu1_amd64.deb ...
2025-02-16T18:16:57.6806226Z Unpacking libqt5sql5t64:amd64 (5.15.13+dfsg-1ubuntu1) ...
2025-02-16T18:16:57.7057296Z Selecting previously unselected package libqt5svg5:amd64.
2025-02-16T18:16:57.7190878Z Preparing to unpack .../39-libqt5svg5_5.15.13-1_amd64.deb ...
2025-02-16T18:16:57.7203861Z Unpacking libqt5svg5:amd64 (5.15.13-1) ...
2025-02-16T18:16:57.7453816Z Selecting previously unselected package libqt5xmlpatterns5:amd64.
2025-02-16T18:16:57.7586473Z Preparing to unpack .../40-libqt5xmlpatterns5_5.15.13-1_amd64.deb ...
2025-02-16T18:16:57.7599389Z Unpacking libqt5xmlpatterns5:amd64 (5.15.13-1) ...
2025-02-16T18:16:57.7972146Z Selecting previously unselected package libhttp-parser2.9:amd64.
2025-02-16T18:16:57.8106693Z Preparing to unpack .../41-libhttp-parser2.9_2.9.4-6build1_amd64.deb ...
2025-02-16T18:16:57.8117727Z Unpacking libhttp-parser2.9:amd64 (2.9.4-6build1) ...
2025-02-16T18:16:57.8339203Z Selecting previously unselected package libgit2-1.7:amd64.
2025-02-16T18:16:57.8470860Z Preparing to unpack .../42-libgit2-1.7_1.7.2+ds-1ubuntu3_amd64.deb ...
2025-02-16T18:16:57.8481085Z Unpacking libgit2-1.7:amd64 (1.7.2+ds-1ubuntu3) ...
2025-02-16T18:16:57.8757696Z Selecting previously unselected package klayout.
2025-02-16T18:16:57.8891500Z Preparing to unpack .../43-klayout_0.29.11-1_amd64.deb ...
2025-02-16T18:16:57.8902987Z Unpacking klayout (0.29.11-1) ...
2025-02-16T18:16:58.7705197Z Selecting previously unselected package libqt5qml5:amd64.
2025-02-16T18:16:58.7839617Z Preparing to unpack .../44-libqt5qml5_5.15.13+dfsg-1_amd64.deb ...
2025-02-16T18:16:58.7900687Z Unpacking libqt5qml5:amd64 (5.15.13+dfsg-1) ...
2025-02-16T18:16:58.8503042Z Selecting previously unselected package libqt5qmlmodels5:amd64.
2025-02-16T18:16:58.8636468Z Preparing to unpack .../45-libqt5qmlmodels5_5.15.13+dfsg-1_amd64.deb ...
2025-02-16T18:16:58.8656489Z Unpacking libqt5qmlmodels5:amd64 (5.15.13+dfsg-1) ...
2025-02-16T18:16:58.8948282Z Selecting previously unselected package libqt5quick5:amd64.
2025-02-16T18:16:58.9082195Z Preparing to unpack .../46-libqt5quick5_5.15.13+dfsg-1_amd64.deb ...
2025-02-16T18:16:58.9098549Z Unpacking libqt5quick5:amd64 (5.15.13+dfsg-1) ...
2025-02-16T18:16:58.9578671Z Selecting previously unselected package libqt5sql5-sqlite:amd64.
2025-02-16T18:16:58.9712665Z Preparing to unpack .../47-libqt5sql5-sqlite_5.15.13+dfsg-1ubuntu1_amd64.deb ...
2025-02-16T18:16:58.9726043Z Unpacking libqt5sql5-sqlite:amd64 (5.15.13+dfsg-1ubuntu1) ...
2025-02-16T18:16:58.9988209Z Selecting previously unselected package libqt5waylandclient5:amd64.
2025-02-16T18:16:59.0123216Z Preparing to unpack .../48-libqt5waylandclient5_5.15.13-1_amd64.deb ...
2025-02-16T18:16:59.0139751Z Unpacking libqt5waylandclient5:amd64 (5.15.13-1) ...
2025-02-16T18:16:59.0466917Z Selecting previously unselected package libqt5waylandcompositor5:amd64.
2025-02-16T18:16:59.0600459Z Preparing to unpack .../49-libqt5waylandcompositor5_5.15.13-1_amd64.deb ...
2025-02-16T18:16:59.0612949Z Unpacking libqt5waylandcompositor5:amd64 (5.15.13-1) ...
2025-02-16T18:16:59.0908025Z Selecting previously unselected package qt5-gtk-platformtheme:amd64.
2025-02-16T18:16:59.1041963Z Preparing to unpack .../50-qt5-gtk-platformtheme_5.15.13+dfsg-1ubuntu1_amd64.deb ...
2025-02-16T18:16:59.1055493Z Unpacking qt5-gtk-platformtheme:amd64 (5.15.13+dfsg-1ubuntu1) ...
2025-02-16T18:16:59.1301288Z Selecting previously unselected package qttranslations5-l10n.
2025-02-16T18:16:59.1434782Z Preparing to unpack .../51-qttranslations5-l10n_5.15.13-1_all.deb ...
2025-02-16T18:16:59.1445549Z Unpacking qttranslations5-l10n (5.15.13-1) ...
2025-02-16T18:16:59.2711498Z Selecting previously unselected package qtwayland5:amd64.
2025-02-16T18:16:59.2849060Z Preparing to unpack .../52-qtwayland5_5.15.13-1_amd64.deb ...
2025-02-16T18:16:59.2862994Z Unpacking qtwayland5:amd64 (5.15.13-1) ...
2025-02-16T18:16:59.3458618Z Setting up libdouble-conversion3:amd64 (3.3.0-1build1) ...
2025-02-16T18:16:59.3534127Z Setting up libxcb-xinput0:amd64 (1.15-1ubuntu2) ...
2025-02-16T18:16:59.3565657Z Setting up libxcb-keysyms1:amd64 (0.4.0-1build4) ...
2025-02-16T18:16:59.3598782Z Setting up libxcb-shape0:amd64 (1.15-1ubuntu2) ...
2025-02-16T18:16:59.3632069Z Setting up libxcb-render-util0:amd64 (0.3.9-1build4) ...
2025-02-16T18:16:59.3661114Z Setting up libxcb-icccm4:amd64 (0.4.1-1.1build3) ...
2025-02-16T18:16:59.3688228Z Setting up libmpg123-0t64:amd64 (1.32.5-1ubuntu1.1) ...
2025-02-16T18:16:59.3720405Z Setting up libxcb-util1:amd64 (0.4.0-1build3) ...
2025-02-16T18:16:59.3753902Z Setting up libxcb-xkb1:amd64 (1.15-1ubuntu2) ...
2025-02-16T18:16:59.3787548Z Setting up libxcb-image0:amd64 (0.4.0-2build1) ...
2025-02-16T18:16:59.3826891Z Setting up libqt5core5t64:amd64 (5.15.13+dfsg-1ubuntu1) ...
2025-02-16T18:16:59.3866721Z Setting up libegl-mesa0:amd64 (24.2.8-1ubuntu1~24.04.1) ...
2025-02-16T18:16:59.3896975Z Setting up libxcb-xinerama0:amd64 (1.15-1ubuntu2) ...
2025-02-16T18:16:59.3938984Z Setting up qttranslations5-l10n (5.15.13-1) ...
2025-02-16T18:16:59.3973230Z Setting up libopus0:amd64 (1.4-1build1) ...
2025-02-16T18:16:59.4012154Z Setting up libxkbcommon-x11-0:amd64 (1.6.0-1build1) ...
2025-02-16T18:16:59.4053985Z Setting up libmtdev1t64:amd64 (1.1.6-1.1build1) ...
2025-02-16T18:16:59.4102197Z Setting up libasyncns0:amd64 (0.8-6build4) ...
2025-02-16T18:16:59.4134715Z Setting up libegl1:amd64 (1.7.0-1build1) ...
2025-02-16T18:16:59.4162558Z Setting up libqt5sql5t64:amd64 (5.15.13+dfsg-1ubuntu1) ...
2025-02-16T18:16:59.4191906Z Setting up libmd4c0:amd64 (0.4.8-1build1) ...
2025-02-16T18:16:59.4221223Z Setting up libflac12t64:amd64 (1.4.3+ds-2.1ubuntu2) ...
2025-02-16T18:16:59.4254614Z Setting up libmp3lame0:amd64 (3.100-6build1) ...
2025-02-16T18:16:59.4292097Z Setting up libhttp-parser2.9:amd64 (2.9.4-6build1) ...
2025-02-16T18:16:59.4327188Z Setting up libvorbisenc2:amd64 (1.3.7-1build3) ...
2025-02-16T18:16:59.4365533Z Setting up libwacom-common (2.10.0-2) ...
2025-02-16T18:16:59.4400296Z Setting up libqt5dbus5t64:amd64 (5.15.13+dfsg-1ubuntu1) ...
2025-02-16T18:16:59.4442783Z Setting up libqt5sql5-sqlite:amd64 (5.15.13+dfsg-1ubuntu1) ...
2025-02-16T18:16:59.4482962Z Setting up libwacom9:amd64 (2.10.0-2) ...
2025-02-16T18:16:59.4520591Z Setting up libqt5network5t64:amd64 (5.15.13+dfsg-1ubuntu1) ...
2025-02-16T18:16:59.4546793Z Setting up libqt5xml5t64:amd64 (5.15.13+dfsg-1ubuntu1) ...
2025-02-16T18:16:59.4605266Z Setting up libinput-bin (1.25.0-1ubuntu2) ...
2025-02-16T18:16:59.4635187Z Setting up libqt5qml5:amd64 (5.15.13+dfsg-1) ...
2025-02-16T18:16:59.4660962Z Setting up libgit2-1.7:amd64 (1.7.2+ds-1ubuntu3) ...
2025-02-16T18:16:59.4693412Z Setting up libsndfile1:amd64 (1.2.2-1ubuntu5) ...
2025-02-16T18:16:59.4734430Z Setting up libinput10:amd64 (1.25.0-1ubuntu2) ...
2025-02-16T18:16:59.4767369Z Setting up libqt5qmlmodels5:amd64 (5.15.13+dfsg-1) ...
2025-02-16T18:16:59.4798579Z Setting up libpulse0:amd64 (1:16.1+dfsg1-2ubuntu10.1) ...
2025-02-16T18:16:59.4884535Z Setting up libqt5xmlpatterns5:amd64 (5.15.13-1) ...
2025-02-16T18:16:59.4916815Z Setting up libqt5gui5t64:amd64 (5.15.13+dfsg-1ubuntu1) ...
2025-02-16T18:16:59.4963796Z Setting up libqt5quick5:amd64 (5.15.13+dfsg-1) ...
2025-02-16T18:16:59.4997915Z Setting up libqt5widgets5t64:amd64 (5.15.13+dfsg-1ubuntu1) ...
2025-02-16T18:16:59.5030561Z Setting up libqt5svg5:amd64 (5.15.13-1) ...
2025-02-16T18:16:59.5073103Z Setting up qt5-gtk-platformtheme:amd64 (5.15.13+dfsg-1ubuntu1) ...
2025-02-16T18:16:59.5119084Z Setting up libqt5waylandclient5:amd64 (5.15.13-1) ...
2025-02-16T18:16:59.5150523Z Setting up libqt5multimedia5:amd64 (5.15.13-1) ...
2025-02-16T18:16:59.5179161Z Setting up libqt5waylandcompositor5:amd64 (5.15.13-1) ...
2025-02-16T18:16:59.5223013Z Setting up libqt5multimediawidgets5:amd64 (5.15.13-1) ...
2025-02-16T18:16:59.5258573Z Setting up libqt5opengl5t64:amd64 (5.15.13+dfsg-1ubuntu1) ...
2025-02-16T18:16:59.5292675Z Setting up libqt5printsupport5t64:amd64 (5.15.13+dfsg-1ubuntu1) ...
2025-02-16T18:16:59.5327110Z Setting up libqt5designer5:amd64 (5.15.13-1) ...
2025-02-16T18:16:59.5364650Z Setting up qtwayland5:amd64 (5.15.13-1) ...
2025-02-16T18:16:59.5401689Z Setting up klayout (0.29.11-1) ...
2025-02-16T18:16:59.5466776Z Processing triggers for udev (255.4-1ubuntu8.5) ...
2025-02-16T18:17:00.3005514Z Processing triggers for libc-bin (2.39-0ubuntu8.4) ...
2025-02-16T18:17:07.0727983Z 
2025-02-16T18:17:07.0728499Z Running kernel seems to be up-to-date.
2025-02-16T18:17:07.0728785Z 
2025-02-16T18:17:07.0728906Z No services need to be restarted.
2025-02-16T18:17:07.0729119Z 
2025-02-16T18:17:07.0729239Z No containers need to be restarted.
2025-02-16T18:17:07.0729452Z 
2025-02-16T18:17:07.0729592Z No user sessions are running outdated binaries.
2025-02-16T18:17:07.0729858Z 
2025-02-16T18:17:07.0730337Z No VM guests are running outdated hypervisor (qemu) binaries on this host.
2025-02-16T18:17:10.4224237Z Defaulting to user installation because normal site-packages is not writeable
2025-02-16T18:17:12.2756539Z Collecting klayout==0.29.11
2025-02-16T18:17:12.3106002Z   Downloading klayout-0.29.11-cp312-cp312-manylinux_2_17_x86_64.manylinux2014_x86_64.whl.metadata (915 bytes)
2025-02-16T18:17:12.3889696Z Downloading klayout-0.29.11-cp312-cp312-manylinux_2_17_x86_64.manylinux2014_x86_64.whl (23.8 MB)
2025-02-16T18:17:12.8892229Z    ━━━━━━━━━━━━━━━━━━━━━━━━━━━━━━━━━━━━━━━━ 23.8/23.8 MB 64.3 MB/s eta 0:00:00
2025-02-16T18:17:13.2919655Z Installing collected packages: klayout
2025-02-16T18:17:13.6679021Z Successfully installed klayout-0.29.11
2025-02-16T18:17:13.7312146Z ##[group]Run cp gds/tt_um_tatzeltapeout.gds tt_submission/tt_um_tatzeltapeout.gds
2025-02-16T18:17:13.7313054Z [36;1mcp gds/tt_um_tatzeltapeout.gds tt_submission/tt_um_tatzeltapeout.gds[0m
2025-02-16T18:17:13.7313946Z [36;1mstrm2oas gds/tt_um_tatzeltapeout.gds tt_submission/tt_um_tatzeltapeout.oas[0m
2025-02-16T18:17:13.7315146Z [36;1mcp lef/tt_um_tatzeltapeout.lef tt_submission/tt_um_tatzeltapeout.lef[0m
2025-02-16T18:17:13.7315777Z [36;1m[0m
2025-02-16T18:17:13.7316156Z [36;1mtouch tt_submission/tt_um_tatzeltapeout.v[0m
2025-02-16T18:17:13.7316684Z [36;1mif [ -n "src/project.v" ]; then[0m
2025-02-16T18:17:13.7317248Z [36;1m  cp src/project.v tt_submission/tt_um_tatzeltapeout.v[0m
2025-02-16T18:17:13.7317776Z [36;1mfi[0m
2025-02-16T18:17:13.7396916Z shell: /usr/bin/bash --noprofile --norc -e -o pipefail {0}
2025-02-16T18:17:13.7397488Z ##[endgroup]
2025-02-16T18:17:13.7503876Z cp: cannot stat 'gds/tt_um_tatzeltapeout.gds': No such file or directory
2025-02-16T18:17:13.7516822Z ##[error]Process completed with exit code 1.
