2025-02-16T15:46:58.1823832Z ##[group]Run TinyTapeout/tt-gds-action/custom_gds@tt10
2025-02-16T15:46:58.1824760Z with:
2025-02-16T15:46:58.1825458Z   top_module: tt_um_tatzeltapeout
2025-02-16T15:46:58.1826272Z   gds_path: gds/tt_um_tatzeltapeout.gds
2025-02-16T15:46:58.1827100Z   lef_path: lef/tt_um_tatzeltapeout.lef
2025-02-16T15:46:58.1828143Z   verilog_path: src/project.v
2025-02-16T15:46:58.1828955Z   tools-repo: TinyTapeout/tt-support-tools
2025-02-16T15:46:58.1829773Z   tools-ref: tt10
2025-02-16T15:46:58.1830465Z ##[endgroup]
2025-02-16T15:46:58.1936786Z ##[group]Run mkdir -p tt_submission
2025-02-16T15:46:58.1937858Z [36;1mmkdir -p tt_submission[0m
2025-02-16T15:46:58.1938572Z [36;1mjq -n \[0m
2025-02-16T15:46:58.1939249Z [36;1m  --arg app "custom_gds action" \[0m
2025-02-16T15:46:58.1940212Z [36;1m  --arg repo "https://github.com/tatzelbrumm/tt10-analog-tatzeltapeout" \[0m
2025-02-16T15:46:58.1941271Z [36;1m  --arg commit "7c937c8a5bebe48744a1f6c4a7c9eefe1c962e80" \[0m
2025-02-16T15:46:58.1942476Z [36;1m  --arg workflow_url "https://github.com/tatzelbrumm/tt10-analog-tatzeltapeout/actions/runs/13356518699" \[0m
2025-02-16T15:46:58.1943729Z [36;1m  '{app: $app, repo: $repo, commit: $commit, workflow_url: $workflow_url}' \[0m
2025-02-16T15:46:58.1944639Z [36;1m  > tt_submission/commit_id.json[0m
2025-02-16T15:46:58.2009866Z shell: /usr/bin/bash --noprofile --norc -e -o pipefail {0}
2025-02-16T15:46:58.2010874Z ##[endgroup]
2025-02-16T15:46:58.2217102Z ##[group]Run wget https://github.com/htfab/klayout/releases/download/v0.29.11/klayout_0.29.11-1_amd64.deb
2025-02-16T15:46:58.2218942Z [36;1mwget https://github.com/htfab/klayout/releases/download/v0.29.11/klayout_0.29.11-1_amd64.deb[0m
2025-02-16T15:46:58.2220168Z [36;1msudo apt-get update && sudo apt-get install -y ./klayout_0.29.11-1_amd64.deb[0m
2025-02-16T15:46:58.2221097Z [36;1mpip install klayout==0.29.11[0m
2025-02-16T15:46:58.2276626Z shell: /usr/bin/bash --noprofile --norc -e -o pipefail {0}
2025-02-16T15:46:58.2277824Z ##[endgroup]
2025-02-16T15:46:58.2395212Z --2025-02-16 15:46:58--  https://github.com/htfab/klayout/releases/download/v0.29.11/klayout_0.29.11-1_amd64.deb
2025-02-16T15:46:58.2656918Z Resolving github.com (github.com)... 140.82.113.4
2025-02-16T15:46:58.2675119Z Connecting to github.com (github.com)|140.82.113.4|:443... connected.
2025-02-16T15:46:58.3500858Z HTTP request sent, awaiting response... 302 Found
2025-02-16T15:46:58.3510927Z Location: https://objects.githubusercontent.com/github-production-release-asset-2e65be/905016093/dbcc0ca6-02ff-4d06-8cae-343744c6a373?X-Amz-Algorithm=AWS4-HMAC-SHA256&X-Amz-Credential=releaseassetproduction%2F20250216%2Fus-east-1%2Fs3%2Faws4_request&X-Amz-Date=20250216T154658Z&X-Amz-Expires=300&X-Amz-Signature=47b3669638481eb692873a0883fbae26d35539d6fffa757def1307a8b18c6180&X-Amz-SignedHeaders=host&response-content-disposition=attachment%3B%20filename%3Dklayout_0.29.11-1_amd64.deb&response-content-type=application%2Foctet-stream [following]
2025-02-16T15:46:58.3521592Z --2025-02-16 15:46:58--  https://objects.githubusercontent.com/github-production-release-asset-2e65be/905016093/dbcc0ca6-02ff-4d06-8cae-343744c6a373?X-Amz-Algorithm=AWS4-HMAC-SHA256&X-Amz-Credential=releaseassetproduction%2F20250216%2Fus-east-1%2Fs3%2Faws4_request&X-Amz-Date=20250216T154658Z&X-Amz-Expires=300&X-Amz-Signature=47b3669638481eb692873a0883fbae26d35539d6fffa757def1307a8b18c6180&X-Amz-SignedHeaders=host&response-content-disposition=attachment%3B%20filename%3Dklayout_0.29.11-1_amd64.deb&response-content-type=application%2Foctet-stream
2025-02-16T15:46:58.3530100Z Resolving objects.githubusercontent.com (objects.githubusercontent.com)... 185.199.108.133, 185.199.109.133, 185.199.110.133, ...
2025-02-16T15:46:58.3538266Z Connecting to objects.githubusercontent.com (objects.githubusercontent.com)|185.199.108.133|:443... connected.
2025-02-16T15:46:58.3896022Z HTTP request sent, awaiting response... 200 OK
2025-02-16T15:46:58.3898102Z Length: 63179420 (60M) [application/octet-stream]
2025-02-16T15:46:58.3900751Z Saving to: ‘klayout_0.29.11-1_amd64.deb’
2025-02-16T15:46:58.3902860Z 
2025-02-16T15:46:58.3911264Z      0K .......... .......... .......... .......... ..........  0% 37.8M 2s
2025-02-16T15:46:58.3918595Z     50K .......... .......... .......... .......... ..........  0% 69.3M 1s
2025-02-16T15:46:58.3921151Z    100K .......... .......... .......... .......... ..........  0%  231M 1s
2025-02-16T15:46:58.3923181Z    150K .......... .......... .......... .......... ..........  0%  263M 1s
2025-02-16T15:46:58.3930315Z    200K .......... .......... .......... .......... ..........  0% 59.9M 1s
2025-02-16T15:46:58.3932083Z    250K .......... .......... .......... .......... ..........  0%  229M 1s
2025-02-16T15:46:58.3936568Z    300K .......... .......... .......... .......... ..........  0%  138M 1s
2025-02-16T15:46:58.3938744Z    350K .......... .......... .......... .......... ..........  0%  198M 1s
2025-02-16T15:46:58.3941512Z    400K .......... .......... .......... .......... ..........  0%  212M 1s
2025-02-16T15:46:58.3943773Z    450K .......... .......... .......... .......... ..........  0%  233M 1s
2025-02-16T15:46:58.3946237Z    500K .......... .......... .......... .......... ..........  0%  292M 1s
2025-02-16T15:46:58.3949095Z    550K .......... .......... .......... .......... ..........  0%  277M 0s
2025-02-16T15:46:58.3951463Z    600K .......... .......... .......... .......... ..........  1%  278M 0s
2025-02-16T15:46:58.3953489Z    650K .......... .......... .......... .......... ..........  1%  274M 0s
2025-02-16T15:46:58.3955507Z    700K .......... .......... .......... .......... ..........  1%  290M 0s
2025-02-16T15:46:58.3958395Z    750K .......... .......... .......... .......... ..........  1%  228M 0s
2025-02-16T15:46:58.3960560Z    800K .......... .......... .......... .......... ..........  1%  308M 0s
2025-02-16T15:46:58.3962448Z    850K .......... .......... .......... .......... ..........  1%  325M 0s
2025-02-16T15:46:58.3963788Z    900K .......... .......... .......... .......... ..........  1%  287M 0s
2025-02-16T15:46:58.3965947Z    950K .......... .......... .......... .......... ..........  1%  294M 0s
2025-02-16T15:46:58.3968513Z   1000K .......... .......... .......... .......... ..........  1%  308M 0s
2025-02-16T15:46:58.3969908Z   1050K .......... .......... .......... .......... ..........  1%  285M 0s
2025-02-16T15:46:58.3972519Z   1100K .......... .......... .......... .......... ..........  1%  290M 0s
2025-02-16T15:46:58.3974485Z   1150K .......... .......... .......... .......... ..........  1%  226M 0s
2025-02-16T15:46:58.3976471Z   1200K .......... .......... .......... .......... ..........  2%  316M 0s
2025-02-16T15:46:58.3978569Z   1250K .......... .......... .......... .......... ..........  2%  269M 0s
2025-02-16T15:46:58.3980196Z   1300K .......... .......... .......... .......... ..........  2%  322M 0s
2025-02-16T15:46:58.3982095Z   1350K .......... .......... .......... .......... ..........  2%  296M 0s
2025-02-16T15:46:58.3983243Z   1400K .......... .......... .......... .......... ..........  2%  290M 0s
2025-02-16T15:46:58.3985847Z   1450K .......... .......... .......... .......... ..........  2%  289M 0s
2025-02-16T15:46:58.3987026Z   1500K .......... .......... .......... .......... ..........  2%  317M 0s
2025-02-16T15:46:58.3989552Z   1550K .......... .......... .......... .......... ..........  2%  193M 0s
2025-02-16T15:46:58.3991342Z   1600K .......... .......... .......... .......... ..........  2%  300M 0s
2025-02-16T15:46:58.3993483Z   1650K .......... .......... .......... .......... ..........  2%  294M 0s
2025-02-16T15:46:58.3994683Z   1700K .......... .......... .......... .......... ..........  2%  313M 0s
2025-02-16T15:46:58.3995567Z   1750K .......... .......... .......... .......... ..........  2%  297M 0s
2025-02-16T15:46:58.3996912Z   1800K .......... .......... .......... .......... ..........  2%  274M 0s
2025-02-16T15:46:58.3998815Z   1850K .......... .......... .......... .......... ..........  3%  261M 0s
2025-02-16T15:46:58.4000174Z   1900K .......... .......... .......... .......... ..........  3%  281M 0s
2025-02-16T15:46:58.4003129Z   1950K .......... .......... .......... .......... ..........  3%  282M 0s
2025-02-16T15:46:58.4004473Z   2000K .......... .......... .......... .......... ..........  3%  444M 0s
2025-02-16T15:46:58.4006519Z   2050K .......... .......... .......... .......... ..........  3%  484M 0s
2025-02-16T15:46:58.4007939Z   2100K .......... .......... .......... .......... ..........  3%  482M 0s
2025-02-16T15:46:58.4010274Z   2150K .......... .......... .......... .......... ..........  3%  434M 0s
2025-02-16T15:46:58.4012283Z   2200K .......... .......... .......... .......... ..........  3%  297M 0s
2025-02-16T15:46:58.4013466Z   2250K .......... .......... .......... .......... ..........  3%  308M 0s
2025-02-16T15:46:58.4014706Z   2300K .......... .......... .......... .......... ..........  3%  265M 0s
2025-02-16T15:46:58.4016912Z   2350K .......... .......... .......... .......... ..........  3%  235M 0s
2025-02-16T15:46:58.4018893Z   2400K .......... .......... .......... .......... ..........  3%  285M 0s
2025-02-16T15:46:58.4020064Z   2450K .......... .......... .......... .......... ..........  4%  249M 0s
2025-02-16T15:46:58.4022437Z   2500K .......... .......... .......... .......... ..........  4%  282M 0s
2025-02-16T15:46:58.4023613Z   2550K .......... .......... .......... .......... ..........  4%  303M 0s
2025-02-16T15:46:58.4025944Z   2600K .......... .......... .......... .......... ..........  4%  272M 0s
2025-02-16T15:46:58.4027216Z   2650K .......... .......... .......... .......... ..........  4%  302M 0s
2025-02-16T15:46:58.4029679Z   2700K .......... .......... .......... .......... ..........  4%  290M 0s
2025-02-16T15:46:58.4031661Z   2750K .......... .......... .......... .......... ..........  4%  202M 0s
2025-02-16T15:46:58.4032524Z   2800K .......... .......... .......... .......... ..........  4%  308M 0s
2025-02-16T15:46:58.4033367Z   2850K .......... .......... .......... .......... ..........  4%  258M 0s
2025-02-16T15:46:58.4034228Z   2900K .......... .......... .......... .......... ..........  4%  311M 0s
2025-02-16T15:46:58.4036082Z   2950K .......... .......... .......... .......... ..........  4%  280M 0s
2025-02-16T15:46:58.4036950Z   3000K .......... .......... .......... .......... ..........  4%  287M 0s
2025-02-16T15:46:58.4038872Z   3050K .......... .......... .......... .......... ..........  5%  284M 0s
2025-02-16T15:46:58.4040745Z   3100K .......... .......... .......... .......... ..........  5%  332M 0s
2025-02-16T15:46:58.4043049Z   3150K .......... .......... .......... .......... ..........  5%  334M 0s
2025-02-16T15:46:58.4045025Z   3200K .......... .......... .......... .......... ..........  5%  490M 0s
2025-02-16T15:46:58.4046116Z   3250K .......... .......... .......... .......... ..........  5%  465M 0s
2025-02-16T15:46:58.4048697Z   3300K .......... .......... .......... .......... ..........  5%  486M 0s
2025-02-16T15:46:58.4049836Z   3350K .......... .......... .......... .......... ..........  5%  442M 0s
2025-02-16T15:46:58.4051078Z   3400K .......... .......... .......... .......... ..........  5%  395M 0s
2025-02-16T15:46:58.4053938Z   3450K .......... .......... .......... .......... ..........  5%  467M 0s
2025-02-16T15:46:58.4055103Z   3500K .......... .......... .......... .......... ..........  5%  369M 0s
2025-02-16T15:46:58.4056273Z   3550K .......... .......... .......... .......... ..........  5%  222M 0s
2025-02-16T15:46:58.4058968Z   3600K .......... .......... .......... .......... ..........  5%  278M 0s
2025-02-16T15:46:58.4060230Z   3650K .......... .......... .......... .......... ..........  5%  279M 0s
2025-02-16T15:46:58.4062642Z   3700K .......... .......... .......... .......... ..........  6%  305M 0s
2025-02-16T15:46:58.4063750Z   3750K .......... .......... .......... .......... ..........  6%  258M 0s
2025-02-16T15:46:58.4065015Z   3800K .......... .......... .......... .......... ..........  6%  306M 0s
2025-02-16T15:46:58.4067682Z   3850K .......... .......... .......... .......... ..........  6%  301M 0s
2025-02-16T15:46:58.4069079Z   3900K .......... .......... .......... .......... ..........  6%  273M 0s
2025-02-16T15:46:58.4071280Z   3950K .......... .......... .......... .......... ..........  6%  214M 0s
2025-02-16T15:46:58.4072607Z   4000K .......... .......... .......... .......... ..........  6%  266M 0s
2025-02-16T15:46:58.4074999Z   4050K .......... .......... .......... .......... ..........  6%  272M 0s
2025-02-16T15:46:58.4076158Z   4100K .......... .......... .......... .......... ..........  6%  291M 0s
2025-02-16T15:46:58.4078635Z   4150K .......... .......... .......... .......... ..........  6%  281M 0s
2025-02-16T15:46:58.4079732Z   4200K .......... .......... .......... .......... ..........  6%  306M 0s
2025-02-16T15:46:58.4082100Z   4250K .......... .......... .......... .......... ..........  6%  305M 0s
2025-02-16T15:46:58.4083219Z   4300K .......... .......... .......... .......... ..........  7%  237M 0s
2025-02-16T15:46:58.4084423Z   4350K .......... .......... .......... .......... ..........  7%  223M 0s
2025-02-16T15:46:58.4086925Z   4400K .......... .......... .......... .......... ..........  7%  287M 0s
2025-02-16T15:46:58.4088311Z   4450K .......... .......... .......... .......... ..........  7%  307M 0s
2025-02-16T15:46:58.4089381Z   4500K .......... .......... .......... .......... ..........  7%  290M 0s
2025-02-16T15:46:58.4092185Z   4550K .......... .......... .......... .......... ..........  7%  294M 0s
2025-02-16T15:46:58.4093306Z   4600K .......... .......... .......... .......... ..........  7%  264M 0s
2025-02-16T15:46:58.4094664Z   4650K .......... .......... .......... .......... ..........  7%  304M 0s
2025-02-16T15:46:58.4097698Z   4700K .......... .......... .......... .......... ..........  7%  245M 0s
2025-02-16T15:46:58.4099003Z   4750K .......... .......... .......... .......... ..........  7%  239M 0s
2025-02-16T15:46:58.4099870Z   4800K .......... .......... .......... .......... ..........  7%  285M 0s
2025-02-16T15:46:58.4102793Z   4850K .......... .......... .......... .......... ..........  7%  238M 0s
2025-02-16T15:46:58.4104846Z   4900K .......... .......... .......... .......... ..........  8%  308M 0s
2025-02-16T15:46:58.4106125Z   4950K .......... .......... .......... .......... ..........  8%  260M 0s
2025-02-16T15:46:58.4108434Z   5000K .......... .......... .......... .......... ..........  8%  312M 0s
2025-02-16T15:46:58.4110398Z   5050K .......... .......... .......... .......... ..........  8%  310M 0s
2025-02-16T15:46:58.4111806Z   5100K .......... .......... .......... .......... ..........  8%  260M 0s
2025-02-16T15:46:58.4112866Z   5150K .......... .......... .......... .......... ..........  8%  220M 0s
2025-02-16T15:46:58.4115666Z   5200K .......... .......... .......... .......... ..........  8%  305M 0s
2025-02-16T15:46:58.4116727Z   5250K .......... .......... .......... .......... ..........  8%  276M 0s
2025-02-16T15:46:58.4118068Z   5300K .......... .......... .......... .......... ..........  8%  290M 0s
2025-02-16T15:46:58.4121204Z   5350K .......... .......... .......... .......... ..........  8%  300M 0s
2025-02-16T15:46:58.4122965Z   5400K .......... .......... .......... .......... ..........  8%  236M 0s
2025-02-16T15:46:58.4124762Z   5450K .......... .......... .......... .......... ..........  8%  291M 0s
2025-02-16T15:46:58.4126416Z   5500K .......... .......... .......... .......... ..........  8%  247M 0s
2025-02-16T15:46:58.4128077Z   5550K .......... .......... .......... .......... ..........  9%  234M 0s
2025-02-16T15:46:58.4128947Z   5600K .......... .......... .......... .......... ..........  9%  262M 0s
2025-02-16T15:46:58.4129803Z   5650K .......... .......... .......... .......... ..........  9%  292M 0s
2025-02-16T15:46:58.4130641Z   5700K .......... .......... .......... .......... ..........  9%  293M 0s
2025-02-16T15:46:58.4132397Z   5750K .......... .......... .......... .......... ..........  9%  259M 0s
2025-02-16T15:46:58.4133788Z   5800K .......... .......... .......... .......... ..........  9%  292M 0s
2025-02-16T15:46:58.4135488Z   5850K .......... .......... .......... .......... ..........  9%  297M 0s
2025-02-16T15:46:58.4138180Z   5900K .......... .......... .......... .......... ..........  9%  306M 0s
2025-02-16T15:46:58.4139547Z   5950K .......... .......... .......... .......... ..........  9%  364M 0s
2025-02-16T15:46:58.4140951Z   6000K .......... .......... .......... .......... ..........  9%  389M 0s
2025-02-16T15:46:58.4142399Z   6050K .......... .......... .......... .......... ..........  9%  450M 0s
2025-02-16T15:46:58.4143815Z   6100K .......... .......... .......... .......... ..........  9%  480M 0s
2025-02-16T15:46:58.4145016Z   6150K .......... .......... .......... .......... .......... 10%  477M 0s
2025-02-16T15:46:58.4146282Z   6200K .......... .......... .......... .......... .......... 10%  442M 0s
2025-02-16T15:46:58.4147933Z   6250K .......... .......... .......... .......... .......... 10%  438M 0s
2025-02-16T15:46:58.4149264Z   6300K .......... .......... .......... .......... .......... 10%  459M 0s
2025-02-16T15:46:58.4150494Z   6350K .......... .......... .......... .......... .......... 10%  322M 0s
2025-02-16T15:46:58.4151835Z   6400K .......... .......... .......... .......... .......... 10%  353M 0s
2025-02-16T15:46:58.4152963Z   6450K .......... .......... .......... .......... .......... 10%  274M 0s
2025-02-16T15:46:58.4154300Z   6500K .......... .......... .......... .......... .......... 10%  291M 0s
2025-02-16T15:46:58.4155427Z   6550K .......... .......... .......... .......... .......... 10%  306M 0s
2025-02-16T15:46:58.4156982Z   6600K .......... .......... .......... .......... .......... 10%  282M 0s
2025-02-16T15:46:58.4158460Z   6650K .......... .......... .......... .......... .......... 10%  298M 0s
2025-02-16T15:46:58.4159700Z   6700K .......... .......... .......... .......... .......... 10%  263M 0s
2025-02-16T15:46:58.4160790Z   6750K .......... .......... .......... .......... .......... 11%  224M 0s
2025-02-16T15:46:58.4161913Z   6800K .......... .......... .......... .......... .......... 11%  319M 0s
2025-02-16T15:46:58.4163290Z   6850K .......... .......... .......... .......... .......... 11%  304M 0s
2025-02-16T15:46:58.4164403Z   6900K .......... .......... .......... .......... .......... 11%  318M 0s
2025-02-16T15:46:58.4165248Z   6950K .......... .......... .......... .......... .......... 11%  276M 0s
2025-02-16T15:46:58.4166077Z   7000K .......... .......... .......... .......... .......... 11%  254M 0s
2025-02-16T15:46:58.4167032Z   7050K .......... .......... .......... .......... .......... 11%  289M 0s
2025-02-16T15:46:58.4168551Z   7100K .......... .......... .......... .......... .......... 11%  296M 0s
2025-02-16T15:46:58.4169706Z   7150K .......... .......... .......... .......... .......... 11%  201M 0s
2025-02-16T15:46:58.4170861Z   7200K .......... .......... .......... .......... .......... 11%  317M 0s
2025-02-16T15:46:58.4172114Z   7250K .......... .......... .......... .......... .......... 11%  297M 0s
2025-02-16T15:46:58.4173439Z   7300K .......... .......... .......... .......... .......... 11%  244M 0s
2025-02-16T15:46:58.4174699Z   7350K .......... .......... .......... .......... .......... 11%  311M 0s
2025-02-16T15:46:58.4175826Z   7400K .......... .......... .......... .......... .......... 12%  315M 0s
2025-02-16T15:46:58.4177104Z   7450K .......... .......... .......... .......... .......... 12%  259M 0s
2025-02-16T15:46:58.4178570Z   7500K .......... .......... .......... .......... .......... 12%  290M 0s
2025-02-16T15:46:58.4179841Z   7550K .......... .......... .......... .......... .......... 12%  206M 0s
2025-02-16T15:46:58.4181477Z   7600K .......... .......... .......... .......... .......... 12%  271M 0s
2025-02-16T15:46:58.4184883Z   7650K .......... .......... .......... .......... .......... 12%  320M 0s
2025-02-16T15:46:58.4186702Z   7700K .......... .......... .......... .......... .......... 12%  439M 0s
2025-02-16T15:46:58.4188777Z   7750K .......... .......... .......... .......... .......... 12%  290M 0s
2025-02-16T15:46:58.4190667Z   7800K .......... .......... .......... .......... .......... 12%  298M 0s
2025-02-16T15:46:58.4192688Z   7850K .......... .......... .......... .......... .......... 12%  285M 0s
2025-02-16T15:46:58.4194922Z   7900K .......... .......... .......... .......... .......... 12%  312M 0s
2025-02-16T15:46:58.4196175Z   7950K .......... .......... .......... .......... .......... 12%  231M 0s
2025-02-16T15:46:58.4199269Z   8000K .......... .......... .......... .......... .......... 13%  322M 0s
2025-02-16T15:46:58.4201171Z   8050K .......... .......... .......... .......... .......... 13%  315M 0s
2025-02-16T15:46:58.4203870Z   8100K .......... .......... .......... .......... .......... 13%  317M 0s
2025-02-16T15:46:58.4206669Z   8150K .......... .......... .......... .......... .......... 13%  218M 0s
2025-02-16T15:46:58.4208479Z   8200K .......... .......... .......... .......... .......... 13%  275M 0s
2025-02-16T15:46:58.4211166Z   8250K .......... .......... .......... .......... .......... 13%  302M 0s
2025-02-16T15:46:58.4213243Z   8300K .......... .......... .......... .......... .......... 13%  291M 0s
2025-02-16T15:46:58.4215086Z   8350K .......... .......... .......... .......... .......... 13%  242M 0s
2025-02-16T15:46:58.4217005Z   8400K .......... .......... .......... .......... .......... 13%  257M 0s
2025-02-16T15:46:58.4220132Z   8450K .......... .......... .......... .......... .......... 13%  315M 0s
2025-02-16T15:46:58.4221907Z   8500K .......... .......... .......... .......... .......... 13%  286M 0s
2025-02-16T15:46:58.4225146Z   8550K .......... .......... .......... .......... .......... 13%  309M 0s
2025-02-16T15:46:58.4227850Z   8600K .......... .......... .......... .......... .......... 14%  312M 0s
2025-02-16T15:46:58.4229826Z   8650K .......... .......... .......... .......... .......... 14%  321M 0s
2025-02-16T15:46:58.4231876Z   8700K .......... .......... .......... .......... .......... 14%  324M 0s
2025-02-16T15:46:58.4233639Z   8750K .......... .......... .......... .......... .......... 14%  209M 0s
2025-02-16T15:46:58.4235924Z   8800K .......... .......... .......... .......... .......... 14%  307M 0s
2025-02-16T15:46:58.4237377Z   8850K .......... .......... .......... .......... .......... 14%  310M 0s
2025-02-16T15:46:58.4238915Z   8900K .......... .......... .......... .......... .......... 14%  301M 0s
2025-02-16T15:46:58.4240338Z   8950K .......... .......... .......... .......... .......... 14%  309M 0s
2025-02-16T15:46:58.4268223Z   9000K .......... .......... .......... .......... .......... 14%  287M 0s
2025-02-16T15:46:58.4269173Z   9050K .......... .......... .......... .......... .......... 14%  276M 0s
2025-02-16T15:46:58.4270058Z   9100K .......... .......... .......... .......... .......... 14%  307M 0s
2025-02-16T15:46:58.4270937Z   9150K .......... .......... .......... .......... .......... 14%  247M 0s
2025-02-16T15:46:58.4271812Z   9200K .......... .......... .......... .......... .......... 14%  301M 0s
2025-02-16T15:46:58.4272715Z   9250K .......... .......... .......... .......... .......... 15%  313M 0s
2025-02-16T15:46:58.4273597Z   9300K .......... .......... .......... .......... .......... 15%  309M 0s
2025-02-16T15:46:58.4274472Z   9350K .......... .......... .......... .......... .......... 15%  312M 0s
2025-02-16T15:46:58.4275353Z   9400K .......... .......... .......... .......... .......... 15%  336M 0s
2025-02-16T15:46:58.4276228Z   9450K .......... .......... .......... .......... .......... 15%  469M 0s
2025-02-16T15:46:58.4277133Z   9500K .......... .......... .......... .......... .......... 15%  476M 0s
2025-02-16T15:46:58.4278278Z   9550K .......... .......... .......... .......... .......... 15%  371M 0s
2025-02-16T15:46:58.4279167Z   9600K .......... .......... .......... .......... .......... 15%  462M 0s
2025-02-16T15:46:58.4280052Z   9650K .......... .......... .......... .......... .......... 15%  475M 0s
2025-02-16T15:46:58.4280934Z   9700K .......... .......... .......... .......... .......... 15%  480M 0s
2025-02-16T15:46:58.4283910Z   9750K .......... .......... .......... .......... .......... 15%  410M 0s
2025-02-16T15:46:58.4285106Z   9800K .......... .......... .......... .......... .......... 15%  492M 0s
2025-02-16T15:46:58.4286262Z   9850K .......... .......... .......... .......... .......... 16%  487M 0s
2025-02-16T15:46:58.4287322Z   9900K .......... .......... .......... .......... .......... 16%  448M 0s
2025-02-16T15:46:58.4288302Z   9950K .......... .......... .......... .......... .......... 16%  360M 0s
2025-02-16T15:46:58.4289158Z  10000K .......... .......... .......... .......... .......... 16%  484M 0s
2025-02-16T15:46:58.4290000Z  10050K .......... .......... .......... .......... .......... 16%  483M 0s
2025-02-16T15:46:58.4290842Z  10100K .......... .......... .......... .......... .......... 16%  477M 0s
2025-02-16T15:46:58.4291677Z  10150K .......... .......... .......... .......... .......... 16%  485M 0s
2025-02-16T15:46:58.4294344Z  10200K .......... .......... .......... .......... .......... 16% 19.4M 0s
2025-02-16T15:46:58.4295589Z  10250K .......... .......... .......... .......... .......... 16%  298M 0s
2025-02-16T15:46:58.4296760Z  10300K .......... .......... .......... .......... .......... 16%  313M 0s
2025-02-16T15:46:58.4299644Z  10350K .......... .......... .......... .......... .......... 16% 62.8M 0s
2025-02-16T15:46:58.4300862Z  10400K .......... .......... .......... .......... .......... 16%  287M 0s
2025-02-16T15:46:58.4301990Z  10450K .......... .......... .......... .......... .......... 17%  317M 0s
2025-02-16T15:46:58.4304897Z  10500K .......... .......... .......... .......... .......... 17%  306M 0s
2025-02-16T15:46:58.4306019Z  10550K .......... .......... .......... .......... .......... 17%  293M 0s
2025-02-16T15:46:58.4307135Z  10600K .......... .......... .......... .......... .......... 17%  325M 0s
2025-02-16T15:46:58.4309925Z  10650K .......... .......... .......... .......... .......... 17%  332M 0s
2025-02-16T15:46:58.4311099Z  10700K .......... .......... .......... .......... .......... 17%  304M 0s
2025-02-16T15:46:58.4312177Z  10750K .......... .......... .......... .......... .......... 17%  249M 0s
2025-02-16T15:46:58.4314777Z  10800K .......... .......... .......... .......... .......... 17%  320M 0s
2025-02-16T15:46:58.4315888Z  10850K .......... .......... .......... .......... .......... 17%  325M 0s
2025-02-16T15:46:58.4318532Z  10900K .......... .......... .......... .......... .......... 17%  289M 0s
2025-02-16T15:46:58.4320477Z  10950K .......... .......... .......... .......... .......... 17%  287M 0s
2025-02-16T15:46:58.4323120Z  11000K .......... .......... .......... .......... .......... 17%  302M 0s
2025-02-16T15:46:58.4324645Z  11050K .......... .......... .......... .......... .......... 17%  323M 0s
2025-02-16T15:46:58.4326460Z  11100K .......... .......... .......... .......... .......... 18%  340M 0s
2025-02-16T15:46:58.4329032Z  11150K .......... .......... .......... .......... .......... 18%  266M 0s
2025-02-16T15:46:58.4331169Z  11200K .......... .......... .......... .......... .......... 18%  333M 0s
2025-02-16T15:46:58.4333427Z  11250K .......... .......... .......... .......... .......... 18%  261M 0s
2025-02-16T15:46:58.4334667Z  11300K .......... .......... .......... .......... .......... 18%  316M 0s
2025-02-16T15:46:58.4336500Z  11350K .......... .......... .......... .......... .......... 18%  322M 0s
2025-02-16T15:46:58.4338683Z  11400K .......... .......... .......... .......... .......... 18%  306M 0s
2025-02-16T15:46:58.4340397Z  11450K .......... .......... .......... .......... .......... 18%  279M 0s
2025-02-16T15:46:58.4342562Z  11500K .......... .......... .......... .......... .......... 18%  320M 0s
2025-02-16T15:46:58.4344782Z  11550K .......... .......... .......... .......... .......... 18%  237M 0s
2025-02-16T15:46:58.4346953Z  11600K .......... .......... .......... .......... .......... 18%  303M 0s
2025-02-16T15:46:58.4348680Z  11650K .......... .......... .......... .......... .......... 18%  330M 0s
2025-02-16T15:46:58.4351155Z  11700K .......... .......... .......... .......... .......... 19%  319M 0s
2025-02-16T15:46:58.4352305Z  11750K .......... .......... .......... .......... .......... 19%  276M 0s
2025-02-16T15:46:58.4353439Z  11800K .......... .......... .......... .......... .......... 19%  312M 0s
2025-02-16T15:46:58.4355979Z  11850K .......... .......... .......... .......... .......... 19%  316M 0s
2025-02-16T15:46:58.4357114Z  11900K .......... .......... .......... .......... .......... 19%  320M 0s
2025-02-16T15:46:58.4358427Z  11950K .......... .......... .......... .......... .......... 19%  250M 0s
2025-02-16T15:46:58.4361177Z  12000K .......... .......... .......... .......... .......... 19%  307M 0s
2025-02-16T15:46:58.4362364Z  12050K .......... .......... .......... .......... .......... 19%  292M 0s
2025-02-16T15:46:58.4363490Z  12100K .......... .......... .......... .......... .......... 19%  326M 0s
2025-02-16T15:46:58.4366255Z  12150K .......... .......... .......... .......... .......... 19%  299M 0s
2025-02-16T15:46:58.4367411Z  12200K .......... .......... .......... .......... .......... 19%  329M 0s
2025-02-16T15:46:58.4368817Z  12250K .......... .......... .......... .......... .......... 19%  342M 0s
2025-02-16T15:46:58.4371682Z  12300K .......... .......... .......... .......... .......... 20%  312M 0s
2025-02-16T15:46:58.4372873Z  12350K .......... .......... .......... .......... .......... 20%  231M 0s
2025-02-16T15:46:58.4373993Z  12400K .......... .......... .......... .......... .......... 20%  335M 0s
2025-02-16T15:46:58.4377066Z  12450K .......... .......... .......... .......... .......... 20%  291M 0s
2025-02-16T15:46:58.4378384Z  12500K .......... .......... .......... .......... .......... 20%  331M 0s
2025-02-16T15:46:58.4379607Z  12550K .......... .......... .......... .......... .......... 20%  337M 0s
2025-02-16T15:46:58.4382301Z  12600K .......... .......... .......... .......... .......... 20%  326M 0s
2025-02-16T15:46:58.4383506Z  12650K .......... .......... .......... .......... .......... 20%  298M 0s
2025-02-16T15:46:58.4386310Z  12700K .......... .......... .......... .......... .......... 20%  295M 0s
2025-02-16T15:46:58.4387686Z  12750K .......... .......... .......... .......... .......... 20%  254M 0s
2025-02-16T15:46:58.4388836Z  12800K .......... .......... .......... .......... .......... 20%  308M 0s
2025-02-16T15:46:58.4391547Z  12850K .......... .......... .......... .......... .......... 20%  339M 0s
2025-02-16T15:46:58.4392738Z  12900K .......... .......... .......... .......... .......... 20%  344M 0s
2025-02-16T15:46:58.4393918Z  12950K .......... .......... .......... .......... .......... 21%  307M 0s
2025-02-16T15:46:58.4396711Z  13000K .......... .......... .......... .......... .......... 21%  296M 0s
2025-02-16T15:46:58.4398078Z  13050K .......... .......... .......... .......... .......... 21%  334M 0s
2025-02-16T15:46:58.4399205Z  13100K .......... .......... .......... .......... .......... 21%  316M 0s
2025-02-16T15:46:58.4402116Z  13150K .......... .......... .......... .......... .......... 21%  265M 0s
2025-02-16T15:46:58.4403357Z  13200K .......... .......... .......... .......... .......... 21%  345M 0s
2025-02-16T15:46:58.4404540Z  13250K .......... .......... .......... .......... .......... 21%  291M 0s
2025-02-16T15:46:58.4405633Z  13300K .......... .......... .......... .......... .......... 21%  287M 0s
2025-02-16T15:46:58.4408691Z  13350K .......... .......... .......... .......... .......... 21%  337M 0s
2025-02-16T15:46:58.4409906Z  13400K .......... .......... .......... .......... .......... 21%  297M 0s
2025-02-16T15:46:58.4412555Z  13450K .......... .......... .......... .......... .......... 21%  319M 0s
2025-02-16T15:46:58.4413689Z  13500K .......... .......... .......... .......... .......... 21%  334M 0s
2025-02-16T15:46:58.4414808Z  13550K .......... .......... .......... .......... .......... 22%  241M 0s
2025-02-16T15:46:58.4417710Z  13600K .......... .......... .......... .......... .......... 22%  298M 0s
2025-02-16T15:46:58.4419085Z  13650K .......... .......... .......... .......... .......... 22%  336M 0s
2025-02-16T15:46:58.4421880Z  13700K .......... .......... .......... .......... .......... 22%  317M 0s
2025-02-16T15:46:58.4423036Z  13750K .......... .......... .......... .......... .......... 22%  325M 0s
2025-02-16T15:46:58.4426106Z  13800K .......... .......... .......... .......... .......... 22%  329M 0s
2025-02-16T15:46:58.4427278Z  13850K .......... .......... .......... .......... .......... 22%  341M 0s
2025-02-16T15:46:58.4428552Z  13900K .......... .......... .......... .......... .......... 22%  335M 0s
2025-02-16T15:46:58.4431336Z  13950K .......... .......... .......... .......... .......... 22%  229M 0s
2025-02-16T15:46:58.4432497Z  14000K .......... .......... .......... .......... .......... 22%  338M 0s
2025-02-16T15:46:58.4433608Z  14050K .......... .......... .......... .......... .......... 22%  333M 0s
2025-02-16T15:46:58.4436380Z  14100K .......... .......... .......... .......... .......... 22%  300M 0s
2025-02-16T15:46:58.4437695Z  14150K .......... .......... .......... .......... .......... 23%  327M 0s
2025-02-16T15:46:58.4440569Z  14200K .......... .......... .......... .......... .......... 23%  325M 0s
2025-02-16T15:46:58.4441717Z  14250K .......... .......... .......... .......... .......... 23%  270M 0s
2025-02-16T15:46:58.4442816Z  14300K .......... .......... .......... .......... .......... 23%  332M 0s
2025-02-16T15:46:58.4445614Z  14350K .......... .......... .......... .......... .......... 23%  240M 0s
2025-02-16T15:46:58.4447028Z  14400K .......... .......... .......... .......... .......... 23%  341M 0s
2025-02-16T15:46:58.4449964Z  14450K .......... .......... .......... .......... .......... 23%  308M 0s
2025-02-16T15:46:58.4451113Z  14500K .......... .......... .......... .......... .......... 23%  286M 0s
2025-02-16T15:46:58.4452274Z  14550K .......... .......... .......... .......... .......... 23%  292M 0s
2025-02-16T15:46:58.4455152Z  14600K .......... .......... .......... .......... .......... 23%  332M 0s
2025-02-16T15:46:58.4456357Z  14650K .......... .......... .......... .......... .......... 23%  298M 0s
2025-02-16T15:46:58.4457672Z  14700K .......... .......... .......... .......... .......... 23%  322M 0s
2025-02-16T15:46:58.4460613Z  14750K .......... .......... .......... .......... .......... 23%  256M 0s
2025-02-16T15:46:58.4461675Z  14800K .......... .......... .......... .......... .......... 24%  301M 0s
2025-02-16T15:46:58.4462864Z  14850K .......... .......... .......... .......... .......... 24%  298M 0s
2025-02-16T15:46:58.4465684Z  14900K .......... .......... .......... .......... .......... 24%  337M 0s
2025-02-16T15:46:58.4466955Z  14950K .......... .......... .......... .......... .......... 24%  301M 0s
2025-02-16T15:46:58.4469766Z  15000K .......... .......... .......... .......... .......... 24%  321M 0s
2025-02-16T15:46:58.4470818Z  15050K .......... .......... .......... .......... .......... 24%  336M 0s
2025-02-16T15:46:58.4472065Z  15100K .......... .......... .......... .......... .......... 24%  309M 0s
2025-02-16T15:46:58.4473344Z  15150K .......... .......... .......... .......... .......... 24%  228M 0s
2025-02-16T15:46:58.4475815Z  15200K .......... .......... .......... .......... .......... 24%  314M 0s
2025-02-16T15:46:58.4477089Z  15250K .......... .......... .......... .......... .......... 24%  301M 0s
2025-02-16T15:46:58.4479920Z  15300K .......... .......... .......... .......... .......... 24%  342M 0s
2025-02-16T15:46:58.4481003Z  15350K .......... .......... .......... .......... .......... 24%  325M 0s
2025-02-16T15:46:58.4482175Z  15400K .......... .......... .......... .......... .......... 25%  312M 0s
2025-02-16T15:46:58.4483423Z  15450K .......... .......... .......... .......... .......... 25%  337M 0s
2025-02-16T15:46:58.4486250Z  15500K .......... .......... .......... .......... .......... 25%  294M 0s
2025-02-16T15:46:58.4487146Z  15550K .......... .......... .......... .......... .......... 25%  217M 0s
2025-02-16T15:46:58.4488761Z  15600K .......... .......... .......... .......... .......... 25%  333M 0s
2025-02-16T15:46:58.4491617Z  15650K .......... .......... .......... .......... .......... 25%  337M 0s
2025-02-16T15:46:58.4492729Z  15700K .......... .......... .......... .......... .......... 25%  297M 0s
2025-02-16T15:46:58.4495340Z  15750K .......... .......... .......... .......... .......... 25%  326M 0s
2025-02-16T15:46:58.4496630Z  15800K .......... .......... .......... .......... .......... 25%  290M 0s
2025-02-16T15:46:58.4497949Z  15850K .......... .......... .......... .......... .......... 25%  291M 0s
2025-02-16T15:46:58.4500547Z  15900K .......... .......... .......... .......... .......... 25%  319M 0s
2025-02-16T15:46:58.4501763Z  15950K .......... .......... .......... .......... .......... 25%  255M 0s
2025-02-16T15:46:58.4502918Z  16000K .......... .......... .......... .......... .......... 26%  282M 0s
2025-02-16T15:46:58.4505504Z  16050K .......... .......... .......... .......... .......... 26%  314M 0s
2025-02-16T15:46:58.4506774Z  16100K .......... .......... .......... .......... .......... 26%  290M 0s
2025-02-16T15:46:58.4508154Z  16150K .......... .......... .......... .......... .......... 26%  295M 0s
2025-02-16T15:46:58.4510776Z  16200K .......... .......... .......... .......... .......... 26%  335M 0s
2025-02-16T15:46:58.4511873Z  16250K .......... .......... .......... .......... .......... 26%  336M 0s
2025-02-16T15:46:58.4514706Z  16300K .......... .......... .......... .......... .......... 26%  333M 0s
2025-02-16T15:46:58.4516002Z  16350K .......... .......... .......... .......... .......... 26%  222M 0s
2025-02-16T15:46:58.4517179Z  16400K .......... .......... .......... .......... .......... 26%  298M 0s
2025-02-16T15:46:58.4520043Z  16450K .......... .......... .......... .......... .......... 26%  311M 0s
2025-02-16T15:46:58.4521123Z  16500K .......... .......... .......... .......... .......... 26%  297M 0s
2025-02-16T15:46:58.4522301Z  16550K .......... .......... .......... .......... .......... 26%  314M 0s
2025-02-16T15:46:58.4525034Z  16600K .......... .......... .......... .......... .......... 26%  293M 0s
2025-02-16T15:46:58.4526266Z  16650K .......... .......... .......... .......... .......... 27%  308M 0s
2025-02-16T15:46:58.4527136Z  16700K .......... .......... .......... .......... .......... 27%  284M 0s
2025-02-16T15:46:58.4530112Z  16750K .......... .......... .......... .......... .......... 27%  220M 0s
2025-02-16T15:46:58.4531259Z  16800K .......... .......... .......... .......... .......... 27%  340M 0s
2025-02-16T15:46:58.4533937Z  16850K .......... .......... .......... .......... .......... 27%  324M 0s
2025-02-16T15:46:58.4535067Z  16900K .......... .......... .......... .......... .......... 27%  299M 0s
2025-02-16T15:46:58.4536248Z  16950K .......... .......... .......... .......... .......... 27%  322M 0s
2025-02-16T15:46:58.4538906Z  17000K .......... .......... .......... .......... .......... 27%  297M 0s
2025-02-16T15:46:58.4540096Z  17050K .......... .......... .......... .......... .......... 27%  302M 0s
2025-02-16T15:46:58.4542247Z  17100K .......... .......... .......... .......... .......... 27%  318M 0s
2025-02-16T15:46:58.4543540Z  17150K .......... .......... .......... .......... .......... 27%  247M 0s
2025-02-16T15:46:58.4546050Z  17200K .......... .......... .......... .......... .......... 27%  282M 0s
2025-02-16T15:46:58.4547879Z  17250K .......... .......... .......... .......... .......... 28%  334M 0s
2025-02-16T15:46:58.4549791Z  17300K .......... .......... .......... .......... .......... 28%  296M 0s
2025-02-16T15:46:58.4550918Z  17350K .......... .......... .......... .......... .......... 28%  258M 0s
2025-02-16T15:46:58.4553248Z  17400K .......... .......... .......... .......... .......... 28%  332M 0s
2025-02-16T15:46:58.4555098Z  17450K .......... .......... .......... .......... .......... 28%  326M 0s
2025-02-16T15:46:58.4556277Z  17500K .......... .......... .......... .......... .......... 28%  285M 0s
2025-02-16T15:46:58.4558771Z  17550K .......... .......... .......... .......... .......... 28%  245M 0s
2025-02-16T15:46:58.4560056Z  17600K .......... .......... .......... .......... .......... 28%  290M 0s
2025-02-16T15:46:58.4561848Z  17650K .......... .......... .......... .......... .......... 28%  291M 0s
2025-02-16T15:46:58.4563155Z  17700K .......... .......... .......... .......... .......... 28%  339M 0s
2025-02-16T15:46:58.4564954Z  17750K .......... .......... .......... .......... .......... 28%  316M 0s
2025-02-16T15:46:58.4566229Z  17800K .......... .......... .......... .......... .......... 28%  270M 0s
2025-02-16T15:46:58.4568385Z  17850K .......... .......... .......... .......... .......... 29%  331M 0s
2025-02-16T15:46:58.4570093Z  17900K .......... .......... .......... .......... .......... 29%  280M 0s
2025-02-16T15:46:58.4571274Z  17950K .......... .......... .......... .......... .......... 29%  237M 0s
2025-02-16T15:46:58.4573506Z  18000K .......... .......... .......... .......... .......... 29%  282M 0s
2025-02-16T15:46:58.4575428Z  18050K .......... .......... .......... .......... .......... 29%  313M 0s
2025-02-16T15:46:58.4577580Z  18100K .......... .......... .......... .......... .......... 29%  325M 0s
2025-02-16T15:46:58.4578658Z  18150K .......... .......... .......... .......... .......... 29%  300M 0s
2025-02-16T15:46:58.4579811Z  18200K .......... .......... .......... .......... .......... 29%  276M 0s
2025-02-16T15:46:58.4580867Z  18250K .......... .......... .......... .......... .......... 29%  316M 0s
2025-02-16T15:46:58.4582244Z  18300K .......... .......... .......... .......... .......... 29%  323M 0s
2025-02-16T15:46:58.4583399Z  18350K .......... .......... .......... .......... .......... 29%  234M 0s
2025-02-16T15:46:58.4585234Z  18400K .......... .......... .......... .......... .......... 29%  316M 0s
2025-02-16T15:46:58.4587305Z  18450K .......... .......... .......... .......... .......... 29%  328M 0s
2025-02-16T15:46:58.4589235Z  18500K .......... .......... .......... .......... .......... 30%  269M 0s
2025-02-16T15:46:58.4590934Z  18550K .......... .......... .......... .......... .......... 30%  290M 0s
2025-02-16T15:46:58.4592759Z  18600K .......... .......... .......... .......... .......... 30%  337M 0s
2025-02-16T15:46:58.4593636Z  18650K .......... .......... .......... .......... .......... 30%  312M 0s
2025-02-16T15:46:58.4595417Z  18700K .......... .......... .......... .......... .......... 30%  311M 0s
2025-02-16T15:46:58.4596883Z  18750K .......... .......... .......... .......... .......... 30%  252M 0s
2025-02-16T15:46:58.4598762Z  18800K .......... .......... .......... .......... .......... 30%  274M 0s
2025-02-16T15:46:58.4600056Z  18850K .......... .......... .......... .......... .......... 30%  302M 0s
2025-02-16T15:46:58.4602351Z  18900K .......... .......... .......... .......... .......... 30%  344M 0s
2025-02-16T15:46:58.4603449Z  18950K .......... .......... .......... .......... .......... 30%  330M 0s
2025-02-16T15:46:58.4604702Z  19000K .......... .......... .......... .......... .......... 30%  306M 0s
2025-02-16T15:46:58.4606123Z  19050K .......... .......... .......... .......... .......... 30%  309M 0s
2025-02-16T15:46:58.4608081Z  19100K .......... .......... .......... .......... .......... 31%  288M 0s
2025-02-16T15:46:58.4609909Z  19150K .......... .......... .......... .......... .......... 31%  233M 0s
2025-02-16T15:46:58.4611485Z  19200K .......... .......... .......... .......... .......... 31%  321M 0s
2025-02-16T15:46:58.4613086Z  19250K .......... .......... .......... .......... .......... 31%  341M 0s
2025-02-16T15:46:58.4614234Z  19300K .......... .......... .......... .......... .......... 31%  331M 0s
2025-02-16T15:46:58.4616738Z  19350K .......... .......... .......... .......... .......... 31%  294M 0s
2025-02-16T15:46:58.4618088Z  19400K .......... .......... .......... .......... .......... 31%  256M 0s
2025-02-16T15:46:58.4619225Z  19450K .......... .......... .......... .......... .......... 31%  305M 0s
2025-02-16T15:46:58.4622073Z  19500K .......... .......... .......... .......... .......... 31%  305M 0s
2025-02-16T15:46:58.4623328Z  19550K .......... .......... .......... .......... .......... 31%  222M 0s
2025-02-16T15:46:58.4624491Z  19600K .......... .......... .......... .......... .......... 31%  312M 0s
2025-02-16T15:46:58.4627135Z  19650K .......... .......... .......... .......... .......... 31%  288M 0s
2025-02-16T15:46:58.4628440Z  19700K .......... .......... .......... .......... .......... 32%  267M 0s
2025-02-16T15:46:58.4629668Z  19750K .......... .......... .......... .......... .......... 32%  329M 0s
2025-02-16T15:46:58.4632244Z  19800K .......... .......... .......... .......... .......... 32%  309M 0s
2025-02-16T15:46:58.4633409Z  19850K .......... .......... .......... .......... .......... 32%  303M 0s
2025-02-16T15:46:58.4634544Z  19900K .......... .......... .......... .......... .......... 32%  325M 0s
2025-02-16T15:46:58.4637153Z  19950K .......... .......... .......... .......... .......... 32%  230M 0s
2025-02-16T15:46:58.4638576Z  20000K .......... .......... .......... .......... .......... 32%  274M 0s
2025-02-16T15:46:58.4639693Z  20050K .......... .......... .......... .......... .......... 32%  299M 0s
2025-02-16T15:46:58.4642284Z  20100K .......... .......... .......... .......... .......... 32%  309M 0s
2025-02-16T15:46:58.4643517Z  20150K .......... .......... .......... .......... .......... 32%  321M 0s
2025-02-16T15:46:58.4646240Z  20200K .......... .......... .......... .......... .......... 32%  334M 0s
2025-02-16T15:46:58.4647817Z  20250K .......... .......... .......... .......... .......... 32%  329M 0s
2025-02-16T15:46:58.4649088Z  20300K .......... .......... .......... .......... .......... 32%  269M 0s
2025-02-16T15:46:58.4651721Z  20350K .......... .......... .......... .......... .......... 33%  245M 0s
2025-02-16T15:46:58.4652799Z  20400K .......... .......... .......... .......... .......... 33%  302M 0s
2025-02-16T15:46:58.4654916Z  20450K .......... .......... .......... .......... .......... 33%  281M 0s
2025-02-16T15:46:58.4655997Z  20500K .......... .......... .......... .......... .......... 33%  334M 0s
2025-02-16T15:46:58.4659417Z  20550K .......... .......... .......... .......... .......... 33%  305M 0s
2025-02-16T15:46:58.4660410Z  20600K .......... .......... .......... .......... .......... 33%  257M 0s
2025-02-16T15:46:58.4662374Z  20650K .......... .......... .......... .......... .......... 33%  325M 0s
2025-02-16T15:46:58.4664551Z  20700K .......... .......... .......... .......... .......... 33%  276M 0s
2025-02-16T15:46:58.4665718Z  20750K .......... .......... .......... .......... .......... 33%  227M 0s
2025-02-16T15:46:58.4667979Z  20800K .......... .......... .......... .......... .......... 33%  332M 0s
2025-02-16T15:46:58.4669698Z  20850K .......... .......... .......... .......... .......... 33%  293M 0s
2025-02-16T15:46:58.4672032Z  20900K .......... .......... .......... .......... .......... 33%  276M 0s
2025-02-16T15:46:58.4673248Z  20950K .......... .......... .......... .......... .......... 34%  334M 0s
2025-02-16T15:46:58.4674434Z  21000K .......... .......... .......... .......... .......... 34%  291M 0s
2025-02-16T15:46:58.4676687Z  21050K .......... .......... .......... .......... .......... 34%  309M 0s
2025-02-16T15:46:58.4678349Z  21100K .......... .......... .......... .......... .......... 34%  288M 0s
2025-02-16T15:46:58.4679968Z  21150K .......... .......... .......... .......... .......... 34%  217M 0s
2025-02-16T15:46:58.4681919Z  21200K .......... .......... .......... .......... .......... 34%  277M 0s
2025-02-16T15:46:58.4683618Z  21250K .......... .......... .......... .......... .......... 34%  263M 0s
2025-02-16T15:46:58.4685354Z  21300K .......... .......... .......... .......... .......... 34%  309M 0s
2025-02-16T15:46:58.4687194Z  21350K .......... .......... .......... .......... .......... 34%  315M 0s
2025-02-16T15:46:58.4688761Z  21400K .......... .......... .......... .......... .......... 34%  298M 0s
2025-02-16T15:46:58.4691354Z  21450K .......... .......... .......... .......... .......... 34%  316M 0s
2025-02-16T15:46:58.4693219Z  21500K .......... .......... .......... .......... .......... 34%  260M 0s
2025-02-16T15:46:58.4694694Z  21550K .......... .......... .......... .......... .......... 35%  230M 0s
2025-02-16T15:46:58.4696376Z  21600K .......... .......... .......... .......... .......... 35%  306M 0s
2025-02-16T15:46:58.4698413Z  21650K .......... .......... .......... .......... .......... 35%  285M 0s
2025-02-16T15:46:58.4700580Z  21700K .......... .......... .......... .......... .......... 35%  311M 0s
2025-02-16T15:46:58.4701579Z  21750K .......... .......... .......... .......... .......... 35%  288M 0s
2025-02-16T15:46:58.4703232Z  21800K .......... .......... .......... .......... .......... 35%  312M 0s
2025-02-16T15:46:58.4705242Z  21850K .......... .......... .......... .......... .......... 35%  321M 0s
2025-02-16T15:46:58.4707207Z  21900K .......... .......... .......... .......... .......... 35%  284M 0s
2025-02-16T15:46:58.4709397Z  21950K .......... .......... .......... .......... .......... 35%  239M 0s
2025-02-16T15:46:58.4711252Z  22000K .......... .......... .......... .......... .......... 35%  305M 0s
2025-02-16T15:46:58.4712970Z  22050K .......... .......... .......... .......... .......... 35%  213M 0s
2025-02-16T15:46:58.4714234Z  22100K .......... .......... .......... .......... .......... 35%  303M 0s
2025-02-16T15:46:58.4715335Z  22150K .......... .......... .......... .......... .......... 35%  285M 0s
2025-02-16T15:46:58.4717310Z  22200K .......... .......... .......... .......... .......... 36%  291M 0s
2025-02-16T15:46:58.4719174Z  22250K .......... .......... .......... .......... .......... 36%  306M 0s
2025-02-16T15:46:58.4720672Z  22300K .......... .......... .......... .......... .......... 36%  294M 0s
2025-02-16T15:46:58.4722672Z  22350K .......... .......... .......... .......... .......... 36%  209M 0s
2025-02-16T15:46:58.4724460Z  22400K .......... .......... .......... .......... .......... 36%  315M 0s
2025-02-16T15:46:58.4725415Z  22450K .......... .......... .......... .......... .......... 36%  300M 0s
2025-02-16T15:46:58.4727878Z  22500K .......... .......... .......... .......... .......... 36%  319M 0s
2025-02-16T15:46:58.4729289Z  22550K .......... .......... .......... .......... .......... 36%  311M 0s
2025-02-16T15:46:58.4730811Z  22600K .......... .......... .......... .......... .......... 36%  301M 0s
2025-02-16T15:46:58.4732719Z  22650K .......... .......... .......... .......... .......... 36%  277M 0s
2025-02-16T15:46:58.4733886Z  22700K .......... .......... .......... .......... .......... 36%  310M 0s
2025-02-16T15:46:58.4736140Z  22750K .......... .......... .......... .......... .......... 36%  231M 0s
2025-02-16T15:46:58.4738033Z  22800K .......... .......... .......... .......... .......... 37%  322M 0s
2025-02-16T15:46:58.4739898Z  22850K .......... .......... .......... .......... .......... 37%  306M 0s
2025-02-16T15:46:58.4741669Z  22900K .......... .......... .......... .......... .......... 37%  235M 0s
2025-02-16T15:46:58.4743475Z  22950K .......... .......... .......... .......... .......... 37%  307M 0s
2025-02-16T15:46:58.4745229Z  23000K .......... .......... .......... .......... .......... 37%  283M 0s
2025-02-16T15:46:58.4746525Z  23050K .......... .......... .......... .......... .......... 37%  291M 0s
2025-02-16T15:46:58.4748450Z  23100K .......... .......... .......... .......... .......... 37%  296M 0s
2025-02-16T15:46:58.4749984Z  23150K .......... .......... .......... .......... .......... 37%  236M 0s
2025-02-16T15:46:58.4751504Z  23200K .......... .......... .......... .......... .......... 37%  279M 0s
2025-02-16T15:46:58.4752918Z  23250K .......... .......... .......... .......... .......... 37%  312M 0s
2025-02-16T15:46:58.4754928Z  23300K .......... .......... .......... .......... .......... 37%  314M 0s
2025-02-16T15:46:58.4756673Z  23350K .......... .......... .......... .......... .......... 37%  290M 0s
2025-02-16T15:46:58.4758528Z  23400K .......... .......... .......... .......... .......... 38%  253M 0s
2025-02-16T15:46:58.4760426Z  23450K .......... .......... .......... .......... .......... 38%  319M 0s
2025-02-16T15:46:58.4762108Z  23500K .......... .......... .......... .......... .......... 38%  267M 0s
2025-02-16T15:46:58.4763486Z  23550K .......... .......... .......... .......... .......... 38%  222M 0s
2025-02-16T15:46:58.4765571Z  23600K .......... .......... .......... .......... .......... 38%  302M 0s
2025-02-16T15:46:58.4766985Z  23650K .......... .......... .......... .......... .......... 38%  294M 0s
2025-02-16T15:46:58.4768958Z  23700K .......... .......... .......... .......... .......... 38%  320M 0s
2025-02-16T15:46:58.4770516Z  23750K .......... .......... .......... .......... .......... 38%  282M 0s
2025-02-16T15:46:58.4772155Z  23800K .......... .......... .......... .......... .......... 38%  262M 0s
2025-02-16T15:46:58.4773866Z  23850K .......... .......... .......... .......... .......... 38%  245M 0s
2025-02-16T15:46:58.4774978Z  23900K .......... .......... .......... .......... .......... 38%  316M 0s
2025-02-16T15:46:58.4776598Z  23950K .......... .......... .......... .......... .......... 38%  247M 0s
2025-02-16T15:46:58.4778478Z  24000K .......... .......... .......... .......... .......... 38%  300M 0s
2025-02-16T15:46:58.4780245Z  24050K .......... .......... .......... .......... .......... 39%  289M 0s
2025-02-16T15:46:58.4781300Z  24100K .......... .......... .......... .......... .......... 39%  286M 0s
2025-02-16T15:46:58.4784383Z  24150K .......... .......... .......... .......... .......... 39%  283M 0s
2025-02-16T15:46:58.4785390Z  24200K .......... .......... .......... .......... .......... 39%  281M 0s
2025-02-16T15:46:58.4787367Z  24250K .......... .......... .......... .......... .......... 39%  321M 0s
2025-02-16T15:46:58.4789573Z  24300K .......... .......... .......... .......... .......... 39%  290M 0s
2025-02-16T15:46:58.4791291Z  24350K .......... .......... .......... .......... .......... 39%  215M 0s
2025-02-16T15:46:58.4792401Z  24400K .......... .......... .......... .......... .......... 39%  306M 0s
2025-02-16T15:46:58.4794865Z  24450K .......... .......... .......... .......... .......... 39%  303M 0s
2025-02-16T15:46:58.4796183Z  24500K .......... .......... .......... .......... .......... 39%  296M 0s
2025-02-16T15:46:58.4797343Z  24550K .......... .......... .......... .......... .......... 39%  303M 0s
2025-02-16T15:46:58.4798498Z  24600K .......... .......... .......... .......... .......... 39%  270M 0s
2025-02-16T15:46:58.4800132Z  24650K .......... .......... .......... .......... .......... 40%  255M 0s
2025-02-16T15:46:58.4801821Z  24700K .......... .......... .......... .......... .......... 40%  278M 0s
2025-02-16T15:46:58.4803130Z  24750K .......... .......... .......... .......... .......... 40%  234M 0s
2025-02-16T15:46:58.4805190Z  24800K .......... .......... .......... .......... .......... 40%  306M 0s
2025-02-16T15:46:58.4806224Z  24850K .......... .......... .......... .......... .......... 40%  305M 0s
2025-02-16T15:46:58.4808757Z  24900K .......... .......... .......... .......... .......... 40%  300M 0s
2025-02-16T15:46:58.4809988Z  24950K .......... .......... .......... .......... .......... 40%  264M 0s
2025-02-16T15:46:58.4810911Z  25000K .......... .......... .......... .......... .......... 40%  302M 0s
2025-02-16T15:46:58.4812962Z  25050K .......... .......... .......... .......... .......... 40%  319M 0s
2025-02-16T15:46:58.4814666Z  25100K .......... .......... .......... .......... .......... 40%  240M 0s
2025-02-16T15:46:58.4815961Z  25150K .......... .......... .......... .......... .......... 40%  249M 0s
2025-02-16T15:46:58.4817149Z  25200K .......... .......... .......... .......... .......... 40%  283M 0s
2025-02-16T15:46:58.4818887Z  25250K .......... .......... .......... .......... .......... 41%  280M 0s
2025-02-16T15:46:58.4821180Z  25300K .......... .......... .......... .......... .......... 41%  289M 0s
2025-02-16T15:46:58.4823526Z  25350K .......... .......... .......... .......... .......... 41%  296M 0s
2025-02-16T15:46:58.4824619Z  25400K .......... .......... .......... .......... .......... 41%  297M 0s
2025-02-16T15:46:58.4826685Z  25450K .......... .......... .......... .......... .......... 41%  309M 0s
2025-02-16T15:46:58.4828077Z  25500K .......... .......... .......... .......... .......... 41%  291M 0s
2025-02-16T15:46:58.4830138Z  25550K .......... .......... .......... .......... .......... 41%  223M 0s
2025-02-16T15:46:58.4832017Z  25600K .......... .......... .......... .......... .......... 41%  317M 0s
2025-02-16T15:46:58.4833736Z  25650K .......... .......... .......... .......... .......... 41%  350M 0s
2025-02-16T15:46:58.4835713Z  25700K .......... .......... .......... .......... .......... 41%  292M 0s
2025-02-16T15:46:58.4836956Z  25750K .......... .......... .......... .......... .......... 41%  210M 0s
2025-02-16T15:46:58.4838533Z  25800K .......... .......... .......... .......... .......... 41%  290M 0s
2025-02-16T15:46:58.4840324Z  25850K .......... .......... .......... .......... .......... 41%  295M 0s
2025-02-16T15:46:58.4842027Z  25900K .......... .......... .......... .......... .......... 42%  225M 0s
2025-02-16T15:46:58.4844125Z  25950K .......... .......... .......... .......... .......... 42%  240M 0s
2025-02-16T15:46:58.4845796Z  26000K .......... .......... .......... .......... .......... 42%  323M 0s
2025-02-16T15:46:58.4847109Z  26050K .......... .......... .......... .......... .......... 42%  290M 0s
2025-02-16T15:46:58.4849217Z  26100K .......... .......... .......... .......... .......... 42%  300M 0s
2025-02-16T15:46:58.4850530Z  26150K .......... .......... .......... .......... .......... 42%  293M 0s
2025-02-16T15:46:58.4852953Z  26200K .......... .......... .......... .......... .......... 42%  309M 0s
2025-02-16T15:46:58.4854775Z  26250K .......... .......... .......... .......... .......... 42%  294M 0s
2025-02-16T15:46:58.4856491Z  26300K .......... .......... .......... .......... .......... 42%  315M 0s
2025-02-16T15:46:58.4857850Z  26350K .......... .......... .......... .......... .......... 42%  208M 0s
2025-02-16T15:46:58.4859354Z  26400K .......... .......... .......... .......... .......... 42%  326M 0s
2025-02-16T15:46:58.4860924Z  26450K .......... .......... .......... .......... .......... 42%  294M 0s
2025-02-16T15:46:58.4863271Z  26500K .......... .......... .......... .......... .......... 43%  307M 0s
2025-02-16T15:46:58.4864341Z  26550K .......... .......... .......... .......... .......... 43%  303M 0s
2025-02-16T15:46:58.4866715Z  26600K .......... .......... .......... .......... .......... 43%  301M 0s
2025-02-16T15:46:58.4868535Z  26650K .......... .......... .......... .......... .......... 43%  256M 0s
2025-02-16T15:46:58.4871062Z  26700K .......... .......... .......... .......... .......... 43%  298M 0s
2025-02-16T15:46:58.4873024Z  26750K .......... .......... .......... .......... .......... 43%  234M 0s
2025-02-16T15:46:58.4874937Z  26800K .......... .......... .......... .......... .......... 43%  309M 0s
2025-02-16T15:46:58.4876167Z  26850K .......... .......... .......... .......... .......... 43%  300M 0s
2025-02-16T15:46:58.4877393Z  26900K .......... .......... .......... .......... .......... 43%  296M 0s
2025-02-16T15:46:58.4878865Z  26950K .......... .......... .......... .......... .......... 43%  219M 0s
2025-02-16T15:46:58.4880737Z  27000K .......... .......... .......... .......... .......... 43%  338M 0s
2025-02-16T15:46:58.4881715Z  27050K .......... .......... .......... .......... .......... 43%  320M 0s
2025-02-16T15:46:58.4883418Z  27100K .......... .......... .......... .......... .......... 44%  291M 0s
2025-02-16T15:46:58.4885205Z  27150K .......... .......... .......... .......... .......... 44%  213M 0s
2025-02-16T15:46:58.4886401Z  27200K .......... .......... .......... .......... .......... 44%  319M 0s
2025-02-16T15:46:58.4888902Z  27250K .......... .......... .......... .......... .......... 44%  282M 0s
2025-02-16T15:46:58.4891172Z  27300K .......... .......... .......... .......... .......... 44%  316M 0s
2025-02-16T15:46:58.4892084Z  27350K .......... .......... .......... .......... .......... 44%  318M 0s
2025-02-16T15:46:58.4893926Z  27400K .......... .......... .......... .......... .......... 44%  291M 0s
2025-02-16T15:46:58.4895734Z  27450K .......... .......... .......... .......... .......... 44%  315M 0s
2025-02-16T15:46:58.4896938Z  27500K .......... .......... .......... .......... .......... 44%  286M 0s
2025-02-16T15:46:58.4899075Z  27550K .......... .......... .......... .......... .......... 44%  206M 0s
2025-02-16T15:46:58.4900223Z  27600K .......... .......... .......... .......... .......... 44%  318M 0s
2025-02-16T15:46:58.4901325Z  27650K .......... .......... .......... .......... .......... 44%  303M 0s
2025-02-16T15:46:58.4903609Z  27700K .......... .......... .......... .......... .......... 44%  291M 0s
2025-02-16T15:46:58.4905205Z  27750K .......... .......... .......... .......... .......... 45%  255M 0s
2025-02-16T15:46:58.4907323Z  27800K .......... .......... .......... .......... .......... 45%  309M 0s
2025-02-16T15:46:58.4909066Z  27850K .......... .......... .......... .......... .......... 45%  307M 0s
2025-02-16T15:46:58.4909966Z  27900K .......... .......... .......... .......... .......... 45%  308M 0s
2025-02-16T15:46:58.4911443Z  27950K .......... .......... .......... .......... .......... 45%  232M 0s
2025-02-16T15:46:58.4913072Z  28000K .......... .......... .......... .......... .......... 45%  299M 0s
2025-02-16T15:46:58.4914428Z  28050K .......... .......... .......... .......... .......... 45%  308M 0s
2025-02-16T15:46:58.4915688Z  28100K .......... .......... .......... .......... .......... 45%  267M 0s
2025-02-16T15:46:58.4916842Z  28150K .......... .......... .......... .......... .......... 45%  290M 0s
2025-02-16T15:46:58.4920164Z  28200K .......... .......... .......... .......... .......... 45%  258M 0s
2025-02-16T15:46:58.4921016Z  28250K .......... .......... .......... .......... .......... 45%  305M 0s
2025-02-16T15:46:58.4921869Z  28300K .......... .......... .......... .......... .......... 45%  283M 0s
2025-02-16T15:46:58.4922715Z  28350K .......... .......... .......... .......... .......... 46%  223M 0s
2025-02-16T15:46:58.4923547Z  28400K .......... .......... .......... .......... .......... 46%  271M 0s
2025-02-16T15:46:58.4924378Z  28450K .......... .......... .......... .......... .......... 46%  305M 0s
2025-02-16T15:46:58.4925255Z  28500K .......... .......... .......... .......... .......... 46%  333M 0s
2025-02-16T15:46:58.4927708Z  28550K .......... .......... .......... .......... .......... 46%  314M 0s
2025-02-16T15:46:58.4928575Z  28600K .......... .......... .......... .......... .......... 46%  293M 0s
2025-02-16T15:46:58.4929446Z  28650K .......... .......... .......... .......... .......... 46%  278M 0s
2025-02-16T15:46:58.4930281Z  28700K .......... .......... .......... .......... .......... 46%  255M 0s
2025-02-16T15:46:58.4932078Z  28750K .......... .......... .......... .......... .......... 46%  239M 0s
2025-02-16T15:46:58.4932911Z  28800K .......... .......... .......... .......... .......... 46%  314M 0s
2025-02-16T15:46:58.4933894Z  28850K .......... .......... .......... .......... .......... 46%  307M 0s
2025-02-16T15:46:58.4934975Z  28900K .......... .......... .......... .......... .......... 46%  322M 0s
2025-02-16T15:46:58.4935809Z  28950K .......... .......... .......... .......... .......... 47%  325M 0s
2025-02-16T15:46:58.4938223Z  29000K .......... .......... .......... .......... .......... 47%  283M 0s
2025-02-16T15:46:58.4939663Z  29050K .......... .......... .......... .......... .......... 47%  415M 0s
2025-02-16T15:46:58.4940907Z  29100K .......... .......... .......... .......... .......... 47%  446M 0s
2025-02-16T15:46:58.4942027Z  29150K .......... .......... .......... .......... .......... 47%  344M 0s
2025-02-16T15:46:58.4943130Z  29200K .......... .......... .......... .......... .......... 47%  463M 0s
2025-02-16T15:46:58.4944718Z  29250K .......... .......... .......... .......... .......... 47%  464M 0s
2025-02-16T15:46:58.4946125Z  29300K .......... .......... .......... .......... .......... 47%  459M 0s
2025-02-16T15:46:58.4947293Z  29350K .......... .......... .......... .......... .......... 47%  474M 0s
2025-02-16T15:46:58.4948659Z  29400K .......... .......... .......... .......... .......... 47%  365M 0s
2025-02-16T15:46:58.4949751Z  29450K .......... .......... .......... .......... .......... 47%  461M 0s
2025-02-16T15:46:58.4950978Z  29500K .......... .......... .......... .......... .......... 47%  454M 0s
2025-02-16T15:46:58.4952195Z  29550K .......... .......... .......... .......... .......... 47%  312M 0s
2025-02-16T15:46:58.4953457Z  29600K .......... .......... .......... .......... .......... 48%  445M 0s
2025-02-16T15:46:58.4954971Z  29650K .......... .......... .......... .......... .......... 48%  434M 0s
2025-02-16T15:46:58.4956292Z  29700K .......... .......... .......... .......... .......... 48%  452M 0s
2025-02-16T15:46:58.4957609Z  29750K .......... .......... .......... .......... .......... 48%  443M 0s
2025-02-16T15:46:58.4959014Z  29800K .......... .......... .......... .......... .......... 48%  458M 0s
2025-02-16T15:46:58.4960170Z  29850K .......... .......... .......... .......... .......... 48%  274M 0s
2025-02-16T15:46:58.4960990Z  29900K .......... .......... .......... .......... .......... 48%  297M 0s
2025-02-16T15:46:58.4961805Z  29950K .......... .......... .......... .......... .......... 48%  220M 0s
2025-02-16T15:46:58.4963234Z  30000K .......... .......... .......... .......... .......... 48%  305M 0s
2025-02-16T15:46:58.4964531Z  30050K .......... .......... .......... .......... .......... 48%  290M 0s
2025-02-16T15:46:58.4965658Z  30100K .......... .......... .......... .......... .......... 48%  187M 0s
2025-02-16T15:46:58.4966729Z  30150K .......... .......... .......... .......... .......... 48%  276M 0s
2025-02-16T15:46:58.4968202Z  30200K .......... .......... .......... .......... .......... 49%  299M 0s
2025-02-16T15:46:58.4969498Z  30250K .......... .......... .......... .......... .......... 49%  291M 0s
2025-02-16T15:46:58.4970738Z  30300K .......... .......... .......... .......... .......... 49%  279M 0s
2025-02-16T15:46:58.4971992Z  30350K .......... .......... .......... .......... .......... 49%  188M 0s
2025-02-16T15:46:58.4973315Z  30400K .......... .......... .......... .......... .......... 49%  278M 0s
2025-02-16T15:46:58.4974438Z  30450K .......... .......... .......... .......... .......... 49%  320M 0s
2025-02-16T15:46:58.4975525Z  30500K .......... .......... .......... .......... .......... 49%  327M 0s
2025-02-16T15:46:58.4976818Z  30550K .......... .......... .......... .......... .......... 49%  264M 0s
2025-02-16T15:46:58.4978327Z  30600K .......... .......... .......... .......... .......... 49%  300M 0s
2025-02-16T15:46:58.4979314Z  30650K .......... .......... .......... .......... .......... 49%  262M 0s
2025-02-16T15:46:58.4980323Z  30700K .......... .......... .......... .......... .......... 49%  265M 0s
2025-02-16T15:46:58.4981456Z  30750K .......... .......... .......... .......... .......... 49%  248M 0s
2025-02-16T15:46:58.4982813Z  30800K .......... .......... .......... .......... .......... 50%  297M 0s
2025-02-16T15:46:58.4983916Z  30850K .......... .......... .......... .......... .......... 50%  310M 0s
2025-02-16T15:46:58.4985291Z  30900K .......... .......... .......... .......... .......... 50%  305M 0s
2025-02-16T15:46:58.4986563Z  30950K .......... .......... .......... .......... .......... 50%  250M 0s
2025-02-16T15:46:58.4988034Z  31000K .......... .......... .......... .......... .......... 50%  336M 0s
2025-02-16T15:46:58.4989349Z  31050K .......... .......... .......... .......... .......... 50%  275M 0s
2025-02-16T15:46:58.4990651Z  31100K .......... .......... .......... .......... .......... 50%  331M 0s
2025-02-16T15:46:58.4992035Z  31150K .......... .......... .......... .......... .......... 50%  224M 0s
2025-02-16T15:46:58.4993560Z  31200K .......... .......... .......... .......... .......... 50%  269M 0s
2025-02-16T15:46:58.4994776Z  31250K .......... .......... .......... .......... .......... 50%  296M 0s
2025-02-16T15:46:58.4995985Z  31300K .......... .......... .......... .......... .......... 50%  312M 0s
2025-02-16T15:46:58.4997106Z  31350K .......... .......... .......... .......... .......... 50%  295M 0s
2025-02-16T15:46:58.4998642Z  31400K .......... .......... .......... .......... .......... 50%  288M 0s
2025-02-16T15:46:58.4999859Z  31450K .......... .......... .......... .......... .......... 51%  310M 0s
2025-02-16T15:46:58.5001186Z  31500K .......... .......... .......... .......... .......... 51%  277M 0s
2025-02-16T15:46:58.5002402Z  31550K .......... .......... .......... .......... .......... 51%  220M 0s
2025-02-16T15:46:58.5003552Z  31600K .......... .......... .......... .......... .......... 51%  301M 0s
2025-02-16T15:46:58.5004856Z  31650K .......... .......... .......... .......... .......... 51%  313M 0s
2025-02-16T15:46:58.5006009Z  31700K .......... .......... .......... .......... .......... 51%  292M 0s
2025-02-16T15:46:58.5007263Z  31750K .......... .......... .......... .......... .......... 51%  303M 0s
2025-02-16T15:46:58.5009031Z  31800K .......... .......... .......... .......... .......... 51%  276M 0s
2025-02-16T15:46:58.5010957Z  31850K .......... .......... .......... .......... .......... 51%  290M 0s
2025-02-16T15:46:58.5012857Z  31900K .......... .......... .......... .......... .......... 51%  262M 0s
2025-02-16T15:46:58.5014930Z  31950K .......... .......... .......... .......... .......... 51%  209M 0s
2025-02-16T15:46:58.5016856Z  32000K .......... .......... .......... .......... .......... 51%  264M 0s
2025-02-16T15:46:58.5018846Z  32050K .......... .......... .......... .......... .......... 52%  261M 0s
2025-02-16T15:46:58.5020431Z  32100K .......... .......... .......... .......... .......... 52%  284M 0s
2025-02-16T15:46:58.5022191Z  32150K .......... .......... .......... .......... .......... 52%  278M 0s
2025-02-16T15:46:58.5024062Z  32200K .......... .......... .......... .......... .......... 52%  283M 0s
2025-02-16T15:46:58.5025841Z  32250K .......... .......... .......... .......... .......... 52%  269M 0s
2025-02-16T15:46:58.5027681Z  32300K .......... .......... .......... .......... .......... 52%  285M 0s
2025-02-16T15:46:58.5030074Z  32350K .......... .......... .......... .......... .......... 52%  202M 0s
2025-02-16T15:46:58.5031629Z  32400K .......... .......... .......... .......... .......... 52%  276M 0s
2025-02-16T15:46:58.5033503Z  32450K .......... .......... .......... .......... .......... 52%  289M 0s
2025-02-16T15:46:58.5035145Z  32500K .......... .......... .......... .......... .......... 52%  261M 0s
2025-02-16T15:46:58.5037087Z  32550K .......... .......... .......... .......... .......... 52%  275M 0s
2025-02-16T15:46:58.5039121Z  32600K .......... .......... .......... .......... .......... 52%  250M 0s
2025-02-16T15:46:58.5040833Z  32650K .......... .......... .......... .......... .......... 52%  291M 0s
2025-02-16T15:46:58.5042679Z  32700K .......... .......... .......... .......... .......... 53%  275M 0s
2025-02-16T15:46:58.5044813Z  32750K .......... .......... .......... .......... .......... 53%  209M 0s
2025-02-16T15:46:58.5046316Z  32800K .......... .......... .......... .......... .......... 53%  308M 0s
2025-02-16T15:46:58.5048352Z  32850K .......... .......... .......... .......... .......... 53%  257M 0s
2025-02-16T15:46:58.5050335Z  32900K .......... .......... .......... .......... .......... 53%  227M 0s
2025-02-16T15:46:58.5052051Z  32950K .......... .......... .......... .......... .......... 53%  292M 0s
2025-02-16T15:46:58.5054081Z  33000K .......... .......... .......... .......... .......... 53%  279M 0s
2025-02-16T15:46:58.5055688Z  33050K .......... .......... .......... .......... .......... 53%  256M 0s
2025-02-16T15:46:58.5057670Z  33100K .......... .......... .......... .......... .......... 53%  271M 0s
2025-02-16T15:46:58.5059797Z  33150K .......... .......... .......... .......... .......... 53%  204M 0s
2025-02-16T15:46:58.5061426Z  33200K .......... .......... .......... .......... .......... 53%  306M 0s
2025-02-16T15:46:58.5063008Z  33250K .......... .......... .......... .......... .......... 53%  301M 0s
2025-02-16T15:46:58.5065757Z  33300K .......... .......... .......... .......... .......... 54%  305M 0s
2025-02-16T15:46:58.5067239Z  33350K .......... .......... .......... .......... .......... 54%  329M 0s
2025-02-16T15:46:58.5070360Z  33400K .......... .......... .......... .......... .......... 54%  229M 0s
2025-02-16T15:46:58.5071751Z  33450K .......... .......... .......... .......... .......... 54%  280M 0s
2025-02-16T15:46:58.5073106Z  33500K .......... .......... .......... .......... .......... 54%  316M 0s
2025-02-16T15:46:58.5074515Z  33550K .......... .......... .......... .......... .......... 54%  207M 0s
2025-02-16T15:46:58.5075903Z  33600K .......... .......... .......... .......... .......... 54%  284M 0s
2025-02-16T15:46:58.5077300Z  33650K .......... .......... .......... .......... .......... 54%  297M 0s
2025-02-16T15:46:58.5079045Z  33700K .......... .......... .......... .......... .......... 54%  277M 0s
2025-02-16T15:46:58.5080660Z  33750K .......... .......... .......... .......... .......... 54%  296M 0s
2025-02-16T15:46:58.5082271Z  33800K .......... .......... .......... .......... .......... 54%  296M 0s
2025-02-16T15:46:58.5084007Z  33850K .......... .......... .......... .......... .......... 54%  300M 0s
2025-02-16T15:46:58.5086001Z  33900K .......... .......... .......... .......... .......... 55%  318M 0s
2025-02-16T15:46:58.5088663Z  33950K .......... .......... .......... .......... .......... 55%  237M 0s
2025-02-16T15:46:58.5090406Z  34000K .......... .......... .......... .......... .......... 55%  266M 0s
2025-02-16T15:46:58.5092213Z  34050K .......... .......... .......... .......... .......... 55%  302M 0s
2025-02-16T15:46:58.5094841Z  34100K .......... .......... .......... .......... .......... 55%  318M 0s
2025-02-16T15:46:58.5097103Z  34150K .......... .......... .......... .......... .......... 55%  255M 0s
2025-02-16T15:46:58.5099382Z  34200K .......... .......... .......... .......... .......... 55%  320M 0s
2025-02-16T15:46:58.5101541Z  34250K .......... .......... .......... .......... .......... 55%  300M 0s
2025-02-16T15:46:58.5103105Z  34300K .......... .......... .......... .......... .......... 55%  259M 0s
2025-02-16T15:46:58.5104426Z  34350K .......... .......... .......... .......... .......... 55%  224M 0s
2025-02-16T15:46:58.5107123Z  34400K .......... .......... .......... .......... .......... 55%  288M 0s
2025-02-16T15:46:58.5109413Z  34450K .......... .......... .......... .......... .......... 55%  304M 0s
2025-02-16T15:46:58.5110998Z  34500K .......... .......... .......... .......... .......... 55%  308M 0s
2025-02-16T15:46:58.5112842Z  34550K .......... .......... .......... .......... .......... 56%  308M 0s
2025-02-16T15:46:58.5115141Z  34600K .......... .......... .......... .......... .......... 56%  224M 0s
2025-02-16T15:46:58.5116464Z  34650K .......... .......... .......... .......... .......... 56%  331M 0s
2025-02-16T15:46:58.5119239Z  34700K .......... .......... .......... .......... .......... 56%  313M 0s
2025-02-16T15:46:58.5121322Z  34750K .......... .......... .......... .......... .......... 56%  235M 0s
2025-02-16T15:46:58.5123376Z  34800K .......... .......... .......... .......... .......... 56%  302M 0s
2025-02-16T15:46:58.5125434Z  34850K .......... .......... .......... .......... .......... 56%  287M 0s
2025-02-16T15:46:58.5127222Z  34900K .......... .......... .......... .......... .......... 56%  282M 0s
2025-02-16T15:46:58.5129205Z  34950K .......... .......... .......... .......... .......... 56%  296M 0s
2025-02-16T15:46:58.5131390Z  35000K .......... .......... .......... .......... .......... 56%  279M 0s
2025-02-16T15:46:58.5133997Z  35050K .......... .......... .......... .......... .......... 56%  300M 0s
2025-02-16T15:46:58.5135975Z  35100K .......... .......... .......... .......... .......... 56%  292M 0s
2025-02-16T15:46:58.5138777Z  35150K .......... .......... .......... .......... .......... 57%  214M 0s
2025-02-16T15:46:58.5140117Z  35200K .......... .......... .......... .......... .......... 57%  314M 0s
2025-02-16T15:46:58.5142763Z  35250K .......... .......... .......... .......... .......... 57%  292M 0s
2025-02-16T15:46:58.5144083Z  35300K .......... .......... .......... .......... .......... 57%  293M 0s
2025-02-16T15:46:58.5145847Z  35350K .......... .......... .......... .......... .......... 57%  294M 0s
2025-02-16T15:46:58.5147827Z  35400K .......... .......... .......... .......... .......... 57%  309M 0s
2025-02-16T15:46:58.5149823Z  35450K .......... .......... .......... .......... .......... 57%  270M 0s
2025-02-16T15:46:58.5152348Z  35500K .......... .......... .......... .......... .......... 57%  263M 0s
2025-02-16T15:46:58.5153687Z  35550K .......... .......... .......... .......... .......... 57%  299M 0s
2025-02-16T15:46:58.5156562Z  35600K .......... .......... .......... .......... .......... 57%  304M 0s
2025-02-16T15:46:58.5158890Z  35650K .......... .......... .......... .......... .......... 57%  235M 0s
2025-02-16T15:46:58.5160793Z  35700K .......... .......... .......... .......... .......... 57%  317M 0s
2025-02-16T15:46:58.5162652Z  35750K .......... .......... .......... .......... .......... 58%  268M 0s
2025-02-16T15:46:58.5164367Z  35800K .......... .......... .......... .......... .......... 58%  316M 0s
2025-02-16T15:46:58.5167579Z  35850K .......... .......... .......... .......... .......... 58%  300M 0s
2025-02-16T15:46:58.5169331Z  35900K .......... .......... .......... .......... .......... 58%  295M 0s
2025-02-16T15:46:58.5171118Z  35950K .......... .......... .......... .......... .......... 58%  210M 0s
2025-02-16T15:46:58.5172982Z  36000K .......... .......... .......... .......... .......... 58%  278M 0s
2025-02-16T15:46:58.5174236Z  36050K .......... .......... .......... .......... .......... 58%  272M 0s
2025-02-16T15:46:58.5176050Z  36100K .......... .......... .......... .......... .......... 58%  317M 0s
2025-02-16T15:46:58.5177971Z  36150K .......... .......... .......... .......... .......... 58%  299M 0s
2025-02-16T15:46:58.5179132Z  36200K .......... .......... .......... .......... .......... 58%  304M 0s
2025-02-16T15:46:58.5181657Z  36250K .......... .......... .......... .......... .......... 58%  280M 0s
2025-02-16T15:46:58.5183727Z  36300K .......... .......... .......... .......... .......... 58%  259M 0s
2025-02-16T15:46:58.5185442Z  36350K .......... .......... .......... .......... .......... 58%  214M 0s
2025-02-16T15:46:58.5186752Z  36400K .......... .......... .......... .......... .......... 59%  314M 0s
2025-02-16T15:46:58.5188699Z  36450K .......... .......... .......... .......... .......... 59%  316M 0s
2025-02-16T15:46:58.5190786Z  36500K .......... .......... .......... .......... .......... 59%  302M 0s
2025-02-16T15:46:58.5192661Z  36550K .......... .......... .......... .......... .......... 59%  301M 0s
2025-02-16T15:46:58.5194558Z  36600K .......... .......... .......... .......... .......... 59%  256M 0s
2025-02-16T15:46:58.5195808Z  36650K .......... .......... .......... .......... .......... 59%  325M 0s
2025-02-16T15:46:58.5197800Z  36700K .......... .......... .......... .......... .......... 59%  263M 0s
2025-02-16T15:46:58.5198670Z  36750K .......... .......... .......... .......... .......... 59%  229M 0s
2025-02-16T15:46:58.5200334Z  36800K .......... .......... .......... .......... .......... 59%  288M 0s
2025-02-16T15:46:58.5201732Z  36850K .......... .......... .......... .......... .......... 59%  293M 0s
2025-02-16T15:46:58.5202561Z  36900K .......... .......... .......... .......... .......... 59%  268M 0s
2025-02-16T15:46:58.5203800Z  36950K .......... .......... .......... .......... .......... 59%  284M 0s
2025-02-16T15:46:58.5204630Z  37000K .......... .......... .......... .......... .......... 60%  302M 0s
2025-02-16T15:46:58.5206524Z  37050K .......... .......... .......... .......... .......... 60%  278M 0s
2025-02-16T15:46:58.5208025Z  37100K .......... .......... .......... .......... .......... 60%  288M 0s
2025-02-16T15:46:58.5209881Z  37150K .......... .......... .......... .......... .......... 60%  200M 0s
2025-02-16T15:46:58.5211925Z  37200K .......... .......... .......... .......... .......... 60%  358M 0s
2025-02-16T15:46:58.5213242Z  37250K .......... .......... .......... .......... .......... 60%  476M 0s
2025-02-16T15:46:58.5216312Z  37300K .......... .......... .......... .......... .......... 60%  425M 0s
2025-02-16T15:46:58.5217787Z  37350K .......... .......... .......... .......... .......... 60%  475M 0s
2025-02-16T15:46:58.5219114Z  37400K .......... .......... .......... .......... .......... 60%  480M 0s
2025-02-16T15:46:58.5222069Z  37450K .......... .......... .......... .......... .......... 60%  451M 0s
2025-02-16T15:46:58.5224278Z  37500K .......... .......... .......... .......... .......... 60%  402M 0s
2025-02-16T15:46:58.5226736Z  37550K .......... .......... .......... .......... .......... 60%  230M 0s
2025-02-16T15:46:58.5228758Z  37600K .......... .......... .......... .......... .......... 61%  270M 0s
2025-02-16T15:46:58.5230691Z  37650K .......... .......... .......... .......... .......... 61%  298M 0s
2025-02-16T15:46:58.5232004Z  37700K .......... .......... .......... .......... .......... 61%  322M 0s
2025-02-16T15:46:58.5235311Z  37750K .......... .......... .......... .......... .......... 61%  300M 0s
2025-02-16T15:46:58.5238125Z  37800K .......... .......... .......... .......... .......... 61%  279M 0s
2025-02-16T15:46:58.5239748Z  37850K .......... .......... .......... .......... .......... 61%  283M 0s
2025-02-16T15:46:58.5241418Z  37900K .......... .......... .......... .......... .......... 61%  314M 0s
2025-02-16T15:46:58.5243769Z  37950K .......... .......... .......... .......... .......... 61%  216M 0s
2025-02-16T15:46:58.5245824Z  38000K .......... .......... .......... .......... .......... 61%  295M 0s
2025-02-16T15:46:58.5247847Z  38050K .......... .......... .......... .......... .......... 61%  327M 0s
2025-02-16T15:46:58.5249779Z  38100K .......... .......... .......... .......... .......... 61%  299M 0s
2025-02-16T15:46:58.5252041Z  38150K .......... .......... .......... .......... .......... 61%  257M 0s
2025-02-16T15:46:58.5253911Z  38200K .......... .......... .......... .......... .......... 61%  288M 0s
2025-02-16T15:46:58.5255647Z  38250K .......... .......... .......... .......... .......... 62%  320M 0s
2025-02-16T15:46:58.5256993Z  38300K .......... .......... .......... .......... .......... 62%  276M 0s
2025-02-16T15:46:58.5259879Z  38350K .......... .......... .......... .......... .......... 62%  223M 0s
2025-02-16T15:46:58.5261214Z  38400K .......... .......... .......... .......... .......... 62%  250M 0s
2025-02-16T15:46:58.5263498Z  38450K .......... .......... .......... .......... .......... 62%  315M 0s
2025-02-16T15:46:58.5265524Z  38500K .......... .......... .......... .......... .......... 62%  301M 0s
2025-02-16T15:46:58.5267603Z  38550K .......... .......... .......... .......... .......... 62%  321M 0s
2025-02-16T15:46:58.5269263Z  38600K .......... .......... .......... .......... .......... 62%  285M 0s
2025-02-16T15:46:58.5271032Z  38650K .......... .......... .......... .......... .......... 62%  267M 0s
2025-02-16T15:46:58.5273144Z  38700K .......... .......... .......... .......... .......... 62%  276M 0s
2025-02-16T15:46:58.5275097Z  38750K .......... .......... .......... .......... .......... 62%  226M 0s
2025-02-16T15:46:58.5277005Z  38800K .......... .......... .......... .......... .......... 62%  305M 0s
2025-02-16T15:46:58.5279081Z  38850K .......... .......... .......... .......... .......... 63%  259M 0s
2025-02-16T15:46:58.5280994Z  38900K .......... .......... .......... .......... .......... 63%  309M 0s
2025-02-16T15:46:58.5282950Z  38950K .......... .......... .......... .......... .......... 63%  295M 0s
2025-02-16T15:46:58.5285910Z  39000K .......... .......... .......... .......... .......... 63%  268M 0s
2025-02-16T15:46:58.5287249Z  39050K .......... .......... .......... .......... .......... 63%  286M 0s
2025-02-16T15:46:58.5289760Z  39100K .......... .......... .......... .......... .......... 63%  329M 0s
2025-02-16T15:46:58.5291455Z  39150K .......... .......... .......... .......... .......... 63%  218M 0s
2025-02-16T15:46:58.5292766Z  39200K .......... .......... .......... .......... .......... 63%  293M 0s
2025-02-16T15:46:58.5295749Z  39250K .......... .......... .......... .......... .......... 63%  305M 0s
2025-02-16T15:46:58.5297740Z  39300K .......... .......... .......... .......... .......... 63%  296M 0s
2025-02-16T15:46:58.5299889Z  39350K .......... .......... .......... .......... .......... 63%  270M 0s
2025-02-16T15:46:58.5301405Z  39400K .......... .......... .......... .......... .......... 63%  314M 0s
2025-02-16T15:46:58.5303394Z  39450K .......... .......... .......... .......... .......... 64%  290M 0s
2025-02-16T15:46:58.5305215Z  39500K .......... .......... .......... .......... .......... 64%  313M 0s
2025-02-16T15:46:58.5306760Z  39550K .......... .......... .......... .......... .......... 64%  206M 0s
2025-02-16T15:46:58.5308438Z  39600K .......... .......... .......... .......... .......... 64%  292M 0s
2025-02-16T15:46:58.5310767Z  39650K .......... .......... .......... .......... .......... 64%  313M 0s
2025-02-16T15:46:58.5312164Z  39700K .......... .......... .......... .......... .......... 64%  311M 0s
2025-02-16T15:46:58.5314032Z  39750K .......... .......... .......... .......... .......... 64%  313M 0s
2025-02-16T15:46:58.5315115Z  39800K .......... .......... .......... .......... .......... 64%  293M 0s
2025-02-16T15:46:58.5317317Z  39850K .......... .......... .......... .......... .......... 64%  294M 0s
2025-02-16T15:46:58.5319331Z  39900K .......... .......... .......... .......... .......... 64%  255M 0s
2025-02-16T15:46:58.5320260Z  39950K .......... .......... .......... .......... .......... 64%  218M 0s
2025-02-16T15:46:58.5323087Z  40000K .......... .......... .......... .......... .......... 64%  326M 0s
2025-02-16T15:46:58.5324496Z  40050K .......... .......... .......... .......... .......... 64%  291M 0s
2025-02-16T15:46:58.5326125Z  40100K .......... .......... .......... .......... .......... 65%  276M 0s
2025-02-16T15:46:58.5327245Z  40150K .......... .......... .......... .......... .......... 65%  297M 0s
2025-02-16T15:46:58.5329885Z  40200K .......... .......... .......... .......... .......... 65%  285M 0s
2025-02-16T15:46:58.5331586Z  40250K .......... .......... .......... .......... .......... 65%  289M 0s
2025-02-16T15:46:58.5332941Z  40300K .......... .......... .......... .......... .......... 65%  308M 0s
2025-02-16T15:46:58.5334576Z  40350K .......... .......... .......... .......... .......... 65%  216M 0s
2025-02-16T15:46:58.5335645Z  40400K .......... .......... .......... .......... .......... 65%  271M 0s
2025-02-16T15:46:58.5336743Z  40450K .......... .......... .......... .......... .......... 65%  304M 0s
2025-02-16T15:46:58.5338404Z  40500K .......... .......... .......... .......... .......... 65%  273M 0s
2025-02-16T15:46:58.5340032Z  40550K .......... .......... .......... .......... .......... 65%  297M 0s
2025-02-16T15:46:58.5341574Z  40600K .......... .......... .......... .......... .......... 65%  303M 0s
2025-02-16T15:46:58.5343134Z  40650K .......... .......... .......... .......... .......... 65%  309M 0s
2025-02-16T15:46:58.5344168Z  40700K .......... .......... .......... .......... .......... 66%  266M 0s
2025-02-16T15:46:58.5345338Z  40750K .......... .......... .......... .......... .......... 66%  220M 0s
2025-02-16T15:46:58.5346579Z  40800K .......... .......... .......... .......... .......... 66%  284M 0s
2025-02-16T15:46:58.5348000Z  40850K .......... .......... .......... .......... .......... 66%  281M 0s
2025-02-16T15:46:58.5349365Z  40900K .......... .......... .......... .......... .......... 66%  267M 0s
2025-02-16T15:46:58.5350446Z  40950K .......... .......... .......... .......... .......... 66%  273M 0s
2025-02-16T15:46:58.5351816Z  41000K .......... .......... .......... .......... .......... 66%  278M 0s
2025-02-16T15:46:58.5352640Z  41050K .......... .......... .......... .......... .......... 66%  257M 0s
2025-02-16T15:46:58.5353476Z  41100K .......... .......... .......... .......... .......... 66%  253M 0s
2025-02-16T15:46:58.5354327Z  41150K .......... .......... .......... .......... .......... 66%  221M 0s
2025-02-16T15:46:58.5355176Z  41200K .......... .......... .......... .......... .......... 66%  295M 0s
2025-02-16T15:46:58.5356000Z  41250K .......... .......... .......... .......... .......... 66%  269M 0s
2025-02-16T15:46:58.5356794Z  41300K .......... .......... .......... .......... .......... 67%  277M 0s
2025-02-16T15:46:58.5357876Z  41350K .......... .......... .......... .......... .......... 67%  294M 0s
2025-02-16T15:46:58.5359606Z  41400K .......... .......... .......... .......... .......... 67%  293M 0s
2025-02-16T15:46:58.5361146Z  41450K .......... .......... .......... .......... .......... 67%  294M 0s
2025-02-16T15:46:58.5362493Z  41500K .......... .......... .......... .......... .......... 67%  302M 0s
2025-02-16T15:46:58.5363828Z  41550K .......... .......... .......... .......... .......... 67%  239M 0s
2025-02-16T15:46:58.5366228Z  41600K .......... .......... .......... .......... .......... 67%  452M 0s
2025-02-16T15:46:58.5367702Z  41650K .......... .......... .......... .......... .......... 67%  457M 0s
2025-02-16T15:46:58.5369980Z  41700K .......... .......... .......... .......... .......... 67%  473M 0s
2025-02-16T15:46:58.5371307Z  41750K .......... .......... .......... .......... .......... 67%  458M 0s
2025-02-16T15:46:58.5373283Z  41800K .......... .......... .......... .......... .......... 67%  460M 0s
2025-02-16T15:46:58.5374617Z  41850K .......... .......... .......... .......... .......... 67%  485M 0s
2025-02-16T15:46:58.5376255Z  41900K .......... .......... .......... .......... .......... 67%  479M 0s
2025-02-16T15:46:58.5378393Z  41950K .......... .......... .......... .......... .......... 68%  364M 0s
2025-02-16T15:46:58.5379922Z  42000K .......... .......... .......... .......... .......... 68%  229M 0s
2025-02-16T15:46:58.5381891Z  42050K .......... .......... .......... .......... .......... 68%  306M 0s
2025-02-16T15:46:58.5384272Z  42100K .......... .......... .......... .......... .......... 68%  307M 0s
2025-02-16T15:46:58.5386452Z  42150K .......... .......... .......... .......... .......... 68%  322M 0s
2025-02-16T15:46:58.5388461Z  42200K .......... .......... .......... .......... .......... 68%  327M 0s
2025-02-16T15:46:58.5390791Z  42250K .......... .......... .......... .......... .......... 68%  309M 0s
2025-02-16T15:46:58.5392122Z  42300K .......... .......... .......... .......... .......... 68%  280M 0s
2025-02-16T15:46:58.5393440Z  42350K .......... .......... .......... .......... .......... 68%  228M 0s
2025-02-16T15:46:58.5396295Z  42400K .......... .......... .......... .......... .......... 68%  325M 0s
2025-02-16T15:46:58.5397748Z  42450K .......... .......... .......... .......... .......... 68%  315M 0s
2025-02-16T15:46:58.5399885Z  42500K .......... .......... .......... .......... .......... 68%  314M 0s
2025-02-16T15:46:58.5401463Z  42550K .......... .......... .......... .......... .......... 69%  312M 0s
2025-02-16T15:46:58.5403337Z  42600K .......... .......... .......... .......... .......... 69%  221M 0s
2025-02-16T15:46:58.5405361Z  42650K .......... .......... .......... .......... .......... 69%  300M 0s
2025-02-16T15:46:58.5407346Z  42700K .......... .......... .......... .......... .......... 69%  257M 0s
2025-02-16T15:46:58.5408801Z  42750K .......... .......... .......... .......... .......... 69%  248M 0s
2025-02-16T15:46:58.5411140Z  42800K .......... .......... .......... .......... .......... 69%  279M 0s
2025-02-16T15:46:58.5412457Z  42850K .......... .......... .......... .......... .......... 69%  281M 0s
2025-02-16T15:46:58.5413982Z  42900K .......... .......... .......... .......... .......... 69%  303M 0s
2025-02-16T15:46:58.5416846Z  42950K .......... .......... .......... .......... .......... 69%  310M 0s
2025-02-16T15:46:58.5418304Z  43000K .......... .......... .......... .......... .......... 69%  325M 0s
2025-02-16T15:46:58.5420975Z  43050K .......... .......... .......... .......... .......... 69%  324M 0s
2025-02-16T15:46:58.5422134Z  43100K .......... .......... .......... .......... .......... 69%  284M 0s
2025-02-16T15:46:58.5423222Z  43150K .......... .......... .......... .......... .......... 70%  224M 0s
2025-02-16T15:46:58.5424031Z  43200K .......... .......... .......... .......... .......... 70%  304M 0s
2025-02-16T15:46:58.5426795Z  43250K .......... .......... .......... .......... .......... 70%  299M 0s
2025-02-16T15:46:58.5428146Z  43300K .......... .......... .......... .......... .......... 70%  271M 0s
2025-02-16T15:46:58.5429292Z  43350K .......... .......... .......... .......... .......... 70%  286M 0s
2025-02-16T15:46:58.5432057Z  43400K .......... .......... .......... .......... .......... 70%  315M 0s
2025-02-16T15:46:58.5433434Z  43450K .......... .......... .......... .......... .......... 70%  292M 0s
2025-02-16T15:46:58.5436176Z  43500K .......... .......... .......... .......... .......... 70%  311M 0s
2025-02-16T15:46:58.5437862Z  43550K .......... .......... .......... .......... .......... 70%  233M 0s
2025-02-16T15:46:58.5440691Z  43600K .......... .......... .......... .......... .......... 70%  331M 0s
2025-02-16T15:46:58.5442340Z  43650K .......... .......... .......... .......... .......... 70%  324M 0s
2025-02-16T15:46:58.5443721Z  43700K .......... .......... .......... .......... .......... 70%  285M 0s
2025-02-16T15:46:58.5446849Z  43750K .......... .......... .......... .......... .......... 70%  281M 0s
2025-02-16T15:46:58.5448316Z  43800K .......... .......... .......... .......... .......... 71%  286M 0s
2025-02-16T15:46:58.5450759Z  43850K .......... .......... .......... .......... .......... 71%  307M 0s
2025-02-16T15:46:58.5452076Z  43900K .......... .......... .......... .......... .......... 71%  332M 0s
2025-02-16T15:46:58.5453440Z  43950K .......... .......... .......... .......... .......... 71%  235M 0s
2025-02-16T15:46:58.5456495Z  44000K .......... .......... .......... .......... .......... 71%  303M 0s
2025-02-16T15:46:58.5458050Z  44050K .......... .......... .......... .......... .......... 71%  260M 0s
2025-02-16T15:46:58.5460848Z  44100K .......... .......... .......... .......... .......... 71%  310M 0s
2025-02-16T15:46:58.5462038Z  44150K .......... .......... .......... .......... .......... 71%  317M 0s
2025-02-16T15:46:58.5463238Z  44200K .......... .......... .......... .......... .......... 71%  298M 0s
2025-02-16T15:46:58.5466068Z  44250K .......... .......... .......... .......... .......... 71%  343M 0s
2025-02-16T15:46:58.5467719Z  44300K .......... .......... .......... .......... .......... 71%  289M 0s
2025-02-16T15:46:58.5469067Z  44350K .......... .......... .......... .......... .......... 71%  233M 0s
2025-02-16T15:46:58.5470144Z  44400K .......... .......... .......... .......... .......... 72%  304M 0s
2025-02-16T15:46:58.5471451Z  44450K .......... .......... .......... .......... .......... 72%  305M 0s
2025-02-16T15:46:58.5502041Z  44500K .......... .......... .......... .......... .......... 72%  327M 0s
2025-02-16T15:46:58.5503408Z  44550K .......... .......... .......... .......... .......... 72%  310M 0s
2025-02-16T15:46:58.5505875Z  44600K .......... .......... .......... .......... .......... 72%  295M 0s
2025-02-16T15:46:58.5507101Z  44650K .......... .......... .......... .......... .......... 72%  285M 0s
2025-02-16T15:46:58.5508523Z  44700K .......... .......... .......... .......... .......... 72%  309M 0s
2025-02-16T15:46:58.5511293Z  44750K .......... .......... .......... .......... .......... 72%  236M 0s
2025-02-16T15:46:58.5512375Z  44800K .......... .......... .......... .......... .......... 72%  335M 0s
2025-02-16T15:46:58.5515157Z  44850K .......... .......... .......... .......... .......... 72%  288M 0s
2025-02-16T15:46:58.5516241Z  44900K .......... .......... .......... .......... .......... 72%  326M 0s
2025-02-16T15:46:58.5517264Z  44950K .......... .......... .......... .......... .......... 72%  286M 0s
2025-02-16T15:46:58.5519737Z  45000K .......... .......... .......... .......... .......... 73%  295M 0s
2025-02-16T15:46:58.5520985Z  45050K .......... .......... .......... .......... .......... 73%  334M 0s
2025-02-16T15:46:58.5522150Z  45100K .......... .......... .......... .......... .......... 73%  297M 0s
2025-02-16T15:46:58.5523250Z  45150K .......... .......... .......... .......... .......... 73%  234M 0s
2025-02-16T15:46:58.5525717Z  45200K .......... .......... .......... .......... .......... 73%  318M 0s
2025-02-16T15:46:58.5526808Z  45250K .......... .......... .......... .......... .......... 73%  301M 0s
2025-02-16T15:46:58.5529522Z  45300K .......... .......... .......... .......... .......... 73%  333M 0s
2025-02-16T15:46:58.5530743Z  45350K .......... .......... .......... .......... .......... 73%  311M 0s
2025-02-16T15:46:58.5531761Z  45400K .......... .......... .......... .......... .......... 73%  338M 0s
2025-02-16T15:46:58.5534146Z  45450K .......... .......... .......... .......... .......... 73%  315M 0s
2025-02-16T15:46:58.5535229Z  45500K .......... .......... .......... .......... .......... 73%  475M 0s
2025-02-16T15:46:58.5536433Z  45550K .......... .......... .......... .......... .......... 73%  368M 0s
2025-02-16T15:46:58.5539485Z  45600K .......... .......... .......... .......... .......... 73%  387M 0s
2025-02-16T15:46:58.5540424Z  45650K .......... .......... .......... .......... .......... 74%  420M 0s
2025-02-16T15:46:58.5541627Z  45700K .......... .......... .......... .......... .......... 74%  460M 0s
2025-02-16T15:46:58.5543909Z  45750K .......... .......... .......... .......... .......... 74%  476M 0s
2025-02-16T15:46:58.5545095Z  45800K .......... .......... .......... .......... .......... 74%  399M 0s
2025-02-16T15:46:58.5547698Z  45850K .......... .......... .......... .......... .......... 74%  469M 0s
2025-02-16T15:46:58.5548923Z  45900K .......... .......... .......... .......... .......... 74%  424M 0s
2025-02-16T15:46:58.5550025Z  45950K .......... .......... .......... .......... .......... 74%  369M 0s
2025-02-16T15:46:58.5551030Z  46000K .......... .......... .......... .......... .......... 74%  455M 0s
2025-02-16T15:46:58.5553440Z  46050K .......... .......... .......... .......... .......... 74%  410M 0s
2025-02-16T15:46:58.5554510Z  46100K .......... .......... .......... .......... .......... 74%  412M 0s
2025-02-16T15:46:58.5557201Z  46150K .......... .......... .......... .......... .......... 74%  486M 0s
2025-02-16T15:46:58.5558576Z  46200K .......... .......... .......... .......... .......... 74%  462M 0s
2025-02-16T15:46:58.5559573Z  46250K .......... .......... .......... .......... .......... 75%  498M 0s
2025-02-16T15:46:58.5561736Z  46300K .......... .......... .......... .......... .......... 75%  483M 0s
2025-02-16T15:46:58.5562841Z  46350K .......... .......... .......... .......... .......... 75%  346M 0s
2025-02-16T15:46:58.5564044Z  46400K .......... .......... .......... .......... .......... 75%  470M 0s
2025-02-16T15:46:58.5566582Z  46450K .......... .......... .......... .......... .......... 75%  484M 0s
2025-02-16T15:46:58.5567845Z  46500K .......... .......... .......... .......... .......... 75%  419M 0s
2025-02-16T15:46:58.5570290Z  46550K .......... .......... .......... .......... .......... 75%  483M 0s
2025-02-16T15:46:58.5571306Z  46600K .......... .......... .......... .......... .......... 75%  476M 0s
2025-02-16T15:46:58.5572528Z  46650K .......... .......... .......... .......... .......... 75%  470M 0s
2025-02-16T15:46:58.5574908Z  46700K .......... .......... .......... .......... .......... 75%  329M 0s
2025-02-16T15:46:58.5576140Z  46750K .......... .......... .......... .......... .......... 75%  224M 0s
2025-02-16T15:46:58.5577213Z  46800K .......... .......... .......... .......... .......... 75%  307M 0s
2025-02-16T15:46:58.5579974Z  46850K .......... .......... .......... .......... .......... 76%  282M 0s
2025-02-16T15:46:58.5580900Z  46900K .......... .......... .......... .......... .......... 76%  293M 0s
2025-02-16T15:46:58.5581736Z  46950K .......... .......... .......... .......... .......... 76%  286M 0s
2025-02-16T15:46:58.5583932Z  47000K .......... .......... .......... .......... .......... 76%  308M 0s
2025-02-16T15:46:58.5584777Z  47050K .......... .......... .......... .......... .......... 76%  275M 0s
2025-02-16T15:46:58.5585584Z  47100K .......... .......... .......... .......... .......... 76%  307M 0s
2025-02-16T15:46:58.5586385Z  47150K .......... .......... .......... .......... .......... 76%  194M 0s
2025-02-16T15:46:58.5588651Z  47200K .......... .......... .......... .......... .......... 76%  305M 0s
2025-02-16T15:46:58.5589804Z  47250K .......... .......... .......... .......... .......... 76%  320M 0s
2025-02-16T15:46:58.5591162Z  47300K .......... .......... .......... .......... .......... 76%  312M 0s
2025-02-16T15:46:58.5594076Z  47350K .......... .......... .......... .......... .......... 76%  277M 0s
2025-02-16T15:46:58.5595405Z  47400K .......... .......... .......... .......... .......... 76%  314M 0s
2025-02-16T15:46:58.5598178Z  47450K .......... .......... .......... .......... .......... 76%  240M 0s
2025-02-16T15:46:58.5599529Z  47500K .......... .......... .......... .......... .......... 77%  303M 0s
2025-02-16T15:46:58.5601073Z  47550K .......... .......... .......... .......... .......... 77%  232M 0s
2025-02-16T15:46:58.5604126Z  47600K .......... .......... .......... .......... .......... 77%  275M 0s
2025-02-16T15:46:58.5605449Z  47650K .......... .......... .......... .......... .......... 77%  298M 0s
2025-02-16T15:46:58.5608283Z  47700K .......... .......... .......... .......... .......... 77%  272M 0s
2025-02-16T15:46:58.5609614Z  47750K .......... .......... .......... .......... .......... 77%  288M 0s
2025-02-16T15:46:58.5610937Z  47800K .......... .......... .......... .......... .......... 77%  303M 0s
2025-02-16T15:46:58.5612916Z  47850K .......... .......... .......... .......... .......... 77%  277M 0s
2025-02-16T15:46:58.5614595Z  47900K .......... .......... .......... .......... .......... 77%  305M 0s
2025-02-16T15:46:58.5616570Z  47950K .......... .......... .......... .......... .......... 77%  230M 0s
2025-02-16T15:46:58.5618581Z  48000K .......... .......... .......... .......... .......... 77%  262M 0s
2025-02-16T15:46:58.5620675Z  48050K .......... .......... .......... .......... .......... 77%  321M 0s
2025-02-16T15:46:58.5622830Z  48100K .......... .......... .......... .......... .......... 78%  291M 0s
2025-02-16T15:46:58.5625131Z  48150K .......... .......... .......... .......... .......... 78%  292M 0s
2025-02-16T15:46:58.5626454Z  48200K .......... .......... .......... .......... .......... 78%  321M 0s
2025-02-16T15:46:58.5627906Z  48250K .......... .......... .......... .......... .......... 78%  279M 0s
2025-02-16T15:46:58.5629211Z  48300K .......... .......... .......... .......... .......... 78%  279M 0s
2025-02-16T15:46:58.5630517Z  48350K .......... .......... .......... .......... .......... 78%  223M 0s
2025-02-16T15:46:58.5632275Z  48400K .......... .......... .......... .......... .......... 78%  306M 0s
2025-02-16T15:46:58.5634280Z  48450K .......... .......... .......... .......... .......... 78%  323M 0s
2025-02-16T15:46:58.5635610Z  48500K .......... .......... .......... .......... .......... 78%  317M 0s
2025-02-16T15:46:58.5638250Z  48550K .......... .......... .......... .......... .......... 78%  259M 0s
2025-02-16T15:46:58.5639595Z  48600K .......... .......... .......... .......... .......... 78%  291M 0s
2025-02-16T15:46:58.5640723Z  48650K .......... .......... .......... .......... .......... 78%  274M 0s
2025-02-16T15:46:58.5642853Z  48700K .......... .......... .......... .......... .......... 79%  301M 0s
2025-02-16T15:46:58.5644313Z  48750K .......... .......... .......... .......... .......... 79%  223M 0s
2025-02-16T15:46:58.5647058Z  48800K .......... .......... .......... .......... .......... 79%  252M 0s
2025-02-16T15:46:58.5648206Z  48850K .......... .......... .......... .......... .......... 79%  274M 0s
2025-02-16T15:46:58.5650885Z  48900K .......... .......... .......... .......... .......... 79%  324M 0s
2025-02-16T15:46:58.5652054Z  48950K .......... .......... .......... .......... .......... 79%  447M 0s
2025-02-16T15:46:58.5653061Z  49000K .......... .......... .......... .......... .......... 79%  490M 0s
2025-02-16T15:46:58.5655702Z  49050K .......... .......... .......... .......... .......... 79%  456M 0s
2025-02-16T15:46:58.5656739Z  49100K .......... .......... .......... .......... .......... 79%  411M 0s
2025-02-16T15:46:58.5658098Z  49150K .......... .......... .......... .......... .......... 79%  367M 0s
2025-02-16T15:46:58.5660513Z  49200K .......... .......... .......... .......... .......... 79%  478M 0s
2025-02-16T15:46:58.5661726Z  49250K .......... .......... .......... .......... .......... 79%  211M 0s
2025-02-16T15:46:58.5662941Z  49300K .......... .......... .......... .......... .......... 79%  322M 0s
2025-02-16T15:46:58.5665566Z  49350K .......... .......... .......... .......... .......... 80%  327M 0s
2025-02-16T15:46:58.5666642Z  49400K .......... .......... .......... .......... .......... 80%  264M 0s
2025-02-16T15:46:58.5669453Z  49450K .......... .......... .......... .......... .......... 80%  315M 0s
2025-02-16T15:46:58.5671251Z  49500K .......... .......... .......... .......... .......... 80%  328M 0s
2025-02-16T15:46:58.5673397Z  49550K .......... .......... .......... .......... .......... 80%  207M 0s
2025-02-16T15:46:58.5674409Z  49600K .......... .......... .......... .......... .......... 80%  319M 0s
2025-02-16T15:46:58.5675665Z  49650K .......... .......... .......... .......... .......... 80%  328M 0s
2025-02-16T15:46:58.5676909Z  49700K .......... .......... .......... .......... .......... 80%  303M 0s
2025-02-16T15:46:58.5678254Z  49750K .......... .......... .......... .......... .......... 80%  301M 0s
2025-02-16T15:46:58.5679308Z  49800K .......... .......... .......... .......... .......... 80%  292M 0s
2025-02-16T15:46:58.5680383Z  49850K .......... .......... .......... .......... .......... 80%  245M 0s
2025-02-16T15:46:58.5681502Z  49900K .......... .......... .......... .......... .......... 80%  320M 0s
2025-02-16T15:46:58.5682608Z  49950K .......... .......... .......... .......... .......... 81%  235M 0s
2025-02-16T15:46:58.5683724Z  50000K .......... .......... .......... .......... .......... 81%  302M 0s
2025-02-16T15:46:58.5684904Z  50050K .......... .......... .......... .......... .......... 81%  287M 0s
2025-02-16T15:46:58.5686118Z  50100K .......... .......... .......... .......... .......... 81%  274M 0s
2025-02-16T15:46:58.5687182Z  50150K .......... .......... .......... .......... .......... 81%  260M 0s
2025-02-16T15:46:58.5688424Z  50200K .......... .......... .......... .......... .......... 81%  268M 0s
2025-02-16T15:46:58.5689546Z  50250K .......... .......... .......... .......... .......... 81%  295M 0s
2025-02-16T15:46:58.5691066Z  50300K .......... .......... .......... .......... .......... 81%  304M 0s
2025-02-16T15:46:58.5692054Z  50350K .......... .......... .......... .......... .......... 81%  227M 0s
2025-02-16T15:46:58.5694600Z  50400K .......... .......... .......... .......... .......... 81%  292M 0s
2025-02-16T15:46:58.5695932Z  50450K .......... .......... .......... .......... .......... 81%  326M 0s
2025-02-16T15:46:58.5697111Z  50500K .......... .......... .......... .......... .......... 81%  328M 0s
2025-02-16T15:46:58.5698463Z  50550K .......... .......... .......... .......... .......... 82%  286M 0s
2025-02-16T15:46:58.5699745Z  50600K .......... .......... .......... .......... .......... 82%  256M 0s
2025-02-16T15:46:58.5701890Z  50650K .......... .......... .......... .......... .......... 82%  297M 0s
2025-02-16T15:46:58.5704229Z  50700K .......... .......... .......... .......... .......... 82%  244M 0s
2025-02-16T15:46:58.5705963Z  50750K .......... .......... .......... .......... .......... 82%  243M 0s
2025-02-16T15:46:58.5708441Z  50800K .......... .......... .......... .......... .......... 82%  314M 0s
2025-02-16T15:46:58.5710144Z  50850K .......... .......... .......... .......... .......... 82%  295M 0s
2025-02-16T15:46:58.5711345Z  50900K .......... .......... .......... .......... .......... 82%  335M 0s
2025-02-16T15:46:58.5713412Z  50950K .......... .......... .......... .......... .......... 82%  254M 0s
2025-02-16T15:46:58.5714672Z  51000K .......... .......... .......... .......... .......... 82%  298M 0s
2025-02-16T15:46:58.5717133Z  51050K .......... .......... .......... .......... .......... 82%  297M 0s
2025-02-16T15:46:58.5717889Z  51100K .......... .......... .......... .......... .......... 82%  302M 0s
2025-02-16T15:46:58.5718265Z  51150K .......... .......... .......... .......... .......... 82%  248M 0s
2025-02-16T15:46:58.5719750Z  51200K .......... .......... .......... .......... .......... 83%  241M 0s
2025-02-16T15:46:58.5720150Z  51250K .......... .......... .......... .......... .......... 83%  294M 0s
2025-02-16T15:46:58.5720520Z  51300K .......... .......... .......... .......... .......... 83%  275M 0s
2025-02-16T15:46:58.5721085Z  51350K .......... .......... .......... .......... .......... 83%  300M 0s
2025-02-16T15:46:58.5721662Z  51400K .......... .......... .......... .......... .......... 83%  325M 0s
2025-02-16T15:46:58.5722301Z  51450K .......... .......... .......... .......... .......... 83%  323M 0s
2025-02-16T15:46:58.5722884Z  51500K .......... .......... .......... .......... .......... 83%  220M 0s
2025-02-16T15:46:58.5724920Z  51550K .......... .......... .......... .......... .......... 83%  274M 0s
2025-02-16T15:46:58.5725312Z  51600K .......... .......... .......... .......... .......... 83%  268M 0s
2025-02-16T15:46:58.5725867Z  51650K .......... .......... .......... .......... .......... 83%  323M 0s
2025-02-16T15:46:58.5726461Z  51700K .......... .......... .......... .......... .......... 83%  254M 0s
2025-02-16T15:46:58.5726834Z  51750K .......... .......... .......... .......... .......... 83%  316M 0s
2025-02-16T15:46:58.5727349Z  51800K .......... .......... .......... .......... .......... 84%  334M 0s
2025-02-16T15:46:58.5729531Z  51850K .......... .......... .......... .......... .......... 84%  293M 0s
2025-02-16T15:46:58.5730029Z  51900K .......... .......... .......... .......... .......... 84%  251M 0s
2025-02-16T15:46:58.5730407Z  51950K .......... .......... .......... .......... .......... 84%  341M 0s
2025-02-16T15:46:58.5730938Z  52000K .......... .......... .......... .......... .......... 84%  343M 0s
2025-02-16T15:46:58.5731510Z  52050K .......... .......... .......... .......... .......... 84%  334M 0s
2025-02-16T15:46:58.5731910Z  52100K .......... .......... .......... .......... .......... 84%  338M 0s
2025-02-16T15:46:58.5733916Z  52150K .......... .......... .......... .......... .......... 84%  312M 0s
2025-02-16T15:46:58.5734408Z  52200K .......... .......... .......... .......... .......... 84%  314M 0s
2025-02-16T15:46:58.5734997Z  52250K .......... .......... .......... .......... .......... 84%  270M 0s
2025-02-16T15:46:58.5735454Z  52300K .......... .......... .......... .......... .......... 84%  309M 0s
2025-02-16T15:46:58.5735889Z  52350K .......... .......... .......... .......... .......... 84%  284M 0s
2025-02-16T15:46:58.5737707Z  52400K .......... .......... .......... .......... .......... 85%  228M 0s
2025-02-16T15:46:58.5738326Z  52450K .......... .......... .......... .......... .......... 85%  294M 0s
2025-02-16T15:46:58.5738758Z  52500K .......... .......... .......... .......... .......... 85%  343M 0s
2025-02-16T15:46:58.5739121Z  52550K .......... .......... .......... .......... .......... 85%  333M 0s
2025-02-16T15:46:58.5739565Z  52600K .......... .......... .......... .......... .......... 85%  305M 0s
2025-02-16T15:46:58.5740422Z  52650K .......... .......... .......... .......... .......... 85%  276M 0s
2025-02-16T15:46:58.5742355Z  52700K .......... .......... .......... .......... .......... 85%  221M 0s
2025-02-16T15:46:58.5742832Z  52750K .......... .......... .......... .......... .......... 85%  247M 0s
2025-02-16T15:46:58.5743411Z  52800K .......... .......... .......... .......... .......... 85%  335M 0s
2025-02-16T15:46:58.5743866Z  52850K .......... .......... .......... .......... .......... 85%  329M 0s
2025-02-16T15:46:58.5744327Z  52900K .......... .......... .......... .......... .......... 85%  357M 0s
2025-02-16T15:46:58.5744906Z  52950K .......... .......... .......... .......... .......... 85%  301M 0s
2025-02-16T15:46:58.5746846Z  53000K .......... .......... .......... .......... .......... 85%  319M 0s
2025-02-16T15:46:58.5747246Z  53050K .......... .......... .......... .......... .......... 86%  254M 0s
2025-02-16T15:46:58.5747856Z  53100K .......... .......... .......... .......... .......... 86%  218M 0s
2025-02-16T15:46:58.5748466Z  53150K .......... .......... .......... .......... .......... 86%  310M 0s
2025-02-16T15:46:58.5748978Z  53200K .......... .......... .......... .......... .......... 86%  327M 0s
2025-02-16T15:46:58.5749357Z  53250K .......... .......... .......... .......... .......... 86%  297M 0s
2025-02-16T15:46:58.5751535Z  53300K .......... .......... .......... .......... .......... 86%  306M 0s
2025-02-16T15:46:58.5752057Z  53350K .......... .......... .......... .......... .......... 86%  285M 0s
2025-02-16T15:46:58.5752666Z  53400K .......... .......... .......... .......... .......... 86%  277M 0s
2025-02-16T15:46:58.5753250Z  53450K .......... .......... .......... .......... .......... 86%  329M 0s
2025-02-16T15:46:58.5753783Z  53500K .......... .......... .......... .......... .......... 86%  220M 0s
2025-02-16T15:46:58.5754232Z  53550K .......... .......... .......... .......... .......... 86%  304M 0s
2025-02-16T15:46:58.5756363Z  53600K .......... .......... .......... .......... .......... 86%  308M 0s
2025-02-16T15:46:58.5756832Z  53650K .......... .......... .......... .......... .......... 87%  236M 0s
2025-02-16T15:46:58.5757202Z  53700K .......... .......... .......... .......... .......... 87%  331M 0s
2025-02-16T15:46:58.5757887Z  53750K .......... .......... .......... .......... .......... 87%  293M 0s
2025-02-16T15:46:58.5759952Z  53800K .......... .......... .......... .......... .......... 87%  316M 0s
2025-02-16T15:46:58.5760389Z  53850K .......... .......... .......... .......... .......... 87%  342M 0s
2025-02-16T15:46:58.5760788Z  53900K .......... .......... .......... .......... .......... 87%  229M 0s
2025-02-16T15:46:58.5761151Z  53950K .......... .......... .......... .......... .......... 87%  282M 0s
2025-02-16T15:46:58.5761710Z  54000K .......... .......... .......... .......... .......... 87%  337M 0s
2025-02-16T15:46:58.5762281Z  54050K .......... .......... .......... .......... .......... 87%  278M 0s
2025-02-16T15:46:58.5762650Z  54100K .......... .......... .......... .......... .......... 87%  339M 0s
2025-02-16T15:46:58.5763208Z  54150K .......... .......... .......... .......... .......... 87%  337M 0s
2025-02-16T15:46:58.5765322Z  54200K .......... .......... .......... .......... .......... 87%  286M 0s
2025-02-16T15:46:58.5765729Z  54250K .......... .......... .......... .......... .......... 88%  294M 0s
2025-02-16T15:46:58.5766275Z  54300K .......... .......... .......... .......... .......... 88%  206M 0s
2025-02-16T15:46:58.5766855Z  54350K .......... .......... .......... .......... .......... 88%  324M 0s
2025-02-16T15:46:58.5767270Z  54400K .......... .......... .......... .......... .......... 88%  343M 0s
2025-02-16T15:46:58.5769327Z  54450K .......... .......... .......... .......... .......... 88%  286M 0s
2025-02-16T15:46:58.5769969Z  54500K .......... .......... .......... .......... .......... 88%  301M 0s
2025-02-16T15:46:58.5770519Z  54550K .......... .......... .......... .......... .......... 88%  263M 0s
2025-02-16T15:46:58.5771722Z  54600K .......... .......... .......... .......... .......... 88%  299M 0s
2025-02-16T15:46:58.5774235Z  54650K .......... .......... .......... .......... .......... 88%  334M 0s
2025-02-16T15:46:58.5775265Z  54700K .......... .......... .......... .......... .......... 88%  224M 0s
2025-02-16T15:46:58.5778567Z  54750K .......... .......... .......... .......... .......... 88%  330M 0s
2025-02-16T15:46:58.5779060Z  54800K .......... .......... .......... .......... .......... 88%  331M 0s
2025-02-16T15:46:58.5780177Z  54850K .......... .......... .......... .......... .......... 88%  249M 0s
2025-02-16T15:46:58.5783225Z  54900K .......... .......... .......... .......... .......... 89%  334M 0s
2025-02-16T15:46:58.5783793Z  54950K .......... .......... .......... .......... .......... 89%  320M 0s
2025-02-16T15:46:58.5785047Z  55000K .......... .......... .......... .......... .......... 89%  274M 0s
2025-02-16T15:46:58.5788353Z  55050K .......... .......... .......... .......... .......... 89%  321M 0s
2025-02-16T15:46:58.5788985Z  55100K .......... .......... .......... .......... .......... 89%  267M 0s
2025-02-16T15:46:58.5790192Z  55150K .......... .......... .......... .......... .......... 89%  258M 0s
2025-02-16T15:46:58.5791992Z  55200K .......... .......... .......... .......... .......... 89%  300M 0s
2025-02-16T15:46:58.5794105Z  55250K .......... .......... .......... .......... .......... 89%  233M 0s
2025-02-16T15:46:58.5795470Z  55300K .......... .......... .......... .......... .......... 89%  324M 0s
2025-02-16T15:46:58.5797277Z  55350K .......... .......... .......... .......... .......... 89%  278M 0s
2025-02-16T15:46:58.5799326Z  55400K .......... .......... .......... .......... .......... 89%  259M 0s
2025-02-16T15:46:58.5800665Z  55450K .......... .......... .......... .......... .......... 89%  308M 0s
2025-02-16T15:46:58.5803078Z  55500K .......... .......... .......... .......... .......... 90%  216M 0s
2025-02-16T15:46:58.5804442Z  55550K .......... .......... .......... .......... .......... 90%  320M 0s
2025-02-16T15:46:58.5806091Z  55600K .......... .......... .......... .......... .......... 90%  293M 0s
2025-02-16T15:46:58.5808586Z  55650K .......... .......... .......... .......... .......... 90%  285M 0s
2025-02-16T15:46:58.5818860Z  55700K .......... .......... .......... .......... .......... 90%  280M 0s
2025-02-16T15:46:58.5820635Z  55750K .......... .......... .......... .......... .......... 90%  296M 0s
2025-02-16T15:46:58.5821258Z  55800K .......... .......... .......... .......... .......... 90%  314M 0s
2025-02-16T15:46:58.5821907Z  55850K .......... .......... .......... .......... .......... 90%  330M 0s
2025-02-16T15:46:58.5822504Z  55900K .......... .......... .......... .......... .......... 90%  230M 0s
2025-02-16T15:46:58.5823164Z  55950K .......... .......... .......... .......... .......... 90%  258M 0s
2025-02-16T15:46:58.5823777Z  56000K .......... .......... .......... .......... .......... 90%  216M 0s
2025-02-16T15:46:58.5825046Z  56050K .......... .......... .......... .......... .......... 90%  256M 0s
2025-02-16T15:46:58.5825648Z  56100K .......... .......... .......... .......... .......... 91%  294M 0s
2025-02-16T15:46:58.5828990Z  56150K .......... .......... .......... .......... .......... 91%  245M 0s
2025-02-16T15:46:58.5829635Z  56200K .......... .......... .......... .......... .......... 91%  309M 0s
2025-02-16T15:46:58.5830693Z  56250K .......... .......... .......... .......... .......... 91%  256M 0s
2025-02-16T15:46:58.5838819Z  56300K .......... .......... .......... .......... .......... 91%  182M 0s
2025-02-16T15:46:58.5839470Z  56350K .......... .......... .......... .......... .......... 91%  241M 0s
2025-02-16T15:46:58.5840046Z  56400K .......... .......... .......... .......... .......... 91%  295M 0s
2025-02-16T15:46:58.5842359Z  56450K .......... .......... .......... .......... .......... 91%  282M 0s
2025-02-16T15:46:58.5842848Z  56500K .......... .......... .......... .......... .......... 91%  226M 0s
2025-02-16T15:46:58.5843694Z  56550K .......... .......... .......... .......... .......... 91%  289M 0s
2025-02-16T15:46:58.5844295Z  56600K .......... .......... .......... .......... .......... 91%  226M 0s
2025-02-16T15:46:58.5845641Z  56650K .......... .......... .......... .......... .......... 91%  275M 0s
2025-02-16T15:46:58.5868702Z  56700K .......... .......... .......... .......... .......... 91%  187M 0s
2025-02-16T15:46:58.5870459Z  56750K .......... .......... .......... .......... .......... 92%  242M 0s
2025-02-16T15:46:58.5870857Z  56800K .......... .......... .......... .......... .......... 92%  338M 0s
2025-02-16T15:46:58.5871251Z  56850K .......... .......... .......... .......... .......... 92%  291M 0s
2025-02-16T15:46:58.5871637Z  56900K .......... .......... .......... .......... .......... 92%  239M 0s
2025-02-16T15:46:58.5872017Z  56950K .......... .......... .......... .......... .......... 92%  262M 0s
2025-02-16T15:46:58.5872396Z  57000K .......... .......... .......... .......... .......... 92%  211M 0s
2025-02-16T15:46:58.5872781Z  57050K .......... .......... .......... .......... .......... 92%  292M 0s
2025-02-16T15:46:58.5873149Z  57100K .......... .......... .......... .......... .......... 92%  281M 0s
2025-02-16T15:46:58.5873530Z  57150K .......... .......... .......... .......... .......... 92%  308M 0s
2025-02-16T15:46:58.5873904Z  57200K .......... .......... .......... .......... .......... 92%  324M 0s
2025-02-16T15:46:58.5875318Z  57250K .......... .......... .......... .......... .......... 92%  257M 0s
2025-02-16T15:46:58.5877149Z  57300K .......... .......... .......... .......... .......... 92% 57.4M 0s
2025-02-16T15:46:58.5886455Z  57350K .......... .......... .......... .......... .......... 93% 66.6M 0s
2025-02-16T15:46:58.5893931Z  57400K .......... .......... .......... .......... .......... 93% 60.9M 0s
2025-02-16T15:46:58.5901684Z  57450K .......... .......... .......... .......... .......... 93% 60.9M 0s
2025-02-16T15:46:58.5910024Z  57500K .......... .......... .......... .......... .......... 93% 52.1M 0s
2025-02-16T15:46:58.5920301Z  57550K .......... .......... .......... .......... .......... 93%  118M 0s
2025-02-16T15:46:58.5921054Z  57600K .......... .......... .......... .......... .......... 93%  312M 0s
2025-02-16T15:46:58.5922550Z  57650K .......... .......... .......... .......... .......... 93%  313M 0s
2025-02-16T15:46:58.5923043Z  57700K .......... .......... .......... .......... .......... 93%  295M 0s
2025-02-16T15:46:58.5927124Z  57750K .......... .......... .......... .......... .......... 93% 74.3M 0s
2025-02-16T15:46:58.5949456Z  57800K .......... .......... .......... .......... .......... 93% 71.5M 0s
2025-02-16T15:46:58.5949978Z  57850K .......... .......... .......... .......... .......... 93%  266M 0s
2025-02-16T15:46:58.5950484Z  57900K .......... .......... .......... .......... .......... 93%  198M 0s
2025-02-16T15:46:58.5951624Z  57950K .......... .......... .......... .......... .......... 94%  284M 0s
2025-02-16T15:46:58.5952143Z  58000K .......... .......... .......... .......... .......... 94%  258M 0s
2025-02-16T15:46:58.5952642Z  58050K .......... .......... .......... .......... .......... 94%  299M 0s
2025-02-16T15:46:58.5953137Z  58100K .......... .......... .......... .......... .......... 94%  274M 0s
2025-02-16T15:46:58.5953671Z  58150K .......... .......... .......... .......... .......... 94%  287M 0s
2025-02-16T15:46:58.5954349Z  58200K .......... .......... .......... .......... .......... 94%  288M 0s
2025-02-16T15:46:58.5954850Z  58250K .......... .......... .......... .......... .......... 94%  274M 0s
2025-02-16T15:46:58.5957650Z  58300K .......... .......... .......... .......... .......... 94% 69.0M 0s
2025-02-16T15:46:58.5966130Z  58350K .......... .......... .......... .......... .......... 94% 49.0M 0s
2025-02-16T15:46:58.5973816Z  58400K .......... .......... .......... .......... .......... 94% 64.3M 0s
2025-02-16T15:46:58.5981569Z  58450K .......... .......... .......... .......... .......... 94% 66.2M 0s
2025-02-16T15:46:58.5999032Z  58500K .......... .......... .......... .......... .......... 94% 90.7M 0s
2025-02-16T15:46:58.5999782Z  58550K .......... .......... .......... .......... .......... 94%  287M 0s
2025-02-16T15:46:58.6000343Z  58600K .......... .......... .......... .......... .......... 95%  254M 0s
2025-02-16T15:46:58.6000900Z  58650K .......... .......... .......... .......... .......... 95%  258M 0s
2025-02-16T15:46:58.6001462Z  58700K .......... .......... .......... .......... .......... 95%  233M 0s
2025-02-16T15:46:58.6002022Z  58750K .......... .......... .......... .......... .......... 95%  292M 0s
2025-02-16T15:46:58.6002598Z  58800K .......... .......... .......... .......... .......... 95%  262M 0s
2025-02-16T15:46:58.6003156Z  58850K .......... .......... .......... .......... .......... 95%  295M 0s
2025-02-16T15:46:58.6006600Z  58900K .......... .......... .......... .......... .......... 95% 85.5M 0s
2025-02-16T15:46:58.6010903Z  58950K .......... .......... .......... .......... .......... 95% 96.8M 0s
2025-02-16T15:46:58.6018325Z  59000K .......... .......... .......... .......... .......... 95% 69.8M 0s
2025-02-16T15:46:58.6025714Z  59050K .......... .......... .......... .......... .......... 95% 65.6M 0s
2025-02-16T15:46:58.6038988Z  59100K .......... .......... .......... .......... .......... 95%  107M 0s
2025-02-16T15:46:58.6039859Z  59150K .......... .......... .......... .......... .......... 95%  256M 0s
2025-02-16T15:46:58.6040435Z  59200K .......... .......... .......... .......... .......... 96%  305M 0s
2025-02-16T15:46:58.6041194Z  59250K .......... .......... .......... .......... .......... 96%  240M 0s
2025-02-16T15:46:58.6041757Z  59300K .......... .......... .......... .......... .......... 96%  307M 0s
2025-02-16T15:46:58.6042320Z  59350K .......... .......... .......... .......... .......... 96%  322M 0s
2025-02-16T15:46:58.6042888Z  59400K .......... .......... .......... .......... .......... 96%  299M 0s
2025-02-16T15:46:58.6047100Z  59450K .......... .......... .......... .......... .......... 96% 76.3M 0s
2025-02-16T15:46:58.6055229Z  59500K .......... .......... .......... .......... .......... 96% 52.0M 0s
2025-02-16T15:46:58.6063075Z  59550K .......... .......... .......... .......... .......... 96% 62.5M 0s
2025-02-16T15:46:58.6078984Z  59600K .......... .......... .......... .......... .......... 96%  149M 0s
2025-02-16T15:46:58.6079759Z  59650K .......... .......... .......... .......... .......... 96%  284M 0s
2025-02-16T15:46:58.6080325Z  59700K .......... .......... .......... .......... .......... 96%  247M 0s
2025-02-16T15:46:58.6080920Z  59750K .......... .......... .......... .......... .......... 96%  279M 0s
2025-02-16T15:46:58.6081490Z  59800K .......... .......... .......... .......... .......... 97%  282M 0s
2025-02-16T15:46:58.6082045Z  59850K .......... .......... .......... .......... .......... 97%  273M 0s
2025-02-16T15:46:58.6082607Z  59900K .......... .......... .......... .......... .......... 97%  221M 0s
2025-02-16T15:46:58.6083171Z  59950K .......... .......... .......... .......... .......... 97%  290M 0s
2025-02-16T15:46:58.6085242Z  60000K .......... .......... .......... .......... .......... 97% 82.4M 0s
2025-02-16T15:46:58.6090393Z  60050K .......... .......... .......... .......... .......... 97% 83.4M 0s
2025-02-16T15:46:58.6092183Z  60100K .......... .......... .......... .......... .......... 97%  251M 0s
2025-02-16T15:46:58.6094052Z  60150K .......... .......... .......... .......... .......... 97%  252M 0s
2025-02-16T15:46:58.6095760Z  60200K .......... .......... .......... .......... .......... 97%  279M 0s
2025-02-16T15:46:58.6097606Z  60250K .......... .......... .......... .......... .......... 97%  287M 0s
2025-02-16T15:46:58.6100104Z  60300K .......... .......... .......... .......... .......... 97%  197M 0s
2025-02-16T15:46:58.6101861Z  60350K .......... .......... .......... .......... .......... 97%  270M 0s
2025-02-16T15:46:58.6103266Z  60400K .......... .......... .......... .......... .......... 97%  303M 0s
2025-02-16T15:46:58.6105031Z  60450K .......... .......... .......... .......... .......... 98%  295M 0s
2025-02-16T15:46:58.6106589Z  60500K .......... .......... .......... .......... .......... 98%  255M 0s
2025-02-16T15:46:58.6108967Z  60550K .......... .......... .......... .......... .......... 98%  269M 0s
2025-02-16T15:46:58.6110936Z  60600K .......... .......... .......... .......... .......... 98%  223M 0s
2025-02-16T15:46:58.6128743Z  60650K .......... .......... .......... .......... .......... 98%  217M 0s
2025-02-16T15:46:58.6129419Z  60700K .......... .......... .......... .......... .......... 98%  230M 0s
2025-02-16T15:46:58.6130097Z  60750K .......... .......... .......... .......... .......... 98%  313M 0s
2025-02-16T15:46:58.6130731Z  60800K .......... .......... .......... .......... .......... 98%  326M 0s
2025-02-16T15:46:58.6131344Z  60850K .......... .......... .......... .......... .......... 98%  273M 0s
2025-02-16T15:46:58.6132002Z  60900K .......... .......... .......... .......... .......... 98%  332M 0s
2025-02-16T15:46:58.6132504Z  60950K .......... .......... .......... .......... .......... 98%  330M 0s
2025-02-16T15:46:58.6133140Z  61000K .......... .......... .......... .......... .......... 98%  330M 0s
2025-02-16T15:46:58.6133793Z  61050K .......... .......... .......... .......... .......... 99%  314M 0s
2025-02-16T15:46:58.6134345Z  61100K .......... .......... .......... .......... .......... 99%  222M 0s
2025-02-16T15:46:58.6134919Z  61150K .......... .......... .......... .......... .......... 99%  254M 0s
2025-02-16T15:46:58.6135828Z  61200K .......... .......... .......... .......... .......... 99%  278M 0s
2025-02-16T15:46:58.6136391Z  61250K .......... .......... .......... .......... .......... 99%  278M 0s
2025-02-16T15:46:58.6137065Z  61300K .......... .......... .......... .......... .......... 99%  248M 0s
2025-02-16T15:46:58.6137932Z  61350K .......... .......... .......... .......... .......... 99%  285M 0s
2025-02-16T15:46:58.6139341Z  61400K .......... .......... .......... .......... .......... 99%  231M 0s
2025-02-16T15:46:58.6141696Z  61450K .......... .......... .......... .......... .......... 99%  285M 0s
2025-02-16T15:46:58.6143182Z  61500K .......... .......... .......... .......... .......... 99%  220M 0s
2025-02-16T15:46:58.6145251Z  61550K .......... .......... .......... .......... .......... 99%  277M 0s
2025-02-16T15:46:58.6146973Z  61600K .......... .......... .......... .......... .......... 99%  252M 0s
2025-02-16T15:46:58.6148933Z  61650K .......... .......... .......... .......... ........  100%  246M=0.2s
2025-02-16T15:46:58.6148993Z 
2025-02-16T15:46:58.6150589Z 2025-02-16 15:46:58 (268 MB/s) - ‘klayout_0.29.11-1_amd64.deb’ saved [63179420/63179420]
2025-02-16T15:46:58.6150617Z 
2025-02-16T15:46:58.6891105Z Get:1 file:/etc/apt/apt-mirrors.txt Mirrorlist [142 B]
2025-02-16T15:46:58.7205395Z Hit:2 http://azure.archive.ubuntu.com/ubuntu noble InRelease
2025-02-16T15:46:58.7219167Z Hit:6 https://packages.microsoft.com/repos/azure-cli noble InRelease
2025-02-16T15:46:58.7225705Z Get:3 http://azure.archive.ubuntu.com/ubuntu noble-updates InRelease [126 kB]
2025-02-16T15:46:58.7228296Z Get:7 https://packages.microsoft.com/ubuntu/24.04/prod noble InRelease [3600 B]
2025-02-16T15:46:58.7270977Z Get:4 http://azure.archive.ubuntu.com/ubuntu noble-backports InRelease [126 kB]
2025-02-16T15:46:58.7301605Z Get:5 http://azure.archive.ubuntu.com/ubuntu noble-security InRelease [126 kB]
2025-02-16T15:46:58.9096680Z Get:8 https://packages.microsoft.com/ubuntu/24.04/prod noble/main amd64 Packages [21.0 kB]
2025-02-16T15:46:58.9243032Z Get:9 https://packages.microsoft.com/ubuntu/24.04/prod noble/main arm64 Packages [12.9 kB]
2025-02-16T15:46:58.9278028Z Get:10 https://packages.microsoft.com/ubuntu/24.04/prod noble/main armhf Packages [6679 B]
2025-02-16T15:46:58.9576588Z Get:11 http://azure.archive.ubuntu.com/ubuntu noble-updates/main amd64 Packages [865 kB]
2025-02-16T15:46:58.9637307Z Get:12 http://azure.archive.ubuntu.com/ubuntu noble-updates/main amd64 Components [151 kB]
2025-02-16T15:46:58.9656418Z Get:13 http://azure.archive.ubuntu.com/ubuntu noble-updates/universe amd64 Packages [1014 kB]
2025-02-16T15:46:58.9723704Z Get:14 http://azure.archive.ubuntu.com/ubuntu noble-updates/universe amd64 Components [362 kB]
2025-02-16T15:46:58.9746093Z Get:15 http://azure.archive.ubuntu.com/ubuntu noble-updates/restricted amd64 Components [212 B]
2025-02-16T15:46:58.9751594Z Get:16 http://azure.archive.ubuntu.com/ubuntu noble-updates/multiverse amd64 Components [940 B]
2025-02-16T15:46:59.0108095Z Get:17 http://azure.archive.ubuntu.com/ubuntu noble-backports/main amd64 Components [208 B]
2025-02-16T15:46:59.0118471Z Get:18 http://azure.archive.ubuntu.com/ubuntu noble-backports/universe amd64 Components [17.6 kB]
2025-02-16T15:46:59.0124841Z Get:19 http://azure.archive.ubuntu.com/ubuntu noble-backports/restricted amd64 Components [216 B]
2025-02-16T15:46:59.0131366Z Get:20 http://azure.archive.ubuntu.com/ubuntu noble-backports/multiverse amd64 Components [212 B]
2025-02-16T15:46:59.1260029Z Get:21 http://azure.archive.ubuntu.com/ubuntu noble-security/main amd64 Packages [617 kB]
2025-02-16T15:46:59.1284955Z Get:22 http://azure.archive.ubuntu.com/ubuntu noble-security/main amd64 Components [8980 B]
2025-02-16T15:46:59.1293181Z Get:23 http://azure.archive.ubuntu.com/ubuntu noble-security/universe amd64 Packages [803 kB]
2025-02-16T15:46:59.1355509Z Get:24 http://azure.archive.ubuntu.com/ubuntu noble-security/universe amd64 Components [51.9 kB]
2025-02-16T15:46:59.1365299Z Get:25 http://azure.archive.ubuntu.com/ubuntu noble-security/restricted amd64 Components [212 B]
2025-02-16T15:46:59.1368107Z Get:26 http://azure.archive.ubuntu.com/ubuntu noble-security/multiverse amd64 Components [212 B]
2025-02-16T15:47:03.8618124Z Fetched 4316 kB in 1s (5881 kB/s)
2025-02-16T15:47:04.4623965Z Reading package lists...
2025-02-16T15:47:04.5164715Z Reading package lists...
2025-02-16T15:47:04.6454070Z Building dependency tree...
2025-02-16T15:47:04.6461630Z Reading state information...
2025-02-16T15:47:04.7761510Z The following additional packages will be installed:
2025-02-16T15:47:04.7762811Z   libasyncns0 libdouble-conversion3 libegl-mesa0 libegl1 libflac12t64
2025-02-16T15:47:04.7763714Z   libgit2-1.7 libhttp-parser2.9 libinput-bin libinput10 libmd4c0 libmp3lame0
2025-02-16T15:47:04.7764634Z   libmpg123-0t64 libmtdev1t64 libopus0 libpulse0 libqt5core5t64 libqt5dbus5t64
2025-02-16T15:47:04.7765705Z   libqt5designer5 libqt5gui5t64 libqt5multimedia5 libqt5multimediawidgets5
2025-02-16T15:47:04.7766739Z   libqt5network5t64 libqt5opengl5t64 libqt5printsupport5t64 libqt5qml5
2025-02-16T15:47:04.7768083Z   libqt5qmlmodels5 libqt5quick5 libqt5sql5-sqlite libqt5sql5t64 libqt5svg5
2025-02-16T15:47:04.7769157Z   libqt5waylandclient5 libqt5waylandcompositor5 libqt5widgets5t64
2025-02-16T15:47:04.7770262Z   libqt5xml5t64 libqt5xmlpatterns5 libsndfile1 libvorbisenc2 libwacom-common
2025-02-16T15:47:04.7771675Z   libwacom9 libxcb-icccm4 libxcb-image0 libxcb-keysyms1 libxcb-render-util0
2025-02-16T15:47:04.7772991Z   libxcb-shape0 libxcb-util1 libxcb-xinerama0 libxcb-xinput0 libxcb-xkb1
2025-02-16T15:47:04.7774224Z   libxkbcommon-x11-0 qt5-gtk-platformtheme qttranslations5-l10n qtwayland5
2025-02-16T15:47:04.7775168Z Suggested packages:
2025-02-16T15:47:04.7775881Z   opus-tools pulseaudio qgnomeplatform-qt5 qt5-image-formats-plugins
2025-02-16T15:47:04.7776853Z   qt5-qmltooling-plugins libwacom-bin
2025-02-16T15:47:04.8110193Z The following NEW packages will be installed:
2025-02-16T15:47:04.8111489Z   klayout libasyncns0 libdouble-conversion3 libegl-mesa0 libegl1 libflac12t64
2025-02-16T15:47:04.8112835Z   libgit2-1.7 libhttp-parser2.9 libinput-bin libinput10 libmd4c0 libmp3lame0
2025-02-16T15:47:04.8114481Z   libmpg123-0t64 libmtdev1t64 libopus0 libpulse0 libqt5core5t64 libqt5dbus5t64
2025-02-16T15:47:04.8116165Z   libqt5designer5 libqt5gui5t64 libqt5multimedia5 libqt5multimediawidgets5
2025-02-16T15:47:04.8118078Z   libqt5network5t64 libqt5opengl5t64 libqt5printsupport5t64 libqt5qml5
2025-02-16T15:47:04.8120054Z   libqt5qmlmodels5 libqt5quick5 libqt5sql5-sqlite libqt5sql5t64 libqt5svg5
2025-02-16T15:47:04.8121875Z   libqt5waylandclient5 libqt5waylandcompositor5 libqt5widgets5t64
2025-02-16T15:47:04.8123218Z   libqt5xml5t64 libqt5xmlpatterns5 libsndfile1 libvorbisenc2 libwacom-common
2025-02-16T15:47:04.8124593Z   libwacom9 libxcb-icccm4 libxcb-image0 libxcb-keysyms1 libxcb-render-util0
2025-02-16T15:47:04.8125862Z   libxcb-shape0 libxcb-util1 libxcb-xinerama0 libxcb-xinput0 libxcb-xkb1
2025-02-16T15:47:04.8127052Z   libxkbcommon-x11-0 qt5-gtk-platformtheme qttranslations5-l10n qtwayland5
2025-02-16T15:47:05.0992763Z 0 upgraded, 53 newly installed, 0 to remove and 22 not upgraded.
2025-02-16T15:47:05.0993487Z Need to get 23.2 MB/86.3 MB of archives.
2025-02-16T15:47:05.0994035Z After this operation, 301 MB of additional disk space will be used.
2025-02-16T15:47:05.0995100Z Get:1 /home/runner/work/tt10-analog-tatzeltapeout/tt10-analog-tatzeltapeout/klayout_0.29.11-1_amd64.deb klayout amd64 0.29.11-1 [63.2 MB]
2025-02-16T15:47:05.0996774Z Get:2 file:/etc/apt/apt-mirrors.txt Mirrorlist [142 B]
2025-02-16T15:47:05.1313001Z Get:3 http://azure.archive.ubuntu.com/ubuntu noble/universe amd64 libdouble-conversion3 amd64 3.3.0-1build1 [40.3 kB]
2025-02-16T15:47:05.1610797Z Get:4 http://azure.archive.ubuntu.com/ubuntu noble/universe amd64 libqt5core5t64 amd64 5.15.13+dfsg-1ubuntu1 [2011 kB]
2025-02-16T15:47:05.1933008Z Get:5 http://azure.archive.ubuntu.com/ubuntu noble-updates/main amd64 libegl-mesa0 amd64 24.2.8-1ubuntu1~24.04.1 [129 kB]
2025-02-16T15:47:05.2092743Z Get:6 http://azure.archive.ubuntu.com/ubuntu noble/main amd64 libegl1 amd64 1.7.0-1build1 [28.7 kB]
2025-02-16T15:47:05.2245874Z Get:7 http://azure.archive.ubuntu.com/ubuntu noble/main amd64 libmtdev1t64 amd64 1.1.6-1.1build1 [14.4 kB]
2025-02-16T15:47:05.2392529Z Get:8 http://azure.archive.ubuntu.com/ubuntu noble/main amd64 libwacom-common all 2.10.0-2 [63.4 kB]
2025-02-16T15:47:05.2540755Z Get:9 http://azure.archive.ubuntu.com/ubuntu noble/main amd64 libwacom9 amd64 2.10.0-2 [23.9 kB]
2025-02-16T15:47:05.2686946Z Get:10 http://azure.archive.ubuntu.com/ubuntu noble/main amd64 libinput-bin amd64 1.25.0-1ubuntu2 [22.2 kB]
2025-02-16T15:47:05.2830368Z Get:11 http://azure.archive.ubuntu.com/ubuntu noble/main amd64 libinput10 amd64 1.25.0-1ubuntu2 [133 kB]
2025-02-16T15:47:05.2989851Z Get:12 http://azure.archive.ubuntu.com/ubuntu noble/universe amd64 libmd4c0 amd64 0.4.8-1build1 [42.3 kB]
2025-02-16T15:47:05.3138840Z Get:13 http://azure.archive.ubuntu.com/ubuntu noble/universe amd64 libqt5dbus5t64 amd64 5.15.13+dfsg-1ubuntu1 [220 kB]
2025-02-16T15:47:05.3300572Z Get:14 http://azure.archive.ubuntu.com/ubuntu noble/universe amd64 libqt5network5t64 amd64 5.15.13+dfsg-1ubuntu1 [723 kB]
2025-02-16T15:47:05.3495781Z Get:15 http://azure.archive.ubuntu.com/ubuntu noble/main amd64 libxcb-icccm4 amd64 0.4.1-1.1build3 [10.8 kB]
2025-02-16T15:47:05.3644267Z Get:16 http://azure.archive.ubuntu.com/ubuntu noble/main amd64 libxcb-util1 amd64 0.4.0-1build3 [10.7 kB]
2025-02-16T15:47:05.3784779Z Get:17 http://azure.archive.ubuntu.com/ubuntu noble/main amd64 libxcb-image0 amd64 0.4.0-2build1 [10.8 kB]
2025-02-16T15:47:05.3929276Z Get:18 http://azure.archive.ubuntu.com/ubuntu noble/main amd64 libxcb-keysyms1 amd64 0.4.0-1build4 [7956 B]
2025-02-16T15:47:05.4071326Z Get:19 http://azure.archive.ubuntu.com/ubuntu noble/main amd64 libxcb-render-util0 amd64 0.3.9-1build4 [9608 B]
2025-02-16T15:47:05.4217238Z Get:20 http://azure.archive.ubuntu.com/ubuntu noble/main amd64 libxcb-shape0 amd64 1.15-1ubuntu2 [6100 B]
2025-02-16T15:47:05.4814051Z Get:21 http://azure.archive.ubuntu.com/ubuntu noble/main amd64 libxcb-xinerama0 amd64 1.15-1ubuntu2 [5410 B]
2025-02-16T15:47:05.4959633Z Get:22 http://azure.archive.ubuntu.com/ubuntu noble/main amd64 libxcb-xinput0 amd64 1.15-1ubuntu2 [33.2 kB]
2025-02-16T15:47:05.5109803Z Get:23 http://azure.archive.ubuntu.com/ubuntu noble/main amd64 libxcb-xkb1 amd64 1.15-1ubuntu2 [32.3 kB]
2025-02-16T15:47:05.5295636Z Get:24 http://azure.archive.ubuntu.com/ubuntu noble/main amd64 libxkbcommon-x11-0 amd64 1.6.0-1build1 [14.5 kB]
2025-02-16T15:47:05.5439931Z Get:25 http://azure.archive.ubuntu.com/ubuntu noble/universe amd64 libqt5gui5t64 amd64 5.15.13+dfsg-1ubuntu1 [3748 kB]
2025-02-16T15:47:05.5877939Z Get:26 http://azure.archive.ubuntu.com/ubuntu noble/universe amd64 libqt5widgets5t64 amd64 5.15.13+dfsg-1ubuntu1 [2561 kB]
2025-02-16T15:47:05.6243443Z Get:27 http://azure.archive.ubuntu.com/ubuntu noble/universe amd64 libqt5xml5t64 amd64 5.15.13+dfsg-1ubuntu1 [124 kB]
2025-02-16T15:47:05.6406463Z Get:28 http://azure.archive.ubuntu.com/ubuntu noble/universe amd64 libqt5designer5 amd64 5.15.13-1 [2824 kB]
2025-02-16T15:47:05.6739160Z Get:29 http://azure.archive.ubuntu.com/ubuntu noble/main amd64 libasyncns0 amd64 0.8-6build4 [11.3 kB]
2025-02-16T15:47:05.6884486Z Get:30 http://azure.archive.ubuntu.com/ubuntu noble/main amd64 libflac12t64 amd64 1.4.3+ds-2.1ubuntu2 [197 kB]
2025-02-16T15:47:05.7038670Z Get:31 http://azure.archive.ubuntu.com/ubuntu noble/main amd64 libmp3lame0 amd64 3.100-6build1 [142 kB]
2025-02-16T15:47:05.7227977Z Get:32 http://azure.archive.ubuntu.com/ubuntu noble-updates/main amd64 libmpg123-0t64 amd64 1.32.5-1ubuntu1.1 [169 kB]
2025-02-16T15:47:05.7388959Z Get:33 http://azure.archive.ubuntu.com/ubuntu noble/main amd64 libopus0 amd64 1.4-1build1 [208 kB]
2025-02-16T15:47:05.7544790Z Get:34 http://azure.archive.ubuntu.com/ubuntu noble/main amd64 libvorbisenc2 amd64 1.3.7-1build3 [80.8 kB]
2025-02-16T15:47:05.7693882Z Get:35 http://azure.archive.ubuntu.com/ubuntu noble/main amd64 libsndfile1 amd64 1.2.2-1ubuntu5 [208 kB]
2025-02-16T15:47:05.7849133Z Get:36 http://azure.archive.ubuntu.com/ubuntu noble-updates/main amd64 libpulse0 amd64 1:16.1+dfsg1-2ubuntu10.1 [292 kB]
2025-02-16T15:47:05.8063407Z Get:37 http://azure.archive.ubuntu.com/ubuntu noble/universe amd64 libqt5multimedia5 amd64 5.15.13-1 [310 kB]
2025-02-16T15:47:05.8310701Z Get:38 http://azure.archive.ubuntu.com/ubuntu noble/universe amd64 libqt5multimediawidgets5 amd64 5.15.13-1 [40.7 kB]
2025-02-16T15:47:05.8891926Z Get:39 http://azure.archive.ubuntu.com/ubuntu noble/universe amd64 libqt5opengl5t64 amd64 5.15.13+dfsg-1ubuntu1 [150 kB]
2025-02-16T15:47:05.9052421Z Get:40 http://azure.archive.ubuntu.com/ubuntu noble/universe amd64 libqt5printsupport5t64 amd64 5.15.13+dfsg-1ubuntu1 [208 kB]
2025-02-16T15:47:05.9216622Z Get:41 http://azure.archive.ubuntu.com/ubuntu noble/universe amd64 libqt5sql5t64 amd64 5.15.13+dfsg-1ubuntu1 [122 kB]
2025-02-16T15:47:05.9372843Z Get:42 http://azure.archive.ubuntu.com/ubuntu noble/universe amd64 libqt5svg5 amd64 5.15.13-1 [146 kB]
2025-02-16T15:47:05.9693111Z Get:43 http://azure.archive.ubuntu.com/ubuntu noble/universe amd64 libqt5xmlpatterns5 amd64 5.15.13-1 [899 kB]
2025-02-16T15:47:06.0051867Z Get:44 http://azure.archive.ubuntu.com/ubuntu noble/main amd64 libhttp-parser2.9 amd64 2.9.4-6build1 [22.3 kB]
2025-02-16T15:47:06.0202621Z Get:45 http://azure.archive.ubuntu.com/ubuntu noble/main amd64 libgit2-1.7 amd64 1.7.2+ds-1ubuntu3 [529 kB]
2025-02-16T15:47:06.0386735Z Get:46 http://azure.archive.ubuntu.com/ubuntu noble/universe amd64 libqt5qml5 amd64 5.15.13+dfsg-1 [1482 kB]
2025-02-16T15:47:06.0680418Z Get:47 http://azure.archive.ubuntu.com/ubuntu noble/universe amd64 libqt5qmlmodels5 amd64 5.15.13+dfsg-1 [203 kB]
2025-02-16T15:47:06.0845744Z Get:48 http://azure.archive.ubuntu.com/ubuntu noble/universe amd64 libqt5quick5 amd64 5.15.13+dfsg-1 [1736 kB]
2025-02-16T15:47:06.1095004Z Get:49 http://azure.archive.ubuntu.com/ubuntu noble/universe amd64 libqt5sql5-sqlite amd64 5.15.13+dfsg-1ubuntu1 [51.5 kB]
2025-02-16T15:47:06.1244841Z Get:50 http://azure.archive.ubuntu.com/ubuntu noble/universe amd64 libqt5waylandclient5 amd64 5.15.13-1 [405 kB]
2025-02-16T15:47:06.1412229Z Get:51 http://azure.archive.ubuntu.com/ubuntu noble/universe amd64 libqt5waylandcompositor5 amd64 5.15.13-1 [396 kB]
2025-02-16T15:47:06.1585918Z Get:52 http://azure.archive.ubuntu.com/ubuntu noble/universe amd64 qt5-gtk-platformtheme amd64 5.15.13+dfsg-1ubuntu1 [125 kB]
2025-02-16T15:47:06.1736526Z Get:53 http://azure.archive.ubuntu.com/ubuntu noble/universe amd64 qttranslations5-l10n all 5.15.13-1 [1964 kB]
2025-02-16T15:47:06.2055229Z Get:54 http://azure.archive.ubuntu.com/ubuntu noble/universe amd64 qtwayland5 amd64 5.15.13-1 [223 kB]
2025-02-16T15:47:06.5014091Z Fetched 23.2 MB in 1s (16.7 MB/s)
2025-02-16T15:47:06.5273416Z Selecting previously unselected package libdouble-conversion3:amd64.
2025-02-16T15:47:06.5494256Z (Reading database ... 
2025-02-16T15:47:06.5494942Z (Reading database ... 5%
2025-02-16T15:47:06.5495400Z (Reading database ... 10%
2025-02-16T15:47:06.5495861Z (Reading database ... 15%
2025-02-16T15:47:06.5496286Z (Reading database ... 20%
2025-02-16T15:47:06.5496702Z (Reading database ... 25%
2025-02-16T15:47:06.5497222Z (Reading database ... 30%
2025-02-16T15:47:06.5497989Z (Reading database ... 35%
2025-02-16T15:47:06.5498410Z (Reading database ... 40%
2025-02-16T15:47:06.5498913Z (Reading database ... 45%
2025-02-16T15:47:06.5499328Z (Reading database ... 50%
2025-02-16T15:47:06.5675717Z (Reading database ... 55%
2025-02-16T15:47:06.5874651Z (Reading database ... 60%
2025-02-16T15:47:06.6089214Z (Reading database ... 65%
2025-02-16T15:47:06.6308149Z (Reading database ... 70%
2025-02-16T15:47:06.6519526Z (Reading database ... 75%
2025-02-16T15:47:06.6897982Z (Reading database ... 80%
2025-02-16T15:47:06.7438506Z (Reading database ... 85%
2025-02-16T15:47:06.8114064Z (Reading database ... 90%
2025-02-16T15:47:06.8513766Z (Reading database ... 95%
2025-02-16T15:47:06.8514604Z (Reading database ... 100%
2025-02-16T15:47:06.8515419Z (Reading database ... 220710 files and directories currently installed.)
2025-02-16T15:47:06.8560872Z Preparing to unpack .../00-libdouble-conversion3_3.3.0-1build1_amd64.deb ...
2025-02-16T15:47:06.8648449Z Unpacking libdouble-conversion3:amd64 (3.3.0-1build1) ...
2025-02-16T15:47:06.8943604Z Selecting previously unselected package libqt5core5t64:amd64.
2025-02-16T15:47:06.9077611Z Preparing to unpack .../01-libqt5core5t64_5.15.13+dfsg-1ubuntu1_amd64.deb ...
2025-02-16T15:47:06.9090194Z Unpacking libqt5core5t64:amd64 (5.15.13+dfsg-1ubuntu1) ...
2025-02-16T15:47:06.9657950Z Selecting previously unselected package libegl-mesa0:amd64.
2025-02-16T15:47:06.9797776Z Preparing to unpack .../02-libegl-mesa0_24.2.8-1ubuntu1~24.04.1_amd64.deb ...
2025-02-16T15:47:06.9810409Z Unpacking libegl-mesa0:amd64 (24.2.8-1ubuntu1~24.04.1) ...
2025-02-16T15:47:07.0083833Z Selecting previously unselected package libegl1:amd64.
2025-02-16T15:47:07.0219602Z Preparing to unpack .../03-libegl1_1.7.0-1build1_amd64.deb ...
2025-02-16T15:47:07.0233419Z Unpacking libegl1:amd64 (1.7.0-1build1) ...
2025-02-16T15:47:07.0467993Z Selecting previously unselected package libmtdev1t64:amd64.
2025-02-16T15:47:07.0610284Z Preparing to unpack .../04-libmtdev1t64_1.1.6-1.1build1_amd64.deb ...
2025-02-16T15:47:07.0630419Z Unpacking libmtdev1t64:amd64 (1.1.6-1.1build1) ...
2025-02-16T15:47:07.0863257Z Selecting previously unselected package libwacom-common.
2025-02-16T15:47:07.1001531Z Preparing to unpack .../05-libwacom-common_2.10.0-2_all.deb ...
2025-02-16T15:47:07.1010761Z Unpacking libwacom-common (2.10.0-2) ...
2025-02-16T15:47:07.2032411Z Selecting previously unselected package libwacom9:amd64.
2025-02-16T15:47:07.2172963Z Preparing to unpack .../06-libwacom9_2.10.0-2_amd64.deb ...
2025-02-16T15:47:07.2184712Z Unpacking libwacom9:amd64 (2.10.0-2) ...
2025-02-16T15:47:07.2426779Z Selecting previously unselected package libinput-bin.
2025-02-16T15:47:07.2566689Z Preparing to unpack .../07-libinput-bin_1.25.0-1ubuntu2_amd64.deb ...
2025-02-16T15:47:07.2577952Z Unpacking libinput-bin (1.25.0-1ubuntu2) ...
2025-02-16T15:47:07.2892437Z Selecting previously unselected package libinput10:amd64.
2025-02-16T15:47:07.3028094Z Preparing to unpack .../08-libinput10_1.25.0-1ubuntu2_amd64.deb ...
2025-02-16T15:47:07.3036050Z Unpacking libinput10:amd64 (1.25.0-1ubuntu2) ...
2025-02-16T15:47:07.3295779Z Selecting previously unselected package libmd4c0:amd64.
2025-02-16T15:47:07.3431438Z Preparing to unpack .../09-libmd4c0_0.4.8-1build1_amd64.deb ...
2025-02-16T15:47:07.3440208Z Unpacking libmd4c0:amd64 (0.4.8-1build1) ...
2025-02-16T15:47:07.3683301Z Selecting previously unselected package libqt5dbus5t64:amd64.
2025-02-16T15:47:07.3817185Z Preparing to unpack .../10-libqt5dbus5t64_5.15.13+dfsg-1ubuntu1_amd64.deb ...
2025-02-16T15:47:07.3828348Z Unpacking libqt5dbus5t64:amd64 (5.15.13+dfsg-1ubuntu1) ...
2025-02-16T15:47:07.4108716Z Selecting previously unselected package libqt5network5t64:amd64.
2025-02-16T15:47:07.4242330Z Preparing to unpack .../11-libqt5network5t64_5.15.13+dfsg-1ubuntu1_amd64.deb ...
2025-02-16T15:47:07.4254274Z Unpacking libqt5network5t64:amd64 (5.15.13+dfsg-1ubuntu1) ...
2025-02-16T15:47:07.4603222Z Selecting previously unselected package libxcb-icccm4:amd64.
2025-02-16T15:47:07.4739210Z Preparing to unpack .../12-libxcb-icccm4_0.4.1-1.1build3_amd64.deb ...
2025-02-16T15:47:07.4750064Z Unpacking libxcb-icccm4:amd64 (0.4.1-1.1build3) ...
2025-02-16T15:47:07.4982107Z Selecting previously unselected package libxcb-util1:amd64.
2025-02-16T15:47:07.5117178Z Preparing to unpack .../13-libxcb-util1_0.4.0-1build3_amd64.deb ...
2025-02-16T15:47:07.5128608Z Unpacking libxcb-util1:amd64 (0.4.0-1build3) ...
2025-02-16T15:47:07.5367744Z Selecting previously unselected package libxcb-image0:amd64.
2025-02-16T15:47:07.5504108Z Preparing to unpack .../14-libxcb-image0_0.4.0-2build1_amd64.deb ...
2025-02-16T15:47:07.5513393Z Unpacking libxcb-image0:amd64 (0.4.0-2build1) ...
2025-02-16T15:47:07.5735191Z Selecting previously unselected package libxcb-keysyms1:amd64.
2025-02-16T15:47:07.5873051Z Preparing to unpack .../15-libxcb-keysyms1_0.4.0-1build4_amd64.deb ...
2025-02-16T15:47:07.5885300Z Unpacking libxcb-keysyms1:amd64 (0.4.0-1build4) ...
2025-02-16T15:47:07.6136563Z Selecting previously unselected package libxcb-render-util0:amd64.
2025-02-16T15:47:07.6272500Z Preparing to unpack .../16-libxcb-render-util0_0.3.9-1build4_amd64.deb ...
2025-02-16T15:47:07.6282148Z Unpacking libxcb-render-util0:amd64 (0.3.9-1build4) ...
2025-02-16T15:47:07.6522196Z Selecting previously unselected package libxcb-shape0:amd64.
2025-02-16T15:47:07.6657319Z Preparing to unpack .../17-libxcb-shape0_1.15-1ubuntu2_amd64.deb ...
2025-02-16T15:47:07.6667389Z Unpacking libxcb-shape0:amd64 (1.15-1ubuntu2) ...
2025-02-16T15:47:07.6907328Z Selecting previously unselected package libxcb-xinerama0:amd64.
2025-02-16T15:47:07.7043772Z Preparing to unpack .../18-libxcb-xinerama0_1.15-1ubuntu2_amd64.deb ...
2025-02-16T15:47:07.7053780Z Unpacking libxcb-xinerama0:amd64 (1.15-1ubuntu2) ...
2025-02-16T15:47:07.7270208Z Selecting previously unselected package libxcb-xinput0:amd64.
2025-02-16T15:47:07.7402971Z Preparing to unpack .../19-libxcb-xinput0_1.15-1ubuntu2_amd64.deb ...
2025-02-16T15:47:07.7412728Z Unpacking libxcb-xinput0:amd64 (1.15-1ubuntu2) ...
2025-02-16T15:47:07.7656800Z Selecting previously unselected package libxcb-xkb1:amd64.
2025-02-16T15:47:07.7790413Z Preparing to unpack .../20-libxcb-xkb1_1.15-1ubuntu2_amd64.deb ...
2025-02-16T15:47:07.7799971Z Unpacking libxcb-xkb1:amd64 (1.15-1ubuntu2) ...
2025-02-16T15:47:07.8043423Z Selecting previously unselected package libxkbcommon-x11-0:amd64.
2025-02-16T15:47:07.8180120Z Preparing to unpack .../21-libxkbcommon-x11-0_1.6.0-1build1_amd64.deb ...
2025-02-16T15:47:07.8192548Z Unpacking libxkbcommon-x11-0:amd64 (1.6.0-1build1) ...
2025-02-16T15:47:07.8449103Z Selecting previously unselected package libqt5gui5t64:amd64.
2025-02-16T15:47:07.8588953Z Preparing to unpack .../22-libqt5gui5t64_5.15.13+dfsg-1ubuntu1_amd64.deb ...
2025-02-16T15:47:07.8597929Z Unpacking libqt5gui5t64:amd64 (5.15.13+dfsg-1ubuntu1) ...
2025-02-16T15:47:07.9479588Z Selecting previously unselected package libqt5widgets5t64:amd64.
2025-02-16T15:47:07.9617703Z Preparing to unpack .../23-libqt5widgets5t64_5.15.13+dfsg-1ubuntu1_amd64.deb ...
2025-02-16T15:47:07.9626303Z Unpacking libqt5widgets5t64:amd64 (5.15.13+dfsg-1ubuntu1) ...
2025-02-16T15:47:08.0249287Z Selecting previously unselected package libqt5xml5t64:amd64.
2025-02-16T15:47:08.0386805Z Preparing to unpack .../24-libqt5xml5t64_5.15.13+dfsg-1ubuntu1_amd64.deb ...
2025-02-16T15:47:08.0397658Z Unpacking libqt5xml5t64:amd64 (5.15.13+dfsg-1ubuntu1) ...
2025-02-16T15:47:08.0661332Z Selecting previously unselected package libqt5designer5:amd64.
2025-02-16T15:47:08.0798319Z Preparing to unpack .../25-libqt5designer5_5.15.13-1_amd64.deb ...
2025-02-16T15:47:08.0808283Z Unpacking libqt5designer5:amd64 (5.15.13-1) ...
2025-02-16T15:47:08.1295226Z Selecting previously unselected package libasyncns0:amd64.
2025-02-16T15:47:08.1432198Z Preparing to unpack .../26-libasyncns0_0.8-6build4_amd64.deb ...
2025-02-16T15:47:08.1443523Z Unpacking libasyncns0:amd64 (0.8-6build4) ...
2025-02-16T15:47:08.1686057Z Selecting previously unselected package libflac12t64:amd64.
2025-02-16T15:47:08.1824862Z Preparing to unpack .../27-libflac12t64_1.4.3+ds-2.1ubuntu2_amd64.deb ...
2025-02-16T15:47:08.1835835Z Unpacking libflac12t64:amd64 (1.4.3+ds-2.1ubuntu2) ...
2025-02-16T15:47:08.2156259Z Selecting previously unselected package libmp3lame0:amd64.
2025-02-16T15:47:08.2295637Z Preparing to unpack .../28-libmp3lame0_3.100-6build1_amd64.deb ...
2025-02-16T15:47:08.2308372Z Unpacking libmp3lame0:amd64 (3.100-6build1) ...
2025-02-16T15:47:08.2580706Z Selecting previously unselected package libmpg123-0t64:amd64.
2025-02-16T15:47:08.2720158Z Preparing to unpack .../29-libmpg123-0t64_1.32.5-1ubuntu1.1_amd64.deb ...
2025-02-16T15:47:08.2730641Z Unpacking libmpg123-0t64:amd64 (1.32.5-1ubuntu1.1) ...
2025-02-16T15:47:08.2984974Z Selecting previously unselected package libopus0:amd64.
2025-02-16T15:47:08.3123312Z Preparing to unpack .../30-libopus0_1.4-1build1_amd64.deb ...
2025-02-16T15:47:08.3132719Z Unpacking libopus0:amd64 (1.4-1build1) ...
2025-02-16T15:47:08.3391086Z Selecting previously unselected package libvorbisenc2:amd64.
2025-02-16T15:47:08.3527218Z Preparing to unpack .../31-libvorbisenc2_1.3.7-1build3_amd64.deb ...
2025-02-16T15:47:08.3538006Z Unpacking libvorbisenc2:amd64 (1.3.7-1build3) ...
2025-02-16T15:47:08.3805634Z Selecting previously unselected package libsndfile1:amd64.
2025-02-16T15:47:08.3943285Z Preparing to unpack .../32-libsndfile1_1.2.2-1ubuntu5_amd64.deb ...
2025-02-16T15:47:08.3954735Z Unpacking libsndfile1:amd64 (1.2.2-1ubuntu5) ...
2025-02-16T15:47:08.4237379Z Selecting previously unselected package libpulse0:amd64.
2025-02-16T15:47:08.4374562Z Preparing to unpack .../33-libpulse0_1%3a16.1+dfsg1-2ubuntu10.1_amd64.deb ...
2025-02-16T15:47:08.4455182Z Unpacking libpulse0:amd64 (1:16.1+dfsg1-2ubuntu10.1) ...
2025-02-16T15:47:08.4736723Z Selecting previously unselected package libqt5multimedia5:amd64.
2025-02-16T15:47:08.4872403Z Preparing to unpack .../34-libqt5multimedia5_5.15.13-1_amd64.deb ...
2025-02-16T15:47:08.4886498Z Unpacking libqt5multimedia5:amd64 (5.15.13-1) ...
2025-02-16T15:47:08.5194562Z Selecting previously unselected package libqt5multimediawidgets5:amd64.
2025-02-16T15:47:08.5330566Z Preparing to unpack .../35-libqt5multimediawidgets5_5.15.13-1_amd64.deb ...
2025-02-16T15:47:08.5340828Z Unpacking libqt5multimediawidgets5:amd64 (5.15.13-1) ...
2025-02-16T15:47:08.5578705Z Selecting previously unselected package libqt5opengl5t64:amd64.
2025-02-16T15:47:08.5713022Z Preparing to unpack .../36-libqt5opengl5t64_5.15.13+dfsg-1ubuntu1_amd64.deb ...
2025-02-16T15:47:08.5725045Z Unpacking libqt5opengl5t64:amd64 (5.15.13+dfsg-1ubuntu1) ...
2025-02-16T15:47:08.5996269Z Selecting previously unselected package libqt5printsupport5t64:amd64.
2025-02-16T15:47:08.6131792Z Preparing to unpack .../37-libqt5printsupport5t64_5.15.13+dfsg-1ubuntu1_amd64.deb ...
2025-02-16T15:47:08.6146219Z Unpacking libqt5printsupport5t64:amd64 (5.15.13+dfsg-1ubuntu1) ...
2025-02-16T15:47:08.6419934Z Selecting previously unselected package libqt5sql5t64:amd64.
2025-02-16T15:47:08.6552346Z Preparing to unpack .../38-libqt5sql5t64_5.15.13+dfsg-1ubuntu1_amd64.deb ...
2025-02-16T15:47:08.6561940Z Unpacking libqt5sql5t64:amd64 (5.15.13+dfsg-1ubuntu1) ...
2025-02-16T15:47:08.6822042Z Selecting previously unselected package libqt5svg5:amd64.
2025-02-16T15:47:08.6957162Z Preparing to unpack .../39-libqt5svg5_5.15.13-1_amd64.deb ...
2025-02-16T15:47:08.6967921Z Unpacking libqt5svg5:amd64 (5.15.13-1) ...
2025-02-16T15:47:08.7266584Z Selecting previously unselected package libqt5xmlpatterns5:amd64.
2025-02-16T15:47:08.7401565Z Preparing to unpack .../40-libqt5xmlpatterns5_5.15.13-1_amd64.deb ...
2025-02-16T15:47:08.7411555Z Unpacking libqt5xmlpatterns5:amd64 (5.15.13-1) ...
2025-02-16T15:47:08.7820076Z Selecting previously unselected package libhttp-parser2.9:amd64.
2025-02-16T15:47:08.7958647Z Preparing to unpack .../41-libhttp-parser2.9_2.9.4-6build1_amd64.deb ...
2025-02-16T15:47:08.7969732Z Unpacking libhttp-parser2.9:amd64 (2.9.4-6build1) ...
2025-02-16T15:47:08.8212713Z Selecting previously unselected package libgit2-1.7:amd64.
2025-02-16T15:47:08.8348578Z Preparing to unpack .../42-libgit2-1.7_1.7.2+ds-1ubuntu3_amd64.deb ...
2025-02-16T15:47:08.8360604Z Unpacking libgit2-1.7:amd64 (1.7.2+ds-1ubuntu3) ...
2025-02-16T15:47:08.8705742Z Selecting previously unselected package klayout.
2025-02-16T15:47:08.8842386Z Preparing to unpack .../43-klayout_0.29.11-1_amd64.deb ...
2025-02-16T15:47:08.8851215Z Unpacking klayout (0.29.11-1) ...
2025-02-16T15:47:09.7721335Z Selecting previously unselected package libqt5qml5:amd64.
2025-02-16T15:47:09.7858135Z Preparing to unpack .../44-libqt5qml5_5.15.13+dfsg-1_amd64.deb ...
2025-02-16T15:47:09.7873071Z Unpacking libqt5qml5:amd64 (5.15.13+dfsg-1) ...
2025-02-16T15:47:09.8401298Z Selecting previously unselected package libqt5qmlmodels5:amd64.
2025-02-16T15:47:09.8537979Z Preparing to unpack .../45-libqt5qmlmodels5_5.15.13+dfsg-1_amd64.deb ...
2025-02-16T15:47:09.8548868Z Unpacking libqt5qmlmodels5:amd64 (5.15.13+dfsg-1) ...
2025-02-16T15:47:09.8860743Z Selecting previously unselected package libqt5quick5:amd64.
2025-02-16T15:47:09.9001795Z Preparing to unpack .../46-libqt5quick5_5.15.13+dfsg-1_amd64.deb ...
2025-02-16T15:47:09.9012655Z Unpacking libqt5quick5:amd64 (5.15.13+dfsg-1) ...
2025-02-16T15:47:09.9526095Z Selecting previously unselected package libqt5sql5-sqlite:amd64.
2025-02-16T15:47:09.9664604Z Preparing to unpack .../47-libqt5sql5-sqlite_5.15.13+dfsg-1ubuntu1_amd64.deb ...
2025-02-16T15:47:09.9675376Z Unpacking libqt5sql5-sqlite:amd64 (5.15.13+dfsg-1ubuntu1) ...
2025-02-16T15:47:09.9939550Z Selecting previously unselected package libqt5waylandclient5:amd64.
2025-02-16T15:47:10.0079993Z Preparing to unpack .../48-libqt5waylandclient5_5.15.13-1_amd64.deb ...
2025-02-16T15:47:10.0089535Z Unpacking libqt5waylandclient5:amd64 (5.15.13-1) ...
2025-02-16T15:47:10.0430283Z Selecting previously unselected package libqt5waylandcompositor5:amd64.
2025-02-16T15:47:10.0567958Z Preparing to unpack .../49-libqt5waylandcompositor5_5.15.13-1_amd64.deb ...
2025-02-16T15:47:10.0579856Z Unpacking libqt5waylandcompositor5:amd64 (5.15.13-1) ...
2025-02-16T15:47:10.0899625Z Selecting previously unselected package qt5-gtk-platformtheme:amd64.
2025-02-16T15:47:10.1039819Z Preparing to unpack .../50-qt5-gtk-platformtheme_5.15.13+dfsg-1ubuntu1_amd64.deb ...
2025-02-16T15:47:10.1051998Z Unpacking qt5-gtk-platformtheme:amd64 (5.15.13+dfsg-1ubuntu1) ...
2025-02-16T15:47:10.1306477Z Selecting previously unselected package qttranslations5-l10n.
2025-02-16T15:47:10.1444713Z Preparing to unpack .../51-qttranslations5-l10n_5.15.13-1_all.deb ...
2025-02-16T15:47:10.1455118Z Unpacking qttranslations5-l10n (5.15.13-1) ...
2025-02-16T15:47:10.2687408Z Selecting previously unselected package qtwayland5:amd64.
2025-02-16T15:47:10.2832609Z Preparing to unpack .../52-qtwayland5_5.15.13-1_amd64.deb ...
2025-02-16T15:47:10.2843168Z Unpacking qtwayland5:amd64 (5.15.13-1) ...
2025-02-16T15:47:10.3409812Z Setting up libdouble-conversion3:amd64 (3.3.0-1build1) ...
2025-02-16T15:47:10.3440897Z Setting up libxcb-xinput0:amd64 (1.15-1ubuntu2) ...
2025-02-16T15:47:10.3469807Z Setting up libxcb-keysyms1:amd64 (0.4.0-1build4) ...
2025-02-16T15:47:10.3498247Z Setting up libxcb-shape0:amd64 (1.15-1ubuntu2) ...
2025-02-16T15:47:10.3523525Z Setting up libxcb-render-util0:amd64 (0.3.9-1build4) ...
2025-02-16T15:47:10.3549445Z Setting up libxcb-icccm4:amd64 (0.4.1-1.1build3) ...
2025-02-16T15:47:10.3575900Z Setting up libmpg123-0t64:amd64 (1.32.5-1ubuntu1.1) ...
2025-02-16T15:47:10.3601875Z Setting up libxcb-util1:amd64 (0.4.0-1build3) ...
2025-02-16T15:47:10.3627230Z Setting up libxcb-xkb1:amd64 (1.15-1ubuntu2) ...
2025-02-16T15:47:10.3653997Z Setting up libxcb-image0:amd64 (0.4.0-2build1) ...
2025-02-16T15:47:10.3681146Z Setting up libqt5core5t64:amd64 (5.15.13+dfsg-1ubuntu1) ...
2025-02-16T15:47:10.3718018Z Setting up libegl-mesa0:amd64 (24.2.8-1ubuntu1~24.04.1) ...
2025-02-16T15:47:10.3743940Z Setting up libxcb-xinerama0:amd64 (1.15-1ubuntu2) ...
2025-02-16T15:47:10.3769516Z Setting up qttranslations5-l10n (5.15.13-1) ...
2025-02-16T15:47:10.3796775Z Setting up libopus0:amd64 (1.4-1build1) ...
2025-02-16T15:47:10.3830057Z Setting up libxkbcommon-x11-0:amd64 (1.6.0-1build1) ...
2025-02-16T15:47:10.3855067Z Setting up libmtdev1t64:amd64 (1.1.6-1.1build1) ...
2025-02-16T15:47:10.3883123Z Setting up libasyncns0:amd64 (0.8-6build4) ...
2025-02-16T15:47:10.3910625Z Setting up libegl1:amd64 (1.7.0-1build1) ...
2025-02-16T15:47:10.3933823Z Setting up libqt5sql5t64:amd64 (5.15.13+dfsg-1ubuntu1) ...
2025-02-16T15:47:10.3959750Z Setting up libmd4c0:amd64 (0.4.8-1build1) ...
2025-02-16T15:47:10.3985396Z Setting up libflac12t64:amd64 (1.4.3+ds-2.1ubuntu2) ...
2025-02-16T15:47:10.4013128Z Setting up libmp3lame0:amd64 (3.100-6build1) ...
2025-02-16T15:47:10.4042315Z Setting up libhttp-parser2.9:amd64 (2.9.4-6build1) ...
2025-02-16T15:47:10.4068574Z Setting up libvorbisenc2:amd64 (1.3.7-1build3) ...
2025-02-16T15:47:10.4102916Z Setting up libwacom-common (2.10.0-2) ...
2025-02-16T15:47:10.4128812Z Setting up libqt5dbus5t64:amd64 (5.15.13+dfsg-1ubuntu1) ...
2025-02-16T15:47:10.4152038Z Setting up libqt5sql5-sqlite:amd64 (5.15.13+dfsg-1ubuntu1) ...
2025-02-16T15:47:10.4176823Z Setting up libwacom9:amd64 (2.10.0-2) ...
2025-02-16T15:47:10.4201694Z Setting up libqt5network5t64:amd64 (5.15.13+dfsg-1ubuntu1) ...
2025-02-16T15:47:10.4226354Z Setting up libqt5xml5t64:amd64 (5.15.13+dfsg-1ubuntu1) ...
2025-02-16T15:47:10.4254620Z Setting up libinput-bin (1.25.0-1ubuntu2) ...
2025-02-16T15:47:10.4313447Z Setting up libqt5qml5:amd64 (5.15.13+dfsg-1) ...
2025-02-16T15:47:10.4343717Z Setting up libgit2-1.7:amd64 (1.7.2+ds-1ubuntu3) ...
2025-02-16T15:47:10.4370218Z Setting up libsndfile1:amd64 (1.2.2-1ubuntu5) ...
2025-02-16T15:47:10.4395789Z Setting up libinput10:amd64 (1.25.0-1ubuntu2) ...
2025-02-16T15:47:10.4424978Z Setting up libqt5qmlmodels5:amd64 (5.15.13+dfsg-1) ...
2025-02-16T15:47:10.4449554Z Setting up libpulse0:amd64 (1:16.1+dfsg1-2ubuntu10.1) ...
2025-02-16T15:47:10.4540048Z Setting up libqt5xmlpatterns5:amd64 (5.15.13-1) ...
2025-02-16T15:47:10.4565422Z Setting up libqt5gui5t64:amd64 (5.15.13+dfsg-1ubuntu1) ...
2025-02-16T15:47:10.4591880Z Setting up libqt5quick5:amd64 (5.15.13+dfsg-1) ...
2025-02-16T15:47:10.4619782Z Setting up libqt5widgets5t64:amd64 (5.15.13+dfsg-1ubuntu1) ...
2025-02-16T15:47:10.4645694Z Setting up libqt5svg5:amd64 (5.15.13-1) ...
2025-02-16T15:47:10.4674263Z Setting up qt5-gtk-platformtheme:amd64 (5.15.13+dfsg-1ubuntu1) ...
2025-02-16T15:47:10.4700639Z Setting up libqt5waylandclient5:amd64 (5.15.13-1) ...
2025-02-16T15:47:10.4724883Z Setting up libqt5multimedia5:amd64 (5.15.13-1) ...
2025-02-16T15:47:10.4755917Z Setting up libqt5waylandcompositor5:amd64 (5.15.13-1) ...
2025-02-16T15:47:10.4783595Z Setting up libqt5multimediawidgets5:amd64 (5.15.13-1) ...
2025-02-16T15:47:10.4811680Z Setting up libqt5opengl5t64:amd64 (5.15.13+dfsg-1ubuntu1) ...
2025-02-16T15:47:10.4835943Z Setting up libqt5printsupport5t64:amd64 (5.15.13+dfsg-1ubuntu1) ...
2025-02-16T15:47:10.4869593Z Setting up libqt5designer5:amd64 (5.15.13-1) ...
2025-02-16T15:47:10.4905186Z Setting up qtwayland5:amd64 (5.15.13-1) ...
2025-02-16T15:47:10.4932051Z Setting up klayout (0.29.11-1) ...
2025-02-16T15:47:10.4997943Z Processing triggers for udev (255.4-1ubuntu8.5) ...
2025-02-16T15:47:10.8022908Z Processing triggers for libc-bin (2.39-0ubuntu8.4) ...
2025-02-16T15:47:11.5066084Z 
2025-02-16T15:47:11.5066931Z Running kernel seems to be up-to-date.
2025-02-16T15:47:11.5067690Z 
2025-02-16T15:47:11.5067936Z No services need to be restarted.
2025-02-16T15:47:11.5068361Z 
2025-02-16T15:47:11.5068587Z No containers need to be restarted.
2025-02-16T15:47:11.5069023Z 
2025-02-16T15:47:11.5069303Z No user sessions are running outdated binaries.
2025-02-16T15:47:11.5069810Z 
2025-02-16T15:47:11.5070277Z No VM guests are running outdated hypervisor (qemu) binaries on this host.
2025-02-16T15:47:12.6800332Z Defaulting to user installation because normal site-packages is not writeable
2025-02-16T15:47:13.1108935Z Collecting klayout==0.29.11
2025-02-16T15:47:13.1455589Z   Downloading klayout-0.29.11-cp312-cp312-manylinux_2_17_x86_64.manylinux2014_x86_64.whl.metadata (915 bytes)
2025-02-16T15:47:13.1530629Z Downloading klayout-0.29.11-cp312-cp312-manylinux_2_17_x86_64.manylinux2014_x86_64.whl (23.8 MB)
2025-02-16T15:47:13.5935786Z    ━━━━━━━━━━━━━━━━━━━━━━━━━━━━━━━━━━━━━━━━ 23.8/23.8 MB 70.8 MB/s eta 0:00:00
2025-02-16T15:47:13.8727385Z Installing collected packages: klayout
2025-02-16T15:47:14.2532815Z Successfully installed klayout-0.29.11
2025-02-16T15:47:14.3163311Z ##[group]Run cp gds/tt_um_tatzeltapeout.gds tt_submission/tt_um_tatzeltapeout.gds
2025-02-16T15:47:14.3164147Z [36;1mcp gds/tt_um_tatzeltapeout.gds tt_submission/tt_um_tatzeltapeout.gds[0m
2025-02-16T15:47:14.3164929Z [36;1mstrm2oas gds/tt_um_tatzeltapeout.gds tt_submission/tt_um_tatzeltapeout.oas[0m
2025-02-16T15:47:14.3165703Z [36;1mcp lef/tt_um_tatzeltapeout.lef tt_submission/tt_um_tatzeltapeout.lef[0m
2025-02-16T15:47:14.3166425Z [36;1m[0m
2025-02-16T15:47:14.3166756Z [36;1mtouch tt_submission/tt_um_tatzeltapeout.v[0m
2025-02-16T15:47:14.3167219Z [36;1mif [ -n "src/project.v" ]; then[0m
2025-02-16T15:47:14.3167849Z [36;1m  cp src/project.v tt_submission/tt_um_tatzeltapeout.v[0m
2025-02-16T15:47:14.3168316Z [36;1mfi[0m
2025-02-16T15:47:14.3224079Z shell: /usr/bin/bash --noprofile --norc -e -o pipefail {0}
2025-02-16T15:47:14.3224584Z ##[endgroup]
2025-02-16T15:47:14.3316534Z cp: cannot stat 'gds/tt_um_tatzeltapeout.gds': No such file or directory
2025-02-16T15:47:14.3329746Z ##[error]Process completed with exit code 1.
