2025-02-17T03:15:09.3795922Z Current runner version: '2.322.0'
2025-02-17T03:15:09.3822279Z ##[group]Operating System
2025-02-17T03:15:09.3823203Z Ubuntu
2025-02-17T03:15:09.3823751Z 24.04.1
2025-02-17T03:15:09.3824270Z LTS
2025-02-17T03:15:09.3824822Z ##[endgroup]
2025-02-17T03:15:09.3825320Z ##[group]Runner Image
2025-02-17T03:15:09.3825919Z Image: ubuntu-24.04
2025-02-17T03:15:09.3826516Z Version: 20250209.1.0
2025-02-17T03:15:09.3827576Z Included Software: https://github.com/actions/runner-images/blob/ubuntu24/20250209.1/images/ubuntu/Ubuntu2404-Readme.md
2025-02-17T03:15:09.3829150Z Image Release: https://github.com/actions/runner-images/releases/tag/ubuntu24%2F20250209.1
2025-02-17T03:15:09.3830129Z ##[endgroup]
2025-02-17T03:15:09.3830692Z ##[group]Runner Image Provisioner
2025-02-17T03:15:09.3831287Z 2.0.422.1
2025-02-17T03:15:09.3831841Z ##[endgroup]
2025-02-17T03:15:09.3832966Z ##[group]GITHUB_TOKEN Permissions
2025-02-17T03:15:09.3834824Z Contents: read
2025-02-17T03:15:09.3835434Z Metadata: read
2025-02-17T03:15:09.3836258Z Packages: read
2025-02-17T03:15:09.3836877Z ##[endgroup]
2025-02-17T03:15:09.3840142Z Secret source: Actions
2025-02-17T03:15:09.3840947Z Prepare workflow directory
2025-02-17T03:15:09.4171152Z Prepare all required actions
2025-02-17T03:15:09.4209010Z Getting action download info
2025-02-17T03:15:09.6050779Z ##[group]Download immutable action package 'actions/checkout@v4'
2025-02-17T03:15:09.6051841Z Version: 4.2.2
2025-02-17T03:15:09.6053394Z Digest: sha256:ccb2698953eaebd21c7bf6268a94f9c26518a7e38e27e0b83c1fe1ad049819b1
2025-02-17T03:15:09.6054706Z Source commit SHA: 11bd71901bbe5b1630ceea73d27597364c9af683
2025-02-17T03:15:09.6055576Z ##[endgroup]
2025-02-17T03:15:09.6850737Z Download action repository 'TinyTapeout/tt-gds-action@tt10' (SHA:e69ca5538a6a8ff9f7d327766a1d336285e3ee42)
2025-02-17T03:15:10.0578985Z Getting action download info
2025-02-17T03:15:10.2320689Z ##[group]Download immutable action package 'actions/setup-python@v5'
2025-02-17T03:15:10.2321476Z Version: 5.4.0
2025-02-17T03:15:10.2322196Z Digest: sha256:6003df952c8106bcd378d2ba997eef202da924317a57269dfa72449b135adb7f
2025-02-17T03:15:10.2323209Z Source commit SHA: 42375524e23c412d93fb67b49958b491fce71c38
2025-02-17T03:15:10.2323839Z ##[endgroup]
2025-02-17T03:15:10.4622031Z ##[group]Download immutable action package 'actions/upload-artifact@v4'
2025-02-17T03:15:10.4623322Z Version: 4.6.0
2025-02-17T03:15:10.4624465Z Digest: sha256:bf85474c8423f9cd48bd2caf3ce5adb1711e2dfdb055b040bd36b044e4290329
2025-02-17T03:15:10.4625975Z Source commit SHA: 65c4c4a1ddee5b72f698fdd19549f0f0fb45cf08
2025-02-17T03:15:10.4627083Z ##[endgroup]
2025-02-17T03:15:10.6269025Z Complete job name: docs
2025-02-17T03:15:10.7084232Z ##[group]Run actions/checkout@v4
2025-02-17T03:15:10.7085591Z with:
2025-02-17T03:15:10.7086397Z   submodules: recursive
2025-02-17T03:15:10.7087477Z   repository: tatzelbrumm/tt10-analog-tatzeltapeout
2025-02-17T03:15:10.7089259Z   token: ***
2025-02-17T03:15:10.7090077Z   ssh-strict: true
2025-02-17T03:15:10.7090939Z   ssh-user: git
2025-02-17T03:15:10.7091825Z   persist-credentials: true
2025-02-17T03:15:10.7092776Z   clean: true
2025-02-17T03:15:10.7093645Z   sparse-checkout-cone-mode: true
2025-02-17T03:15:10.7094687Z   fetch-depth: 1
2025-02-17T03:15:10.7095512Z   fetch-tags: false
2025-02-17T03:15:10.7096398Z   show-progress: true
2025-02-17T03:15:10.7097262Z   lfs: false
2025-02-17T03:15:10.7098068Z   set-safe-directory: true
2025-02-17T03:15:10.7099740Z ##[endgroup]
2025-02-17T03:15:10.9101730Z Syncing repository: tatzelbrumm/tt10-analog-tatzeltapeout
2025-02-17T03:15:10.9106326Z ##[group]Getting Git version info
2025-02-17T03:15:10.9109149Z Working directory is '/home/runner/work/tt10-analog-tatzeltapeout/tt10-analog-tatzeltapeout'
2025-02-17T03:15:10.9111669Z [command]/usr/bin/git version
2025-02-17T03:15:10.9147483Z git version 2.48.1
2025-02-17T03:15:10.9178793Z ##[endgroup]
2025-02-17T03:15:10.9195143Z Temporarily overriding HOME='/home/runner/work/_temp/55dfa1fb-da22-4e9e-bd12-f44a3102a279' before making global git config changes
2025-02-17T03:15:10.9200542Z Adding repository directory to the temporary git global config as a safe directory
2025-02-17T03:15:10.9211192Z [command]/usr/bin/git config --global --add safe.directory /home/runner/work/tt10-analog-tatzeltapeout/tt10-analog-tatzeltapeout
2025-02-17T03:15:10.9250348Z Deleting the contents of '/home/runner/work/tt10-analog-tatzeltapeout/tt10-analog-tatzeltapeout'
2025-02-17T03:15:10.9253550Z ##[group]Initializing the repository
2025-02-17T03:15:10.9259048Z [command]/usr/bin/git init /home/runner/work/tt10-analog-tatzeltapeout/tt10-analog-tatzeltapeout
2025-02-17T03:15:10.9332713Z hint: Using 'master' as the name for the initial branch. This default branch name
2025-02-17T03:15:10.9334916Z hint: is subject to change. To configure the initial branch name to use in all
2025-02-17T03:15:10.9337277Z hint: of your new repositories, which will suppress this warning, call:
2025-02-17T03:15:10.9339340Z hint:
2025-02-17T03:15:10.9341076Z hint: 	git config --global init.defaultBranch <name>
2025-02-17T03:15:10.9343189Z hint:
2025-02-17T03:15:10.9345219Z hint: Names commonly chosen instead of 'master' are 'main', 'trunk' and
2025-02-17T03:15:10.9348372Z hint: 'development'. The just-created branch can be renamed via this command:
2025-02-17T03:15:10.9351227Z hint:
2025-02-17T03:15:10.9352681Z hint: 	git branch -m <name>
2025-02-17T03:15:10.9356011Z Initialized empty Git repository in /home/runner/work/tt10-analog-tatzeltapeout/tt10-analog-tatzeltapeout/.git/
2025-02-17T03:15:10.9361937Z [command]/usr/bin/git remote add origin https://github.com/tatzelbrumm/tt10-analog-tatzeltapeout
2025-02-17T03:15:10.9390782Z ##[endgroup]
2025-02-17T03:15:10.9393445Z ##[group]Disabling automatic garbage collection
2025-02-17T03:15:10.9395828Z [command]/usr/bin/git config --local gc.auto 0
2025-02-17T03:15:10.9429305Z ##[endgroup]
2025-02-17T03:15:10.9431720Z ##[group]Setting up auth
2025-02-17T03:15:10.9437663Z [command]/usr/bin/git config --local --name-only --get-regexp core\.sshCommand
2025-02-17T03:15:10.9472418Z [command]/usr/bin/git submodule foreach --recursive sh -c "git config --local --name-only --get-regexp 'core\.sshCommand' && git config --local --unset-all 'core.sshCommand' || :"
2025-02-17T03:15:10.9797156Z [command]/usr/bin/git config --local --name-only --get-regexp http\.https\:\/\/github\.com\/\.extraheader
2025-02-17T03:15:10.9832125Z [command]/usr/bin/git submodule foreach --recursive sh -c "git config --local --name-only --get-regexp 'http\.https\:\/\/github\.com\/\.extraheader' && git config --local --unset-all 'http.https://github.com/.extraheader' || :"
2025-02-17T03:15:11.0082034Z [command]/usr/bin/git config --local http.https://github.com/.extraheader AUTHORIZATION: basic ***
2025-02-17T03:15:11.0124511Z ##[endgroup]
2025-02-17T03:15:11.0126048Z ##[group]Fetching the repository
2025-02-17T03:15:11.0134811Z [command]/usr/bin/git -c protocol.version=2 fetch --no-tags --prune --no-recurse-submodules --depth=1 origin +2b31f4b87dfded28c3ee3fead53fa0fc5bee8768:refs/remotes/origin/main
2025-02-17T03:15:11.3369770Z From https://github.com/tatzelbrumm/tt10-analog-tatzeltapeout
2025-02-17T03:15:11.3372926Z  * [new ref]         2b31f4b87dfded28c3ee3fead53fa0fc5bee8768 -> origin/main
2025-02-17T03:15:11.3395667Z ##[endgroup]
2025-02-17T03:15:11.3397707Z ##[group]Determining the checkout info
2025-02-17T03:15:11.3399601Z ##[endgroup]
2025-02-17T03:15:11.3402897Z [command]/usr/bin/git sparse-checkout disable
2025-02-17T03:15:11.3443023Z [command]/usr/bin/git config --local --unset-all extensions.worktreeConfig
2025-02-17T03:15:11.3473624Z ##[group]Checking out the ref
2025-02-17T03:15:11.3476819Z [command]/usr/bin/git checkout --progress --force -B main refs/remotes/origin/main
2025-02-17T03:15:11.3580758Z Switched to a new branch 'main'
2025-02-17T03:15:11.3584360Z branch 'main' set up to track 'origin/main'.
2025-02-17T03:15:11.3592615Z ##[endgroup]
2025-02-17T03:15:11.3594347Z ##[group]Setting up auth for fetching submodules
2025-02-17T03:15:11.3599743Z [command]/usr/bin/git config --global http.https://github.com/.extraheader AUTHORIZATION: basic ***
2025-02-17T03:15:11.3637058Z [command]/usr/bin/git config --global --unset-all url.https://github.com/.insteadOf
2025-02-17T03:15:11.3667890Z [command]/usr/bin/git config --global --add url.https://github.com/.insteadOf git@github.com:
2025-02-17T03:15:11.3699957Z [command]/usr/bin/git config --global --add url.https://github.com/.insteadOf org-1518649@github.com:
2025-02-17T03:15:11.3727503Z ##[endgroup]
2025-02-17T03:15:11.3730123Z ##[group]Fetching submodules
2025-02-17T03:15:11.3732101Z [command]/usr/bin/git submodule sync --recursive
2025-02-17T03:15:11.3993549Z [command]/usr/bin/git -c protocol.version=2 submodule update --init --force --depth=1 --recursive
2025-02-17T03:15:11.4246242Z [command]/usr/bin/git submodule foreach --recursive git config --local gc.auto 0
2025-02-17T03:15:11.4494681Z ##[endgroup]
2025-02-17T03:15:11.4497242Z ##[group]Persisting credentials for submodules
2025-02-17T03:15:11.4502736Z [command]/usr/bin/git submodule foreach --recursive sh -c "git config --local --name-only --get-regexp 'url\.https\:\/\/github\.com\/\.insteadOf' && git config --local --unset-all 'url.https://github.com/.insteadOf' || :"
2025-02-17T03:15:11.4735600Z [command]/usr/bin/git submodule foreach --recursive sh -c "git config --local 'http.https://github.com/.extraheader' 'AUTHORIZATION: basic ***' && git config --local --show-origin --name-only --get-regexp remote.origin.url"
2025-02-17T03:15:11.4964857Z [command]/usr/bin/git submodule foreach --recursive git config --local --add 'url.https://github.com/.insteadOf' 'git@github.com:'
2025-02-17T03:15:11.5192760Z [command]/usr/bin/git submodule foreach --recursive git config --local --add 'url.https://github.com/.insteadOf' 'org-1518649@github.com:'
2025-02-17T03:15:11.5421768Z ##[endgroup]
2025-02-17T03:15:11.5457724Z [command]/usr/bin/git log -1 --format=%H
2025-02-17T03:15:11.5480160Z 2b31f4b87dfded28c3ee3fead53fa0fc5bee8768
2025-02-17T03:15:11.5790668Z ##[group]Run TinyTapeout/tt-gds-action/docs@tt10
2025-02-17T03:15:11.5791838Z with:
2025-02-17T03:15:11.5792648Z   tools-repo: TinyTapeout/tt-support-tools
2025-02-17T03:15:11.5793714Z   tools-ref: tt10
2025-02-17T03:15:11.5794494Z ##[endgroup]
2025-02-17T03:15:11.6052181Z ##[group]Run actions/checkout@v4
2025-02-17T03:15:11.6053253Z with:
2025-02-17T03:15:11.6054184Z   repository: TinyTapeout/tt-support-tools
2025-02-17T03:15:11.6055323Z   path: tt
2025-02-17T03:15:11.6056142Z   ref: tt10
2025-02-17T03:15:11.6057251Z   token: ***
2025-02-17T03:15:11.6058118Z   ssh-strict: true
2025-02-17T03:15:11.6059242Z   ssh-user: git
2025-02-17T03:15:11.6060174Z   persist-credentials: true
2025-02-17T03:15:11.6061162Z   clean: true
2025-02-17T03:15:11.6062081Z   sparse-checkout-cone-mode: true
2025-02-17T03:15:11.6063149Z   fetch-depth: 1
2025-02-17T03:15:11.6064040Z   fetch-tags: false
2025-02-17T03:15:11.6064947Z   show-progress: true
2025-02-17T03:15:11.6065849Z   lfs: false
2025-02-17T03:15:11.6066750Z   submodules: false
2025-02-17T03:15:11.6067685Z   set-safe-directory: true
2025-02-17T03:15:11.6068840Z ##[endgroup]
2025-02-17T03:15:11.7024487Z Syncing repository: TinyTapeout/tt-support-tools
2025-02-17T03:15:11.7031690Z ##[group]Getting Git version info
2025-02-17T03:15:11.7033435Z Working directory is '/home/runner/work/tt10-analog-tatzeltapeout/tt10-analog-tatzeltapeout/tt'
2025-02-17T03:15:11.7079496Z [command]/usr/bin/git version
2025-02-17T03:15:11.7117210Z git version 2.48.1
2025-02-17T03:15:11.7144577Z ##[endgroup]
2025-02-17T03:15:11.7166463Z Temporarily overriding HOME='/home/runner/work/_temp/e78ed27a-8531-46d8-b01b-5ec2fa27f410' before making global git config changes
2025-02-17T03:15:11.7171419Z Adding repository directory to the temporary git global config as a safe directory
2025-02-17T03:15:11.7176045Z [command]/usr/bin/git config --global --add safe.directory /home/runner/work/tt10-analog-tatzeltapeout/tt10-analog-tatzeltapeout/tt
2025-02-17T03:15:11.7206026Z ##[group]Initializing the repository
2025-02-17T03:15:11.7212506Z [command]/usr/bin/git init /home/runner/work/tt10-analog-tatzeltapeout/tt10-analog-tatzeltapeout/tt
2025-02-17T03:15:11.7249401Z hint: Using 'master' as the name for the initial branch. This default branch name
2025-02-17T03:15:11.7252269Z hint: is subject to change. To configure the initial branch name to use in all
2025-02-17T03:15:11.7255458Z hint: of your new repositories, which will suppress this warning, call:
2025-02-17T03:15:11.7257896Z hint:
2025-02-17T03:15:11.7259682Z hint: 	git config --global init.defaultBranch <name>
2025-02-17T03:15:11.7261713Z hint:
2025-02-17T03:15:11.7263721Z hint: Names commonly chosen instead of 'master' are 'main', 'trunk' and
2025-02-17T03:15:11.7266819Z hint: 'development'. The just-created branch can be renamed via this command:
2025-02-17T03:15:11.7269274Z hint:
2025-02-17T03:15:11.7270071Z hint: 	git branch -m <name>
2025-02-17T03:15:11.7271903Z Initialized empty Git repository in /home/runner/work/tt10-analog-tatzeltapeout/tt10-analog-tatzeltapeout/tt/.git/
2025-02-17T03:15:11.7276548Z [command]/usr/bin/git remote add origin https://github.com/TinyTapeout/tt-support-tools
2025-02-17T03:15:11.7297037Z ##[endgroup]
2025-02-17T03:15:11.7299738Z ##[group]Disabling automatic garbage collection
2025-02-17T03:15:11.7301890Z [command]/usr/bin/git config --local gc.auto 0
2025-02-17T03:15:11.7332507Z ##[endgroup]
2025-02-17T03:15:11.7334860Z ##[group]Setting up auth
2025-02-17T03:15:11.7339581Z [command]/usr/bin/git config --local --name-only --get-regexp core\.sshCommand
2025-02-17T03:15:11.7371981Z [command]/usr/bin/git submodule foreach --recursive sh -c "git config --local --name-only --get-regexp 'core\.sshCommand' && git config --local --unset-all 'core.sshCommand' || :"
2025-02-17T03:15:11.7605347Z [command]/usr/bin/git config --local --name-only --get-regexp http\.https\:\/\/github\.com\/\.extraheader
2025-02-17T03:15:11.7640306Z [command]/usr/bin/git submodule foreach --recursive sh -c "git config --local --name-only --get-regexp 'http\.https\:\/\/github\.com\/\.extraheader' && git config --local --unset-all 'http.https://github.com/.extraheader' || :"
2025-02-17T03:15:11.7872704Z [command]/usr/bin/git config --local http.https://github.com/.extraheader AUTHORIZATION: basic ***
2025-02-17T03:15:11.7919429Z ##[endgroup]
2025-02-17T03:15:11.7921991Z ##[group]Fetching the repository
2025-02-17T03:15:11.7931670Z [command]/usr/bin/git -c protocol.version=2 fetch --no-tags --prune --no-recurse-submodules --depth=1 origin +refs/heads/tt10*:refs/remotes/origin/tt10* +refs/tags/tt10*:refs/tags/tt10*
2025-02-17T03:15:12.2276485Z From https://github.com/TinyTapeout/tt-support-tools
2025-02-17T03:15:12.2280337Z  * [new branch]      tt10       -> origin/tt10
2025-02-17T03:15:12.2304467Z ##[endgroup]
2025-02-17T03:15:12.2305199Z ##[group]Determining the checkout info
2025-02-17T03:15:12.2312023Z [command]/usr/bin/git branch --list --remote origin/tt10
2025-02-17T03:15:12.2334950Z   origin/tt10
2025-02-17T03:15:12.2341258Z ##[endgroup]
2025-02-17T03:15:12.2345876Z [command]/usr/bin/git sparse-checkout disable
2025-02-17T03:15:12.2381041Z [command]/usr/bin/git config --local --unset-all extensions.worktreeConfig
2025-02-17T03:15:12.2407357Z ##[group]Checking out the ref
2025-02-17T03:15:12.2411627Z [command]/usr/bin/git checkout --progress --force -B tt10 refs/remotes/origin/tt10
2025-02-17T03:15:12.2636878Z Switched to a new branch 'tt10'
2025-02-17T03:15:12.2640161Z branch 'tt10' set up to track 'origin/tt10'.
2025-02-17T03:15:12.2646888Z ##[endgroup]
2025-02-17T03:15:12.2683554Z [command]/usr/bin/git log -1 --format=%H
2025-02-17T03:15:12.2705539Z 0985eb1d464a6dabf7fe5eee96b0b16d809f5fb4
2025-02-17T03:15:12.2858951Z ##[group]Run actions/setup-python@v5
2025-02-17T03:15:12.2859255Z with:
2025-02-17T03:15:12.2859478Z   python-version: 3.11
2025-02-17T03:15:12.2859721Z   cache: pip
2025-02-17T03:15:12.2859945Z   check-latest: false
2025-02-17T03:15:12.2860326Z   token: ***
2025-02-17T03:15:12.2860561Z   update-environment: true
2025-02-17T03:15:12.2860846Z   allow-prereleases: false
2025-02-17T03:15:12.2861098Z ##[endgroup]
2025-02-17T03:15:12.4579643Z ##[group]Installed versions
2025-02-17T03:15:12.4642983Z Successfully set up CPython (3.11.11)
2025-02-17T03:15:12.4644481Z ##[endgroup]
2025-02-17T03:15:12.5428364Z [command]/opt/hostedtoolcache/Python/3.11.11/x64/bin/pip cache dir
2025-02-17T03:15:12.7933684Z /home/runner/.cache/pip
2025-02-17T03:15:12.9585323Z ##[warning]Cache not found for keys: setup-python-Linux-x64-24.04-Ubuntu-python-3.11.11-pip-e8de825a00f961a0a99504e206c71b458cd3b0023a470958a6778409995c069a, setup-python-Linux-x64-24.04-Ubuntu-python-3.11.11-pip
2025-02-17T03:15:12.9587161Z pip cache is not found
2025-02-17T03:15:12.9691976Z ##[group]Run pip install -r tt/requirements.txt
2025-02-17T03:15:12.9692451Z [36;1mpip install -r tt/requirements.txt[0m
2025-02-17T03:15:12.9862786Z shell: /usr/bin/bash --noprofile --norc -e -o pipefail {0}
2025-02-17T03:15:12.9863195Z env:
2025-02-17T03:15:12.9863522Z   pythonLocation: /opt/hostedtoolcache/Python/3.11.11/x64
2025-02-17T03:15:12.9864013Z   PKG_CONFIG_PATH: /opt/hostedtoolcache/Python/3.11.11/x64/lib/pkgconfig
2025-02-17T03:15:12.9864485Z   Python_ROOT_DIR: /opt/hostedtoolcache/Python/3.11.11/x64
2025-02-17T03:15:12.9864890Z   Python2_ROOT_DIR: /opt/hostedtoolcache/Python/3.11.11/x64
2025-02-17T03:15:12.9865302Z   Python3_ROOT_DIR: /opt/hostedtoolcache/Python/3.11.11/x64
2025-02-17T03:15:12.9865715Z   LD_LIBRARY_PATH: /opt/hostedtoolcache/Python/3.11.11/x64/lib
2025-02-17T03:15:12.9866057Z ##[endgroup]
2025-02-17T03:15:13.6209162Z Collecting anyio==4.7.0 (from -r tt/requirements.txt (line 7))
2025-02-17T03:15:13.6608799Z   Downloading anyio-4.7.0-py3-none-any.whl.metadata (4.7 kB)
2025-02-17T03:15:13.7028253Z Collecting brotli==1.1.0 (from -r tt/requirements.txt (line 9))
2025-02-17T03:15:13.7185255Z   Downloading Brotli-1.1.0-cp311-cp311-manylinux_2_17_x86_64.manylinux2014_x86_64.whl.metadata (5.5 kB)
2025-02-17T03:15:13.7386450Z Collecting cairocffi==1.7.1 (from -r tt/requirements.txt (line 11))
2025-02-17T03:15:13.7449073Z   Downloading cairocffi-1.7.1-py3-none-any.whl.metadata (3.3 kB)
2025-02-17T03:15:13.7798394Z Collecting cairosvg==2.7.1 (from -r tt/requirements.txt (line 13))
2025-02-17T03:15:13.7862301Z   Downloading CairoSVG-2.7.1-py3-none-any.whl.metadata (2.7 kB)
2025-02-17T03:15:13.8072971Z Collecting certifi==2024.8.30 (from -r tt/requirements.txt (line 15))
2025-02-17T03:15:13.8119692Z   Downloading certifi-2024.8.30-py3-none-any.whl.metadata (2.2 kB)
2025-02-17T03:15:13.8954236Z Collecting cffi==1.17.1 (from -r tt/requirements.txt (line 20))
2025-02-17T03:15:13.9000803Z   Downloading cffi-1.17.1-cp311-cp311-manylinux_2_17_x86_64.manylinux2014_x86_64.whl.metadata (1.5 kB)
2025-02-17T03:15:13.9173607Z Collecting cfgv==3.4.0 (from -r tt/requirements.txt (line 22))
2025-02-17T03:15:13.9217447Z   Downloading cfgv-3.4.0-py2.py3-none-any.whl.metadata (8.5 kB)
2025-02-17T03:15:13.9801465Z Collecting charset-normalizer==3.4.0 (from -r tt/requirements.txt (line 24))
2025-02-17T03:15:13.9865698Z   Downloading charset_normalizer-3.4.0-cp311-cp311-manylinux_2_17_x86_64.manylinux2014_x86_64.whl.metadata (34 kB)
2025-02-17T03:15:14.0094355Z Collecting chevron==0.14.0 (from -r tt/requirements.txt (line 26))
2025-02-17T03:15:14.0149325Z   Downloading chevron-0.14.0-py3-none-any.whl.metadata (4.9 kB)
2025-02-17T03:15:14.0351594Z Collecting click==8.1.7 (from -r tt/requirements.txt (line 28))
2025-02-17T03:15:14.0399487Z   Downloading click-8.1.7-py3-none-any.whl.metadata (3.0 kB)
2025-02-17T03:15:14.0687222Z Collecting cocotb==1.9.2 (from -r tt/requirements.txt (line 32))
2025-02-17T03:15:14.0749459Z   Downloading cocotb-1.9.2-cp311-cp311-manylinux_2_17_x86_64.manylinux2014_x86_64.whl.metadata (6.9 kB)
2025-02-17T03:15:14.0951347Z Collecting cssselect2==0.7.0 (from -r tt/requirements.txt (line 34))
2025-02-17T03:15:14.1005072Z   Downloading cssselect2-0.7.0-py3-none-any.whl.metadata (2.9 kB)
2025-02-17T03:15:14.1178861Z Collecting defusedxml==0.7.1 (from -r tt/requirements.txt (line 36))
2025-02-17T03:15:14.1218511Z   Downloading defusedxml-0.7.1-py2.py3-none-any.whl.metadata (32 kB)
2025-02-17T03:15:14.1367377Z Collecting distlib==0.3.9 (from -r tt/requirements.txt (line 38))
2025-02-17T03:15:14.1407741Z   Downloading distlib-0.3.9-py2.py3-none-any.whl.metadata (5.2 kB)
2025-02-17T03:15:14.1592540Z Collecting filelock==3.16.1 (from -r tt/requirements.txt (line 40))
2025-02-17T03:15:14.1638533Z   Downloading filelock-3.16.1-py3-none-any.whl.metadata (2.9 kB)
2025-02-17T03:15:14.1782507Z Collecting find-libpython==0.4.0 (from -r tt/requirements.txt (line 42))
2025-02-17T03:15:14.1894794Z   Downloading find_libpython-0.4.0-py3-none-any.whl.metadata (2.8 kB)
2025-02-17T03:15:14.2359320Z Collecting gdstk==0.9.58 (from -r tt/requirements.txt (line 44))
2025-02-17T03:15:14.2426143Z   Downloading gdstk-0.9.58-cp311-cp311-manylinux_2_28_x86_64.whl.metadata (8.7 kB)
2025-02-17T03:15:14.2610239Z Collecting gitdb==4.0.11 (from -r tt/requirements.txt (line 46))
2025-02-17T03:15:14.2654972Z   Downloading gitdb-4.0.11-py3-none-any.whl.metadata (1.2 kB)
2025-02-17T03:15:14.2970979Z Collecting gitpython==3.1.43 (from -r tt/requirements.txt (line 48))
2025-02-17T03:15:14.3017068Z   Downloading GitPython-3.1.43-py3-none-any.whl.metadata (13 kB)
2025-02-17T03:15:14.3207296Z Collecting h11==0.14.0 (from -r tt/requirements.txt (line 50))
2025-02-17T03:15:14.3248956Z   Downloading h11-0.14.0-py3-none-any.whl.metadata (8.2 kB)
2025-02-17T03:15:14.3431379Z Collecting httpcore==1.0.7 (from -r tt/requirements.txt (line 52))
2025-02-17T03:15:14.3476755Z   Downloading httpcore-1.0.7-py3-none-any.whl.metadata (21 kB)
2025-02-17T03:15:14.3692088Z Collecting httpx==0.28.1 (from -r tt/requirements.txt (line 54))
2025-02-17T03:15:14.3738932Z   Downloading httpx-0.28.1-py3-none-any.whl.metadata (7.1 kB)
2025-02-17T03:15:14.4092076Z Collecting identify==2.6.3 (from -r tt/requirements.txt (line 56))
2025-02-17T03:15:14.4174126Z   Downloading identify-2.6.3-py2.py3-none-any.whl.metadata (4.4 kB)
2025-02-17T03:15:14.4341409Z Collecting idna==3.10 (from -r tt/requirements.txt (line 58))
2025-02-17T03:15:14.4395399Z   Downloading idna-3.10-py3-none-any.whl.metadata (10 kB)
2025-02-17T03:15:14.4632248Z Collecting importlib-resources==6.4.5 (from -r tt/requirements.txt (line 63))
2025-02-17T03:15:14.4688151Z   Downloading importlib_resources-6.4.5-py3-none-any.whl.metadata (4.0 kB)
2025-02-17T03:15:14.4849766Z Collecting iniconfig==2.0.0 (from -r tt/requirements.txt (line 65))
2025-02-17T03:15:14.4902669Z   Downloading iniconfig-2.0.0-py3-none-any.whl.metadata (2.6 kB)
2025-02-17T03:15:14.5492591Z Collecting klayout==0.29.10 (from -r tt/requirements.txt (line 67))
2025-02-17T03:15:14.5593907Z   Downloading klayout-0.29.10-cp311-cp311-manylinux_2_17_x86_64.manylinux2014_x86_64.whl.metadata (783 bytes)
2025-02-17T03:15:14.5756135Z Collecting markdown-it-py==3.0.0 (from -r tt/requirements.txt (line 69))
2025-02-17T03:15:14.5803842Z   Downloading markdown_it_py-3.0.0-py3-none-any.whl.metadata (6.9 kB)
2025-02-17T03:15:14.5954767Z Collecting mdurl==0.1.2 (from -r tt/requirements.txt (line 71))
2025-02-17T03:15:14.5996797Z   Downloading mdurl-0.1.2-py3-none-any.whl.metadata (1.6 kB)
2025-02-17T03:15:14.6182632Z Collecting mistune==3.0.2 (from -r tt/requirements.txt (line 73))
2025-02-17T03:15:14.6255024Z   Downloading mistune-3.0.2-py3-none-any.whl.metadata (1.7 kB)
2025-02-17T03:15:14.6421342Z Collecting nodeenv==1.9.1 (from -r tt/requirements.txt (line 75))
2025-02-17T03:15:14.6471209Z   Downloading nodeenv-1.9.1-py2.py3-none-any.whl.metadata (21 kB)
2025-02-17T03:15:14.7825065Z Collecting numpy==1.26.4 (from -r tt/requirements.txt (line 77))
2025-02-17T03:15:14.7941840Z   Downloading numpy-1.26.4-cp311-cp311-manylinux_2_17_x86_64.manylinux2014_x86_64.whl.metadata (61 kB)
2025-02-17T03:15:14.8202208Z Collecting packaging==24.2 (from -r tt/requirements.txt (line 81))
2025-02-17T03:15:14.8252942Z   Downloading packaging-24.2-py3-none-any.whl.metadata (3.2 kB)
2025-02-17T03:15:14.8384063Z Collecting pcpp==1.30 (from -r tt/requirements.txt (line 83))
2025-02-17T03:15:14.8448527Z   Downloading pcpp-1.30-py2.py3-none-any.whl.metadata (23 kB)
2025-02-17T03:15:14.9645325Z Collecting pillow==11.0.0 (from -r tt/requirements.txt (line 85))
2025-02-17T03:15:14.9707324Z   Downloading pillow-11.0.0-cp311-cp311-manylinux_2_28_x86_64.whl.metadata (9.1 kB)
2025-02-17T03:15:14.9894326Z Collecting platformdirs==4.3.6 (from -r tt/requirements.txt (line 87))
2025-02-17T03:15:14.9937938Z   Downloading platformdirs-4.3.6-py3-none-any.whl.metadata (11 kB)
2025-02-17T03:15:15.0084817Z Collecting pluggy==1.5.0 (from -r tt/requirements.txt (line 91))
2025-02-17T03:15:15.0137921Z   Downloading pluggy-1.5.0-py3-none-any.whl.metadata (4.8 kB)
2025-02-17T03:15:15.0500971Z Collecting pre-commit==4.0.1 (from -r tt/requirements.txt (line 93))
2025-02-17T03:15:15.0573669Z   Downloading pre_commit-4.0.1-py2.py3-none-any.whl.metadata (1.3 kB)
2025-02-17T03:15:15.0713105Z Collecting pycparser==2.22 (from -r tt/requirements.txt (line 95))
2025-02-17T03:15:15.0759032Z   Downloading pycparser-2.22-py3-none-any.whl.metadata (943 bytes)
2025-02-17T03:15:15.0968074Z Collecting pygments==2.18.0 (from -r tt/requirements.txt (line 97))
2025-02-17T03:15:15.1057784Z   Downloading pygments-2.18.0-py3-none-any.whl.metadata (2.5 kB)
2025-02-17T03:15:15.1376086Z Collecting pytest==8.3.4 (from -r tt/requirements.txt (line 99))
2025-02-17T03:15:15.1423843Z   Downloading pytest-8.3.4-py3-none-any.whl.metadata (7.5 kB)
2025-02-17T03:15:15.1580829Z Collecting python-frontmatter==1.1.0 (from -r tt/requirements.txt (line 101))
2025-02-17T03:15:15.1649692Z   Downloading python_frontmatter-1.1.0-py3-none-any.whl.metadata (4.1 kB)
2025-02-17T03:15:15.1942242Z Collecting pyyaml==6.0.2 (from -r tt/requirements.txt (line 103))
2025-02-17T03:15:15.1986599Z   Downloading PyYAML-6.0.2-cp311-cp311-manylinux_2_17_x86_64.manylinux2014_x86_64.whl.metadata (2.1 kB)
2025-02-17T03:15:15.2218021Z Collecting requests==2.32.3 (from -r tt/requirements.txt (line 109))
2025-02-17T03:15:15.2261854Z   Downloading requests-2.32.3-py3-none-any.whl.metadata (4.6 kB)
2025-02-17T03:15:15.2614026Z Collecting rich==13.9.4 (from -r tt/requirements.txt (line 111))
2025-02-17T03:15:15.2665215Z   Downloading rich-13.9.4-py3-none-any.whl.metadata (18 kB)
2025-02-17T03:15:15.2807450Z Collecting smmap==5.0.1 (from -r tt/requirements.txt (line 113))
2025-02-17T03:15:15.2868773Z   Downloading smmap-5.0.1-py3-none-any.whl.metadata (4.3 kB)
2025-02-17T03:15:15.3009767Z Collecting sniffio==1.3.1 (from -r tt/requirements.txt (line 115))
2025-02-17T03:15:15.3050603Z   Downloading sniffio-1.3.1-py3-none-any.whl.metadata (3.9 kB)
2025-02-17T03:15:15.3189761Z Collecting tinycss2==1.4.0 (from -r tt/requirements.txt (line 117))
2025-02-17T03:15:15.3230713Z   Downloading tinycss2-1.4.0-py3-none-any.whl.metadata (3.0 kB)
2025-02-17T03:15:15.3450129Z Collecting urllib3==2.2.3 (from -r tt/requirements.txt (line 121))
2025-02-17T03:15:15.3493642Z   Downloading urllib3-2.2.3-py3-none-any.whl.metadata (6.5 kB)
2025-02-17T03:15:15.3886061Z Collecting virtualenv==20.28.0 (from -r tt/requirements.txt (line 123))
2025-02-17T03:15:15.3990068Z   Downloading virtualenv-20.28.0-py3-none-any.whl.metadata (4.4 kB)
2025-02-17T03:15:15.4240028Z Collecting volare==0.19.2 (from -r tt/requirements.txt (line 125))
2025-02-17T03:15:15.4383936Z   Downloading volare-0.19.2-py3-none-any.whl.metadata (7.6 kB)
2025-02-17T03:15:15.4682747Z Collecting wasmtime==27.0.2 (from -r tt/requirements.txt (line 127))
2025-02-17T03:15:15.4739403Z   Downloading wasmtime-27.0.2-py3-none-manylinux1_x86_64.whl.metadata (7.5 kB)
2025-02-17T03:15:15.4877178Z Collecting webencodings==0.5.1 (from -r tt/requirements.txt (line 129))
2025-02-17T03:15:15.4920207Z   Downloading webencodings-0.5.1-py2.py3-none-any.whl.metadata (2.1 kB)
2025-02-17T03:15:15.5144777Z Collecting yowasp-runtime==1.66 (from -r tt/requirements.txt (line 133))
2025-02-17T03:15:15.5248955Z   Downloading yowasp_runtime-1.66-py3-none-any.whl.metadata (3.3 kB)
2025-02-17T03:15:15.5483789Z Collecting yowasp-yosys==0.48.0.0.post834 (from -r tt/requirements.txt (line 135))
2025-02-17T03:15:15.5549486Z   Downloading yowasp_yosys-0.48.0.0.post834-py3-none-any.whl.metadata (2.6 kB)
2025-02-17T03:15:15.6370665Z Collecting zstandard==0.23.0 (from -r tt/requirements.txt (line 137))
2025-02-17T03:15:15.6416222Z   Downloading zstandard-0.23.0-cp311-cp311-manylinux_2_17_x86_64.manylinux2014_x86_64.whl.metadata (3.0 kB)
2025-02-17T03:15:15.6620041Z Collecting typing_extensions>=4.5 (from anyio==4.7.0->-r tt/requirements.txt (line 7))
2025-02-17T03:15:15.6664389Z   Downloading typing_extensions-4.12.2-py3-none-any.whl.metadata (3.0 kB)
2025-02-17T03:15:15.8420798Z Downloading anyio-4.7.0-py3-none-any.whl (93 kB)
2025-02-17T03:15:15.8512576Z Downloading Brotli-1.1.0-cp311-cp311-manylinux_2_17_x86_64.manylinux2014_x86_64.whl (2.9 MB)
2025-02-17T03:15:15.9007853Z    ━━━━━━━━━━━━━━━━━━━━━━━━━━━━━━━━━━━━━━━━ 2.9/2.9 MB 62.0 MB/s eta 0:00:00
2025-02-17T03:15:15.9073203Z Downloading cairocffi-1.7.1-py3-none-any.whl (75 kB)
2025-02-17T03:15:15.9159817Z Downloading CairoSVG-2.7.1-py3-none-any.whl (43 kB)
2025-02-17T03:15:15.9243421Z Downloading certifi-2024.8.30-py3-none-any.whl (167 kB)
2025-02-17T03:15:15.9324965Z Downloading cffi-1.17.1-cp311-cp311-manylinux_2_17_x86_64.manylinux2014_x86_64.whl (467 kB)
2025-02-17T03:15:15.9420167Z Downloading cfgv-3.4.0-py2.py3-none-any.whl (7.2 kB)
2025-02-17T03:15:15.9486858Z Downloading charset_normalizer-3.4.0-cp311-cp311-manylinux_2_17_x86_64.manylinux2014_x86_64.whl (142 kB)
2025-02-17T03:15:15.9578953Z Downloading chevron-0.14.0-py3-none-any.whl (11 kB)
2025-02-17T03:15:15.9639249Z Downloading click-8.1.7-py3-none-any.whl (97 kB)
2025-02-17T03:15:15.9744738Z Downloading cocotb-1.9.2-cp311-cp311-manylinux_2_17_x86_64.manylinux2014_x86_64.whl (4.2 MB)
2025-02-17T03:15:16.0194753Z    ━━━━━━━━━━━━━━━━━━━━━━━━━━━━━━━━━━━━━━━━ 4.2/4.2 MB 94.7 MB/s eta 0:00:00
2025-02-17T03:15:16.0246168Z Downloading cssselect2-0.7.0-py3-none-any.whl (15 kB)
2025-02-17T03:15:16.0319055Z Downloading defusedxml-0.7.1-py2.py3-none-any.whl (25 kB)
2025-02-17T03:15:16.0396984Z Downloading distlib-0.3.9-py2.py3-none-any.whl (468 kB)
2025-02-17T03:15:16.0489511Z Downloading filelock-3.16.1-py3-none-any.whl (16 kB)
2025-02-17T03:15:16.0566953Z Downloading find_libpython-0.4.0-py3-none-any.whl (8.7 kB)
2025-02-17T03:15:16.0639488Z Downloading gdstk-0.9.58-cp311-cp311-manylinux_2_28_x86_64.whl (534 kB)
2025-02-17T03:15:16.0708442Z    ━━━━━━━━━━━━━━━━━━━━━━━━━━━━━━━━━━━━━━━━ 534.0/534.0 kB 70.8 MB/s eta 0:00:00
2025-02-17T03:15:16.0755205Z Downloading gitdb-4.0.11-py3-none-any.whl (62 kB)
2025-02-17T03:15:16.0819006Z Downloading GitPython-3.1.43-py3-none-any.whl (207 kB)
2025-02-17T03:15:16.0894802Z Downloading h11-0.14.0-py3-none-any.whl (58 kB)
2025-02-17T03:15:16.0956833Z Downloading httpcore-1.0.7-py3-none-any.whl (78 kB)
2025-02-17T03:15:16.1027421Z Downloading httpx-0.28.1-py3-none-any.whl (73 kB)
2025-02-17T03:15:16.1128244Z Downloading identify-2.6.3-py2.py3-none-any.whl (99 kB)
2025-02-17T03:15:16.1200679Z Downloading idna-3.10-py3-none-any.whl (70 kB)
2025-02-17T03:15:16.1279043Z Downloading importlib_resources-6.4.5-py3-none-any.whl (36 kB)
2025-02-17T03:15:16.1346410Z Downloading iniconfig-2.0.0-py3-none-any.whl (5.9 kB)
2025-02-17T03:15:16.1425935Z Downloading klayout-0.29.10-cp311-cp311-manylinux_2_17_x86_64.manylinux2014_x86_64.whl (23.8 MB)
2025-02-17T03:15:16.4440012Z    ━━━━━━━━━━━━━━━━━━━━━━━━━━━━━━━━━━━━━━━━ 23.8/23.8 MB 79.0 MB/s eta 0:00:00
2025-02-17T03:15:16.4495000Z Downloading markdown_it_py-3.0.0-py3-none-any.whl (87 kB)
2025-02-17T03:15:16.4570804Z Downloading mdurl-0.1.2-py3-none-any.whl (10.0 kB)
2025-02-17T03:15:16.4656789Z Downloading mistune-3.0.2-py3-none-any.whl (47 kB)
2025-02-17T03:15:16.4747946Z Downloading nodeenv-1.9.1-py2.py3-none-any.whl (22 kB)
2025-02-17T03:15:16.4825206Z Downloading numpy-1.26.4-cp311-cp311-manylinux_2_17_x86_64.manylinux2014_x86_64.whl (18.3 MB)
2025-02-17T03:15:16.6017746Z    ━━━━━━━━━━━━━━━━━━━━━━━━━━━━━━━━━━━━━━━━ 18.3/18.3 MB 154.8 MB/s eta 0:00:00
2025-02-17T03:15:16.6061166Z Downloading packaging-24.2-py3-none-any.whl (65 kB)
2025-02-17T03:15:16.6155450Z Downloading pcpp-1.30-py2.py3-none-any.whl (91 kB)
2025-02-17T03:15:16.6296820Z Downloading pillow-11.0.0-cp311-cp311-manylinux_2_28_x86_64.whl (4.4 MB)
2025-02-17T03:15:16.6711746Z    ━━━━━━━━━━━━━━━━━━━━━━━━━━━━━━━━━━━━━━━━ 4.4/4.4 MB 105.3 MB/s eta 0:00:00
2025-02-17T03:15:16.6758714Z Downloading platformdirs-4.3.6-py3-none-any.whl (18 kB)
2025-02-17T03:15:16.6825803Z Downloading pluggy-1.5.0-py3-none-any.whl (20 kB)
2025-02-17T03:15:16.6910195Z Downloading pre_commit-4.0.1-py2.py3-none-any.whl (218 kB)
2025-02-17T03:15:16.6981864Z Downloading pycparser-2.22-py3-none-any.whl (117 kB)
2025-02-17T03:15:16.7091947Z Downloading pygments-2.18.0-py3-none-any.whl (1.2 MB)
2025-02-17T03:15:16.7177440Z    ━━━━━━━━━━━━━━━━━━━━━━━━━━━━━━━━━━━━━━━━ 1.2/1.2 MB 149.7 MB/s eta 0:00:00
2025-02-17T03:15:16.7225397Z Downloading pytest-8.3.4-py3-none-any.whl (343 kB)
2025-02-17T03:15:16.7340758Z Downloading python_frontmatter-1.1.0-py3-none-any.whl (9.8 kB)
2025-02-17T03:15:16.7412109Z Downloading PyYAML-6.0.2-cp311-cp311-manylinux_2_17_x86_64.manylinux2014_x86_64.whl (762 kB)
2025-02-17T03:15:16.7486590Z    ━━━━━━━━━━━━━━━━━━━━━━━━━━━━━━━━━━━━━━━━ 763.0/763.0 kB 98.5 MB/s eta 0:00:00
2025-02-17T03:15:16.7540280Z Downloading requests-2.32.3-py3-none-any.whl (64 kB)
2025-02-17T03:15:16.7613184Z Downloading rich-13.9.4-py3-none-any.whl (242 kB)
2025-02-17T03:15:16.7687585Z Downloading smmap-5.0.1-py3-none-any.whl (24 kB)
2025-02-17T03:15:16.7747413Z Downloading sniffio-1.3.1-py3-none-any.whl (10 kB)
2025-02-17T03:15:16.7815442Z Downloading tinycss2-1.4.0-py3-none-any.whl (26 kB)
2025-02-17T03:15:16.7914143Z Downloading urllib3-2.2.3-py3-none-any.whl (126 kB)
2025-02-17T03:15:16.8051258Z Downloading virtualenv-20.28.0-py3-none-any.whl (4.3 MB)
2025-02-17T03:15:16.8356459Z    ━━━━━━━━━━━━━━━━━━━━━━━━━━━━━━━━━━━━━━━━ 4.3/4.3 MB 144.5 MB/s eta 0:00:00
2025-02-17T03:15:16.8424525Z Downloading volare-0.19.2-py3-none-any.whl (32 kB)
2025-02-17T03:15:16.8509533Z Downloading wasmtime-27.0.2-py3-none-manylinux1_x86_64.whl (6.4 MB)
2025-02-17T03:15:16.9053925Z    ━━━━━━━━━━━━━━━━━━━━━━━━━━━━━━━━━━━━━━━━ 6.4/6.4 MB 119.3 MB/s eta 0:00:00
2025-02-17T03:15:16.9098921Z Downloading webencodings-0.5.1-py2.py3-none-any.whl (11 kB)
2025-02-17T03:15:16.9171047Z Downloading yowasp_runtime-1.66-py3-none-any.whl (5.6 kB)
2025-02-17T03:15:16.9260420Z Downloading yowasp_yosys-0.48.0.0.post834-py3-none-any.whl (8.7 MB)
2025-02-17T03:15:16.9913448Z    ━━━━━━━━━━━━━━━━━━━━━━━━━━━━━━━━━━━━━━━━ 8.7/8.7 MB 134.5 MB/s eta 0:00:00
2025-02-17T03:15:16.9987759Z Downloading zstandard-0.23.0-cp311-cp311-manylinux_2_17_x86_64.manylinux2014_x86_64.whl (5.4 MB)
2025-02-17T03:15:17.0442443Z    ━━━━━━━━━━━━━━━━━━━━━━━━━━━━━━━━━━━━━━━━ 5.4/5.4 MB 120.5 MB/s eta 0:00:00
2025-02-17T03:15:17.0501087Z Downloading typing_extensions-4.12.2-py3-none-any.whl (37 kB)
2025-02-17T03:15:17.2380571Z Installing collected packages: webencodings, pcpp, klayout, find-libpython, distlib, chevron, brotli, zstandard, urllib3, typing_extensions, tinycss2, sniffio, smmap, pyyaml, pygments, pycparser, pluggy, platformdirs, pillow, packaging, numpy, nodeenv, mistune, mdurl, iniconfig, importlib-resources, idna, identify, h11, filelock, defusedxml, cocotb, click, charset-normalizer, cfgv, certifi, wasmtime, virtualenv, requests, python-frontmatter, pytest, markdown-it-py, httpcore, gitdb, gdstk, cssselect2, cffi, anyio, yowasp-runtime, rich, pre-commit, httpx, gitpython, cairocffi, yowasp-yosys, volare, cairosvg
2025-02-17T03:15:22.8888165Z Successfully installed anyio-4.7.0 brotli-1.1.0 cairocffi-1.7.1 cairosvg-2.7.1 certifi-2024.8.30 cffi-1.17.1 cfgv-3.4.0 charset-normalizer-3.4.0 chevron-0.14.0 click-8.1.7 cocotb-1.9.2 cssselect2-0.7.0 defusedxml-0.7.1 distlib-0.3.9 filelock-3.16.1 find-libpython-0.4.0 gdstk-0.9.58 gitdb-4.0.11 gitpython-3.1.43 h11-0.14.0 httpcore-1.0.7 httpx-0.28.1 identify-2.6.3 idna-3.10 importlib-resources-6.4.5 iniconfig-2.0.0 klayout-0.29.10 markdown-it-py-3.0.0 mdurl-0.1.2 mistune-3.0.2 nodeenv-1.9.1 numpy-1.26.4 packaging-24.2 pcpp-1.30 pillow-11.0.0 platformdirs-4.3.6 pluggy-1.5.0 pre-commit-4.0.1 pycparser-2.22 pygments-2.18.0 pytest-8.3.4 python-frontmatter-1.1.0 pyyaml-6.0.2 requests-2.32.3 rich-13.9.4 smmap-5.0.1 sniffio-1.3.1 tinycss2-1.4.0 typing_extensions-4.12.2 urllib3-2.2.3 virtualenv-20.28.0 volare-0.19.2 wasmtime-27.0.2 webencodings-0.5.1 yowasp-runtime-1.66 yowasp-yosys-0.48.0.0.post834 zstandard-0.23.0
2025-02-17T03:15:23.1336982Z ##[group]Run sudo apt-get update -y
2025-02-17T03:15:23.1337406Z [36;1msudo apt-get update -y[0m
2025-02-17T03:15:23.1337763Z [36;1msudo apt-get install -y pandoc texlive-xetex librsvg2-bin ghdl-llvm[0m
2025-02-17T03:15:23.1393741Z shell: /usr/bin/bash --noprofile --norc -e -o pipefail {0}
2025-02-17T03:15:23.1394065Z env:
2025-02-17T03:15:23.1394311Z   pythonLocation: /opt/hostedtoolcache/Python/3.11.11/x64
2025-02-17T03:15:23.1394701Z   PKG_CONFIG_PATH: /opt/hostedtoolcache/Python/3.11.11/x64/lib/pkgconfig
2025-02-17T03:15:23.1395083Z   Python_ROOT_DIR: /opt/hostedtoolcache/Python/3.11.11/x64
2025-02-17T03:15:23.1395445Z   Python2_ROOT_DIR: /opt/hostedtoolcache/Python/3.11.11/x64
2025-02-17T03:15:23.1395804Z   Python3_ROOT_DIR: /opt/hostedtoolcache/Python/3.11.11/x64
2025-02-17T03:15:23.1396150Z   LD_LIBRARY_PATH: /opt/hostedtoolcache/Python/3.11.11/x64/lib
2025-02-17T03:15:23.1396442Z ##[endgroup]
2025-02-17T03:15:23.2263217Z Get:1 file:/etc/apt/apt-mirrors.txt Mirrorlist [142 B]
2025-02-17T03:15:23.2633553Z Hit:2 http://azure.archive.ubuntu.com/ubuntu noble InRelease
2025-02-17T03:15:23.2634336Z Hit:6 https://packages.microsoft.com/repos/azure-cli noble InRelease
2025-02-17T03:15:23.2656147Z Get:3 http://azure.archive.ubuntu.com/ubuntu noble-updates InRelease [126 kB]
2025-02-17T03:15:23.2689432Z Get:7 https://packages.microsoft.com/ubuntu/24.04/prod noble InRelease [3600 B]
2025-02-17T03:15:23.2729507Z Get:4 http://azure.archive.ubuntu.com/ubuntu noble-backports InRelease [126 kB]
2025-02-17T03:15:23.2755887Z Get:5 http://azure.archive.ubuntu.com/ubuntu noble-security InRelease [126 kB]
2025-02-17T03:15:23.4503094Z Get:8 https://packages.microsoft.com/ubuntu/24.04/prod noble/main amd64 Packages [21.0 kB]
2025-02-17T03:15:23.4614998Z Get:9 https://packages.microsoft.com/ubuntu/24.04/prod noble/main armhf Packages [6679 B]
2025-02-17T03:15:23.4653240Z Get:10 https://packages.microsoft.com/ubuntu/24.04/prod noble/main arm64 Packages [12.9 kB]
2025-02-17T03:15:23.4940297Z Get:11 http://azure.archive.ubuntu.com/ubuntu noble-updates/main amd64 Packages [865 kB]
2025-02-17T03:15:23.5000647Z Get:12 http://azure.archive.ubuntu.com/ubuntu noble-updates/main amd64 Components [150 kB]
2025-02-17T03:15:23.5021336Z Get:13 http://azure.archive.ubuntu.com/ubuntu noble-updates/universe amd64 Packages [1014 kB]
2025-02-17T03:15:23.5092834Z Get:14 http://azure.archive.ubuntu.com/ubuntu noble-updates/universe amd64 Components [363 kB]
2025-02-17T03:15:23.5121059Z Get:15 http://azure.archive.ubuntu.com/ubuntu noble-updates/restricted amd64 Components [212 B]
2025-02-17T03:15:23.5135045Z Get:16 http://azure.archive.ubuntu.com/ubuntu noble-updates/multiverse amd64 Components [940 B]
2025-02-17T03:15:23.5504032Z Get:17 http://azure.archive.ubuntu.com/ubuntu noble-backports/main amd64 Components [208 B]
2025-02-17T03:15:23.5515516Z Get:18 http://azure.archive.ubuntu.com/ubuntu noble-backports/universe amd64 Components [17.6 kB]
2025-02-17T03:15:23.5529341Z Get:19 http://azure.archive.ubuntu.com/ubuntu noble-backports/restricted amd64 Components [216 B]
2025-02-17T03:15:23.5538508Z Get:20 http://azure.archive.ubuntu.com/ubuntu noble-backports/multiverse amd64 Components [212 B]
2025-02-17T03:15:23.6463810Z Get:21 http://azure.archive.ubuntu.com/ubuntu noble-security/main amd64 Packages [617 kB]
2025-02-17T03:15:23.6503727Z Get:22 http://azure.archive.ubuntu.com/ubuntu noble-security/main amd64 Components [9020 B]
2025-02-17T03:15:23.6518439Z Get:23 http://azure.archive.ubuntu.com/ubuntu noble-security/universe amd64 Packages [803 kB]
2025-02-17T03:15:23.6764928Z Get:24 http://azure.archive.ubuntu.com/ubuntu noble-security/universe amd64 Components [52.0 kB]
2025-02-17T03:15:23.6781572Z Get:25 http://azure.archive.ubuntu.com/ubuntu noble-security/restricted amd64 Components [212 B]
2025-02-17T03:15:23.6790706Z Get:26 http://azure.archive.ubuntu.com/ubuntu noble-security/multiverse amd64 Components [208 B]
2025-02-17T03:15:28.4243292Z Fetched 4317 kB in 1s (5983 kB/s)
2025-02-17T03:15:29.0713614Z Reading package lists...
2025-02-17T03:15:29.1053719Z Reading package lists...
2025-02-17T03:15:29.2649704Z Building dependency tree...
2025-02-17T03:15:29.2657144Z Reading state information...
2025-02-17T03:15:29.4189793Z The following additional packages will be installed:
2025-02-17T03:15:29.4191063Z   ca-certificates-java default-jre default-jre-headless dvisvgm
2025-02-17T03:15:29.4191901Z   fonts-droid-fallback fonts-lmodern fonts-noto-mono fonts-texgyre
2025-02-17T03:15:29.4192525Z   fonts-texgyre-math fonts-urw-base35 ghdl-common libapache-pom-java
2025-02-17T03:15:29.4193195Z   libatk-wrapper-java libatk-wrapper-java-jni libbit-vector-perl
2025-02-17T03:15:29.4194001Z   libcarp-clan-perl libcommons-logging-java libcommons-parent-java
2025-02-17T03:15:29.4194535Z   libcrypt-rc4-perl libdate-calc-perl libdate-calc-xs-perl libdate-manip-perl
2025-02-17T03:15:29.4195141Z   libdigest-perl-md5-perl libfontbox-java libgif7 libgnat-13 libgs-common
2025-02-17T03:15:29.4195635Z   libgs10 libgs10-common libgumbo2 libidn12 libijs-0.35 libio-stringy-perl
2025-02-17T03:15:29.4196434Z   libjbig2dec0 libjcode-pm-perl libkpathsea6 libmujs3 libole-storage-lite-perl
2025-02-17T03:15:29.4196973Z   libpaper-utils libpaper1 libparse-recdescent-perl libpcsclite1
2025-02-17T03:15:29.4197421Z   libpdfbox-java libpotrace0 libptexenc1 librsvg2-2 librsvg2-common
2025-02-17T03:15:29.4197920Z   libspreadsheet-parseexcel-perl libspreadsheet-writeexcel-perl libsynctex2
2025-02-17T03:15:29.4198478Z   libteckit0 libtexlua53-5 libunicode-map-perl libwoff1 libxcb-shape0 libxv1
2025-02-17T03:15:29.4199190Z   libxxf86dga1 libzzip-0-13t64 lmodern mupdf-tools openjdk-21-jre
2025-02-17T03:15:29.4200116Z   openjdk-21-jre-headless pandoc-data poppler-data preview-latex-style t1utils
2025-02-17T03:15:29.4200647Z   teckit tex-gyre texlive-base texlive-binaries texlive-fonts-recommended
2025-02-17T03:15:29.4201115Z   texlive-latex-base texlive-latex-extra texlive-latex-recommended
2025-02-17T03:15:29.4201601Z   texlive-pictures texlive-plain-generic tipa x11-utils xfonts-encodings
2025-02-17T03:15:29.4201974Z   xfonts-utils
2025-02-17T03:15:29.4203881Z Suggested packages:
2025-02-17T03:15:29.4204463Z   fonts-noto fonts-freefont-otf | fonts-freefont-ttf libavalon-framework-java
2025-02-17T03:15:29.4204986Z   libexcalibur-logkit-java liblog4j1.2-java pcscd libwww-perl libnss-mdns
2025-02-17T03:15:29.4205423Z   fonts-ipafont-gothic fonts-ipafont-mincho fonts-wqy-microhei
2025-02-17T03:15:29.4205848Z   | fonts-wqy-zenhei fonts-indic texlive-luatex pandoc-citeproc context
2025-02-17T03:15:29.4206303Z   wkhtmltopdf groff ghc nodejs python r-base-core libjs-mathjax libjs-katex
2025-02-17T03:15:29.4206735Z   citation-style-language-styles poppler-utils ghostscript
2025-02-17T03:15:29.4207143Z   fonts-japanese-mincho | fonts-ipafont-mincho fonts-japanese-gothic
2025-02-17T03:15:29.4207583Z   | fonts-ipafont-gothic fonts-arphic-ukai fonts-arphic-uming fonts-nanum gv
2025-02-17T03:15:29.4208043Z   | postscript-viewer perl-tk xpdf | pdf-viewer xzdec texlive-binaries-sse2
2025-02-17T03:15:29.4208515Z   hintview texlive-fonts-recommended-doc texlive-latex-base-doc wp2latex
2025-02-17T03:15:29.4209148Z   icc-profiles libfile-which-perl texlive-latex-extra-doc texlive-science
2025-02-17T03:15:29.4209588Z   texlive-latex-recommended-doc texlive-pstricks dot2tex prerex
2025-02-17T03:15:29.4209954Z   texlive-pictures-doc vprerex tipa-doc mesa-utils
2025-02-17T03:15:29.4210237Z Recommended packages:
2025-02-17T03:15:29.4210426Z   luit
2025-02-17T03:15:29.4599784Z The following NEW packages will be installed:
2025-02-17T03:15:29.4600469Z   ca-certificates-java default-jre default-jre-headless dvisvgm
2025-02-17T03:15:29.4601380Z   fonts-droid-fallback fonts-lmodern fonts-noto-mono fonts-texgyre
2025-02-17T03:15:29.4602627Z   fonts-texgyre-math fonts-urw-base35 ghdl-common ghdl-llvm libapache-pom-java
2025-02-17T03:15:29.4603549Z   libatk-wrapper-java libatk-wrapper-java-jni libbit-vector-perl
2025-02-17T03:15:29.4604096Z   libcarp-clan-perl libcommons-logging-java libcommons-parent-java
2025-02-17T03:15:29.4604621Z   libcrypt-rc4-perl libdate-calc-perl libdate-calc-xs-perl libdate-manip-perl
2025-02-17T03:15:29.4605119Z   libdigest-perl-md5-perl libfontbox-java libgif7 libgnat-13 libgs-common
2025-02-17T03:15:29.4605590Z   libgs10 libgs10-common libgumbo2 libidn12 libijs-0.35 libio-stringy-perl
2025-02-17T03:15:29.4606204Z   libjbig2dec0 libjcode-pm-perl libkpathsea6 libmujs3 libole-storage-lite-perl
2025-02-17T03:15:29.4606896Z   libpaper-utils libpaper1 libparse-recdescent-perl libpcsclite1
2025-02-17T03:15:29.4607304Z   libpdfbox-java libpotrace0 libptexenc1 librsvg2-2 librsvg2-bin
2025-02-17T03:15:29.4607684Z   librsvg2-common libspreadsheet-parseexcel-perl
2025-02-17T03:15:29.4608085Z   libspreadsheet-writeexcel-perl libsynctex2 libteckit0 libtexlua53-5
2025-02-17T03:15:29.4608849Z   libunicode-map-perl libwoff1 libxcb-shape0 libxv1 libxxf86dga1
2025-02-17T03:15:29.4609296Z   libzzip-0-13t64 lmodern mupdf-tools openjdk-21-jre openjdk-21-jre-headless
2025-02-17T03:15:29.4610925Z   pandoc pandoc-data poppler-data preview-latex-style t1utils teckit tex-gyre
2025-02-17T03:15:29.4611779Z   texlive-base texlive-binaries texlive-fonts-recommended texlive-latex-base
2025-02-17T03:15:29.4612525Z   texlive-latex-extra texlive-latex-recommended texlive-pictures
2025-02-17T03:15:29.4613374Z   texlive-plain-generic texlive-xetex tipa x11-utils xfonts-encodings
2025-02-17T03:15:29.4614052Z   xfonts-utils
2025-02-17T03:15:29.4815379Z 0 upgraded, 84 newly installed, 0 to remove and 22 not upgraded.
2025-02-17T03:15:29.4815803Z Need to get 320 MB of archives.
2025-02-17T03:15:29.4816592Z After this operation, 1112 MB of additional disk space will be used.
2025-02-17T03:15:29.4817293Z Get:1 file:/etc/apt/apt-mirrors.txt Mirrorlist [142 B]
2025-02-17T03:15:29.5319948Z Get:2 http://azure.archive.ubuntu.com/ubuntu noble/main amd64 fonts-droid-fallback all 1:6.0.1r16-1.1build1 [1805 kB]
2025-02-17T03:15:29.6103728Z Get:3 http://azure.archive.ubuntu.com/ubuntu noble/main amd64 poppler-data all 0.4.12-1 [2060 kB]
2025-02-17T03:15:29.7072704Z Get:4 http://azure.archive.ubuntu.com/ubuntu noble/main amd64 ca-certificates-java all 20240118 [11.6 kB]
2025-02-17T03:15:29.7412843Z Get:5 http://azure.archive.ubuntu.com/ubuntu noble/main amd64 libpcsclite1 amd64 2.0.3-1build1 [21.4 kB]
2025-02-17T03:15:29.7755560Z Get:6 http://azure.archive.ubuntu.com/ubuntu noble-updates/main amd64 openjdk-21-jre-headless amd64 21.0.6+7-1~24.04.1 [46.4 MB]
2025-02-17T03:15:30.3957829Z Get:7 http://azure.archive.ubuntu.com/ubuntu noble/main amd64 default-jre-headless amd64 2:1.21-75+exp1 [3094 B]
2025-02-17T03:15:30.4297307Z Get:8 http://azure.archive.ubuntu.com/ubuntu noble/main amd64 libgif7 amd64 5.2.2-1ubuntu1 [35.2 kB]
2025-02-17T03:15:30.4638501Z Get:9 http://azure.archive.ubuntu.com/ubuntu noble-updates/main amd64 openjdk-21-jre amd64 21.0.6+7-1~24.04.1 [227 kB]
2025-02-17T03:15:30.4989706Z Get:10 http://azure.archive.ubuntu.com/ubuntu noble/main amd64 default-jre amd64 2:1.21-75+exp1 [922 B]
2025-02-17T03:15:30.5324770Z Get:11 http://azure.archive.ubuntu.com/ubuntu noble/main amd64 xfonts-encodings all 1:1.0.5-0ubuntu2 [578 kB]
2025-02-17T03:15:30.5988484Z Get:12 http://azure.archive.ubuntu.com/ubuntu noble/main amd64 xfonts-utils amd64 1:7.7+6build3 [94.4 kB]
2025-02-17T03:15:30.6334858Z Get:13 http://azure.archive.ubuntu.com/ubuntu noble/main amd64 fonts-urw-base35 all 20200910-8 [11.0 MB]
2025-02-17T03:15:30.8996609Z Get:14 http://azure.archive.ubuntu.com/ubuntu noble-updates/main amd64 libgs-common all 10.02.1~dfsg1-0ubuntu7.4 [175 kB]
2025-02-17T03:15:30.9349102Z Get:15 http://azure.archive.ubuntu.com/ubuntu noble-updates/main amd64 libgs10-common all 10.02.1~dfsg1-0ubuntu7.4 [488 kB]
2025-02-17T03:15:30.9999992Z Get:16 http://azure.archive.ubuntu.com/ubuntu noble/main amd64 libidn12 amd64 1.42-1build1 [55.9 kB]
2025-02-17T03:15:31.0352227Z Get:17 http://azure.archive.ubuntu.com/ubuntu noble/main amd64 libijs-0.35 amd64 0.35-15.1build1 [15.3 kB]
2025-02-17T03:15:31.0715273Z Get:18 http://azure.archive.ubuntu.com/ubuntu noble/main amd64 libjbig2dec0 amd64 0.20-1build3 [65.0 kB]
2025-02-17T03:15:31.1052040Z Get:19 http://azure.archive.ubuntu.com/ubuntu noble/main amd64 libpaper1 amd64 1.1.29build1 [13.4 kB]
2025-02-17T03:15:31.1843316Z Get:20 http://azure.archive.ubuntu.com/ubuntu noble-updates/main amd64 libgs10 amd64 10.02.1~dfsg1-0ubuntu7.4 [3896 kB]
2025-02-17T03:15:31.6352816Z Get:21 http://azure.archive.ubuntu.com/ubuntu noble/main amd64 libkpathsea6 amd64 2023.20230311.66589-9build3 [63.0 kB]
2025-02-17T03:15:31.6691987Z Get:22 http://azure.archive.ubuntu.com/ubuntu noble/universe amd64 libpotrace0 amd64 1.16-2build1 [17.7 kB]
2025-02-17T03:15:31.7031225Z Get:23 http://azure.archive.ubuntu.com/ubuntu noble/main amd64 libwoff1 amd64 1.0.2-2build1 [45.3 kB]
2025-02-17T03:15:31.7372008Z Get:24 http://azure.archive.ubuntu.com/ubuntu noble/universe amd64 dvisvgm amd64 3.2.1+ds-1build1 [1042 kB]
2025-02-17T03:15:31.8074811Z Get:25 http://azure.archive.ubuntu.com/ubuntu noble/universe amd64 fonts-lmodern all 2.005-1 [4799 kB]
2025-02-17T03:15:32.0057502Z Get:26 http://azure.archive.ubuntu.com/ubuntu noble/main amd64 fonts-noto-mono all 20201225-2 [435 kB]
2025-02-17T03:15:32.0707839Z Get:27 http://azure.archive.ubuntu.com/ubuntu noble/universe amd64 fonts-texgyre all 20180621-6 [8350 kB]
2025-02-17T03:15:32.3096456Z Get:28 http://azure.archive.ubuntu.com/ubuntu noble/universe amd64 fonts-texgyre-math all 20180621-6 [2373 kB]
2025-02-17T03:15:32.4411359Z Get:29 http://azure.archive.ubuntu.com/ubuntu noble-updates/universe amd64 ghdl-common amd64 4.1.0+dfsg-0ubuntu2.1 [167 kB]
2025-02-17T03:15:32.4834922Z Get:30 http://azure.archive.ubuntu.com/ubuntu noble-updates/universe amd64 libgnat-13 amd64 13.3.0-6ubuntu2~24.04 [1430 kB]
2025-02-17T03:15:32.5434341Z Get:31 http://azure.archive.ubuntu.com/ubuntu noble-updates/universe amd64 ghdl-llvm amd64 4.1.0+dfsg-0ubuntu2.1 [3308 kB]
2025-02-17T03:15:32.6243774Z Get:32 http://azure.archive.ubuntu.com/ubuntu noble/universe amd64 libapache-pom-java all 29-2 [5284 B]
2025-02-17T03:15:32.6577849Z Get:33 http://azure.archive.ubuntu.com/ubuntu noble/main amd64 libxcb-shape0 amd64 1.15-1ubuntu2 [6100 B]
2025-02-17T03:15:32.6910482Z Get:34 http://azure.archive.ubuntu.com/ubuntu noble/main amd64 libxv1 amd64 2:1.0.11-1.1build1 [10.7 kB]
2025-02-17T03:15:32.7245283Z Get:35 http://azure.archive.ubuntu.com/ubuntu noble/main amd64 libxxf86dga1 amd64 2:1.1.5-1build1 [11.6 kB]
2025-02-17T03:15:32.7578273Z Get:36 http://azure.archive.ubuntu.com/ubuntu noble/main amd64 x11-utils amd64 7.7+6build2 [189 kB]
2025-02-17T03:15:32.7936719Z Get:37 http://azure.archive.ubuntu.com/ubuntu noble/main amd64 libatk-wrapper-java all 0.40.0-3build2 [54.3 kB]
2025-02-17T03:15:32.8277188Z Get:38 http://azure.archive.ubuntu.com/ubuntu noble/main amd64 libatk-wrapper-java-jni amd64 0.40.0-3build2 [46.4 kB]
2025-02-17T03:15:32.9072819Z Get:39 http://azure.archive.ubuntu.com/ubuntu noble/universe amd64 libcarp-clan-perl all 6.08-2 [11.9 kB]
2025-02-17T03:15:32.9407148Z Get:40 http://azure.archive.ubuntu.com/ubuntu noble/universe amd64 libbit-vector-perl amd64 7.4-3build1 [139 kB]
2025-02-17T03:15:32.9761207Z Get:41 http://azure.archive.ubuntu.com/ubuntu noble/universe amd64 libcommons-parent-java all 56-1 [10.7 kB]
2025-02-17T03:15:33.0096638Z Get:42 http://azure.archive.ubuntu.com/ubuntu noble/universe amd64 libcommons-logging-java all 1.3.0-1ubuntu1 [63.8 kB]
2025-02-17T03:15:33.0436595Z Get:43 http://azure.archive.ubuntu.com/ubuntu noble/universe amd64 libcrypt-rc4-perl all 2.02-5 [7064 B]
2025-02-17T03:15:33.0819953Z Get:44 http://azure.archive.ubuntu.com/ubuntu noble/universe amd64 libdate-calc-perl all 6.4-2 [187 kB]
2025-02-17T03:15:33.1171735Z Get:45 http://azure.archive.ubuntu.com/ubuntu noble/universe amd64 libdate-calc-xs-perl amd64 6.4-2build4 [46.8 kB]
2025-02-17T03:15:33.1506138Z Get:46 http://azure.archive.ubuntu.com/ubuntu noble/main amd64 libdate-manip-perl all 6.95-1 [923 kB]
2025-02-17T03:15:33.2196433Z Get:47 http://azure.archive.ubuntu.com/ubuntu noble/universe amd64 libdigest-perl-md5-perl all 1.9-5 [11.1 kB]
2025-02-17T03:15:33.2530499Z Get:48 http://azure.archive.ubuntu.com/ubuntu noble/universe amd64 libgumbo2 amd64 0.12.0+dfsg-2build1 [126 kB]
2025-02-17T03:15:33.2894110Z Get:49 http://azure.archive.ubuntu.com/ubuntu noble/main amd64 libio-stringy-perl all 2.111-3 [55.8 kB]
2025-02-17T03:15:33.3242985Z Get:50 http://azure.archive.ubuntu.com/ubuntu noble/universe amd64 libjcode-pm-perl amd64 2.06-1.1build1 [26.8 kB]
2025-02-17T03:15:33.3579508Z Get:51 http://azure.archive.ubuntu.com/ubuntu noble/universe amd64 libmujs3 amd64 1.3.3-3build2 [134 kB]
2025-02-17T03:15:33.3971969Z Get:52 http://azure.archive.ubuntu.com/ubuntu noble/universe amd64 libole-storage-lite-perl all 0.22-1 [21.6 kB]
2025-02-17T03:15:33.4314898Z Get:53 http://azure.archive.ubuntu.com/ubuntu noble/main amd64 libpaper-utils amd64 1.1.29build1 [8650 B]
2025-02-17T03:15:33.4651622Z Get:54 http://azure.archive.ubuntu.com/ubuntu noble/universe amd64 libparse-recdescent-perl all 1.967015+dfsg-4 [139 kB]
2025-02-17T03:15:33.5019620Z Get:55 http://azure.archive.ubuntu.com/ubuntu noble/main amd64 libptexenc1 amd64 2023.20230311.66589-9build3 [40.4 kB]
2025-02-17T03:15:33.5800053Z Get:56 http://azure.archive.ubuntu.com/ubuntu noble/main amd64 librsvg2-2 amd64 2.58.0+dfsg-1build1 [2135 kB]
2025-02-17T03:15:33.6916111Z Get:57 http://azure.archive.ubuntu.com/ubuntu noble/universe amd64 librsvg2-bin amd64 2.58.0+dfsg-1build1 [2299 kB]
2025-02-17T03:15:33.8070723Z Get:58 http://azure.archive.ubuntu.com/ubuntu noble/main amd64 librsvg2-common amd64 2.58.0+dfsg-1build1 [11.8 kB]
2025-02-17T03:15:33.8458953Z Get:59 http://azure.archive.ubuntu.com/ubuntu noble/universe amd64 libspreadsheet-writeexcel-perl all 2.40-4 [497 kB]
2025-02-17T03:15:33.9089969Z Get:60 http://azure.archive.ubuntu.com/ubuntu noble/universe amd64 libunicode-map-perl amd64 0.112-13build4 [203 kB]
2025-02-17T03:15:33.9462293Z Get:61 http://azure.archive.ubuntu.com/ubuntu noble/universe amd64 libspreadsheet-parseexcel-perl all 0.6600-1 [144 kB]
2025-02-17T03:15:33.9809448Z Get:62 http://azure.archive.ubuntu.com/ubuntu noble/main amd64 libsynctex2 amd64 2023.20230311.66589-9build3 [59.6 kB]
2025-02-17T03:15:34.0153870Z Get:63 http://azure.archive.ubuntu.com/ubuntu noble/universe amd64 libteckit0 amd64 2.5.12+ds1-1 [411 kB]
2025-02-17T03:15:34.0810021Z Get:64 http://azure.archive.ubuntu.com/ubuntu noble/main amd64 libtexlua53-5 amd64 2023.20230311.66589-9build3 [123 kB]
2025-02-17T03:15:34.1161485Z Get:65 http://azure.archive.ubuntu.com/ubuntu noble/universe amd64 libzzip-0-13t64 amd64 0.13.72+dfsg.1-1.2build1 [28.1 kB]
2025-02-17T03:15:34.1505752Z Get:66 http://azure.archive.ubuntu.com/ubuntu noble/universe amd64 lmodern all 2.005-1 [9542 kB]
2025-02-17T03:15:34.4135063Z Get:67 http://azure.archive.ubuntu.com/ubuntu noble/universe amd64 mupdf-tools amd64 1.23.10+ds1-1build3 [49.3 MB]
2025-02-17T03:15:35.6594867Z Get:68 http://azure.archive.ubuntu.com/ubuntu noble/universe amd64 pandoc-data all 3.1.3-1 [92.4 kB]
2025-02-17T03:15:35.6937167Z Get:69 http://azure.archive.ubuntu.com/ubuntu noble/universe amd64 pandoc amd64 3.1.3+ds-2 [26.9 MB]
2025-02-17T03:15:36.2956258Z Get:70 http://azure.archive.ubuntu.com/ubuntu noble/universe amd64 preview-latex-style all 13.2-1 [347 kB]
2025-02-17T03:15:36.3326107Z Get:71 http://azure.archive.ubuntu.com/ubuntu noble/main amd64 t1utils amd64 1.41-4build3 [61.3 kB]
2025-02-17T03:15:36.3663923Z Get:72 http://azure.archive.ubuntu.com/ubuntu noble/universe amd64 teckit amd64 2.5.12+ds1-1 [713 kB]
2025-02-17T03:15:36.4320640Z Get:73 http://azure.archive.ubuntu.com/ubuntu noble/universe amd64 tex-gyre all 20180621-6 [6396 kB]
2025-02-17T03:15:36.6092282Z Get:74 http://azure.archive.ubuntu.com/ubuntu noble/universe amd64 texlive-binaries amd64 2023.20230311.66589-9build3 [8529 kB]
2025-02-17T03:15:36.8523524Z Get:75 http://azure.archive.ubuntu.com/ubuntu noble/universe amd64 texlive-base all 2023.20240207-1 [21.7 MB]
2025-02-17T03:15:37.2025224Z Get:76 http://azure.archive.ubuntu.com/ubuntu noble/universe amd64 texlive-fonts-recommended all 2023.20240207-1 [4973 kB]
2025-02-17T03:15:37.3552286Z Get:77 http://azure.archive.ubuntu.com/ubuntu noble/universe amd64 texlive-latex-base all 2023.20240207-1 [1238 kB]
2025-02-17T03:15:37.4287919Z Get:78 http://azure.archive.ubuntu.com/ubuntu noble/universe amd64 libfontbox-java all 1:1.8.16-5 [208 kB]
2025-02-17T03:15:37.4646709Z Get:79 http://azure.archive.ubuntu.com/ubuntu noble/universe amd64 libpdfbox-java all 1:1.8.16-5 [5521 kB]
2025-02-17T03:15:37.6071617Z Get:80 http://azure.archive.ubuntu.com/ubuntu noble/universe amd64 texlive-latex-recommended all 2023.20240207-1 [8826 kB]
2025-02-17T03:15:37.7835869Z Get:81 http://azure.archive.ubuntu.com/ubuntu noble/universe amd64 texlive-pictures all 2023.20240207-1 [16.7 MB]
2025-02-17T03:15:38.0863507Z Get:82 http://azure.archive.ubuntu.com/ubuntu noble/universe amd64 texlive-latex-extra all 2023.20240207-1 [19.2 MB]
2025-02-17T03:15:38.7028483Z Get:83 http://azure.archive.ubuntu.com/ubuntu noble/universe amd64 texlive-plain-generic all 2023.20240207-1 [29.0 MB]
2025-02-17T03:15:39.4845918Z Get:84 http://azure.archive.ubuntu.com/ubuntu noble/universe amd64 tipa all 2:1.3-21 [2967 kB]
2025-02-17T03:15:39.7734901Z Get:85 http://azure.archive.ubuntu.com/ubuntu noble/universe amd64 texlive-xetex all 2023.20240207-1 [10.8 MB]
2025-02-17T03:15:40.3247799Z Preconfiguring packages ...
2025-02-17T03:15:40.4019243Z Fetched 320 MB in 11s (30.5 MB/s)
2025-02-17T03:15:40.4256110Z Selecting previously unselected package fonts-droid-fallback.
2025-02-17T03:15:40.4457301Z (Reading database ... 
2025-02-17T03:15:40.4457797Z (Reading database ... 5%
2025-02-17T03:15:40.4458041Z (Reading database ... 10%
2025-02-17T03:15:40.4458724Z (Reading database ... 15%
2025-02-17T03:15:40.4459441Z (Reading database ... 20%
2025-02-17T03:15:40.4459724Z (Reading database ... 25%
2025-02-17T03:15:40.4459951Z (Reading database ... 30%
2025-02-17T03:15:40.4460474Z (Reading database ... 35%
2025-02-17T03:15:40.4460844Z (Reading database ... 40%
2025-02-17T03:15:40.4461203Z (Reading database ... 45%
2025-02-17T03:15:40.4461557Z (Reading database ... 50%
2025-02-17T03:15:40.4625954Z (Reading database ... 55%
2025-02-17T03:15:40.4796007Z (Reading database ... 60%
2025-02-17T03:15:40.4972647Z (Reading database ... 65%
2025-02-17T03:15:40.5155322Z (Reading database ... 70%
2025-02-17T03:15:40.5315629Z (Reading database ... 75%
2025-02-17T03:15:40.5489894Z (Reading database ... 80%
2025-02-17T03:15:40.5864386Z (Reading database ... 85%
2025-02-17T03:15:40.6384474Z (Reading database ... 90%
2025-02-17T03:15:40.6657006Z (Reading database ... 95%
2025-02-17T03:15:40.6657338Z (Reading database ... 100%
2025-02-17T03:15:40.6657736Z (Reading database ... 220710 files and directories currently installed.)
2025-02-17T03:15:40.6704323Z Preparing to unpack .../00-fonts-droid-fallback_1%3a6.0.1r16-1.1build1_all.deb ...
2025-02-17T03:15:40.6947953Z Unpacking fonts-droid-fallback (1:6.0.1r16-1.1build1) ...
2025-02-17T03:15:40.8467747Z Selecting previously unselected package poppler-data.
2025-02-17T03:15:40.8607301Z Preparing to unpack .../01-poppler-data_0.4.12-1_all.deb ...
2025-02-17T03:15:40.8617436Z Unpacking poppler-data (0.4.12-1) ...
2025-02-17T03:15:40.9931713Z Selecting previously unselected package ca-certificates-java.
2025-02-17T03:15:41.0075778Z Preparing to unpack .../02-ca-certificates-java_20240118_all.deb ...
2025-02-17T03:15:41.0109997Z Unpacking ca-certificates-java (20240118) ...
2025-02-17T03:15:41.0364080Z Selecting previously unselected package libpcsclite1:amd64.
2025-02-17T03:15:41.0502380Z Preparing to unpack .../03-libpcsclite1_2.0.3-1build1_amd64.deb ...
2025-02-17T03:15:41.0521923Z Unpacking libpcsclite1:amd64 (2.0.3-1build1) ...
2025-02-17T03:15:41.0749678Z Selecting previously unselected package openjdk-21-jre-headless:amd64.
2025-02-17T03:15:41.0890543Z Preparing to unpack .../04-openjdk-21-jre-headless_21.0.6+7-1~24.04.1_amd64.deb ...
2025-02-17T03:15:41.0900669Z Unpacking openjdk-21-jre-headless:amd64 (21.0.6+7-1~24.04.1) ...
2025-02-17T03:15:41.9176849Z Selecting previously unselected package default-jre-headless.
2025-02-17T03:15:41.9312634Z Preparing to unpack .../05-default-jre-headless_2%3a1.21-75+exp1_amd64.deb ...
2025-02-17T03:15:41.9323121Z Unpacking default-jre-headless (2:1.21-75+exp1) ...
2025-02-17T03:15:41.9549027Z Selecting previously unselected package libgif7:amd64.
2025-02-17T03:15:41.9682857Z Preparing to unpack .../06-libgif7_5.2.2-1ubuntu1_amd64.deb ...
2025-02-17T03:15:41.9691244Z Unpacking libgif7:amd64 (5.2.2-1ubuntu1) ...
2025-02-17T03:15:41.9934677Z Selecting previously unselected package openjdk-21-jre:amd64.
2025-02-17T03:15:42.0071432Z Preparing to unpack .../07-openjdk-21-jre_21.0.6+7-1~24.04.1_amd64.deb ...
2025-02-17T03:15:42.0081895Z Unpacking openjdk-21-jre:amd64 (21.0.6+7-1~24.04.1) ...
2025-02-17T03:15:42.0407137Z Selecting previously unselected package default-jre.
2025-02-17T03:15:42.0544458Z Preparing to unpack .../08-default-jre_2%3a1.21-75+exp1_amd64.deb ...
2025-02-17T03:15:42.0554298Z Unpacking default-jre (2:1.21-75+exp1) ...
2025-02-17T03:15:42.0752762Z Selecting previously unselected package xfonts-encodings.
2025-02-17T03:15:42.0889333Z Preparing to unpack .../09-xfonts-encodings_1%3a1.0.5-0ubuntu2_all.deb ...
2025-02-17T03:15:42.0901097Z Unpacking xfonts-encodings (1:1.0.5-0ubuntu2) ...
2025-02-17T03:15:42.1223185Z Selecting previously unselected package xfonts-utils.
2025-02-17T03:15:42.1359616Z Preparing to unpack .../10-xfonts-utils_1%3a7.7+6build3_amd64.deb ...
2025-02-17T03:15:42.1372419Z Unpacking xfonts-utils (1:7.7+6build3) ...
2025-02-17T03:15:42.1901650Z Selecting previously unselected package fonts-urw-base35.
2025-02-17T03:15:42.2039898Z Preparing to unpack .../11-fonts-urw-base35_20200910-8_all.deb ...
2025-02-17T03:15:42.2706692Z Unpacking fonts-urw-base35 (20200910-8) ...
2025-02-17T03:15:42.3689866Z Selecting previously unselected package libgs-common.
2025-02-17T03:15:42.3827212Z Preparing to unpack .../12-libgs-common_10.02.1~dfsg1-0ubuntu7.4_all.deb ...
2025-02-17T03:15:42.3837576Z Unpacking libgs-common (10.02.1~dfsg1-0ubuntu7.4) ...
2025-02-17T03:15:42.4088090Z Selecting previously unselected package libgs10-common.
2025-02-17T03:15:42.4226075Z Preparing to unpack .../13-libgs10-common_10.02.1~dfsg1-0ubuntu7.4_all.deb ...
2025-02-17T03:15:42.4242378Z Unpacking libgs10-common (10.02.1~dfsg1-0ubuntu7.4) ...
2025-02-17T03:15:42.4963459Z Selecting previously unselected package libidn12:amd64.
2025-02-17T03:15:42.5100883Z Preparing to unpack .../14-libidn12_1.42-1build1_amd64.deb ...
2025-02-17T03:15:42.5120673Z Unpacking libidn12:amd64 (1.42-1build1) ...
2025-02-17T03:15:42.5379523Z Selecting previously unselected package libijs-0.35:amd64.
2025-02-17T03:15:42.5516193Z Preparing to unpack .../15-libijs-0.35_0.35-15.1build1_amd64.deb ...
2025-02-17T03:15:42.5532104Z Unpacking libijs-0.35:amd64 (0.35-15.1build1) ...
2025-02-17T03:15:42.5789982Z Selecting previously unselected package libjbig2dec0:amd64.
2025-02-17T03:15:42.5925574Z Preparing to unpack .../16-libjbig2dec0_0.20-1build3_amd64.deb ...
2025-02-17T03:15:42.5944240Z Unpacking libjbig2dec0:amd64 (0.20-1build3) ...
2025-02-17T03:15:42.6207077Z Selecting previously unselected package libpaper1:amd64.
2025-02-17T03:15:42.6342524Z Preparing to unpack .../17-libpaper1_1.1.29build1_amd64.deb ...
2025-02-17T03:15:42.6351792Z Unpacking libpaper1:amd64 (1.1.29build1) ...
2025-02-17T03:15:42.6598157Z Selecting previously unselected package libgs10:amd64.
2025-02-17T03:15:42.6733347Z Preparing to unpack .../18-libgs10_10.02.1~dfsg1-0ubuntu7.4_amd64.deb ...
2025-02-17T03:15:42.6759389Z Unpacking libgs10:amd64 (10.02.1~dfsg1-0ubuntu7.4) ...
2025-02-17T03:15:42.8033868Z Selecting previously unselected package libkpathsea6:amd64.
2025-02-17T03:15:42.8170834Z Preparing to unpack .../19-libkpathsea6_2023.20230311.66589-9build3_amd64.deb ...
2025-02-17T03:15:42.8181406Z Unpacking libkpathsea6:amd64 (2023.20230311.66589-9build3) ...
2025-02-17T03:15:42.8425778Z Selecting previously unselected package libpotrace0:amd64.
2025-02-17T03:15:42.8560855Z Preparing to unpack .../20-libpotrace0_1.16-2build1_amd64.deb ...
2025-02-17T03:15:42.8571010Z Unpacking libpotrace0:amd64 (1.16-2build1) ...
2025-02-17T03:15:42.8797145Z Selecting previously unselected package libwoff1:amd64.
2025-02-17T03:15:42.8932921Z Preparing to unpack .../21-libwoff1_1.0.2-2build1_amd64.deb ...
2025-02-17T03:15:42.8941655Z Unpacking libwoff1:amd64 (1.0.2-2build1) ...
2025-02-17T03:15:42.9183216Z Selecting previously unselected package dvisvgm.
2025-02-17T03:15:42.9317049Z Preparing to unpack .../22-dvisvgm_3.2.1+ds-1build1_amd64.deb ...
2025-02-17T03:15:42.9343842Z Unpacking dvisvgm (3.2.1+ds-1build1) ...
2025-02-17T03:15:42.9671196Z Selecting previously unselected package fonts-lmodern.
2025-02-17T03:15:42.9806035Z Preparing to unpack .../23-fonts-lmodern_2.005-1_all.deb ...
2025-02-17T03:15:42.9819043Z Unpacking fonts-lmodern (2.005-1) ...
2025-02-17T03:15:43.0579435Z Selecting previously unselected package fonts-noto-mono.
2025-02-17T03:15:43.0716861Z Preparing to unpack .../24-fonts-noto-mono_20201225-2_all.deb ...
2025-02-17T03:15:43.0725742Z Unpacking fonts-noto-mono (20201225-2) ...
2025-02-17T03:15:43.1011539Z Selecting previously unselected package fonts-texgyre.
2025-02-17T03:15:43.1147431Z Preparing to unpack .../25-fonts-texgyre_20180621-6_all.deb ...
2025-02-17T03:15:43.1159886Z Unpacking fonts-texgyre (20180621-6) ...
2025-02-17T03:15:43.1977542Z Selecting previously unselected package fonts-texgyre-math.
2025-02-17T03:15:43.2115576Z Preparing to unpack .../26-fonts-texgyre-math_20180621-6_all.deb ...
2025-02-17T03:15:43.2124160Z Unpacking fonts-texgyre-math (20180621-6) ...
2025-02-17T03:15:43.2695598Z Selecting previously unselected package ghdl-common.
2025-02-17T03:15:43.2833303Z Preparing to unpack .../27-ghdl-common_4.1.0+dfsg-0ubuntu2.1_amd64.deb ...
2025-02-17T03:15:43.2845413Z Unpacking ghdl-common (4.1.0+dfsg-0ubuntu2.1) ...
2025-02-17T03:15:43.3270175Z Selecting previously unselected package libgnat-13:amd64.
2025-02-17T03:15:43.3408922Z Preparing to unpack .../28-libgnat-13_13.3.0-6ubuntu2~24.04_amd64.deb ...
2025-02-17T03:15:43.3417073Z Unpacking libgnat-13:amd64 (13.3.0-6ubuntu2~24.04) ...
2025-02-17T03:15:43.3889664Z Selecting previously unselected package ghdl-llvm.
2025-02-17T03:15:43.4028185Z Preparing to unpack .../29-ghdl-llvm_4.1.0+dfsg-0ubuntu2.1_amd64.deb ...
2025-02-17T03:15:43.4094195Z Unpacking ghdl-llvm (4.1.0+dfsg-0ubuntu2.1) ...
2025-02-17T03:15:43.5020305Z Selecting previously unselected package libapache-pom-java.
2025-02-17T03:15:43.5158082Z Preparing to unpack .../30-libapache-pom-java_29-2_all.deb ...
2025-02-17T03:15:43.5170037Z Unpacking libapache-pom-java (29-2) ...
2025-02-17T03:15:43.5427594Z Selecting previously unselected package libxcb-shape0:amd64.
2025-02-17T03:15:43.5563840Z Preparing to unpack .../31-libxcb-shape0_1.15-1ubuntu2_amd64.deb ...
2025-02-17T03:15:43.5586718Z Unpacking libxcb-shape0:amd64 (1.15-1ubuntu2) ...
2025-02-17T03:15:43.5797820Z Selecting previously unselected package libxv1:amd64.
2025-02-17T03:15:43.5935628Z Preparing to unpack .../32-libxv1_2%3a1.0.11-1.1build1_amd64.deb ...
2025-02-17T03:15:43.5945559Z Unpacking libxv1:amd64 (2:1.0.11-1.1build1) ...
2025-02-17T03:15:43.6153151Z Selecting previously unselected package libxxf86dga1:amd64.
2025-02-17T03:15:43.6289658Z Preparing to unpack .../33-libxxf86dga1_2%3a1.1.5-1build1_amd64.deb ...
2025-02-17T03:15:43.6298957Z Unpacking libxxf86dga1:amd64 (2:1.1.5-1build1) ...
2025-02-17T03:15:43.6510874Z Selecting previously unselected package x11-utils.
2025-02-17T03:15:43.6647227Z Preparing to unpack .../34-x11-utils_7.7+6build2_amd64.deb ...
2025-02-17T03:15:43.6656620Z Unpacking x11-utils (7.7+6build2) ...
2025-02-17T03:15:43.6994063Z Selecting previously unselected package libatk-wrapper-java.
2025-02-17T03:15:43.7130723Z Preparing to unpack .../35-libatk-wrapper-java_0.40.0-3build2_all.deb ...
2025-02-17T03:15:43.7138991Z Unpacking libatk-wrapper-java (0.40.0-3build2) ...
2025-02-17T03:15:43.7344880Z Selecting previously unselected package libatk-wrapper-java-jni:amd64.
2025-02-17T03:15:43.7480109Z Preparing to unpack .../36-libatk-wrapper-java-jni_0.40.0-3build2_amd64.deb ...
2025-02-17T03:15:43.7490145Z Unpacking libatk-wrapper-java-jni:amd64 (0.40.0-3build2) ...
2025-02-17T03:15:43.7694719Z Selecting previously unselected package libcarp-clan-perl.
2025-02-17T03:15:43.7830376Z Preparing to unpack .../37-libcarp-clan-perl_6.08-2_all.deb ...
2025-02-17T03:15:43.7839613Z Unpacking libcarp-clan-perl (6.08-2) ...
2025-02-17T03:15:43.8057946Z Selecting previously unselected package libbit-vector-perl:amd64.
2025-02-17T03:15:43.8196194Z Preparing to unpack .../38-libbit-vector-perl_7.4-3build1_amd64.deb ...
2025-02-17T03:15:43.8206879Z Unpacking libbit-vector-perl:amd64 (7.4-3build1) ...
2025-02-17T03:15:43.8470025Z Selecting previously unselected package libcommons-parent-java.
2025-02-17T03:15:43.8606821Z Preparing to unpack .../39-libcommons-parent-java_56-1_all.deb ...
2025-02-17T03:15:43.8615640Z Unpacking libcommons-parent-java (56-1) ...
2025-02-17T03:15:43.8833896Z Selecting previously unselected package libcommons-logging-java.
2025-02-17T03:15:43.8971456Z Preparing to unpack .../40-libcommons-logging-java_1.3.0-1ubuntu1_all.deb ...
2025-02-17T03:15:43.8980712Z Unpacking libcommons-logging-java (1.3.0-1ubuntu1) ...
2025-02-17T03:15:43.9200963Z Selecting previously unselected package libcrypt-rc4-perl.
2025-02-17T03:15:43.9337731Z Preparing to unpack .../41-libcrypt-rc4-perl_2.02-5_all.deb ...
2025-02-17T03:15:43.9347282Z Unpacking libcrypt-rc4-perl (2.02-5) ...
2025-02-17T03:15:43.9549221Z Selecting previously unselected package libdate-calc-perl.
2025-02-17T03:15:43.9685435Z Preparing to unpack .../42-libdate-calc-perl_6.4-2_all.deb ...
2025-02-17T03:15:43.9693326Z Unpacking libdate-calc-perl (6.4-2) ...
2025-02-17T03:15:43.9950856Z Selecting previously unselected package libdate-calc-xs-perl:amd64.
2025-02-17T03:15:44.0089207Z Preparing to unpack .../43-libdate-calc-xs-perl_6.4-2build4_amd64.deb ...
2025-02-17T03:15:44.0100614Z Unpacking libdate-calc-xs-perl:amd64 (6.4-2build4) ...
2025-02-17T03:15:44.0333857Z Selecting previously unselected package libdate-manip-perl.
2025-02-17T03:15:44.0472097Z Preparing to unpack .../44-libdate-manip-perl_6.95-1_all.deb ...
2025-02-17T03:15:44.0481061Z Unpacking libdate-manip-perl (6.95-1) ...
2025-02-17T03:15:44.2597689Z Selecting previously unselected package libdigest-perl-md5-perl.
2025-02-17T03:15:44.2739887Z Preparing to unpack .../45-libdigest-perl-md5-perl_1.9-5_all.deb ...
2025-02-17T03:15:44.2748867Z Unpacking libdigest-perl-md5-perl (1.9-5) ...
2025-02-17T03:15:44.2984617Z Selecting previously unselected package libgumbo2:amd64.
2025-02-17T03:15:44.3126366Z Preparing to unpack .../46-libgumbo2_0.12.0+dfsg-2build1_amd64.deb ...
2025-02-17T03:15:44.3140018Z Unpacking libgumbo2:amd64 (0.12.0+dfsg-2build1) ...
2025-02-17T03:15:44.3382449Z Selecting previously unselected package libio-stringy-perl.
2025-02-17T03:15:44.3524014Z Preparing to unpack .../47-libio-stringy-perl_2.111-3_all.deb ...
2025-02-17T03:15:44.3535439Z Unpacking libio-stringy-perl (2.111-3) ...
2025-02-17T03:15:44.3805535Z Selecting previously unselected package libjcode-pm-perl.
2025-02-17T03:15:44.3949453Z Preparing to unpack .../48-libjcode-pm-perl_2.06-1.1build1_amd64.deb ...
2025-02-17T03:15:44.3958368Z Unpacking libjcode-pm-perl (2.06-1.1build1) ...
2025-02-17T03:15:44.4197105Z Selecting previously unselected package libmujs3:amd64.
2025-02-17T03:15:44.4343995Z Preparing to unpack .../49-libmujs3_1.3.3-3build2_amd64.deb ...
2025-02-17T03:15:44.4357799Z Unpacking libmujs3:amd64 (1.3.3-3build2) ...
2025-02-17T03:15:44.4595577Z Selecting previously unselected package libole-storage-lite-perl.
2025-02-17T03:15:44.4735223Z Preparing to unpack .../50-libole-storage-lite-perl_0.22-1_all.deb ...
2025-02-17T03:15:44.4743997Z Unpacking libole-storage-lite-perl (0.22-1) ...
2025-02-17T03:15:44.4984086Z Selecting previously unselected package libpaper-utils.
2025-02-17T03:15:44.5129826Z Preparing to unpack .../51-libpaper-utils_1.1.29build1_amd64.deb ...
2025-02-17T03:15:44.5139301Z Unpacking libpaper-utils (1.1.29build1) ...
2025-02-17T03:15:44.5364973Z Selecting previously unselected package libparse-recdescent-perl.
2025-02-17T03:15:44.5504688Z Preparing to unpack .../52-libparse-recdescent-perl_1.967015+dfsg-4_all.deb ...
2025-02-17T03:15:44.5514005Z Unpacking libparse-recdescent-perl (1.967015+dfsg-4) ...
2025-02-17T03:15:44.5854260Z Selecting previously unselected package libptexenc1:amd64.
2025-02-17T03:15:44.5991606Z Preparing to unpack .../53-libptexenc1_2023.20230311.66589-9build3_amd64.deb ...
2025-02-17T03:15:44.6001798Z Unpacking libptexenc1:amd64 (2023.20230311.66589-9build3) ...
2025-02-17T03:15:44.6218348Z Selecting previously unselected package librsvg2-2:amd64.
2025-02-17T03:15:44.6357867Z Preparing to unpack .../54-librsvg2-2_2.58.0+dfsg-1build1_amd64.deb ...
2025-02-17T03:15:44.6369214Z Unpacking librsvg2-2:amd64 (2.58.0+dfsg-1build1) ...
2025-02-17T03:15:44.6903383Z Selecting previously unselected package librsvg2-bin.
2025-02-17T03:15:44.7042701Z Preparing to unpack .../55-librsvg2-bin_2.58.0+dfsg-1build1_amd64.deb ...
2025-02-17T03:15:44.7051614Z Unpacking librsvg2-bin (2.58.0+dfsg-1build1) ...
2025-02-17T03:15:44.7624564Z Selecting previously unselected package librsvg2-common:amd64.
2025-02-17T03:15:44.7763949Z Preparing to unpack .../56-librsvg2-common_2.58.0+dfsg-1build1_amd64.deb ...
2025-02-17T03:15:44.7771628Z Unpacking librsvg2-common:amd64 (2.58.0+dfsg-1build1) ...
2025-02-17T03:15:44.7989012Z Selecting previously unselected package libspreadsheet-writeexcel-perl.
2025-02-17T03:15:44.8126220Z Preparing to unpack .../57-libspreadsheet-writeexcel-perl_2.40-4_all.deb ...
2025-02-17T03:15:44.8136404Z Unpacking libspreadsheet-writeexcel-perl (2.40-4) ...
2025-02-17T03:15:44.8656976Z Selecting previously unselected package libunicode-map-perl.
2025-02-17T03:15:44.8798491Z Preparing to unpack .../58-libunicode-map-perl_0.112-13build4_amd64.deb ...
2025-02-17T03:15:44.8808928Z Unpacking libunicode-map-perl (0.112-13build4) ...
2025-02-17T03:15:44.9194539Z Selecting previously unselected package libspreadsheet-parseexcel-perl.
2025-02-17T03:15:44.9334197Z Preparing to unpack .../59-libspreadsheet-parseexcel-perl_0.6600-1_all.deb ...
2025-02-17T03:15:44.9342271Z Unpacking libspreadsheet-parseexcel-perl (0.6600-1) ...
2025-02-17T03:15:44.9671831Z Selecting previously unselected package libsynctex2:amd64.
2025-02-17T03:15:44.9810195Z Preparing to unpack .../60-libsynctex2_2023.20230311.66589-9build3_amd64.deb ...
2025-02-17T03:15:44.9822166Z Unpacking libsynctex2:amd64 (2023.20230311.66589-9build3) ...
2025-02-17T03:15:45.0051714Z Selecting previously unselected package libteckit0:amd64.
2025-02-17T03:15:45.0189831Z Preparing to unpack .../61-libteckit0_2.5.12+ds1-1_amd64.deb ...
2025-02-17T03:15:45.0200577Z Unpacking libteckit0:amd64 (2.5.12+ds1-1) ...
2025-02-17T03:15:45.0521929Z Selecting previously unselected package libtexlua53-5:amd64.
2025-02-17T03:15:45.0659464Z Preparing to unpack .../62-libtexlua53-5_2023.20230311.66589-9build3_amd64.deb ...
2025-02-17T03:15:45.0671720Z Unpacking libtexlua53-5:amd64 (2023.20230311.66589-9build3) ...
2025-02-17T03:15:45.0900092Z Selecting previously unselected package libzzip-0-13t64:amd64.
2025-02-17T03:15:45.1036735Z Preparing to unpack .../63-libzzip-0-13t64_0.13.72+dfsg.1-1.2build1_amd64.deb ...
2025-02-17T03:15:45.1047622Z Unpacking libzzip-0-13t64:amd64 (0.13.72+dfsg.1-1.2build1) ...
2025-02-17T03:15:45.1287943Z Selecting previously unselected package lmodern.
2025-02-17T03:15:45.1425027Z Preparing to unpack .../64-lmodern_2.005-1_all.deb ...
2025-02-17T03:15:45.1434893Z Unpacking lmodern (2.005-1) ...
2025-02-17T03:15:45.4154112Z Selecting previously unselected package mupdf-tools.
2025-02-17T03:15:45.4297466Z Preparing to unpack .../65-mupdf-tools_1.23.10+ds1-1build3_amd64.deb ...
2025-02-17T03:15:45.4306575Z Unpacking mupdf-tools (1.23.10+ds1-1build3) ...
2025-02-17T03:15:45.8427662Z Selecting previously unselected package pandoc-data.
2025-02-17T03:15:45.8568194Z Preparing to unpack .../66-pandoc-data_3.1.3-1_all.deb ...
2025-02-17T03:15:45.8580659Z Unpacking pandoc-data (3.1.3-1) ...
2025-02-17T03:15:45.9114508Z Selecting previously unselected package pandoc.
2025-02-17T03:15:45.9252964Z Preparing to unpack .../67-pandoc_3.1.3+ds-2_amd64.deb ...
2025-02-17T03:15:45.9263984Z Unpacking pandoc (3.1.3+ds-2) ...
2025-02-17T03:15:46.7081498Z Selecting previously unselected package preview-latex-style.
2025-02-17T03:15:46.7221607Z Preparing to unpack .../68-preview-latex-style_13.2-1_all.deb ...
2025-02-17T03:15:46.7235813Z Unpacking preview-latex-style (13.2-1) ...
2025-02-17T03:15:46.7485920Z Selecting previously unselected package t1utils.
2025-02-17T03:15:46.7627010Z Preparing to unpack .../69-t1utils_1.41-4build3_amd64.deb ...
2025-02-17T03:15:46.7640787Z Unpacking t1utils (1.41-4build3) ...
2025-02-17T03:15:46.7901868Z Selecting previously unselected package teckit.
2025-02-17T03:15:46.8045798Z Preparing to unpack .../70-teckit_2.5.12+ds1-1_amd64.deb ...
2025-02-17T03:15:46.8055386Z Unpacking teckit (2.5.12+ds1-1) ...
2025-02-17T03:15:46.8351349Z Selecting previously unselected package tex-gyre.
2025-02-17T03:15:46.8496307Z Preparing to unpack .../71-tex-gyre_20180621-6_all.deb ...
2025-02-17T03:15:46.8507861Z Unpacking tex-gyre (20180621-6) ...
2025-02-17T03:15:47.0621287Z Selecting previously unselected package texlive-binaries.
2025-02-17T03:15:47.0763587Z Preparing to unpack .../72-texlive-binaries_2023.20230311.66589-9build3_amd64.deb ...
2025-02-17T03:15:47.0829342Z Unpacking texlive-binaries (2023.20230311.66589-9build3) ...
2025-02-17T03:15:47.2987236Z Selecting previously unselected package texlive-base.
2025-02-17T03:15:47.3134205Z Preparing to unpack .../73-texlive-base_2023.20240207-1_all.deb ...
2025-02-17T03:15:47.3143787Z Unpacking texlive-base (2023.20240207-1) ...
2025-02-17T03:15:48.5939685Z Selecting previously unselected package texlive-fonts-recommended.
2025-02-17T03:15:48.6090695Z Preparing to unpack .../74-texlive-fonts-recommended_2023.20240207-1_all.deb ...
2025-02-17T03:15:48.6099532Z Unpacking texlive-fonts-recommended (2023.20240207-1) ...
2025-02-17T03:15:49.1014828Z Selecting previously unselected package texlive-latex-base.
2025-02-17T03:15:49.1170018Z Preparing to unpack .../75-texlive-latex-base_2023.20240207-1_all.deb ...
2025-02-17T03:15:49.1180931Z Unpacking texlive-latex-base (2023.20240207-1) ...
2025-02-17T03:15:49.5072253Z Selecting previously unselected package libfontbox-java.
2025-02-17T03:15:49.5228281Z Preparing to unpack .../76-libfontbox-java_1%3a1.8.16-5_all.deb ...
2025-02-17T03:15:49.5240264Z Unpacking libfontbox-java (1:1.8.16-5) ...
2025-02-17T03:15:49.6493949Z Selecting previously unselected package libpdfbox-java.
2025-02-17T03:15:49.6660686Z Preparing to unpack .../77-libpdfbox-java_1%3a1.8.16-5_all.deb ...
2025-02-17T03:15:49.6779594Z Unpacking libpdfbox-java (1:1.8.16-5) ...
2025-02-17T03:15:49.8658198Z Selecting previously unselected package texlive-latex-recommended.
2025-02-17T03:15:49.8804645Z Preparing to unpack .../78-texlive-latex-recommended_2023.20240207-1_all.deb ...
2025-02-17T03:15:49.8815725Z Unpacking texlive-latex-recommended (2023.20240207-1) ...
2025-02-17T03:15:50.6152017Z Selecting previously unselected package texlive-pictures.
2025-02-17T03:15:50.6307629Z Preparing to unpack .../79-texlive-pictures_2023.20240207-1_all.deb ...
2025-02-17T03:15:50.6324897Z Unpacking texlive-pictures (2023.20240207-1) ...
2025-02-17T03:15:51.7858158Z Selecting previously unselected package texlive-latex-extra.
2025-02-17T03:15:51.8029401Z Preparing to unpack .../80-texlive-latex-extra_2023.20240207-1_all.deb ...
2025-02-17T03:15:51.8038896Z Unpacking texlive-latex-extra (2023.20240207-1) ...
2025-02-17T03:15:53.2999214Z Selecting previously unselected package texlive-plain-generic.
2025-02-17T03:15:53.3183799Z Preparing to unpack .../81-texlive-plain-generic_2023.20240207-1_all.deb ...
2025-02-17T03:15:53.3192090Z Unpacking texlive-plain-generic (2023.20240207-1) ...
2025-02-17T03:15:56.1304200Z Selecting previously unselected package tipa.
2025-02-17T03:15:56.1509450Z Preparing to unpack .../82-tipa_2%3a1.3-21_all.deb ...
2025-02-17T03:15:56.1574852Z Unpacking tipa (2:1.3-21) ...
2025-02-17T03:15:56.3674801Z Selecting previously unselected package texlive-xetex.
2025-02-17T03:15:56.3837248Z Preparing to unpack .../83-texlive-xetex_2023.20240207-1_all.deb ...
2025-02-17T03:15:56.3846332Z Unpacking texlive-xetex (2023.20240207-1) ...
2025-02-17T03:15:56.9675404Z Setting up libjcode-pm-perl (2.06-1.1build1) ...
2025-02-17T03:15:56.9706321Z Setting up libpaper1:amd64 (1.1.29build1) ...
2025-02-17T03:15:57.1018507Z 
2025-02-17T03:15:57.1019349Z Creating config file /etc/papersize with new version
2025-02-17T03:15:57.1495726Z Setting up ghdl-common (4.1.0+dfsg-0ubuntu2.1) ...
2025-02-17T03:15:57.1518493Z Setting up fonts-noto-mono (20201225-2) ...
2025-02-17T03:15:57.1548357Z Setting up fonts-texgyre-math (20180621-6) ...
2025-02-17T03:15:57.1576721Z Setting up libwoff1:amd64 (1.0.2-2build1) ...
2025-02-17T03:15:57.1599005Z Setting up libmujs3:amd64 (1.3.3-3build2) ...
2025-02-17T03:15:57.1623237Z Setting up libio-stringy-perl (2.111-3) ...
2025-02-17T03:15:57.1647422Z Setting up libijs-0.35:amd64 (0.35-15.1build1) ...
2025-02-17T03:15:57.1669545Z Setting up preview-latex-style (13.2-1) ...
2025-02-17T03:15:57.1720501Z Setting up libgs-common (10.02.1~dfsg1-0ubuntu7.4) ...
2025-02-17T03:15:57.1751328Z Setting up libfontbox-java (1:1.8.16-5) ...
2025-02-17T03:15:57.1779980Z Setting up libxcb-shape0:amd64 (1.15-1ubuntu2) ...
2025-02-17T03:15:57.1823012Z Setting up libxxf86dga1:amd64 (2:1.1.5-1build1) ...
2025-02-17T03:15:57.1846778Z Setting up libpaper-utils (1.1.29build1) ...
2025-02-17T03:15:57.1869951Z Setting up poppler-data (0.4.12-1) ...
2025-02-17T03:15:57.1968281Z Setting up librsvg2-2:amd64 (2.58.0+dfsg-1build1) ...
2025-02-17T03:15:57.1992551Z Setting up libdigest-perl-md5-perl (1.9-5) ...
2025-02-17T03:15:57.2015006Z Setting up libunicode-map-perl (0.112-13build4) ...
2025-02-17T03:15:57.2047713Z Setting up libzzip-0-13t64:amd64 (0.13.72+dfsg.1-1.2build1) ...
2025-02-17T03:15:57.2071400Z Setting up libjbig2dec0:amd64 (0.20-1build3) ...
2025-02-17T03:15:57.2105151Z Setting up libgumbo2:amd64 (0.12.0+dfsg-2build1) ...
2025-02-17T03:15:57.2130573Z Setting up libteckit0:amd64 (2.5.12+ds1-1) ...
2025-02-17T03:15:57.2155168Z Setting up libapache-pom-java (29-2) ...
2025-02-17T03:15:57.2178149Z Setting up xfonts-encodings (1:1.0.5-0ubuntu2) ...
2025-02-17T03:15:57.2202955Z Setting up t1utils (1.41-4build3) ...
2025-02-17T03:15:57.2225614Z Setting up libtexlua53-5:amd64 (2023.20230311.66589-9build3) ...
2025-02-17T03:15:57.2250740Z Setting up libcrypt-rc4-perl (2.02-5) ...
2025-02-17T03:15:57.2296963Z Setting up libxv1:amd64 (2:1.0.11-1.1build1) ...
2025-02-17T03:15:57.2327890Z Setting up libidn12:amd64 (1.42-1build1) ...
2025-02-17T03:15:57.2352401Z Setting up libpcsclite1:amd64 (2.0.3-1build1) ...
2025-02-17T03:15:57.2379730Z Setting up fonts-texgyre (20180621-6) ...
2025-02-17T03:15:57.2448462Z Setting up librsvg2-common:amd64 (2.58.0+dfsg-1build1) ...
2025-02-17T03:15:57.2485512Z Setting up libgnat-13:amd64 (13.3.0-6ubuntu2~24.04) ...
2025-02-17T03:15:57.2521110Z Setting up libkpathsea6:amd64 (2023.20230311.66589-9build3) ...
2025-02-17T03:15:57.2544609Z Setting up libole-storage-lite-perl (0.22-1) ...
2025-02-17T03:15:57.2568167Z Setting up libgif7:amd64 (5.2.2-1ubuntu1) ...
2025-02-17T03:15:57.2594209Z Setting up libparse-recdescent-perl (1.967015+dfsg-4) ...
2025-02-17T03:15:57.2623154Z Setting up x11-utils (7.7+6build2) ...
2025-02-17T03:15:57.2729524Z Setting up fonts-lmodern (2.005-1) ...
2025-02-17T03:15:57.2768160Z Setting up libcarp-clan-perl (6.08-2) ...
2025-02-17T03:15:57.2791374Z Setting up fonts-droid-fallback (1:6.0.1r16-1.1build1) ...
2025-02-17T03:15:57.3031202Z Setting up libatk-wrapper-java (0.40.0-3build2) ...
2025-02-17T03:15:57.3054976Z Setting up pandoc-data (3.1.3-1) ...
2025-02-17T03:15:57.3078812Z Setting up ca-certificates-java (20240118) ...
2025-02-17T03:15:57.6493925Z Adding debian:ACCVRAIZ1.pem
2025-02-17T03:15:57.6520726Z Adding debian:AC_RAIZ_FNMT-RCM.pem
2025-02-17T03:15:57.6681162Z Adding debian:AC_RAIZ_FNMT-RCM_SERVIDORES_SEGUROS.pem
2025-02-17T03:15:57.6705827Z Adding debian:ANF_Secure_Server_Root_CA.pem
2025-02-17T03:15:57.6729386Z Adding debian:Actalis_Authentication_Root_CA.pem
2025-02-17T03:15:57.6744376Z Adding debian:AffirmTrust_Commercial.pem
2025-02-17T03:15:57.6760278Z Adding debian:AffirmTrust_Networking.pem
2025-02-17T03:15:57.6781769Z Adding debian:AffirmTrust_Premium.pem
2025-02-17T03:15:57.6792867Z Adding debian:AffirmTrust_Premium_ECC.pem
2025-02-17T03:15:57.6808708Z Adding debian:Amazon_Root_CA_1.pem
2025-02-17T03:15:57.6831210Z Adding debian:Amazon_Root_CA_2.pem
2025-02-17T03:15:57.6842577Z Adding debian:Amazon_Root_CA_3.pem
2025-02-17T03:15:57.6856881Z Adding debian:Amazon_Root_CA_4.pem
2025-02-17T03:15:57.6874150Z Adding debian:Atos_TrustedRoot_2011.pem
2025-02-17T03:15:57.6888168Z Adding debian:Atos_TrustedRoot_Root_CA_ECC_TLS_2021.pem
2025-02-17T03:15:57.6946099Z Adding debian:Atos_TrustedRoot_Root_CA_RSA_TLS_2021.pem
2025-02-17T03:15:57.6974453Z Adding debian:Autoridad_de_Certificacion_Firmaprofesional_CIF_A62634068.pem
2025-02-17T03:15:57.6997130Z Adding debian:BJCA_Global_Root_CA1.pem
2025-02-17T03:15:57.7011298Z Adding debian:BJCA_Global_Root_CA2.pem
2025-02-17T03:15:57.7027615Z Adding debian:Baltimore_CyberTrust_Root.pem
2025-02-17T03:15:57.7049390Z Adding debian:Buypass_Class_2_Root_CA.pem
2025-02-17T03:15:57.7075148Z Adding debian:Buypass_Class_3_Root_CA.pem
2025-02-17T03:15:57.7096791Z Adding debian:CA_Disig_Root_R2.pem
2025-02-17T03:15:57.7119311Z Adding debian:CFCA_EV_ROOT.pem
2025-02-17T03:15:57.7139287Z Adding debian:COMODO_Certification_Authority.pem
2025-02-17T03:15:57.7153924Z Adding debian:COMODO_ECC_Certification_Authority.pem
2025-02-17T03:15:57.7176309Z Adding debian:COMODO_RSA_Certification_Authority.pem
2025-02-17T03:15:57.7185829Z Adding debian:Certainly_Root_E1.pem
2025-02-17T03:15:57.7205062Z Adding debian:Certainly_Root_R1.pem
2025-02-17T03:15:57.7229596Z Adding debian:Certigna.pem
2025-02-17T03:15:57.7255051Z Adding debian:Certigna_Root_CA.pem
2025-02-17T03:15:57.7266787Z Adding debian:Certum_EC-384_CA.pem
2025-02-17T03:15:57.7283451Z Adding debian:Certum_Trusted_Network_CA.pem
2025-02-17T03:15:57.7313339Z Adding debian:Certum_Trusted_Network_CA_2.pem
2025-02-17T03:15:57.7341384Z Adding debian:Certum_Trusted_Root_CA.pem
2025-02-17T03:15:57.7355559Z Adding debian:CommScope_Public_Trust_ECC_Root-01.pem
2025-02-17T03:15:57.7369897Z Adding debian:CommScope_Public_Trust_ECC_Root-02.pem
2025-02-17T03:15:57.7397740Z Adding debian:CommScope_Public_Trust_RSA_Root-01.pem
2025-02-17T03:15:57.7420687Z Adding debian:CommScope_Public_Trust_RSA_Root-02.pem
2025-02-17T03:15:57.7445030Z Adding debian:Comodo_AAA_Services_root.pem
2025-02-17T03:15:57.7458442Z Adding debian:D-TRUST_BR_Root_CA_1_2020.pem
2025-02-17T03:15:57.7472408Z Adding debian:D-TRUST_EV_Root_CA_1_2020.pem
2025-02-17T03:15:57.7489699Z Adding debian:D-TRUST_Root_Class_3_CA_2_2009.pem
2025-02-17T03:15:57.7507958Z Adding debian:D-TRUST_Root_Class_3_CA_2_EV_2009.pem
2025-02-17T03:15:57.7521779Z Adding debian:DigiCert_Assured_ID_Root_CA.pem
2025-02-17T03:15:57.7534805Z Adding debian:DigiCert_Assured_ID_Root_G2.pem
2025-02-17T03:15:57.7544611Z Adding debian:DigiCert_Assured_ID_Root_G3.pem
2025-02-17T03:15:57.7558003Z Adding debian:DigiCert_Global_Root_CA.pem
2025-02-17T03:15:57.7571263Z Adding debian:DigiCert_Global_Root_G2.pem
2025-02-17T03:15:57.7582518Z Adding debian:DigiCert_Global_Root_G3.pem
2025-02-17T03:15:57.7599600Z Adding debian:DigiCert_High_Assurance_EV_Root_CA.pem
2025-02-17T03:15:57.7608886Z Adding debian:DigiCert_TLS_ECC_P384_Root_G5.pem
2025-02-17T03:15:57.7627985Z Adding debian:DigiCert_TLS_RSA4096_Root_G5.pem
2025-02-17T03:15:57.7647035Z Adding debian:DigiCert_Trusted_Root_G4.pem
2025-02-17T03:15:57.7663300Z Adding debian:Entrust.net_Premium_2048_Secure_Server_CA.pem
2025-02-17T03:15:57.7684997Z Adding debian:Entrust_Root_Certification_Authority.pem
2025-02-17T03:15:57.7696438Z Adding debian:Entrust_Root_Certification_Authority_-_EC1.pem
2025-02-17T03:15:57.7711869Z Adding debian:Entrust_Root_Certification_Authority_-_G2.pem
2025-02-17T03:15:57.7733360Z Adding debian:Entrust_Root_Certification_Authority_-_G4.pem
2025-02-17T03:15:57.7752352Z Adding debian:GDCA_TrustAUTH_R5_ROOT.pem
2025-02-17T03:15:57.7771450Z Adding debian:GLOBALTRUST_2020.pem
2025-02-17T03:15:57.7790087Z Adding debian:GTS_Root_R1.pem
2025-02-17T03:15:57.7814370Z Adding debian:GTS_Root_R2.pem
2025-02-17T03:15:57.7827346Z Adding debian:GTS_Root_R3.pem
2025-02-17T03:15:57.7837912Z Adding debian:GTS_Root_R4.pem
2025-02-17T03:15:57.7849415Z Adding debian:GlobalSign_ECC_Root_CA_-_R4.pem
2025-02-17T03:15:57.7860546Z Adding debian:GlobalSign_ECC_Root_CA_-_R5.pem
2025-02-17T03:15:57.7876393Z Adding debian:GlobalSign_Root_CA.pem
2025-02-17T03:15:57.7889163Z Adding debian:GlobalSign_Root_CA_-_R3.pem
2025-02-17T03:15:57.7913012Z Adding debian:GlobalSign_Root_CA_-_R6.pem
2025-02-17T03:15:57.7925278Z Adding debian:GlobalSign_Root_E46.pem
2025-02-17T03:15:57.7949930Z Adding debian:GlobalSign_Root_R46.pem
2025-02-17T03:15:57.7969158Z Adding debian:Go_Daddy_Class_2_CA.pem
2025-02-17T03:15:57.7987610Z Adding debian:Go_Daddy_Root_Certificate_Authority_-_G2.pem
2025-02-17T03:15:57.8000120Z Adding debian:HARICA_TLS_ECC_Root_CA_2021.pem
2025-02-17T03:15:57.8028083Z Adding debian:HARICA_TLS_RSA_Root_CA_2021.pem
2025-02-17T03:15:57.8042063Z Adding debian:Hellenic_Academic_and_Research_Institutions_ECC_RootCA_2015.pem
2025-02-17T03:15:57.8069370Z Adding debian:Hellenic_Academic_and_Research_Institutions_RootCA_2015.pem
2025-02-17T03:15:57.8093168Z Adding debian:HiPKI_Root_CA_-_G1.pem
2025-02-17T03:15:57.8118742Z Adding debian:Hongkong_Post_Root_CA_3.pem
2025-02-17T03:15:57.8142344Z Adding debian:ISRG_Root_X1.pem
2025-02-17T03:15:57.8154067Z Adding debian:ISRG_Root_X2.pem
2025-02-17T03:15:57.8177437Z Adding debian:IdenTrust_Commercial_Root_CA_1.pem
2025-02-17T03:15:57.8201879Z Adding debian:IdenTrust_Public_Sector_Root_CA_1.pem
2025-02-17T03:15:57.8227312Z Adding debian:Izenpe.com.pem
2025-02-17T03:15:57.8252053Z Adding debian:Microsec_e-Szigno_Root_CA_2009.pem
2025-02-17T03:15:57.8265111Z Adding debian:Microsoft_ECC_Root_Certificate_Authority_2017.pem
2025-02-17T03:15:57.8288495Z Adding debian:Microsoft_RSA_Root_Certificate_Authority_2017.pem
2025-02-17T03:15:57.8313742Z Adding debian:NAVER_Global_Root_Certification_Authority.pem
2025-02-17T03:15:57.8349501Z Adding debian:NetLock_Arany_=Class_Gold=_Főtanúsítvány.pem
2025-02-17T03:15:57.8369021Z Adding debian:OISTE_WISeKey_Global_Root_GB_CA.pem
2025-02-17T03:15:57.8382975Z Adding debian:OISTE_WISeKey_Global_Root_GC_CA.pem
2025-02-17T03:15:57.8406988Z Adding debian:QuoVadis_Root_CA_1_G3.pem
2025-02-17T03:15:57.8432353Z Adding debian:QuoVadis_Root_CA_2.pem
2025-02-17T03:15:57.8457070Z Adding debian:QuoVadis_Root_CA_2_G3.pem
2025-02-17T03:15:57.8485960Z Adding debian:QuoVadis_Root_CA_3.pem
2025-02-17T03:15:57.8510337Z Adding debian:QuoVadis_Root_CA_3_G3.pem
2025-02-17T03:15:57.8523850Z Adding debian:SSL.com_EV_Root_Certification_Authority_ECC.pem
2025-02-17T03:15:57.8549779Z Adding debian:SSL.com_EV_Root_Certification_Authority_RSA_R2.pem
2025-02-17T03:15:57.8563946Z Adding debian:SSL.com_Root_Certification_Authority_ECC.pem
2025-02-17T03:15:57.8589280Z Adding debian:SSL.com_Root_Certification_Authority_RSA.pem
2025-02-17T03:15:57.8601082Z Adding debian:SSL.com_TLS_ECC_Root_CA_2022.pem
2025-02-17T03:15:57.8624541Z Adding debian:SSL.com_TLS_RSA_Root_CA_2022.pem
2025-02-17T03:15:57.8640371Z Adding debian:SZAFIR_ROOT_CA2.pem
2025-02-17T03:15:57.8651730Z Adding debian:Sectigo_Public_Server_Authentication_Root_E46.pem
2025-02-17T03:15:57.8677050Z Adding debian:Sectigo_Public_Server_Authentication_Root_R46.pem
2025-02-17T03:15:57.8692389Z Adding debian:SecureSign_RootCA11.pem
2025-02-17T03:15:57.8710527Z Adding debian:SecureTrust_CA.pem
2025-02-17T03:15:57.8727882Z Adding debian:Secure_Global_CA.pem
2025-02-17T03:15:57.8739615Z Adding debian:Security_Communication_ECC_RootCA1.pem
2025-02-17T03:15:57.8755342Z Adding debian:Security_Communication_RootCA2.pem
2025-02-17T03:15:57.8779847Z Adding debian:Security_Communication_RootCA3.pem
2025-02-17T03:15:57.8795501Z Adding debian:Security_Communication_Root_CA.pem
2025-02-17T03:15:57.8813338Z Adding debian:Starfield_Class_2_CA.pem
2025-02-17T03:15:57.8830677Z Adding debian:Starfield_Root_Certificate_Authority_-_G2.pem
2025-02-17T03:15:57.8848097Z Adding debian:Starfield_Services_Root_Certificate_Authority_-_G2.pem
2025-02-17T03:15:57.8872635Z Adding debian:SwissSign_Gold_CA_-_G2.pem
2025-02-17T03:15:57.8896326Z Adding debian:SwissSign_Silver_CA_-_G2.pem
2025-02-17T03:15:57.8912578Z Adding debian:T-TeleSec_GlobalRoot_Class_2.pem
2025-02-17T03:15:57.8928951Z Adding debian:T-TeleSec_GlobalRoot_Class_3.pem
2025-02-17T03:15:57.8947933Z Adding debian:TUBITAK_Kamu_SM_SSL_Kok_Sertifikasi_-_Surum_1.pem
2025-02-17T03:15:57.8967917Z Adding debian:TWCA_Global_Root_CA.pem
2025-02-17T03:15:57.8979908Z Adding debian:TWCA_Root_Certification_Authority.pem
2025-02-17T03:15:57.8995779Z Adding debian:TeliaSonera_Root_CA_v1.pem
2025-02-17T03:15:57.9013088Z Adding debian:Telia_Root_CA_v2.pem
2025-02-17T03:15:57.9031066Z Adding debian:TrustAsia_Global_Root_CA_G3.pem
2025-02-17T03:15:57.9040906Z Adding debian:TrustAsia_Global_Root_CA_G4.pem
2025-02-17T03:15:57.9059725Z Adding debian:Trustwave_Global_Certification_Authority.pem
2025-02-17T03:15:57.9069179Z Adding debian:Trustwave_Global_ECC_P256_Certification_Authority.pem
2025-02-17T03:15:57.9079784Z Adding debian:Trustwave_Global_ECC_P384_Certification_Authority.pem
2025-02-17T03:15:57.9096956Z Adding debian:TunTrust_Root_CA.pem
2025-02-17T03:15:57.9113174Z Adding debian:UCA_Extended_Validation_Root.pem
2025-02-17T03:15:57.9128871Z Adding debian:UCA_Global_G2_Root.pem
2025-02-17T03:15:57.9138936Z Adding debian:USERTrust_ECC_Certification_Authority.pem
2025-02-17T03:15:57.9159003Z Adding debian:USERTrust_RSA_Certification_Authority.pem
2025-02-17T03:15:57.9172865Z Adding debian:XRamp_Global_CA_Root.pem
2025-02-17T03:15:57.9183908Z Adding debian:certSIGN_ROOT_CA.pem
2025-02-17T03:15:57.9200385Z Adding debian:certSIGN_Root_CA_G2.pem
2025-02-17T03:15:57.9208906Z Adding debian:e-Szigno_Root_CA_2017.pem
2025-02-17T03:15:57.9225980Z Adding debian:ePKI_Root_Certification_Authority.pem
2025-02-17T03:15:57.9234132Z Adding debian:emSign_ECC_Root_CA_-_C3.pem
2025-02-17T03:15:57.9242312Z Adding debian:emSign_ECC_Root_CA_-_G3.pem
2025-02-17T03:15:57.9253393Z Adding debian:emSign_Root_CA_-_C1.pem
2025-02-17T03:15:57.9264842Z Adding debian:emSign_Root_CA_-_G1.pem
2025-02-17T03:15:57.9272924Z Adding debian:vTrus_ECC_Root_CA.pem
2025-02-17T03:15:57.9288935Z Adding debian:vTrus_Root_CA.pem
2025-02-17T03:15:57.9659634Z done.
2025-02-17T03:15:57.9695353Z Setting up libdate-manip-perl (6.95-1) ...
2025-02-17T03:15:57.9720966Z Setting up libsynctex2:amd64 (2023.20230311.66589-9build3) ...
2025-02-17T03:15:57.9798949Z Setting up libpotrace0:amd64 (1.16-2build1) ...
2025-02-17T03:15:57.9823268Z Setting up teckit (2.5.12+ds1-1) ...
2025-02-17T03:15:57.9850613Z Setting up librsvg2-bin (2.58.0+dfsg-1build1) ...
2025-02-17T03:15:57.9875059Z Setting up libpdfbox-java (1:1.8.16-5) ...
2025-02-17T03:15:57.9899157Z Setting up openjdk-21-jre-headless:amd64 (21.0.6+7-1~24.04.1) ...
2025-02-17T03:15:58.0465777Z Setting up libcommons-parent-java (56-1) ...
2025-02-17T03:15:58.0497449Z Setting up libcommons-logging-java (1.3.0-1ubuntu1) ...
2025-02-17T03:15:58.0518357Z Setting up xfonts-utils (1:7.7+6build3) ...
2025-02-17T03:15:58.0564938Z Setting up mupdf-tools (1.23.10+ds1-1build3) ...
2025-02-17T03:15:58.0622927Z Setting up ghdl-llvm (4.1.0+dfsg-0ubuntu2.1) ...
2025-02-17T03:15:58.0697136Z Setting up libspreadsheet-writeexcel-perl (2.40-4) ...
2025-02-17T03:15:58.0720379Z Setting up libatk-wrapper-java-jni:amd64 (0.40.0-3build2) ...
2025-02-17T03:15:58.0756081Z Setting up libbit-vector-perl:amd64 (7.4-3build1) ...
2025-02-17T03:15:58.0785330Z Setting up libptexenc1:amd64 (2023.20230311.66589-9build3) ...
2025-02-17T03:15:58.0809248Z Setting up pandoc (3.1.3+ds-2) ...
2025-02-17T03:15:58.0832552Z Setting up libspreadsheet-parseexcel-perl (0.6600-1) ...
2025-02-17T03:15:58.0856397Z Setting up texlive-binaries (2023.20230311.66589-9build3) ...
2025-02-17T03:15:58.0920800Z update-alternatives: using /usr/bin/xdvi-xaw to provide /usr/bin/xdvi.bin (xdvi.bin) in auto mode
2025-02-17T03:15:58.0965389Z update-alternatives: using /usr/bin/bibtex.original to provide /usr/bin/bibtex (bibtex) in auto mode
2025-02-17T03:15:58.1013022Z Setting up lmodern (2.005-1) ...
2025-02-17T03:15:58.2454763Z Setting up texlive-base (2023.20240207-1) ...
2025-02-17T03:15:58.8093855Z tl-paper: setting paper size for dvips to a4: /var/lib/texmf/dvips/config/config-paper.ps
2025-02-17T03:15:59.0124463Z tl-paper: setting paper size for dvipdfmx to a4: /var/lib/texmf/dvipdfmx/dvipdfmx-paper.cfg
2025-02-17T03:15:59.2175890Z tl-paper: setting paper size for xdvi to a4: /var/lib/texmf/xdvi/XDvi-paper
2025-02-17T03:15:59.4210337Z tl-paper: setting paper size for pdftex to a4: /var/lib/texmf/tex/generic/tex-ini-files/pdftexconfig.tex
2025-02-17T03:15:59.8983591Z Setting up tex-gyre (20180621-6) ...
2025-02-17T03:16:00.0704506Z Setting up libdate-calc-perl (6.4-2) ...
2025-02-17T03:16:00.0751191Z Setting up libdate-calc-xs-perl:amd64 (6.4-2build4) ...
2025-02-17T03:16:00.0801940Z Setting up texlive-plain-generic (2023.20240207-1) ...
2025-02-17T03:16:00.1125469Z Setting up fonts-urw-base35 (20200910-8) ...
2025-02-17T03:16:00.4066555Z Setting up texlive-latex-base (2023.20240207-1) ...
2025-02-17T03:16:00.4143106Z Setting up texlive-latex-recommended (2023.20240207-1) ...
2025-02-17T03:16:00.4183461Z Setting up texlive-pictures (2023.20240207-1) ...
2025-02-17T03:16:00.4241144Z Setting up texlive-fonts-recommended (2023.20240207-1) ...
2025-02-17T03:16:00.4301678Z Setting up tipa (2:1.3-21) ...
2025-02-17T03:16:00.4396802Z Setting up libgs10-common (10.02.1~dfsg1-0ubuntu7.4) ...
2025-02-17T03:16:00.4425513Z Setting up texlive-latex-extra (2023.20240207-1) ...
2025-02-17T03:16:00.4500921Z Setting up texlive-xetex (2023.20240207-1) ...
2025-02-17T03:16:00.4557112Z Setting up libgs10:amd64 (10.02.1~dfsg1-0ubuntu7.4) ...
2025-02-17T03:16:00.4584353Z Setting up dvisvgm (3.2.1+ds-1build1) ...
2025-02-17T03:16:00.4673453Z Processing triggers for libgdk-pixbuf-2.0-0:amd64 (2.42.10+dfsg-3ubuntu3.1) ...
2025-02-17T03:16:00.4980363Z Processing triggers for install-info (7.1-3build2) ...
2025-02-17T03:16:00.6201849Z Processing triggers for fontconfig (2.15.0-1.1ubuntu2) ...
2025-02-17T03:16:00.9651465Z Processing triggers for hicolor-icon-theme (0.17-2) ...
2025-02-17T03:16:01.0274527Z Processing triggers for libc-bin (2.39-0ubuntu8.4) ...
2025-02-17T03:16:01.0581039Z Processing triggers for man-db (2.12.0-4build2) ...
2025-02-17T03:16:07.3798491Z Processing triggers for tex-common (6.18) ...
2025-02-17T03:16:07.5775282Z Running mktexlsr. This may take some time... done.
2025-02-17T03:16:08.0447551Z Running updmap-sys. This may take some time... done.
2025-02-17T03:16:08.0701946Z Running mktexlsr /var/lib/texmf ... done.
2025-02-17T03:16:08.1445373Z Building format(s) --all.
2025-02-17T03:17:00.7621224Z 	This may take some time... done.
2025-02-17T03:17:00.7763819Z Processing triggers for ca-certificates-java (20240118) ...
2025-02-17T03:17:00.8100454Z done.
2025-02-17T03:17:00.8134576Z Setting up default-jre-headless (2:1.21-75+exp1) ...
2025-02-17T03:17:00.8182858Z Setting up openjdk-21-jre:amd64 (21.0.6+7-1~24.04.1) ...
2025-02-17T03:17:00.8246204Z Setting up default-jre (2:1.21-75+exp1) ...
2025-02-17T03:17:01.4424080Z 
2025-02-17T03:17:01.4426681Z Running kernel seems to be up-to-date.
2025-02-17T03:17:01.4427082Z 
2025-02-17T03:17:01.4427260Z No services need to be restarted.
2025-02-17T03:17:01.4427526Z 
2025-02-17T03:17:01.4427677Z No containers need to be restarted.
2025-02-17T03:17:01.4427956Z 
2025-02-17T03:17:01.4428181Z No user sessions are running outdated binaries.
2025-02-17T03:17:01.4428512Z 
2025-02-17T03:17:01.4429041Z No VM guests are running outdated hypervisor (qemu) binaries on this host.
2025-02-17T03:17:02.3540771Z ##[group]Run ./tt/tt_tool.py --check-docs
2025-02-17T03:17:02.3541100Z [36;1m./tt/tt_tool.py --check-docs[0m
2025-02-17T03:17:02.3606500Z shell: /usr/bin/bash --noprofile --norc -e -o pipefail {0}
2025-02-17T03:17:02.3606824Z env:
2025-02-17T03:17:02.3607071Z   pythonLocation: /opt/hostedtoolcache/Python/3.11.11/x64
2025-02-17T03:17:02.3607471Z   PKG_CONFIG_PATH: /opt/hostedtoolcache/Python/3.11.11/x64/lib/pkgconfig
2025-02-17T03:17:02.3607879Z   Python_ROOT_DIR: /opt/hostedtoolcache/Python/3.11.11/x64
2025-02-17T03:17:02.3608233Z   Python2_ROOT_DIR: /opt/hostedtoolcache/Python/3.11.11/x64
2025-02-17T03:17:02.3608829Z   Python3_ROOT_DIR: /opt/hostedtoolcache/Python/3.11.11/x64
2025-02-17T03:17:02.3609209Z   LD_LIBRARY_PATH: /opt/hostedtoolcache/Python/3.11.11/x64/lib
2025-02-17T03:17:02.3609502Z ##[endgroup]
2025-02-17T03:17:02.9657389Z 2025-02-17 03:17:02,965 - project    - ERROR    - Error loading /home/runner/work/tt10-analog-tatzeltapeout/tt10-analog-tatzeltapeout/info.yaml: Please fill in the 'pinout' section
2025-02-17T03:17:03.0188204Z ##[error]Process completed with exit code 1.
2025-02-17T03:17:03.0274193Z Post job cleanup.
2025-02-17T03:17:03.0334919Z Post job cleanup.
2025-02-17T03:17:03.1282802Z [command]/usr/bin/git version
2025-02-17T03:17:03.1319195Z git version 2.48.1
2025-02-17T03:17:03.1361329Z Temporarily overriding HOME='/home/runner/work/_temp/dbe8d2d0-7b22-403c-9f44-5d02e8e735d2' before making global git config changes
2025-02-17T03:17:03.1362278Z Adding repository directory to the temporary git global config as a safe directory
2025-02-17T03:17:03.1374385Z [command]/usr/bin/git config --global --add safe.directory /home/runner/work/tt10-analog-tatzeltapeout/tt10-analog-tatzeltapeout/tt
2025-02-17T03:17:03.1411156Z [command]/usr/bin/git config --local --name-only --get-regexp core\.sshCommand
2025-02-17T03:17:03.1444768Z [command]/usr/bin/git submodule foreach --recursive sh -c "git config --local --name-only --get-regexp 'core\.sshCommand' && git config --local --unset-all 'core.sshCommand' || :"
2025-02-17T03:17:03.1682017Z [command]/usr/bin/git config --local --name-only --get-regexp http\.https\:\/\/github\.com\/\.extraheader
2025-02-17T03:17:03.1703578Z http.https://github.com/.extraheader
2025-02-17T03:17:03.1716546Z [command]/usr/bin/git config --local --unset-all http.https://github.com/.extraheader
2025-02-17T03:17:03.1748764Z [command]/usr/bin/git submodule foreach --recursive sh -c "git config --local --name-only --get-regexp 'http\.https\:\/\/github\.com\/\.extraheader' && git config --local --unset-all 'http.https://github.com/.extraheader' || :"
2025-02-17T03:17:03.2122106Z Post job cleanup.
2025-02-17T03:17:03.3102583Z [command]/usr/bin/git version
2025-02-17T03:17:03.3145084Z git version 2.48.1
2025-02-17T03:17:03.3190695Z Temporarily overriding HOME='/home/runner/work/_temp/2c7df650-222e-4c52-b81b-2387da306353' before making global git config changes
2025-02-17T03:17:03.3192042Z Adding repository directory to the temporary git global config as a safe directory
2025-02-17T03:17:03.3207705Z [command]/usr/bin/git config --global --add safe.directory /home/runner/work/tt10-analog-tatzeltapeout/tt10-analog-tatzeltapeout
2025-02-17T03:17:03.3252381Z [command]/usr/bin/git config --local --name-only --get-regexp core\.sshCommand
2025-02-17T03:17:03.3294437Z [command]/usr/bin/git submodule foreach --recursive sh -c "git config --local --name-only --get-regexp 'core\.sshCommand' && git config --local --unset-all 'core.sshCommand' || :"
2025-02-17T03:17:03.3535956Z [command]/usr/bin/git config --local --name-only --get-regexp http\.https\:\/\/github\.com\/\.extraheader
2025-02-17T03:17:03.3559854Z http.https://github.com/.extraheader
2025-02-17T03:17:03.3573451Z [command]/usr/bin/git config --local --unset-all http.https://github.com/.extraheader
2025-02-17T03:17:03.3607270Z [command]/usr/bin/git submodule foreach --recursive sh -c "git config --local --name-only --get-regexp 'http\.https\:\/\/github\.com\/\.extraheader' && git config --local --unset-all 'http.https://github.com/.extraheader' || :"
2025-02-17T03:17:03.3953776Z Cleaning up orphan processes
