2025-02-18T00:51:39.0544056Z Current runner version: '2.322.0'
2025-02-18T00:51:39.0572818Z ##[group]Operating System
2025-02-18T00:51:39.0573721Z Ubuntu
2025-02-18T00:51:39.0574236Z 24.04.1
2025-02-18T00:51:39.0574726Z LTS
2025-02-18T00:51:39.0575284Z ##[endgroup]
2025-02-18T00:51:39.0575760Z ##[group]Runner Image
2025-02-18T00:51:39.0576322Z Image: ubuntu-24.04
2025-02-18T00:51:39.0577241Z Version: 20250209.1.0
2025-02-18T00:51:39.0578282Z Included Software: https://github.com/actions/runner-images/blob/ubuntu24/20250209.1/images/ubuntu/Ubuntu2404-Readme.md
2025-02-18T00:51:39.0579710Z Image Release: https://github.com/actions/runner-images/releases/tag/ubuntu24%2F20250209.1
2025-02-18T00:51:39.0580625Z ##[endgroup]
2025-02-18T00:51:39.0581133Z ##[group]Runner Image Provisioner
2025-02-18T00:51:39.0581795Z 2.0.422.1
2025-02-18T00:51:39.0582292Z ##[endgroup]
2025-02-18T00:51:39.0583367Z ##[group]GITHUB_TOKEN Permissions
2025-02-18T00:51:39.0585241Z Contents: read
2025-02-18T00:51:39.0585829Z Metadata: read
2025-02-18T00:51:39.0586791Z Packages: read
2025-02-18T00:51:39.0587408Z ##[endgroup]
2025-02-18T00:51:39.0590440Z Secret source: Actions
2025-02-18T00:51:39.0591195Z Prepare workflow directory
2025-02-18T00:51:39.0929940Z Prepare all required actions
2025-02-18T00:51:39.0967381Z Getting action download info
2025-02-18T00:51:39.2660437Z ##[group]Download immutable action package 'actions/checkout@v4'
2025-02-18T00:51:39.2661557Z Version: 4.2.2
2025-02-18T00:51:39.2662596Z Digest: sha256:ccb2698953eaebd21c7bf6268a94f9c26518a7e38e27e0b83c1fe1ad049819b1
2025-02-18T00:51:39.2663760Z Source commit SHA: 11bd71901bbe5b1630ceea73d27597364c9af683
2025-02-18T00:51:39.2664526Z ##[endgroup]
2025-02-18T00:51:39.3603029Z Download action repository 'TinyTapeout/tt-gds-action@tt10' (SHA:e69ca5538a6a8ff9f7d327766a1d336285e3ee42)
2025-02-18T00:51:39.6717282Z Getting action download info
2025-02-18T00:51:39.8221785Z ##[group]Download immutable action package 'actions/setup-python@v5'
2025-02-18T00:51:39.8222538Z Version: 5.4.0
2025-02-18T00:51:39.8223224Z Digest: sha256:6003df952c8106bcd378d2ba997eef202da924317a57269dfa72449b135adb7f
2025-02-18T00:51:39.8224137Z Source commit SHA: 42375524e23c412d93fb67b49958b491fce71c38
2025-02-18T00:51:39.8224786Z ##[endgroup]
2025-02-18T00:51:40.0628571Z ##[group]Download immutable action package 'actions/upload-artifact@v4'
2025-02-18T00:51:40.0629387Z Version: 4.6.0
2025-02-18T00:51:40.0630111Z Digest: sha256:bf85474c8423f9cd48bd2caf3ce5adb1711e2dfdb055b040bd36b044e4290329
2025-02-18T00:51:40.0631066Z Source commit SHA: 65c4c4a1ddee5b72f698fdd19549f0f0fb45cf08
2025-02-18T00:51:40.0631768Z ##[endgroup]
2025-02-18T00:51:40.2730706Z Complete job name: docs
2025-02-18T00:51:40.3478964Z ##[group]Run actions/checkout@v4
2025-02-18T00:51:40.3480410Z with:
2025-02-18T00:51:40.3481057Z   submodules: recursive
2025-02-18T00:51:40.3481933Z   repository: tatzelbrumm/tt10-analog-tatzeltapeout
2025-02-18T00:51:40.3483208Z   token: ***
2025-02-18T00:51:40.3483871Z   ssh-strict: true
2025-02-18T00:51:40.3484560Z   ssh-user: git
2025-02-18T00:51:40.3485308Z   persist-credentials: true
2025-02-18T00:51:40.3486110Z   clean: true
2025-02-18T00:51:40.3486988Z   sparse-checkout-cone-mode: true
2025-02-18T00:51:40.3487854Z   fetch-depth: 1
2025-02-18T00:51:40.3488534Z   fetch-tags: false
2025-02-18T00:51:40.3489214Z   show-progress: true
2025-02-18T00:51:40.3489911Z   lfs: false
2025-02-18T00:51:40.3490560Z   set-safe-directory: true
2025-02-18T00:51:40.3491861Z ##[endgroup]
2025-02-18T00:51:40.5851981Z Syncing repository: tatzelbrumm/tt10-analog-tatzeltapeout
2025-02-18T00:51:40.5854340Z ##[group]Getting Git version info
2025-02-18T00:51:40.5855520Z Working directory is '/home/runner/work/tt10-analog-tatzeltapeout/tt10-analog-tatzeltapeout'
2025-02-18T00:51:40.5857136Z [command]/usr/bin/git version
2025-02-18T00:51:40.5938569Z git version 2.48.1
2025-02-18T00:51:40.5976386Z ##[endgroup]
2025-02-18T00:51:40.5992946Z Temporarily overriding HOME='/home/runner/work/_temp/83dc7fb1-fef7-4c7d-b610-014a64e2e11d' before making global git config changes
2025-02-18T00:51:40.5995938Z Adding repository directory to the temporary git global config as a safe directory
2025-02-18T00:51:40.6007505Z [command]/usr/bin/git config --global --add safe.directory /home/runner/work/tt10-analog-tatzeltapeout/tt10-analog-tatzeltapeout
2025-02-18T00:51:40.6045623Z Deleting the contents of '/home/runner/work/tt10-analog-tatzeltapeout/tt10-analog-tatzeltapeout'
2025-02-18T00:51:40.6049972Z ##[group]Initializing the repository
2025-02-18T00:51:40.6054363Z [command]/usr/bin/git init /home/runner/work/tt10-analog-tatzeltapeout/tt10-analog-tatzeltapeout
2025-02-18T00:51:40.6154382Z hint: Using 'master' as the name for the initial branch. This default branch name
2025-02-18T00:51:40.6155415Z hint: is subject to change. To configure the initial branch name to use in all
2025-02-18T00:51:40.6156334Z hint: of your new repositories, which will suppress this warning, call:
2025-02-18T00:51:40.6157516Z hint:
2025-02-18T00:51:40.6158004Z hint: 	git config --global init.defaultBranch <name>
2025-02-18T00:51:40.6158598Z hint:
2025-02-18T00:51:40.6159136Z hint: Names commonly chosen instead of 'master' are 'main', 'trunk' and
2025-02-18T00:51:40.6160029Z hint: 'development'. The just-created branch can be renamed via this command:
2025-02-18T00:51:40.6160731Z hint:
2025-02-18T00:51:40.6161093Z hint: 	git branch -m <name>
2025-02-18T00:51:40.6165698Z Initialized empty Git repository in /home/runner/work/tt10-analog-tatzeltapeout/tt10-analog-tatzeltapeout/.git/
2025-02-18T00:51:40.6176256Z [command]/usr/bin/git remote add origin https://github.com/tatzelbrumm/tt10-analog-tatzeltapeout
2025-02-18T00:51:40.6210416Z ##[endgroup]
2025-02-18T00:51:40.6211159Z ##[group]Disabling automatic garbage collection
2025-02-18T00:51:40.6214448Z [command]/usr/bin/git config --local gc.auto 0
2025-02-18T00:51:40.6242802Z ##[endgroup]
2025-02-18T00:51:40.6243477Z ##[group]Setting up auth
2025-02-18T00:51:40.6249480Z [command]/usr/bin/git config --local --name-only --get-regexp core\.sshCommand
2025-02-18T00:51:40.6279524Z [command]/usr/bin/git submodule foreach --recursive sh -c "git config --local --name-only --get-regexp 'core\.sshCommand' && git config --local --unset-all 'core.sshCommand' || :"
2025-02-18T00:51:40.6634755Z [command]/usr/bin/git config --local --name-only --get-regexp http\.https\:\/\/github\.com\/\.extraheader
2025-02-18T00:51:40.6666015Z [command]/usr/bin/git submodule foreach --recursive sh -c "git config --local --name-only --get-regexp 'http\.https\:\/\/github\.com\/\.extraheader' && git config --local --unset-all 'http.https://github.com/.extraheader' || :"
2025-02-18T00:51:40.6902419Z [command]/usr/bin/git config --local http.https://github.com/.extraheader AUTHORIZATION: basic ***
2025-02-18T00:51:40.6940300Z ##[endgroup]
2025-02-18T00:51:40.6941642Z ##[group]Fetching the repository
2025-02-18T00:51:40.6950831Z [command]/usr/bin/git -c protocol.version=2 fetch --no-tags --prune --no-recurse-submodules --depth=1 origin +9efc24a7bd51c12025c98912f0adfae7f9a40bc1:refs/remotes/origin/1x2_3v3
2025-02-18T00:51:41.0006015Z From https://github.com/tatzelbrumm/tt10-analog-tatzeltapeout
2025-02-18T00:51:41.0008839Z  * [new ref]         9efc24a7bd51c12025c98912f0adfae7f9a40bc1 -> origin/1x2_3v3
2025-02-18T00:51:41.0032756Z ##[endgroup]
2025-02-18T00:51:41.0033881Z ##[group]Determining the checkout info
2025-02-18T00:51:41.0035675Z ##[endgroup]
2025-02-18T00:51:41.0040349Z [command]/usr/bin/git sparse-checkout disable
2025-02-18T00:51:41.0082721Z [command]/usr/bin/git config --local --unset-all extensions.worktreeConfig
2025-02-18T00:51:41.0110230Z ##[group]Checking out the ref
2025-02-18T00:51:41.0113720Z [command]/usr/bin/git checkout --progress --force -B 1x2_3v3 refs/remotes/origin/1x2_3v3
2025-02-18T00:51:41.0201832Z Switched to a new branch '1x2_3v3'
2025-02-18T00:51:41.0205061Z branch '1x2_3v3' set up to track 'origin/1x2_3v3'.
2025-02-18T00:51:41.0212538Z ##[endgroup]
2025-02-18T00:51:41.0214830Z ##[group]Setting up auth for fetching submodules
2025-02-18T00:51:41.0218208Z [command]/usr/bin/git config --global http.https://github.com/.extraheader AUTHORIZATION: basic ***
2025-02-18T00:51:41.0253396Z [command]/usr/bin/git config --global --unset-all url.https://github.com/.insteadOf
2025-02-18T00:51:41.0292522Z [command]/usr/bin/git config --global --add url.https://github.com/.insteadOf git@github.com:
2025-02-18T00:51:41.0332611Z [command]/usr/bin/git config --global --add url.https://github.com/.insteadOf org-1518649@github.com:
2025-02-18T00:51:41.0365678Z ##[endgroup]
2025-02-18T00:51:41.0367788Z ##[group]Fetching submodules
2025-02-18T00:51:41.0371119Z [command]/usr/bin/git submodule sync --recursive
2025-02-18T00:51:41.0628098Z [command]/usr/bin/git -c protocol.version=2 submodule update --init --force --depth=1 --recursive
2025-02-18T00:51:41.0896211Z [command]/usr/bin/git submodule foreach --recursive git config --local gc.auto 0
2025-02-18T00:51:41.1139948Z ##[endgroup]
2025-02-18T00:51:41.1142930Z ##[group]Persisting credentials for submodules
2025-02-18T00:51:41.1149518Z [command]/usr/bin/git submodule foreach --recursive sh -c "git config --local --name-only --get-regexp 'url\.https\:\/\/github\.com\/\.insteadOf' && git config --local --unset-all 'url.https://github.com/.insteadOf' || :"
2025-02-18T00:51:41.1389823Z [command]/usr/bin/git submodule foreach --recursive sh -c "git config --local 'http.https://github.com/.extraheader' 'AUTHORIZATION: basic ***' && git config --local --show-origin --name-only --get-regexp remote.origin.url"
2025-02-18T00:51:41.1624186Z [command]/usr/bin/git submodule foreach --recursive git config --local --add 'url.https://github.com/.insteadOf' 'git@github.com:'
2025-02-18T00:51:41.1867731Z [command]/usr/bin/git submodule foreach --recursive git config --local --add 'url.https://github.com/.insteadOf' 'org-1518649@github.com:'
2025-02-18T00:51:41.2094729Z ##[endgroup]
2025-02-18T00:51:41.2129757Z [command]/usr/bin/git log -1 --format=%H
2025-02-18T00:51:41.2151879Z 9efc24a7bd51c12025c98912f0adfae7f9a40bc1
2025-02-18T00:51:41.2480407Z ##[group]Run TinyTapeout/tt-gds-action/docs@tt10
2025-02-18T00:51:41.2481704Z with:
2025-02-18T00:51:41.2482601Z   tools-repo: TinyTapeout/tt-support-tools
2025-02-18T00:51:41.2483754Z   tools-ref: tt10
2025-02-18T00:51:41.2484646Z ##[endgroup]
2025-02-18T00:51:41.2679415Z ##[group]Run actions/checkout@v4
2025-02-18T00:51:41.2680456Z with:
2025-02-18T00:51:41.2681330Z   repository: TinyTapeout/tt-support-tools
2025-02-18T00:51:41.2682443Z   path: tt
2025-02-18T00:51:41.2683220Z   ref: tt10
2025-02-18T00:51:41.2684273Z   token: ***
2025-02-18T00:51:41.2685134Z   ssh-strict: true
2025-02-18T00:51:41.2685983Z   ssh-user: git
2025-02-18T00:51:41.2687031Z   persist-credentials: true
2025-02-18T00:51:41.2688011Z   clean: true
2025-02-18T00:51:41.2688876Z   sparse-checkout-cone-mode: true
2025-02-18T00:51:41.2689916Z   fetch-depth: 1
2025-02-18T00:51:41.2690763Z   fetch-tags: false
2025-02-18T00:51:41.2691638Z   show-progress: true
2025-02-18T00:51:41.2692504Z   lfs: false
2025-02-18T00:51:41.2693350Z   submodules: false
2025-02-18T00:51:41.2694231Z   set-safe-directory: true
2025-02-18T00:51:41.2695182Z ##[endgroup]
2025-02-18T00:51:41.3656865Z Syncing repository: TinyTapeout/tt-support-tools
2025-02-18T00:51:41.3666476Z ##[group]Getting Git version info
2025-02-18T00:51:41.3669938Z Working directory is '/home/runner/work/tt10-analog-tatzeltapeout/tt10-analog-tatzeltapeout/tt'
2025-02-18T00:51:41.3709773Z [command]/usr/bin/git version
2025-02-18T00:51:41.3746966Z git version 2.48.1
2025-02-18T00:51:41.3773006Z ##[endgroup]
2025-02-18T00:51:41.3794139Z Temporarily overriding HOME='/home/runner/work/_temp/7feabc35-6bf6-47e2-b337-2b5ccc5829c0' before making global git config changes
2025-02-18T00:51:41.3797474Z Adding repository directory to the temporary git global config as a safe directory
2025-02-18T00:51:41.3801708Z [command]/usr/bin/git config --global --add safe.directory /home/runner/work/tt10-analog-tatzeltapeout/tt10-analog-tatzeltapeout/tt
2025-02-18T00:51:41.3833283Z ##[group]Initializing the repository
2025-02-18T00:51:41.3839627Z [command]/usr/bin/git init /home/runner/work/tt10-analog-tatzeltapeout/tt10-analog-tatzeltapeout/tt
2025-02-18T00:51:41.3877690Z hint: Using 'master' as the name for the initial branch. This default branch name
2025-02-18T00:51:41.3880375Z hint: is subject to change. To configure the initial branch name to use in all
2025-02-18T00:51:41.3882262Z hint: of your new repositories, which will suppress this warning, call:
2025-02-18T00:51:41.3883716Z hint:
2025-02-18T00:51:41.3885228Z hint: 	git config --global init.defaultBranch <name>
2025-02-18T00:51:41.3886488Z hint:
2025-02-18T00:51:41.3888025Z hint: Names commonly chosen instead of 'master' are 'main', 'trunk' and
2025-02-18T00:51:41.3890397Z hint: 'development'. The just-created branch can be renamed via this command:
2025-02-18T00:51:41.3891883Z hint:
2025-02-18T00:51:41.3892667Z hint: 	git branch -m <name>
2025-02-18T00:51:41.3894644Z Initialized empty Git repository in /home/runner/work/tt10-analog-tatzeltapeout/tt10-analog-tatzeltapeout/tt/.git/
2025-02-18T00:51:41.3898763Z [command]/usr/bin/git remote add origin https://github.com/TinyTapeout/tt-support-tools
2025-02-18T00:51:41.3923056Z ##[endgroup]
2025-02-18T00:51:41.3924521Z ##[group]Disabling automatic garbage collection
2025-02-18T00:51:41.3927121Z [command]/usr/bin/git config --local gc.auto 0
2025-02-18T00:51:41.3957871Z ##[endgroup]
2025-02-18T00:51:41.3960173Z ##[group]Setting up auth
2025-02-18T00:51:41.3963816Z [command]/usr/bin/git config --local --name-only --get-regexp core\.sshCommand
2025-02-18T00:51:41.3994212Z [command]/usr/bin/git submodule foreach --recursive sh -c "git config --local --name-only --get-regexp 'core\.sshCommand' && git config --local --unset-all 'core.sshCommand' || :"
2025-02-18T00:51:41.4258409Z [command]/usr/bin/git config --local --name-only --get-regexp http\.https\:\/\/github\.com\/\.extraheader
2025-02-18T00:51:41.4293646Z [command]/usr/bin/git submodule foreach --recursive sh -c "git config --local --name-only --get-regexp 'http\.https\:\/\/github\.com\/\.extraheader' && git config --local --unset-all 'http.https://github.com/.extraheader' || :"
2025-02-18T00:51:41.4547138Z [command]/usr/bin/git config --local http.https://github.com/.extraheader AUTHORIZATION: basic ***
2025-02-18T00:51:41.4586054Z ##[endgroup]
2025-02-18T00:51:41.4587713Z ##[group]Fetching the repository
2025-02-18T00:51:41.4595757Z [command]/usr/bin/git -c protocol.version=2 fetch --no-tags --prune --no-recurse-submodules --depth=1 origin +refs/heads/tt10*:refs/remotes/origin/tt10* +refs/tags/tt10*:refs/tags/tt10*
2025-02-18T00:51:41.8838782Z From https://github.com/TinyTapeout/tt-support-tools
2025-02-18T00:51:41.8841051Z  * [new branch]      tt10       -> origin/tt10
2025-02-18T00:51:41.8867325Z ##[endgroup]
2025-02-18T00:51:41.8869588Z ##[group]Determining the checkout info
2025-02-18T00:51:41.8875220Z [command]/usr/bin/git branch --list --remote origin/tt10
2025-02-18T00:51:41.8901341Z   origin/tt10
2025-02-18T00:51:41.8908103Z ##[endgroup]
2025-02-18T00:51:41.8912334Z [command]/usr/bin/git sparse-checkout disable
2025-02-18T00:51:41.8953252Z [command]/usr/bin/git config --local --unset-all extensions.worktreeConfig
2025-02-18T00:51:41.8985110Z ##[group]Checking out the ref
2025-02-18T00:51:41.8990299Z [command]/usr/bin/git checkout --progress --force -B tt10 refs/remotes/origin/tt10
2025-02-18T00:51:41.9219265Z Switched to a new branch 'tt10'
2025-02-18T00:51:41.9221494Z branch 'tt10' set up to track 'origin/tt10'.
2025-02-18T00:51:41.9232122Z ##[endgroup]
2025-02-18T00:51:41.9279649Z [command]/usr/bin/git log -1 --format=%H
2025-02-18T00:51:41.9304620Z 022164a02373db98a2fa62ec2df1d31ce198bd4e
2025-02-18T00:51:41.9541169Z ##[group]Run actions/setup-python@v5
2025-02-18T00:51:41.9542125Z with:
2025-02-18T00:51:41.9542802Z   python-version: 3.11
2025-02-18T00:51:41.9543579Z   cache: pip
2025-02-18T00:51:41.9544285Z   check-latest: false
2025-02-18T00:51:41.9545308Z   token: ***
2025-02-18T00:51:41.9546042Z   update-environment: true
2025-02-18T00:51:41.9547111Z   allow-prereleases: false
2025-02-18T00:51:41.9548137Z ##[endgroup]
2025-02-18T00:51:42.1272277Z ##[group]Installed versions
2025-02-18T00:51:42.1334986Z Successfully set up CPython (3.11.11)
2025-02-18T00:51:42.1337775Z ##[endgroup]
2025-02-18T00:51:42.2119167Z [command]/opt/hostedtoolcache/Python/3.11.11/x64/bin/pip cache dir
2025-02-18T00:51:43.9240975Z /home/runner/.cache/pip
2025-02-18T00:51:44.0783538Z Cache hit for: setup-python-Linux-x64-24.04-Ubuntu-python-3.11.11-pip-e8de825a00f961a0a99504e206c71b458cd3b0023a470958a6778409995c069a
2025-02-18T00:51:45.1139603Z Received 109952222 of 109952222 (100.0%), 114.6 MBs/sec
2025-02-18T00:51:45.1141102Z Cache Size: ~105 MB (109952222 B)
2025-02-18T00:51:45.1180360Z [command]/usr/bin/tar -xf /home/runner/work/_temp/73d7c0ed-1fff-4513-bf3a-4161e01f95b9/cache.tzst -P -C /home/runner/work/tt10-analog-tatzeltapeout/tt10-analog-tatzeltapeout --use-compress-program unzstd
2025-02-18T00:51:45.3059141Z Cache restored successfully
2025-02-18T00:51:45.3298629Z Cache restored from key: setup-python-Linux-x64-24.04-Ubuntu-python-3.11.11-pip-e8de825a00f961a0a99504e206c71b458cd3b0023a470958a6778409995c069a
2025-02-18T00:51:45.3448820Z ##[group]Run pip install -r tt/requirements.txt
2025-02-18T00:51:45.3449230Z [36;1mpip install -r tt/requirements.txt[0m
2025-02-18T00:51:45.3630739Z shell: /usr/bin/bash --noprofile --norc -e -o pipefail {0}
2025-02-18T00:51:45.3631110Z env:
2025-02-18T00:51:45.3631399Z   pythonLocation: /opt/hostedtoolcache/Python/3.11.11/x64
2025-02-18T00:51:45.3631828Z   PKG_CONFIG_PATH: /opt/hostedtoolcache/Python/3.11.11/x64/lib/pkgconfig
2025-02-18T00:51:45.3632232Z   Python_ROOT_DIR: /opt/hostedtoolcache/Python/3.11.11/x64
2025-02-18T00:51:45.3632580Z   Python2_ROOT_DIR: /opt/hostedtoolcache/Python/3.11.11/x64
2025-02-18T00:51:45.3632948Z   Python3_ROOT_DIR: /opt/hostedtoolcache/Python/3.11.11/x64
2025-02-18T00:51:45.3633311Z   LD_LIBRARY_PATH: /opt/hostedtoolcache/Python/3.11.11/x64/lib
2025-02-18T00:51:45.3633616Z ##[endgroup]
2025-02-18T00:51:46.8616513Z Collecting anyio==4.7.0 (from -r tt/requirements.txt (line 7))
2025-02-18T00:51:46.8633401Z   Using cached anyio-4.7.0-py3-none-any.whl.metadata (4.7 kB)
2025-02-18T00:51:46.8943667Z Collecting brotli==1.1.0 (from -r tt/requirements.txt (line 9))
2025-02-18T00:51:46.8959002Z   Using cached Brotli-1.1.0-cp311-cp311-manylinux_2_17_x86_64.manylinux2014_x86_64.whl.metadata (5.5 kB)
2025-02-18T00:51:46.9100174Z Collecting cairocffi==1.7.1 (from -r tt/requirements.txt (line 11))
2025-02-18T00:51:46.9114125Z   Using cached cairocffi-1.7.1-py3-none-any.whl.metadata (3.3 kB)
2025-02-18T00:51:46.9395281Z Collecting cairosvg==2.7.1 (from -r tt/requirements.txt (line 13))
2025-02-18T00:51:46.9411634Z   Using cached CairoSVG-2.7.1-py3-none-any.whl.metadata (2.7 kB)
2025-02-18T00:51:46.9563761Z Collecting certifi==2024.8.30 (from -r tt/requirements.txt (line 15))
2025-02-18T00:51:46.9578832Z   Using cached certifi-2024.8.30-py3-none-any.whl.metadata (2.2 kB)
2025-02-18T00:51:47.0248902Z Collecting cffi==1.17.1 (from -r tt/requirements.txt (line 20))
2025-02-18T00:51:47.0264565Z   Using cached cffi-1.17.1-cp311-cp311-manylinux_2_17_x86_64.manylinux2014_x86_64.whl.metadata (1.5 kB)
2025-02-18T00:51:47.0381113Z Collecting cfgv==3.4.0 (from -r tt/requirements.txt (line 22))
2025-02-18T00:51:47.0394691Z   Using cached cfgv-3.4.0-py2.py3-none-any.whl.metadata (8.5 kB)
2025-02-18T00:51:47.0878715Z Collecting charset-normalizer==3.4.0 (from -r tt/requirements.txt (line 24))
2025-02-18T00:51:47.0894433Z   Using cached charset_normalizer-3.4.0-cp311-cp311-manylinux_2_17_x86_64.manylinux2014_x86_64.whl.metadata (34 kB)
2025-02-18T00:51:47.1038241Z Collecting chevron==0.14.0 (from -r tt/requirements.txt (line 26))
2025-02-18T00:51:47.1052849Z   Using cached chevron-0.14.0-py3-none-any.whl.metadata (4.9 kB)
2025-02-18T00:51:47.1194661Z Collecting click==8.1.7 (from -r tt/requirements.txt (line 28))
2025-02-18T00:51:47.1207873Z   Using cached click-8.1.7-py3-none-any.whl.metadata (3.0 kB)
2025-02-18T00:51:47.1463753Z Collecting cocotb==1.9.2 (from -r tt/requirements.txt (line 32))
2025-02-18T00:51:47.1477844Z   Using cached cocotb-1.9.2-cp311-cp311-manylinux_2_17_x86_64.manylinux2014_x86_64.whl.metadata (6.9 kB)
2025-02-18T00:51:47.1575184Z Collecting cssselect2==0.7.0 (from -r tt/requirements.txt (line 34))
2025-02-18T00:51:47.1595900Z   Using cached cssselect2-0.7.0-py3-none-any.whl.metadata (2.9 kB)
2025-02-18T00:51:47.1683217Z Collecting defusedxml==0.7.1 (from -r tt/requirements.txt (line 36))
2025-02-18T00:51:47.1696312Z   Using cached defusedxml-0.7.1-py2.py3-none-any.whl.metadata (32 kB)
2025-02-18T00:51:47.1816417Z Collecting distlib==0.3.9 (from -r tt/requirements.txt (line 38))
2025-02-18T00:51:47.1830051Z   Using cached distlib-0.3.9-py2.py3-none-any.whl.metadata (5.2 kB)
2025-02-18T00:51:47.2000260Z Collecting filelock==3.16.1 (from -r tt/requirements.txt (line 40))
2025-02-18T00:51:47.2013907Z   Using cached filelock-3.16.1-py3-none-any.whl.metadata (2.9 kB)
2025-02-18T00:51:47.2132468Z Collecting find-libpython==0.4.0 (from -r tt/requirements.txt (line 42))
2025-02-18T00:51:47.2145378Z   Using cached find_libpython-0.4.0-py3-none-any.whl.metadata (2.8 kB)
2025-02-18T00:51:47.2708262Z Collecting gdstk==0.9.58 (from -r tt/requirements.txt (line 44))
2025-02-18T00:51:47.2722483Z   Using cached gdstk-0.9.58-cp311-cp311-manylinux_2_28_x86_64.whl.metadata (8.7 kB)
2025-02-18T00:51:47.2830097Z Collecting gitdb==4.0.11 (from -r tt/requirements.txt (line 46))
2025-02-18T00:51:47.2843059Z   Using cached gitdb-4.0.11-py3-none-any.whl.metadata (1.2 kB)
2025-02-18T00:51:47.3018281Z Collecting gitpython==3.1.43 (from -r tt/requirements.txt (line 48))
2025-02-18T00:51:47.3032174Z   Using cached GitPython-3.1.43-py3-none-any.whl.metadata (13 kB)
2025-02-18T00:51:47.3150148Z Collecting h11==0.14.0 (from -r tt/requirements.txt (line 50))
2025-02-18T00:51:47.3163443Z   Using cached h11-0.14.0-py3-none-any.whl.metadata (8.2 kB)
2025-02-18T00:51:47.3302410Z Collecting httpcore==1.0.7 (from -r tt/requirements.txt (line 52))
2025-02-18T00:51:47.3316294Z   Using cached httpcore-1.0.7-py3-none-any.whl.metadata (21 kB)
2025-02-18T00:51:47.3485170Z Collecting httpx==0.28.1 (from -r tt/requirements.txt (line 54))
2025-02-18T00:51:47.3498942Z   Using cached httpx-0.28.1-py3-none-any.whl.metadata (7.1 kB)
2025-02-18T00:51:47.3817337Z Collecting identify==2.6.3 (from -r tt/requirements.txt (line 56))
2025-02-18T00:51:47.3831449Z   Using cached identify-2.6.3-py2.py3-none-any.whl.metadata (4.4 kB)
2025-02-18T00:51:47.3933789Z Collecting idna==3.10 (from -r tt/requirements.txt (line 58))
2025-02-18T00:51:47.3947531Z   Using cached idna-3.10-py3-none-any.whl.metadata (10 kB)
2025-02-18T00:51:47.4134224Z Collecting importlib-resources==6.4.5 (from -r tt/requirements.txt (line 63))
2025-02-18T00:51:47.4152329Z   Using cached importlib_resources-6.4.5-py3-none-any.whl.metadata (4.0 kB)
2025-02-18T00:51:47.4254832Z Collecting iniconfig==2.0.0 (from -r tt/requirements.txt (line 65))
2025-02-18T00:51:47.4268358Z   Using cached iniconfig-2.0.0-py3-none-any.whl.metadata (2.6 kB)
2025-02-18T00:51:47.4740931Z Collecting klayout==0.29.10 (from -r tt/requirements.txt (line 67))
2025-02-18T00:51:47.4756137Z   Using cached klayout-0.29.10-cp311-cp311-manylinux_2_17_x86_64.manylinux2014_x86_64.whl.metadata (783 bytes)
2025-02-18T00:51:47.4895005Z Collecting markdown-it-py==3.0.0 (from -r tt/requirements.txt (line 69))
2025-02-18T00:51:47.4909187Z   Using cached markdown_it_py-3.0.0-py3-none-any.whl.metadata (6.9 kB)
2025-02-18T00:51:47.5020968Z Collecting mdurl==0.1.2 (from -r tt/requirements.txt (line 71))
2025-02-18T00:51:47.5033885Z   Using cached mdurl-0.1.2-py3-none-any.whl.metadata (1.6 kB)
2025-02-18T00:51:47.5184700Z Collecting mistune==3.0.2 (from -r tt/requirements.txt (line 73))
2025-02-18T00:51:47.5198377Z   Using cached mistune-3.0.2-py3-none-any.whl.metadata (1.7 kB)
2025-02-18T00:51:47.5324965Z Collecting nodeenv==1.9.1 (from -r tt/requirements.txt (line 75))
2025-02-18T00:51:47.5338213Z   Using cached nodeenv-1.9.1-py2.py3-none-any.whl.metadata (21 kB)
2025-02-18T00:51:47.6684809Z Collecting numpy==1.26.4 (from -r tt/requirements.txt (line 77))
2025-02-18T00:51:47.6700572Z   Using cached numpy-1.26.4-cp311-cp311-manylinux_2_17_x86_64.manylinux2014_x86_64.whl.metadata (61 kB)
2025-02-18T00:51:47.6920975Z Collecting packaging==24.2 (from -r tt/requirements.txt (line 81))
2025-02-18T00:51:47.6936382Z   Using cached packaging-24.2-py3-none-any.whl.metadata (3.2 kB)
2025-02-18T00:51:47.7025592Z Collecting pcpp==1.30 (from -r tt/requirements.txt (line 83))
2025-02-18T00:51:47.7038908Z   Using cached pcpp-1.30-py2.py3-none-any.whl.metadata (23 kB)
2025-02-18T00:51:47.8131071Z Collecting pillow==11.0.0 (from -r tt/requirements.txt (line 85))
2025-02-18T00:51:47.8145793Z   Using cached pillow-11.0.0-cp311-cp311-manylinux_2_28_x86_64.whl.metadata (9.1 kB)
2025-02-18T00:51:47.8304729Z Collecting platformdirs==4.3.6 (from -r tt/requirements.txt (line 87))
2025-02-18T00:51:47.8318129Z   Using cached platformdirs-4.3.6-py3-none-any.whl.metadata (11 kB)
2025-02-18T00:51:47.8437768Z Collecting pluggy==1.5.0 (from -r tt/requirements.txt (line 91))
2025-02-18T00:51:47.8450913Z   Using cached pluggy-1.5.0-py3-none-any.whl.metadata (4.8 kB)
2025-02-18T00:51:47.8756495Z Collecting pre-commit==4.0.1 (from -r tt/requirements.txt (line 93))
2025-02-18T00:51:47.8770693Z   Using cached pre_commit-4.0.1-py2.py3-none-any.whl.metadata (1.3 kB)
2025-02-18T00:51:47.8858396Z Collecting pycparser==2.22 (from -r tt/requirements.txt (line 95))
2025-02-18T00:51:47.8871260Z   Using cached pycparser-2.22-py3-none-any.whl.metadata (943 bytes)
2025-02-18T00:51:47.9029499Z Collecting pygments==2.18.0 (from -r tt/requirements.txt (line 97))
2025-02-18T00:51:47.9043178Z   Using cached pygments-2.18.0-py3-none-any.whl.metadata (2.5 kB)
2025-02-18T00:51:47.9300385Z Collecting pytest==8.3.4 (from -r tt/requirements.txt (line 99))
2025-02-18T00:51:47.9313742Z   Using cached pytest-8.3.4-py3-none-any.whl.metadata (7.5 kB)
2025-02-18T00:51:47.9431897Z Collecting python-frontmatter==1.1.0 (from -r tt/requirements.txt (line 101))
2025-02-18T00:51:47.9444202Z   Using cached python_frontmatter-1.1.0-py3-none-any.whl.metadata (4.1 kB)
2025-02-18T00:51:47.9701030Z Collecting pyyaml==6.0.2 (from -r tt/requirements.txt (line 103))
2025-02-18T00:51:47.9716118Z   Using cached PyYAML-6.0.2-cp311-cp311-manylinux_2_17_x86_64.manylinux2014_x86_64.whl.metadata (2.1 kB)
2025-02-18T00:51:47.9936524Z Collecting requests==2.32.3 (from -r tt/requirements.txt (line 109))
2025-02-18T00:51:47.9950155Z   Using cached requests-2.32.3-py3-none-any.whl.metadata (4.6 kB)
2025-02-18T00:51:48.0268511Z Collecting rich==13.9.4 (from -r tt/requirements.txt (line 111))
2025-02-18T00:51:48.0283844Z   Using cached rich-13.9.4-py3-none-any.whl.metadata (18 kB)
2025-02-18T00:51:48.0416385Z Collecting smmap==5.0.1 (from -r tt/requirements.txt (line 113))
2025-02-18T00:51:48.0429694Z   Using cached smmap-5.0.1-py3-none-any.whl.metadata (4.3 kB)
2025-02-18T00:51:48.0536940Z Collecting sniffio==1.3.1 (from -r tt/requirements.txt (line 115))
2025-02-18T00:51:48.0537751Z   Using cached sniffio-1.3.1-py3-none-any.whl.metadata (3.9 kB)
2025-02-18T00:51:48.0639576Z Collecting tinycss2==1.4.0 (from -r tt/requirements.txt (line 117))
2025-02-18T00:51:48.0652536Z   Using cached tinycss2-1.4.0-py3-none-any.whl.metadata (3.0 kB)
2025-02-18T00:51:48.0840402Z Collecting urllib3==2.2.3 (from -r tt/requirements.txt (line 121))
2025-02-18T00:51:48.0853801Z   Using cached urllib3-2.2.3-py3-none-any.whl.metadata (6.5 kB)
2025-02-18T00:51:48.1201073Z Collecting virtualenv==20.28.0 (from -r tt/requirements.txt (line 123))
2025-02-18T00:51:48.1215591Z   Using cached virtualenv-20.28.0-py3-none-any.whl.metadata (4.4 kB)
2025-02-18T00:51:48.1429484Z Collecting volare==0.19.2 (from -r tt/requirements.txt (line 125))
2025-02-18T00:51:48.1442962Z   Using cached volare-0.19.2-py3-none-any.whl.metadata (7.6 kB)
2025-02-18T00:51:48.1718454Z Collecting wasmtime==27.0.2 (from -r tt/requirements.txt (line 127))
2025-02-18T00:51:48.1732240Z   Using cached wasmtime-27.0.2-py3-none-manylinux1_x86_64.whl.metadata (7.5 kB)
2025-02-18T00:51:48.1815590Z Collecting webencodings==0.5.1 (from -r tt/requirements.txt (line 129))
2025-02-18T00:51:48.1829533Z   Using cached webencodings-0.5.1-py2.py3-none-any.whl.metadata (2.1 kB)
2025-02-18T00:51:48.1951408Z Collecting yowasp-runtime==1.66 (from -r tt/requirements.txt (line 133))
2025-02-18T00:51:48.1964770Z   Using cached yowasp_runtime-1.66-py3-none-any.whl.metadata (3.3 kB)
2025-02-18T00:51:48.2130229Z Collecting yowasp-yosys==0.48.0.0.post834 (from -r tt/requirements.txt (line 135))
2025-02-18T00:51:48.2144602Z   Using cached yowasp_yosys-0.48.0.0.post834-py3-none-any.whl.metadata (2.6 kB)
2025-02-18T00:51:48.2939739Z Collecting zstandard==0.23.0 (from -r tt/requirements.txt (line 137))
2025-02-18T00:51:48.2955098Z   Using cached zstandard-0.23.0-cp311-cp311-manylinux_2_17_x86_64.manylinux2014_x86_64.whl.metadata (3.0 kB)
2025-02-18T00:51:48.3123136Z Collecting typing_extensions>=4.5 (from anyio==4.7.0->-r tt/requirements.txt (line 7))
2025-02-18T00:51:48.3137681Z   Using cached typing_extensions-4.12.2-py3-none-any.whl.metadata (3.0 kB)
2025-02-18T00:51:48.4887631Z Using cached anyio-4.7.0-py3-none-any.whl (93 kB)
2025-02-18T00:51:48.4902276Z Using cached Brotli-1.1.0-cp311-cp311-manylinux_2_17_x86_64.manylinux2014_x86_64.whl (2.9 MB)
2025-02-18T00:51:48.4939101Z Using cached cairocffi-1.7.1-py3-none-any.whl (75 kB)
2025-02-18T00:51:48.4953298Z Using cached CairoSVG-2.7.1-py3-none-any.whl (43 kB)
2025-02-18T00:51:48.4967069Z Using cached certifi-2024.8.30-py3-none-any.whl (167 kB)
2025-02-18T00:51:48.4982366Z Using cached cffi-1.17.1-cp311-cp311-manylinux_2_17_x86_64.manylinux2014_x86_64.whl (467 kB)
2025-02-18T00:51:48.4999078Z Using cached cfgv-3.4.0-py2.py3-none-any.whl (7.2 kB)
2025-02-18T00:51:48.5012965Z Using cached charset_normalizer-3.4.0-cp311-cp311-manylinux_2_17_x86_64.manylinux2014_x86_64.whl (142 kB)
2025-02-18T00:51:48.5027298Z Using cached chevron-0.14.0-py3-none-any.whl (11 kB)
2025-02-18T00:51:48.5040904Z Using cached click-8.1.7-py3-none-any.whl (97 kB)
2025-02-18T00:51:48.5054919Z Using cached cocotb-1.9.2-cp311-cp311-manylinux_2_17_x86_64.manylinux2014_x86_64.whl (4.2 MB)
2025-02-18T00:51:48.5100374Z Using cached cssselect2-0.7.0-py3-none-any.whl (15 kB)
2025-02-18T00:51:48.5113936Z Using cached defusedxml-0.7.1-py2.py3-none-any.whl (25 kB)
2025-02-18T00:51:48.5127504Z Using cached distlib-0.3.9-py2.py3-none-any.whl (468 kB)
2025-02-18T00:51:48.5144152Z Using cached filelock-3.16.1-py3-none-any.whl (16 kB)
2025-02-18T00:51:48.5157596Z Using cached find_libpython-0.4.0-py3-none-any.whl (8.7 kB)
2025-02-18T00:51:48.5171056Z Using cached gdstk-0.9.58-cp311-cp311-manylinux_2_28_x86_64.whl (534 kB)
2025-02-18T00:51:48.5188148Z Using cached gitdb-4.0.11-py3-none-any.whl (62 kB)
2025-02-18T00:51:48.5201912Z Using cached GitPython-3.1.43-py3-none-any.whl (207 kB)
2025-02-18T00:51:48.5216571Z Using cached h11-0.14.0-py3-none-any.whl (58 kB)
2025-02-18T00:51:48.5231193Z Using cached httpcore-1.0.7-py3-none-any.whl (78 kB)
2025-02-18T00:51:48.5244921Z Using cached httpx-0.28.1-py3-none-any.whl (73 kB)
2025-02-18T00:51:48.5259281Z Using cached identify-2.6.3-py2.py3-none-any.whl (99 kB)
2025-02-18T00:51:48.5273151Z Using cached idna-3.10-py3-none-any.whl (70 kB)
2025-02-18T00:51:48.5287051Z Using cached importlib_resources-6.4.5-py3-none-any.whl (36 kB)
2025-02-18T00:51:48.5300593Z Using cached iniconfig-2.0.0-py3-none-any.whl (5.9 kB)
2025-02-18T00:51:48.5314144Z Using cached klayout-0.29.10-cp311-cp311-manylinux_2_17_x86_64.manylinux2014_x86_64.whl (23.8 MB)
2025-02-18T00:51:48.5505362Z Using cached markdown_it_py-3.0.0-py3-none-any.whl (87 kB)
2025-02-18T00:51:48.5519307Z Using cached mdurl-0.1.2-py3-none-any.whl (10.0 kB)
2025-02-18T00:51:48.5532762Z Using cached mistune-3.0.2-py3-none-any.whl (47 kB)
2025-02-18T00:51:48.5548282Z Using cached nodeenv-1.9.1-py2.py3-none-any.whl (22 kB)
2025-02-18T00:51:48.5562191Z Using cached numpy-1.26.4-cp311-cp311-manylinux_2_17_x86_64.manylinux2014_x86_64.whl (18.3 MB)
2025-02-18T00:51:48.5714431Z Using cached packaging-24.2-py3-none-any.whl (65 kB)
2025-02-18T00:51:48.5728022Z Using cached pcpp-1.30-py2.py3-none-any.whl (91 kB)
2025-02-18T00:51:48.5741650Z Using cached pillow-11.0.0-cp311-cp311-manylinux_2_28_x86_64.whl (4.4 MB)
2025-02-18T00:51:48.5787312Z Using cached platformdirs-4.3.6-py3-none-any.whl (18 kB)
2025-02-18T00:51:48.5800507Z Using cached pluggy-1.5.0-py3-none-any.whl (20 kB)
2025-02-18T00:51:48.5815332Z Using cached pre_commit-4.0.1-py2.py3-none-any.whl (218 kB)
2025-02-18T00:51:48.5830335Z Using cached pycparser-2.22-py3-none-any.whl (117 kB)
2025-02-18T00:51:48.5844491Z Using cached pygments-2.18.0-py3-none-any.whl (1.2 MB)
2025-02-18T00:51:48.5867025Z Using cached pytest-8.3.4-py3-none-any.whl (343 kB)
2025-02-18T00:51:48.5883048Z Using cached python_frontmatter-1.1.0-py3-none-any.whl (9.8 kB)
2025-02-18T00:51:48.5896994Z Using cached PyYAML-6.0.2-cp311-cp311-manylinux_2_17_x86_64.manylinux2014_x86_64.whl (762 kB)
2025-02-18T00:51:48.5915667Z Using cached requests-2.32.3-py3-none-any.whl (64 kB)
2025-02-18T00:51:48.5929817Z Using cached rich-13.9.4-py3-none-any.whl (242 kB)
2025-02-18T00:51:48.5944613Z Using cached smmap-5.0.1-py3-none-any.whl (24 kB)
2025-02-18T00:51:48.5958188Z Using cached sniffio-1.3.1-py3-none-any.whl (10 kB)
2025-02-18T00:51:48.5971534Z Using cached tinycss2-1.4.0-py3-none-any.whl (26 kB)
2025-02-18T00:51:48.5984972Z Using cached urllib3-2.2.3-py3-none-any.whl (126 kB)
2025-02-18T00:51:48.5999302Z Using cached virtualenv-20.28.0-py3-none-any.whl (4.3 MB)
2025-02-18T00:51:48.6044519Z Using cached volare-0.19.2-py3-none-any.whl (32 kB)
2025-02-18T00:51:48.6058275Z Using cached wasmtime-27.0.2-py3-none-manylinux1_x86_64.whl (6.4 MB)
2025-02-18T00:51:48.6119786Z Using cached webencodings-0.5.1-py2.py3-none-any.whl (11 kB)
2025-02-18T00:51:48.6133420Z Using cached yowasp_runtime-1.66-py3-none-any.whl (5.6 kB)
2025-02-18T00:51:48.6147044Z Using cached yowasp_yosys-0.48.0.0.post834-py3-none-any.whl (8.7 MB)
2025-02-18T00:51:48.6227460Z Using cached zstandard-0.23.0-cp311-cp311-manylinux_2_17_x86_64.manylinux2014_x86_64.whl (5.4 MB)
2025-02-18T00:51:48.6281486Z Using cached typing_extensions-4.12.2-py3-none-any.whl (37 kB)
2025-02-18T00:51:48.8270117Z Installing collected packages: webencodings, pcpp, klayout, find-libpython, distlib, chevron, brotli, zstandard, urllib3, typing_extensions, tinycss2, sniffio, smmap, pyyaml, pygments, pycparser, pluggy, platformdirs, pillow, packaging, numpy, nodeenv, mistune, mdurl, iniconfig, importlib-resources, idna, identify, h11, filelock, defusedxml, cocotb, click, charset-normalizer, cfgv, certifi, wasmtime, virtualenv, requests, python-frontmatter, pytest, markdown-it-py, httpcore, gitdb, gdstk, cssselect2, cffi, anyio, yowasp-runtime, rich, pre-commit, httpx, gitpython, cairocffi, yowasp-yosys, volare, cairosvg
2025-02-18T00:51:54.4203771Z Successfully installed anyio-4.7.0 brotli-1.1.0 cairocffi-1.7.1 cairosvg-2.7.1 certifi-2024.8.30 cffi-1.17.1 cfgv-3.4.0 charset-normalizer-3.4.0 chevron-0.14.0 click-8.1.7 cocotb-1.9.2 cssselect2-0.7.0 defusedxml-0.7.1 distlib-0.3.9 filelock-3.16.1 find-libpython-0.4.0 gdstk-0.9.58 gitdb-4.0.11 gitpython-3.1.43 h11-0.14.0 httpcore-1.0.7 httpx-0.28.1 identify-2.6.3 idna-3.10 importlib-resources-6.4.5 iniconfig-2.0.0 klayout-0.29.10 markdown-it-py-3.0.0 mdurl-0.1.2 mistune-3.0.2 nodeenv-1.9.1 numpy-1.26.4 packaging-24.2 pcpp-1.30 pillow-11.0.0 platformdirs-4.3.6 pluggy-1.5.0 pre-commit-4.0.1 pycparser-2.22 pygments-2.18.0 pytest-8.3.4 python-frontmatter-1.1.0 pyyaml-6.0.2 requests-2.32.3 rich-13.9.4 smmap-5.0.1 sniffio-1.3.1 tinycss2-1.4.0 typing_extensions-4.12.2 urllib3-2.2.3 virtualenv-20.28.0 volare-0.19.2 wasmtime-27.0.2 webencodings-0.5.1 yowasp-runtime-1.66 yowasp-yosys-0.48.0.0.post834 zstandard-0.23.0
2025-02-18T00:51:54.5944738Z ##[group]Run sudo apt-get update -y
2025-02-18T00:51:54.5945049Z [36;1msudo apt-get update -y[0m
2025-02-18T00:51:54.5945428Z [36;1msudo apt-get install -y pandoc texlive-xetex librsvg2-bin ghdl-llvm[0m
2025-02-18T00:51:54.6001968Z shell: /usr/bin/bash --noprofile --norc -e -o pipefail {0}
2025-02-18T00:51:54.6002288Z env:
2025-02-18T00:51:54.6002749Z   pythonLocation: /opt/hostedtoolcache/Python/3.11.11/x64
2025-02-18T00:51:54.6003154Z   PKG_CONFIG_PATH: /opt/hostedtoolcache/Python/3.11.11/x64/lib/pkgconfig
2025-02-18T00:51:54.6003552Z   Python_ROOT_DIR: /opt/hostedtoolcache/Python/3.11.11/x64
2025-02-18T00:51:54.6003910Z   Python2_ROOT_DIR: /opt/hostedtoolcache/Python/3.11.11/x64
2025-02-18T00:51:54.6004278Z   Python3_ROOT_DIR: /opt/hostedtoolcache/Python/3.11.11/x64
2025-02-18T00:51:54.6004636Z   LD_LIBRARY_PATH: /opt/hostedtoolcache/Python/3.11.11/x64/lib
2025-02-18T00:51:54.6004944Z ##[endgroup]
2025-02-18T00:51:54.6749400Z Get:1 file:/etc/apt/apt-mirrors.txt Mirrorlist [142 B]
2025-02-18T00:51:54.7087256Z Hit:2 http://azure.archive.ubuntu.com/ubuntu noble InRelease
2025-02-18T00:51:54.7102640Z Hit:6 https://packages.microsoft.com/repos/azure-cli noble InRelease
2025-02-18T00:51:54.7109092Z Get:3 http://azure.archive.ubuntu.com/ubuntu noble-updates InRelease [126 kB]
2025-02-18T00:51:54.7158279Z Get:4 http://azure.archive.ubuntu.com/ubuntu noble-backports InRelease [126 kB]
2025-02-18T00:51:54.7196906Z Get:5 http://azure.archive.ubuntu.com/ubuntu noble-security InRelease [126 kB]
2025-02-18T00:51:54.7353250Z Get:7 https://packages.microsoft.com/ubuntu/24.04/prod noble InRelease [3600 B]
2025-02-18T00:51:54.8812815Z Get:8 http://azure.archive.ubuntu.com/ubuntu noble-updates/main amd64 Packages [865 kB]
2025-02-18T00:51:54.8948680Z Get:9 http://azure.archive.ubuntu.com/ubuntu noble-updates/main amd64 Components [151 kB]
2025-02-18T00:51:54.8987404Z Get:10 http://azure.archive.ubuntu.com/ubuntu noble-updates/universe amd64 Packages [1014 kB]
2025-02-18T00:51:54.9054889Z Get:11 http://azure.archive.ubuntu.com/ubuntu noble-updates/universe amd64 Components [362 kB]
2025-02-18T00:51:54.9096439Z Get:12 http://azure.archive.ubuntu.com/ubuntu noble-updates/restricted amd64 Components [212 B]
2025-02-18T00:51:54.9111698Z Get:13 http://azure.archive.ubuntu.com/ubuntu noble-updates/multiverse amd64 Components [940 B]
2025-02-18T00:51:54.9526197Z Get:14 http://azure.archive.ubuntu.com/ubuntu noble-backports/main amd64 Components [208 B]
2025-02-18T00:51:54.9544757Z Get:15 http://azure.archive.ubuntu.com/ubuntu noble-backports/universe amd64 Components [17.7 kB]
2025-02-18T00:51:54.9559115Z Get:16 http://azure.archive.ubuntu.com/ubuntu noble-backports/restricted amd64 Components [216 B]
2025-02-18T00:51:54.9571046Z Get:17 http://azure.archive.ubuntu.com/ubuntu noble-backports/multiverse amd64 Components [212 B]
2025-02-18T00:51:55.0459438Z Get:18 http://azure.archive.ubuntu.com/ubuntu noble-security/main amd64 Packages [617 kB]
2025-02-18T00:51:55.0507522Z Get:19 http://azure.archive.ubuntu.com/ubuntu noble-security/main amd64 Components [8980 B]
2025-02-18T00:51:55.0521302Z Get:20 http://azure.archive.ubuntu.com/ubuntu noble-security/universe amd64 Packages [803 kB]
2025-02-18T00:51:55.0587758Z Get:21 http://azure.archive.ubuntu.com/ubuntu noble-security/universe amd64 Components [51.9 kB]
2025-02-18T00:51:55.0609162Z Get:22 http://azure.archive.ubuntu.com/ubuntu noble-security/restricted amd64 Components [212 B]
2025-02-18T00:51:55.0628202Z Get:23 http://azure.archive.ubuntu.com/ubuntu noble-security/multiverse amd64 Components [208 B]
2025-02-18T00:51:55.0636893Z Get:24 https://packages.microsoft.com/ubuntu/24.04/prod noble/main amd64 Packages [21.0 kB]
2025-02-18T00:51:55.0802482Z Get:25 https://packages.microsoft.com/ubuntu/24.04/prod noble/main arm64 Packages [12.9 kB]
2025-02-18T00:51:55.0963246Z Get:26 https://packages.microsoft.com/ubuntu/24.04/prod noble/main armhf Packages [6679 B]
2025-02-18T00:52:00.9625168Z Fetched 4316 kB in 1s (6519 kB/s)
2025-02-18T00:52:01.5872895Z Reading package lists...
2025-02-18T00:52:01.6201206Z Reading package lists...
2025-02-18T00:52:01.7797338Z Building dependency tree...
2025-02-18T00:52:01.7804853Z Reading state information...
2025-02-18T00:52:01.9346484Z The following additional packages will be installed:
2025-02-18T00:52:01.9347577Z   ca-certificates-java default-jre default-jre-headless dvisvgm
2025-02-18T00:52:01.9348823Z   fonts-droid-fallback fonts-lmodern fonts-noto-mono fonts-texgyre
2025-02-18T00:52:01.9349615Z   fonts-texgyre-math fonts-urw-base35 ghdl-common libapache-pom-java
2025-02-18T00:52:01.9350413Z   libatk-wrapper-java libatk-wrapper-java-jni libbit-vector-perl
2025-02-18T00:52:01.9352959Z   libcarp-clan-perl libcommons-logging-java libcommons-parent-java
2025-02-18T00:52:01.9353817Z   libcrypt-rc4-perl libdate-calc-perl libdate-calc-xs-perl libdate-manip-perl
2025-02-18T00:52:01.9354661Z   libdigest-perl-md5-perl libfontbox-java libgif7 libgnat-13 libgs-common
2025-02-18T00:52:01.9355468Z   libgs10 libgs10-common libgumbo2 libidn12 libijs-0.35 libio-stringy-perl
2025-02-18T00:52:01.9356302Z   libjbig2dec0 libjcode-pm-perl libkpathsea6 libmujs3 libole-storage-lite-perl
2025-02-18T00:52:01.9357313Z   libpaper-utils libpaper1 libparse-recdescent-perl libpcsclite1
2025-02-18T00:52:01.9358034Z   libpdfbox-java libpotrace0 libptexenc1 librsvg2-2 librsvg2-common
2025-02-18T00:52:01.9358548Z   libspreadsheet-parseexcel-perl libspreadsheet-writeexcel-perl libsynctex2
2025-02-18T00:52:01.9359122Z   libteckit0 libtexlua53-5 libunicode-map-perl libwoff1 libxcb-shape0 libxv1
2025-02-18T00:52:01.9359612Z   libxxf86dga1 libzzip-0-13t64 lmodern mupdf-tools openjdk-21-jre
2025-02-18T00:52:01.9360133Z   openjdk-21-jre-headless pandoc-data poppler-data preview-latex-style t1utils
2025-02-18T00:52:01.9360653Z   teckit tex-gyre texlive-base texlive-binaries texlive-fonts-recommended
2025-02-18T00:52:01.9361121Z   texlive-latex-base texlive-latex-extra texlive-latex-recommended
2025-02-18T00:52:01.9361591Z   texlive-pictures texlive-plain-generic tipa x11-utils xfonts-encodings
2025-02-18T00:52:01.9361954Z   xfonts-utils
2025-02-18T00:52:01.9362905Z Suggested packages:
2025-02-18T00:52:01.9363448Z   fonts-noto fonts-freefont-otf | fonts-freefont-ttf libavalon-framework-java
2025-02-18T00:52:01.9364630Z   libexcalibur-logkit-java liblog4j1.2-java pcscd libwww-perl libnss-mdns
2025-02-18T00:52:01.9365376Z   fonts-ipafont-gothic fonts-ipafont-mincho fonts-wqy-microhei
2025-02-18T00:52:01.9366046Z   | fonts-wqy-zenhei fonts-indic texlive-luatex pandoc-citeproc context
2025-02-18T00:52:01.9366996Z   wkhtmltopdf groff ghc nodejs python r-base-core libjs-mathjax libjs-katex
2025-02-18T00:52:01.9367724Z   citation-style-language-styles poppler-utils ghostscript
2025-02-18T00:52:01.9368468Z   fonts-japanese-mincho | fonts-ipafont-mincho fonts-japanese-gothic
2025-02-18T00:52:01.9369210Z   | fonts-ipafont-gothic fonts-arphic-ukai fonts-arphic-uming fonts-nanum gv
2025-02-18T00:52:01.9369710Z   | postscript-viewer perl-tk xpdf | pdf-viewer xzdec texlive-binaries-sse2
2025-02-18T00:52:01.9370204Z   hintview texlive-fonts-recommended-doc texlive-latex-base-doc wp2latex
2025-02-18T00:52:01.9370690Z   icc-profiles libfile-which-perl texlive-latex-extra-doc texlive-science
2025-02-18T00:52:01.9371159Z   texlive-latex-recommended-doc texlive-pstricks dot2tex prerex
2025-02-18T00:52:01.9371554Z   texlive-pictures-doc vprerex tipa-doc mesa-utils
2025-02-18T00:52:01.9371849Z Recommended packages:
2025-02-18T00:52:01.9372042Z   luit
2025-02-18T00:52:01.9772172Z The following NEW packages will be installed:
2025-02-18T00:52:01.9772648Z   ca-certificates-java default-jre default-jre-headless dvisvgm
2025-02-18T00:52:01.9773321Z   fonts-droid-fallback fonts-lmodern fonts-noto-mono fonts-texgyre
2025-02-18T00:52:01.9773994Z   fonts-texgyre-math fonts-urw-base35 ghdl-common ghdl-llvm libapache-pom-java
2025-02-18T00:52:01.9774550Z   libatk-wrapper-java libatk-wrapper-java-jni libbit-vector-perl
2025-02-18T00:52:01.9775150Z   libcarp-clan-perl libcommons-logging-java libcommons-parent-java
2025-02-18T00:52:01.9775754Z   libcrypt-rc4-perl libdate-calc-perl libdate-calc-xs-perl libdate-manip-perl
2025-02-18T00:52:01.9776413Z   libdigest-perl-md5-perl libfontbox-java libgif7 libgnat-13 libgs-common
2025-02-18T00:52:01.9777158Z   libgs10 libgs10-common libgumbo2 libidn12 libijs-0.35 libio-stringy-perl
2025-02-18T00:52:01.9777713Z   libjbig2dec0 libjcode-pm-perl libkpathsea6 libmujs3 libole-storage-lite-perl
2025-02-18T00:52:01.9779088Z   libpaper-utils libpaper1 libparse-recdescent-perl libpcsclite1
2025-02-18T00:52:01.9779804Z   libpdfbox-java libpotrace0 libptexenc1 librsvg2-2 librsvg2-bin
2025-02-18T00:52:01.9780307Z   librsvg2-common libspreadsheet-parseexcel-perl
2025-02-18T00:52:01.9780734Z   libspreadsheet-writeexcel-perl libsynctex2 libteckit0 libtexlua53-5
2025-02-18T00:52:01.9781243Z   libunicode-map-perl libwoff1 libxcb-shape0 libxv1 libxxf86dga1
2025-02-18T00:52:01.9781860Z   libzzip-0-13t64 lmodern mupdf-tools openjdk-21-jre openjdk-21-jre-headless
2025-02-18T00:52:01.9783871Z   pandoc pandoc-data poppler-data preview-latex-style t1utils teckit tex-gyre
2025-02-18T00:52:01.9784401Z   texlive-base texlive-binaries texlive-fonts-recommended texlive-latex-base
2025-02-18T00:52:01.9784861Z   texlive-latex-extra texlive-latex-recommended texlive-pictures
2025-02-18T00:52:01.9785309Z   texlive-plain-generic texlive-xetex tipa x11-utils xfonts-encodings
2025-02-18T00:52:01.9785657Z   xfonts-utils
2025-02-18T00:52:01.9990313Z 0 upgraded, 84 newly installed, 0 to remove and 22 not upgraded.
2025-02-18T00:52:01.9990935Z Need to get 320 MB of archives.
2025-02-18T00:52:01.9991506Z After this operation, 1112 MB of additional disk space will be used.
2025-02-18T00:52:01.9992184Z Get:1 file:/etc/apt/apt-mirrors.txt Mirrorlist [142 B]
2025-02-18T00:52:02.0538347Z Get:2 http://azure.archive.ubuntu.com/ubuntu noble/main amd64 fonts-droid-fallback all 1:6.0.1r16-1.1build1 [1805 kB]
2025-02-18T00:52:02.1590323Z Get:3 http://azure.archive.ubuntu.com/ubuntu noble/main amd64 poppler-data all 0.4.12-1 [2060 kB]
2025-02-18T00:52:02.2658177Z Get:4 http://azure.archive.ubuntu.com/ubuntu noble/main amd64 ca-certificates-java all 20240118 [11.6 kB]
2025-02-18T00:52:02.3001305Z Get:5 http://azure.archive.ubuntu.com/ubuntu noble/main amd64 libpcsclite1 amd64 2.0.3-1build1 [21.4 kB]
2025-02-18T00:52:02.3344703Z Get:6 http://azure.archive.ubuntu.com/ubuntu noble-updates/main amd64 openjdk-21-jre-headless amd64 21.0.6+7-1~24.04.1 [46.4 MB]
2025-02-18T00:52:03.2022355Z Get:7 http://azure.archive.ubuntu.com/ubuntu noble/main amd64 default-jre-headless amd64 2:1.21-75+exp1 [3094 B]
2025-02-18T00:52:03.2373700Z Get:8 http://azure.archive.ubuntu.com/ubuntu noble/main amd64 libgif7 amd64 5.2.2-1ubuntu1 [35.2 kB]
2025-02-18T00:52:03.2716297Z Get:9 http://azure.archive.ubuntu.com/ubuntu noble-updates/main amd64 openjdk-21-jre amd64 21.0.6+7-1~24.04.1 [227 kB]
2025-02-18T00:52:03.3104492Z Get:10 http://azure.archive.ubuntu.com/ubuntu noble/main amd64 default-jre amd64 2:1.21-75+exp1 [922 B]
2025-02-18T00:52:03.3445751Z Get:11 http://azure.archive.ubuntu.com/ubuntu noble/main amd64 xfonts-encodings all 1:1.0.5-0ubuntu2 [578 kB]
2025-02-18T00:52:03.4165809Z Get:12 http://azure.archive.ubuntu.com/ubuntu noble/main amd64 xfonts-utils amd64 1:7.7+6build3 [94.4 kB]
2025-02-18T00:52:03.4519070Z Get:13 http://azure.archive.ubuntu.com/ubuntu noble/main amd64 fonts-urw-base35 all 20200910-8 [11.0 MB]
2025-02-18T00:52:03.7610746Z Get:14 http://azure.archive.ubuntu.com/ubuntu noble-updates/main amd64 libgs-common all 10.02.1~dfsg1-0ubuntu7.4 [175 kB]
2025-02-18T00:52:03.8022738Z Get:15 http://azure.archive.ubuntu.com/ubuntu noble-updates/main amd64 libgs10-common all 10.02.1~dfsg1-0ubuntu7.4 [488 kB]
2025-02-18T00:52:03.8739000Z Get:16 http://azure.archive.ubuntu.com/ubuntu noble/main amd64 libidn12 amd64 1.42-1build1 [55.9 kB]
2025-02-18T00:52:03.9087902Z Get:17 http://azure.archive.ubuntu.com/ubuntu noble/main amd64 libijs-0.35 amd64 0.35-15.1build1 [15.3 kB]
2025-02-18T00:52:03.9468436Z Get:18 http://azure.archive.ubuntu.com/ubuntu noble/main amd64 libjbig2dec0 amd64 0.20-1build3 [65.0 kB]
2025-02-18T00:52:03.9823989Z Get:19 http://azure.archive.ubuntu.com/ubuntu noble/main amd64 libpaper1 amd64 1.1.29build1 [13.4 kB]
2025-02-18T00:52:04.0676880Z Get:20 http://azure.archive.ubuntu.com/ubuntu noble-updates/main amd64 libgs10 amd64 10.02.1~dfsg1-0ubuntu7.4 [3896 kB]
2025-02-18T00:52:04.2341349Z Get:21 http://azure.archive.ubuntu.com/ubuntu noble/main amd64 libkpathsea6 amd64 2023.20230311.66589-9build3 [63.0 kB]
2025-02-18T00:52:04.2700901Z Get:22 http://azure.archive.ubuntu.com/ubuntu noble/universe amd64 libpotrace0 amd64 1.16-2build1 [17.7 kB]
2025-02-18T00:52:04.3050467Z Get:23 http://azure.archive.ubuntu.com/ubuntu noble/main amd64 libwoff1 amd64 1.0.2-2build1 [45.3 kB]
2025-02-18T00:52:04.3397637Z Get:24 http://azure.archive.ubuntu.com/ubuntu noble/universe amd64 dvisvgm amd64 3.2.1+ds-1build1 [1042 kB]
2025-02-18T00:52:04.4132935Z Get:25 http://azure.archive.ubuntu.com/ubuntu noble/universe amd64 fonts-lmodern all 2.005-1 [4799 kB]
2025-02-18T00:52:04.6141466Z Get:26 http://azure.archive.ubuntu.com/ubuntu noble/main amd64 fonts-noto-mono all 20201225-2 [435 kB]
2025-02-18T00:52:04.6800491Z Get:27 http://azure.archive.ubuntu.com/ubuntu noble/universe amd64 fonts-texgyre all 20180621-6 [8350 kB]
2025-02-18T00:52:04.9247526Z Get:28 http://azure.archive.ubuntu.com/ubuntu noble/universe amd64 fonts-texgyre-math all 20180621-6 [2373 kB]
2025-02-18T00:52:05.0358497Z Get:29 http://azure.archive.ubuntu.com/ubuntu noble-updates/universe amd64 ghdl-common amd64 4.1.0+dfsg-0ubuntu2.1 [167 kB]
2025-02-18T00:52:05.0780446Z Get:30 http://azure.archive.ubuntu.com/ubuntu noble-updates/universe amd64 libgnat-13 amd64 13.3.0-6ubuntu2~24.04 [1430 kB]
2025-02-18T00:52:05.1638623Z Get:31 http://azure.archive.ubuntu.com/ubuntu noble-updates/universe amd64 ghdl-llvm amd64 4.1.0+dfsg-0ubuntu2.1 [3308 kB]
2025-02-18T00:52:05.2760376Z Get:32 http://azure.archive.ubuntu.com/ubuntu noble/universe amd64 libapache-pom-java all 29-2 [5284 B]
2025-02-18T00:52:05.3102577Z Get:33 http://azure.archive.ubuntu.com/ubuntu noble/main amd64 libxcb-shape0 amd64 1.15-1ubuntu2 [6100 B]
2025-02-18T00:52:05.3446494Z Get:34 http://azure.archive.ubuntu.com/ubuntu noble/main amd64 libxv1 amd64 2:1.0.11-1.1build1 [10.7 kB]
2025-02-18T00:52:05.3810094Z Get:35 http://azure.archive.ubuntu.com/ubuntu noble/main amd64 libxxf86dga1 amd64 2:1.1.5-1build1 [11.6 kB]
2025-02-18T00:52:05.4152649Z Get:36 http://azure.archive.ubuntu.com/ubuntu noble/main amd64 x11-utils amd64 7.7+6build2 [189 kB]
2025-02-18T00:52:05.4514915Z Get:37 http://azure.archive.ubuntu.com/ubuntu noble/main amd64 libatk-wrapper-java all 0.40.0-3build2 [54.3 kB]
2025-02-18T00:52:05.4861342Z Get:38 http://azure.archive.ubuntu.com/ubuntu noble/main amd64 libatk-wrapper-java-jni amd64 0.40.0-3build2 [46.4 kB]
2025-02-18T00:52:05.5626344Z Get:39 http://azure.archive.ubuntu.com/ubuntu noble/universe amd64 libcarp-clan-perl all 6.08-2 [11.9 kB]
2025-02-18T00:52:05.6007523Z Get:40 http://azure.archive.ubuntu.com/ubuntu noble/universe amd64 libbit-vector-perl amd64 7.4-3build1 [139 kB]
2025-02-18T00:52:05.6375658Z Get:41 http://azure.archive.ubuntu.com/ubuntu noble/universe amd64 libcommons-parent-java all 56-1 [10.7 kB]
2025-02-18T00:52:05.6716840Z Get:42 http://azure.archive.ubuntu.com/ubuntu noble/universe amd64 libcommons-logging-java all 1.3.0-1ubuntu1 [63.8 kB]
2025-02-18T00:52:05.7074932Z Get:43 http://azure.archive.ubuntu.com/ubuntu noble/universe amd64 libcrypt-rc4-perl all 2.02-5 [7064 B]
2025-02-18T00:52:05.7421573Z Get:44 http://azure.archive.ubuntu.com/ubuntu noble/universe amd64 libdate-calc-perl all 6.4-2 [187 kB]
2025-02-18T00:52:05.7808185Z Get:45 http://azure.archive.ubuntu.com/ubuntu noble/universe amd64 libdate-calc-xs-perl amd64 6.4-2build4 [46.8 kB]
2025-02-18T00:52:05.8164556Z Get:46 http://azure.archive.ubuntu.com/ubuntu noble/main amd64 libdate-manip-perl all 6.95-1 [923 kB]
2025-02-18T00:52:05.8885345Z Get:47 http://azure.archive.ubuntu.com/ubuntu noble/universe amd64 libdigest-perl-md5-perl all 1.9-5 [11.1 kB]
2025-02-18T00:52:05.9236585Z Get:48 http://azure.archive.ubuntu.com/ubuntu noble/universe amd64 libgumbo2 amd64 0.12.0+dfsg-2build1 [126 kB]
2025-02-18T00:52:05.9586366Z Get:49 http://azure.archive.ubuntu.com/ubuntu noble/main amd64 libio-stringy-perl all 2.111-3 [55.8 kB]
2025-02-18T00:52:05.9931240Z Get:50 http://azure.archive.ubuntu.com/ubuntu noble/universe amd64 libjcode-pm-perl amd64 2.06-1.1build1 [26.8 kB]
2025-02-18T00:52:06.0272642Z Get:51 http://azure.archive.ubuntu.com/ubuntu noble/universe amd64 libmujs3 amd64 1.3.3-3build2 [134 kB]
2025-02-18T00:52:06.0633073Z Get:52 http://azure.archive.ubuntu.com/ubuntu noble/universe amd64 libole-storage-lite-perl all 0.22-1 [21.6 kB]
2025-02-18T00:52:06.0979967Z Get:53 http://azure.archive.ubuntu.com/ubuntu noble/main amd64 libpaper-utils amd64 1.1.29build1 [8650 B]
2025-02-18T00:52:06.1340793Z Get:54 http://azure.archive.ubuntu.com/ubuntu noble/universe amd64 libparse-recdescent-perl all 1.967015+dfsg-4 [139 kB]
2025-02-18T00:52:06.1705819Z Get:55 http://azure.archive.ubuntu.com/ubuntu noble/main amd64 libptexenc1 amd64 2023.20230311.66589-9build3 [40.4 kB]
2025-02-18T00:52:06.2469463Z Get:56 http://azure.archive.ubuntu.com/ubuntu noble/main amd64 librsvg2-2 amd64 2.58.0+dfsg-1build1 [2135 kB]
2025-02-18T00:52:06.3511910Z Get:57 http://azure.archive.ubuntu.com/ubuntu noble/universe amd64 librsvg2-bin amd64 2.58.0+dfsg-1build1 [2299 kB]
2025-02-18T00:52:06.4833742Z Get:58 http://azure.archive.ubuntu.com/ubuntu noble/main amd64 librsvg2-common amd64 2.58.0+dfsg-1build1 [11.8 kB]
2025-02-18T00:52:06.5170254Z Get:59 http://azure.archive.ubuntu.com/ubuntu noble/universe amd64 libspreadsheet-writeexcel-perl all 2.40-4 [497 kB]
2025-02-18T00:52:06.5858865Z Get:60 http://azure.archive.ubuntu.com/ubuntu noble/universe amd64 libunicode-map-perl amd64 0.112-13build4 [203 kB]
2025-02-18T00:52:06.6246384Z Get:61 http://azure.archive.ubuntu.com/ubuntu noble/universe amd64 libspreadsheet-parseexcel-perl all 0.6600-1 [144 kB]
2025-02-18T00:52:06.6637320Z Get:62 http://azure.archive.ubuntu.com/ubuntu noble/main amd64 libsynctex2 amd64 2023.20230311.66589-9build3 [59.6 kB]
2025-02-18T00:52:06.6998628Z Get:63 http://azure.archive.ubuntu.com/ubuntu noble/universe amd64 libteckit0 amd64 2.5.12+ds1-1 [411 kB]
2025-02-18T00:52:06.7662594Z Get:64 http://azure.archive.ubuntu.com/ubuntu noble/main amd64 libtexlua53-5 amd64 2023.20230311.66589-9build3 [123 kB]
2025-02-18T00:52:06.8035273Z Get:65 http://azure.archive.ubuntu.com/ubuntu noble/universe amd64 libzzip-0-13t64 amd64 0.13.72+dfsg.1-1.2build1 [28.1 kB]
2025-02-18T00:52:06.8390702Z Get:66 http://azure.archive.ubuntu.com/ubuntu noble/universe amd64 lmodern all 2.005-1 [9542 kB]
2025-02-18T00:52:07.0979014Z Get:67 http://azure.archive.ubuntu.com/ubuntu noble/universe amd64 mupdf-tools amd64 1.23.10+ds1-1build3 [49.3 MB]
2025-02-18T00:52:08.0965867Z Get:68 http://azure.archive.ubuntu.com/ubuntu noble/universe amd64 pandoc-data all 3.1.3-1 [92.4 kB]
2025-02-18T00:52:08.1316841Z Get:69 http://azure.archive.ubuntu.com/ubuntu noble/universe amd64 pandoc amd64 3.1.3+ds-2 [26.9 MB]
2025-02-18T00:52:08.5907749Z Get:70 http://azure.archive.ubuntu.com/ubuntu noble/universe amd64 preview-latex-style all 13.2-1 [347 kB]
2025-02-18T00:52:08.6275728Z Get:71 http://azure.archive.ubuntu.com/ubuntu noble/main amd64 t1utils amd64 1.41-4build3 [61.3 kB]
2025-02-18T00:52:08.6623275Z Get:72 http://azure.archive.ubuntu.com/ubuntu noble/universe amd64 teckit amd64 2.5.12+ds1-1 [713 kB]
2025-02-18T00:52:08.7310584Z Get:73 http://azure.archive.ubuntu.com/ubuntu noble/universe amd64 tex-gyre all 20180621-6 [6396 kB]
2025-02-18T00:52:08.9365972Z Get:74 http://azure.archive.ubuntu.com/ubuntu noble/universe amd64 texlive-binaries amd64 2023.20230311.66589-9build3 [8529 kB]
2025-02-18T00:52:09.2146236Z Get:75 http://azure.archive.ubuntu.com/ubuntu noble/universe amd64 texlive-base all 2023.20240207-1 [21.7 MB]
2025-02-18T00:52:09.6182797Z Get:76 http://azure.archive.ubuntu.com/ubuntu noble/universe amd64 texlive-fonts-recommended all 2023.20240207-1 [4973 kB]
2025-02-18T00:52:09.8158738Z Get:77 http://azure.archive.ubuntu.com/ubuntu noble/universe amd64 texlive-latex-base all 2023.20240207-1 [1238 kB]
2025-02-18T00:52:09.9148657Z Get:78 http://azure.archive.ubuntu.com/ubuntu noble/universe amd64 libfontbox-java all 1:1.8.16-5 [208 kB]
2025-02-18T00:52:09.9505053Z Get:79 http://azure.archive.ubuntu.com/ubuntu noble/universe amd64 libpdfbox-java all 1:1.8.16-5 [5521 kB]
2025-02-18T00:52:10.1260061Z Get:80 http://azure.archive.ubuntu.com/ubuntu noble/universe amd64 texlive-latex-recommended all 2023.20240207-1 [8826 kB]
2025-02-18T00:52:10.3577391Z Get:81 http://azure.archive.ubuntu.com/ubuntu noble/universe amd64 texlive-pictures all 2023.20240207-1 [16.7 MB]
2025-02-18T00:52:10.6854732Z Get:82 http://azure.archive.ubuntu.com/ubuntu noble/universe amd64 texlive-latex-extra all 2023.20240207-1 [19.2 MB]
2025-02-18T00:52:11.0491631Z Get:83 http://azure.archive.ubuntu.com/ubuntu noble/universe amd64 texlive-plain-generic all 2023.20240207-1 [29.0 MB]
2025-02-18T00:52:11.6027194Z Get:84 http://azure.archive.ubuntu.com/ubuntu noble/universe amd64 tipa all 2:1.3-21 [2967 kB]
2025-02-18T00:52:11.7390125Z Get:85 http://azure.archive.ubuntu.com/ubuntu noble/universe amd64 texlive-xetex all 2023.20240207-1 [10.8 MB]
2025-02-18T00:52:12.3651911Z Preconfiguring packages ...
2025-02-18T00:52:12.4369860Z Fetched 320 MB in 10s (31.9 MB/s)
2025-02-18T00:52:12.4603775Z Selecting previously unselected package fonts-droid-fallback.
2025-02-18T00:52:12.4828357Z (Reading database ... 
2025-02-18T00:52:12.4828776Z (Reading database ... 5%
2025-02-18T00:52:12.4829160Z (Reading database ... 10%
2025-02-18T00:52:12.4829523Z (Reading database ... 15%
2025-02-18T00:52:12.4829764Z (Reading database ... 20%
2025-02-18T00:52:12.4829996Z (Reading database ... 25%
2025-02-18T00:52:12.4830219Z (Reading database ... 30%
2025-02-18T00:52:12.4830533Z (Reading database ... 35%
2025-02-18T00:52:12.4830774Z (Reading database ... 40%
2025-02-18T00:52:12.4831001Z (Reading database ... 45%
2025-02-18T00:52:12.4831228Z (Reading database ... 50%
2025-02-18T00:52:12.5021834Z (Reading database ... 55%
2025-02-18T00:52:12.5298893Z (Reading database ... 60%
2025-02-18T00:52:12.5544929Z (Reading database ... 65%
2025-02-18T00:52:12.5795317Z (Reading database ... 70%
2025-02-18T00:52:12.5994971Z (Reading database ... 75%
2025-02-18T00:52:12.6374779Z (Reading database ... 80%
2025-02-18T00:52:12.6939947Z (Reading database ... 85%
2025-02-18T00:52:12.7607699Z (Reading database ... 90%
2025-02-18T00:52:12.8051027Z (Reading database ... 95%
2025-02-18T00:52:12.8051422Z (Reading database ... 100%
2025-02-18T00:52:12.8051863Z (Reading database ... 220710 files and directories currently installed.)
2025-02-18T00:52:12.8095036Z Preparing to unpack .../00-fonts-droid-fallback_1%3a6.0.1r16-1.1build1_all.deb ...
2025-02-18T00:52:12.8331297Z Unpacking fonts-droid-fallback (1:6.0.1r16-1.1build1) ...
2025-02-18T00:52:12.9861345Z Selecting previously unselected package poppler-data.
2025-02-18T00:52:12.9996974Z Preparing to unpack .../01-poppler-data_0.4.12-1_all.deb ...
2025-02-18T00:52:13.0009454Z Unpacking poppler-data (0.4.12-1) ...
2025-02-18T00:52:13.1318781Z Selecting previously unselected package ca-certificates-java.
2025-02-18T00:52:13.1455810Z Preparing to unpack .../02-ca-certificates-java_20240118_all.deb ...
2025-02-18T00:52:13.1492471Z Unpacking ca-certificates-java (20240118) ...
2025-02-18T00:52:13.1761848Z Selecting previously unselected package libpcsclite1:amd64.
2025-02-18T00:52:13.1898099Z Preparing to unpack .../03-libpcsclite1_2.0.3-1build1_amd64.deb ...
2025-02-18T00:52:13.1938960Z Unpacking libpcsclite1:amd64 (2.0.3-1build1) ...
2025-02-18T00:52:13.2186482Z Selecting previously unselected package openjdk-21-jre-headless:amd64.
2025-02-18T00:52:13.2324268Z Preparing to unpack .../04-openjdk-21-jre-headless_21.0.6+7-1~24.04.1_amd64.deb ...
2025-02-18T00:52:13.2338149Z Unpacking openjdk-21-jre-headless:amd64 (21.0.6+7-1~24.04.1) ...
2025-02-18T00:52:13.9889765Z Selecting previously unselected package default-jre-headless.
2025-02-18T00:52:14.0026023Z Preparing to unpack .../05-default-jre-headless_2%3a1.21-75+exp1_amd64.deb ...
2025-02-18T00:52:14.0046406Z Unpacking default-jre-headless (2:1.21-75+exp1) ...
2025-02-18T00:52:14.0297537Z Selecting previously unselected package libgif7:amd64.
2025-02-18T00:52:14.0433119Z Preparing to unpack .../06-libgif7_5.2.2-1ubuntu1_amd64.deb ...
2025-02-18T00:52:14.0443685Z Unpacking libgif7:amd64 (5.2.2-1ubuntu1) ...
2025-02-18T00:52:14.0682834Z Selecting previously unselected package openjdk-21-jre:amd64.
2025-02-18T00:52:14.0819490Z Preparing to unpack .../07-openjdk-21-jre_21.0.6+7-1~24.04.1_amd64.deb ...
2025-02-18T00:52:14.0835230Z Unpacking openjdk-21-jre:amd64 (21.0.6+7-1~24.04.1) ...
2025-02-18T00:52:14.1140648Z Selecting previously unselected package default-jre.
2025-02-18T00:52:14.1276557Z Preparing to unpack .../08-default-jre_2%3a1.21-75+exp1_amd64.deb ...
2025-02-18T00:52:14.1288430Z Unpacking default-jre (2:1.21-75+exp1) ...
2025-02-18T00:52:14.1491612Z Selecting previously unselected package xfonts-encodings.
2025-02-18T00:52:14.1627725Z Preparing to unpack .../09-xfonts-encodings_1%3a1.0.5-0ubuntu2_all.deb ...
2025-02-18T00:52:14.1636484Z Unpacking xfonts-encodings (1:1.0.5-0ubuntu2) ...
2025-02-18T00:52:14.1968509Z Selecting previously unselected package xfonts-utils.
2025-02-18T00:52:14.2103596Z Preparing to unpack .../10-xfonts-utils_1%3a7.7+6build3_amd64.deb ...
2025-02-18T00:52:14.2128908Z Unpacking xfonts-utils (1:7.7+6build3) ...
2025-02-18T00:52:14.2542383Z Selecting previously unselected package fonts-urw-base35.
2025-02-18T00:52:14.2676437Z Preparing to unpack .../11-fonts-urw-base35_20200910-8_all.deb ...
2025-02-18T00:52:14.3349884Z Unpacking fonts-urw-base35 (20200910-8) ...
2025-02-18T00:52:14.4353643Z Selecting previously unselected package libgs-common.
2025-02-18T00:52:14.4489249Z Preparing to unpack .../12-libgs-common_10.02.1~dfsg1-0ubuntu7.4_all.deb ...
2025-02-18T00:52:14.4508856Z Unpacking libgs-common (10.02.1~dfsg1-0ubuntu7.4) ...
2025-02-18T00:52:14.4780910Z Selecting previously unselected package libgs10-common.
2025-02-18T00:52:14.4916920Z Preparing to unpack .../13-libgs10-common_10.02.1~dfsg1-0ubuntu7.4_all.deb ...
2025-02-18T00:52:14.4928844Z Unpacking libgs10-common (10.02.1~dfsg1-0ubuntu7.4) ...
2025-02-18T00:52:14.5611685Z Selecting previously unselected package libidn12:amd64.
2025-02-18T00:52:14.5748854Z Preparing to unpack .../14-libidn12_1.42-1build1_amd64.deb ...
2025-02-18T00:52:14.5760891Z Unpacking libidn12:amd64 (1.42-1build1) ...
2025-02-18T00:52:14.6007462Z Selecting previously unselected package libijs-0.35:amd64.
2025-02-18T00:52:14.6142270Z Preparing to unpack .../15-libijs-0.35_0.35-15.1build1_amd64.deb ...
2025-02-18T00:52:14.6160429Z Unpacking libijs-0.35:amd64 (0.35-15.1build1) ...
2025-02-18T00:52:14.6405250Z Selecting previously unselected package libjbig2dec0:amd64.
2025-02-18T00:52:14.6542845Z Preparing to unpack .../16-libjbig2dec0_0.20-1build3_amd64.deb ...
2025-02-18T00:52:14.6555027Z Unpacking libjbig2dec0:amd64 (0.20-1build3) ...
2025-02-18T00:52:14.6827317Z Selecting previously unselected package libpaper1:amd64.
2025-02-18T00:52:14.6964793Z Preparing to unpack .../17-libpaper1_1.1.29build1_amd64.deb ...
2025-02-18T00:52:14.6977567Z Unpacking libpaper1:amd64 (1.1.29build1) ...
2025-02-18T00:52:14.7225719Z Selecting previously unselected package libgs10:amd64.
2025-02-18T00:52:14.7361522Z Preparing to unpack .../18-libgs10_10.02.1~dfsg1-0ubuntu7.4_amd64.deb ...
2025-02-18T00:52:14.7379197Z Unpacking libgs10:amd64 (10.02.1~dfsg1-0ubuntu7.4) ...
2025-02-18T00:52:14.8644361Z Selecting previously unselected package libkpathsea6:amd64.
2025-02-18T00:52:14.8781154Z Preparing to unpack .../19-libkpathsea6_2023.20230311.66589-9build3_amd64.deb ...
2025-02-18T00:52:14.8793318Z Unpacking libkpathsea6:amd64 (2023.20230311.66589-9build3) ...
2025-02-18T00:52:14.9028115Z Selecting previously unselected package libpotrace0:amd64.
2025-02-18T00:52:14.9164471Z Preparing to unpack .../20-libpotrace0_1.16-2build1_amd64.deb ...
2025-02-18T00:52:14.9176142Z Unpacking libpotrace0:amd64 (1.16-2build1) ...
2025-02-18T00:52:14.9401223Z Selecting previously unselected package libwoff1:amd64.
2025-02-18T00:52:14.9537607Z Preparing to unpack .../21-libwoff1_1.0.2-2build1_amd64.deb ...
2025-02-18T00:52:14.9552444Z Unpacking libwoff1:amd64 (1.0.2-2build1) ...
2025-02-18T00:52:14.9806450Z Selecting previously unselected package dvisvgm.
2025-02-18T00:52:14.9943531Z Preparing to unpack .../22-dvisvgm_3.2.1+ds-1build1_amd64.deb ...
2025-02-18T00:52:14.9954533Z Unpacking dvisvgm (3.2.1+ds-1build1) ...
2025-02-18T00:52:15.0321130Z Selecting previously unselected package fonts-lmodern.
2025-02-18T00:52:15.0458597Z Preparing to unpack .../23-fonts-lmodern_2.005-1_all.deb ...
2025-02-18T00:52:15.0469461Z Unpacking fonts-lmodern (2.005-1) ...
2025-02-18T00:52:15.1266852Z Selecting previously unselected package fonts-noto-mono.
2025-02-18T00:52:15.1403691Z Preparing to unpack .../24-fonts-noto-mono_20201225-2_all.deb ...
2025-02-18T00:52:15.1413291Z Unpacking fonts-noto-mono (20201225-2) ...
2025-02-18T00:52:15.1710378Z Selecting previously unselected package fonts-texgyre.
2025-02-18T00:52:15.1847265Z Preparing to unpack .../25-fonts-texgyre_20180621-6_all.deb ...
2025-02-18T00:52:15.1857925Z Unpacking fonts-texgyre (20180621-6) ...
2025-02-18T00:52:15.2676512Z Selecting previously unselected package fonts-texgyre-math.
2025-02-18T00:52:15.2814657Z Preparing to unpack .../26-fonts-texgyre-math_20180621-6_all.deb ...
2025-02-18T00:52:15.2825455Z Unpacking fonts-texgyre-math (20180621-6) ...
2025-02-18T00:52:15.3386374Z Selecting previously unselected package ghdl-common.
2025-02-18T00:52:15.3523864Z Preparing to unpack .../27-ghdl-common_4.1.0+dfsg-0ubuntu2.1_amd64.deb ...
2025-02-18T00:52:15.3538597Z Unpacking ghdl-common (4.1.0+dfsg-0ubuntu2.1) ...
2025-02-18T00:52:15.3935384Z Selecting previously unselected package libgnat-13:amd64.
2025-02-18T00:52:15.4072278Z Preparing to unpack .../28-libgnat-13_13.3.0-6ubuntu2~24.04_amd64.deb ...
2025-02-18T00:52:15.4081647Z Unpacking libgnat-13:amd64 (13.3.0-6ubuntu2~24.04) ...
2025-02-18T00:52:15.4555453Z Selecting previously unselected package ghdl-llvm.
2025-02-18T00:52:15.4693265Z Preparing to unpack .../29-ghdl-llvm_4.1.0+dfsg-0ubuntu2.1_amd64.deb ...
2025-02-18T00:52:15.4760007Z Unpacking ghdl-llvm (4.1.0+dfsg-0ubuntu2.1) ...
2025-02-18T00:52:15.5712326Z Selecting previously unselected package libapache-pom-java.
2025-02-18T00:52:15.5856412Z Preparing to unpack .../30-libapache-pom-java_29-2_all.deb ...
2025-02-18T00:52:15.5866389Z Unpacking libapache-pom-java (29-2) ...
2025-02-18T00:52:15.6164917Z Selecting previously unselected package libxcb-shape0:amd64.
2025-02-18T00:52:15.6302342Z Preparing to unpack .../31-libxcb-shape0_1.15-1ubuntu2_amd64.deb ...
2025-02-18T00:52:15.6313302Z Unpacking libxcb-shape0:amd64 (1.15-1ubuntu2) ...
2025-02-18T00:52:15.6528596Z Selecting previously unselected package libxv1:amd64.
2025-02-18T00:52:15.6665172Z Preparing to unpack .../32-libxv1_2%3a1.0.11-1.1build1_amd64.deb ...
2025-02-18T00:52:15.6676589Z Unpacking libxv1:amd64 (2:1.0.11-1.1build1) ...
2025-02-18T00:52:15.6895932Z Selecting previously unselected package libxxf86dga1:amd64.
2025-02-18T00:52:15.7032348Z Preparing to unpack .../33-libxxf86dga1_2%3a1.1.5-1build1_amd64.deb ...
2025-02-18T00:52:15.7041087Z Unpacking libxxf86dga1:amd64 (2:1.1.5-1build1) ...
2025-02-18T00:52:15.7286155Z Selecting previously unselected package x11-utils.
2025-02-18T00:52:15.7424866Z Preparing to unpack .../34-x11-utils_7.7+6build2_amd64.deb ...
2025-02-18T00:52:15.7438795Z Unpacking x11-utils (7.7+6build2) ...
2025-02-18T00:52:15.7812610Z Selecting previously unselected package libatk-wrapper-java.
2025-02-18T00:52:15.7949706Z Preparing to unpack .../35-libatk-wrapper-java_0.40.0-3build2_all.deb ...
2025-02-18T00:52:15.7959539Z Unpacking libatk-wrapper-java (0.40.0-3build2) ...
2025-02-18T00:52:15.8193119Z Selecting previously unselected package libatk-wrapper-java-jni:amd64.
2025-02-18T00:52:15.8329215Z Preparing to unpack .../36-libatk-wrapper-java-jni_0.40.0-3build2_amd64.deb ...
2025-02-18T00:52:15.8338049Z Unpacking libatk-wrapper-java-jni:amd64 (0.40.0-3build2) ...
2025-02-18T00:52:15.8564496Z Selecting previously unselected package libcarp-clan-perl.
2025-02-18T00:52:15.8701448Z Preparing to unpack .../37-libcarp-clan-perl_6.08-2_all.deb ...
2025-02-18T00:52:15.8712910Z Unpacking libcarp-clan-perl (6.08-2) ...
2025-02-18T00:52:15.8921282Z Selecting previously unselected package libbit-vector-perl:amd64.
2025-02-18T00:52:15.9057993Z Preparing to unpack .../38-libbit-vector-perl_7.4-3build1_amd64.deb ...
2025-02-18T00:52:15.9067082Z Unpacking libbit-vector-perl:amd64 (7.4-3build1) ...
2025-02-18T00:52:15.9333195Z Selecting previously unselected package libcommons-parent-java.
2025-02-18T00:52:15.9470024Z Preparing to unpack .../39-libcommons-parent-java_56-1_all.deb ...
2025-02-18T00:52:15.9483096Z Unpacking libcommons-parent-java (56-1) ...
2025-02-18T00:52:15.9708852Z Selecting previously unselected package libcommons-logging-java.
2025-02-18T00:52:15.9851287Z Preparing to unpack .../40-libcommons-logging-java_1.3.0-1ubuntu1_all.deb ...
2025-02-18T00:52:15.9860223Z Unpacking libcommons-logging-java (1.3.0-1ubuntu1) ...
2025-02-18T00:52:16.0090677Z Selecting previously unselected package libcrypt-rc4-perl.
2025-02-18T00:52:16.0228899Z Preparing to unpack .../41-libcrypt-rc4-perl_2.02-5_all.deb ...
2025-02-18T00:52:16.0240617Z Unpacking libcrypt-rc4-perl (2.02-5) ...
2025-02-18T00:52:16.0451982Z Selecting previously unselected package libdate-calc-perl.
2025-02-18T00:52:16.0588296Z Preparing to unpack .../42-libdate-calc-perl_6.4-2_all.deb ...
2025-02-18T00:52:16.0597213Z Unpacking libdate-calc-perl (6.4-2) ...
2025-02-18T00:52:16.0871372Z Selecting previously unselected package libdate-calc-xs-perl:amd64.
2025-02-18T00:52:16.1009632Z Preparing to unpack .../43-libdate-calc-xs-perl_6.4-2build4_amd64.deb ...
2025-02-18T00:52:16.1017312Z Unpacking libdate-calc-xs-perl:amd64 (6.4-2build4) ...
2025-02-18T00:52:16.1237222Z Selecting previously unselected package libdate-manip-perl.
2025-02-18T00:52:16.1373512Z Preparing to unpack .../44-libdate-manip-perl_6.95-1_all.deb ...
2025-02-18T00:52:16.1381250Z Unpacking libdate-manip-perl (6.95-1) ...
2025-02-18T00:52:16.3461599Z Selecting previously unselected package libdigest-perl-md5-perl.
2025-02-18T00:52:16.3601448Z Preparing to unpack .../45-libdigest-perl-md5-perl_1.9-5_all.deb ...
2025-02-18T00:52:16.3610407Z Unpacking libdigest-perl-md5-perl (1.9-5) ...
2025-02-18T00:52:16.3829910Z Selecting previously unselected package libgumbo2:amd64.
2025-02-18T00:52:16.3966229Z Preparing to unpack .../46-libgumbo2_0.12.0+dfsg-2build1_amd64.deb ...
2025-02-18T00:52:16.3975746Z Unpacking libgumbo2:amd64 (0.12.0+dfsg-2build1) ...
2025-02-18T00:52:16.4201831Z Selecting previously unselected package libio-stringy-perl.
2025-02-18T00:52:16.4340044Z Preparing to unpack .../47-libio-stringy-perl_2.111-3_all.deb ...
2025-02-18T00:52:16.4349482Z Unpacking libio-stringy-perl (2.111-3) ...
2025-02-18T00:52:16.4601776Z Selecting previously unselected package libjcode-pm-perl.
2025-02-18T00:52:16.4738067Z Preparing to unpack .../48-libjcode-pm-perl_2.06-1.1build1_amd64.deb ...
2025-02-18T00:52:16.4746800Z Unpacking libjcode-pm-perl (2.06-1.1build1) ...
2025-02-18T00:52:16.4966133Z Selecting previously unselected package libmujs3:amd64.
2025-02-18T00:52:16.5102653Z Preparing to unpack .../49-libmujs3_1.3.3-3build2_amd64.deb ...
2025-02-18T00:52:16.5111563Z Unpacking libmujs3:amd64 (1.3.3-3build2) ...
2025-02-18T00:52:16.5329392Z Selecting previously unselected package libole-storage-lite-perl.
2025-02-18T00:52:16.5465479Z Preparing to unpack .../50-libole-storage-lite-perl_0.22-1_all.deb ...
2025-02-18T00:52:16.5474760Z Unpacking libole-storage-lite-perl (0.22-1) ...
2025-02-18T00:52:16.5687628Z Selecting previously unselected package libpaper-utils.
2025-02-18T00:52:16.5823497Z Preparing to unpack .../51-libpaper-utils_1.1.29build1_amd64.deb ...
2025-02-18T00:52:16.5832554Z Unpacking libpaper-utils (1.1.29build1) ...
2025-02-18T00:52:16.6041959Z Selecting previously unselected package libparse-recdescent-perl.
2025-02-18T00:52:16.6177408Z Preparing to unpack .../52-libparse-recdescent-perl_1.967015+dfsg-4_all.deb ...
2025-02-18T00:52:16.6185477Z Unpacking libparse-recdescent-perl (1.967015+dfsg-4) ...
2025-02-18T00:52:16.6525196Z Selecting previously unselected package libptexenc1:amd64.
2025-02-18T00:52:16.6662797Z Preparing to unpack .../53-libptexenc1_2023.20230311.66589-9build3_amd64.deb ...
2025-02-18T00:52:16.6672385Z Unpacking libptexenc1:amd64 (2023.20230311.66589-9build3) ...
2025-02-18T00:52:16.6900964Z Selecting previously unselected package librsvg2-2:amd64.
2025-02-18T00:52:16.7038308Z Preparing to unpack .../54-librsvg2-2_2.58.0+dfsg-1build1_amd64.deb ...
2025-02-18T00:52:16.7047353Z Unpacking librsvg2-2:amd64 (2.58.0+dfsg-1build1) ...
2025-02-18T00:52:16.7570770Z Selecting previously unselected package librsvg2-bin.
2025-02-18T00:52:16.7709103Z Preparing to unpack .../55-librsvg2-bin_2.58.0+dfsg-1build1_amd64.deb ...
2025-02-18T00:52:16.7719824Z Unpacking librsvg2-bin (2.58.0+dfsg-1build1) ...
2025-02-18T00:52:16.9231117Z Selecting previously unselected package librsvg2-common:amd64.
2025-02-18T00:52:16.9368040Z Preparing to unpack .../56-librsvg2-common_2.58.0+dfsg-1build1_amd64.deb ...
2025-02-18T00:52:16.9376354Z Unpacking librsvg2-common:amd64 (2.58.0+dfsg-1build1) ...
2025-02-18T00:52:16.9592467Z Selecting previously unselected package libspreadsheet-writeexcel-perl.
2025-02-18T00:52:16.9730227Z Preparing to unpack .../57-libspreadsheet-writeexcel-perl_2.40-4_all.deb ...
2025-02-18T00:52:16.9740000Z Unpacking libspreadsheet-writeexcel-perl (2.40-4) ...
2025-02-18T00:52:17.0267769Z Selecting previously unselected package libunicode-map-perl.
2025-02-18T00:52:17.0405421Z Preparing to unpack .../58-libunicode-map-perl_0.112-13build4_amd64.deb ...
2025-02-18T00:52:17.0414086Z Unpacking libunicode-map-perl (0.112-13build4) ...
2025-02-18T00:52:17.0800722Z Selecting previously unselected package libspreadsheet-parseexcel-perl.
2025-02-18T00:52:17.0938120Z Preparing to unpack .../59-libspreadsheet-parseexcel-perl_0.6600-1_all.deb ...
2025-02-18T00:52:17.0947419Z Unpacking libspreadsheet-parseexcel-perl (0.6600-1) ...
2025-02-18T00:52:17.1285340Z Selecting previously unselected package libsynctex2:amd64.
2025-02-18T00:52:17.1423579Z Preparing to unpack .../60-libsynctex2_2023.20230311.66589-9build3_amd64.deb ...
2025-02-18T00:52:17.1432142Z Unpacking libsynctex2:amd64 (2023.20230311.66589-9build3) ...
2025-02-18T00:52:17.1658508Z Selecting previously unselected package libteckit0:amd64.
2025-02-18T00:52:17.1797234Z Preparing to unpack .../61-libteckit0_2.5.12+ds1-1_amd64.deb ...
2025-02-18T00:52:17.1806394Z Unpacking libteckit0:amd64 (2.5.12+ds1-1) ...
2025-02-18T00:52:17.2144348Z Selecting previously unselected package libtexlua53-5:amd64.
2025-02-18T00:52:17.2283174Z Preparing to unpack .../62-libtexlua53-5_2023.20230311.66589-9build3_amd64.deb ...
2025-02-18T00:52:17.2292175Z Unpacking libtexlua53-5:amd64 (2023.20230311.66589-9build3) ...
2025-02-18T00:52:17.2525892Z Selecting previously unselected package libzzip-0-13t64:amd64.
2025-02-18T00:52:17.2664275Z Preparing to unpack .../63-libzzip-0-13t64_0.13.72+dfsg.1-1.2build1_amd64.deb ...
2025-02-18T00:52:17.2674131Z Unpacking libzzip-0-13t64:amd64 (0.13.72+dfsg.1-1.2build1) ...
2025-02-18T00:52:17.2920821Z Selecting previously unselected package lmodern.
2025-02-18T00:52:17.3058827Z Preparing to unpack .../64-lmodern_2.005-1_all.deb ...
2025-02-18T00:52:17.3068363Z Unpacking lmodern (2.005-1) ...
2025-02-18T00:52:17.5795804Z Selecting previously unselected package mupdf-tools.
2025-02-18T00:52:17.5940513Z Preparing to unpack .../65-mupdf-tools_1.23.10+ds1-1build3_amd64.deb ...
2025-02-18T00:52:17.5949064Z Unpacking mupdf-tools (1.23.10+ds1-1build3) ...
2025-02-18T00:52:18.0467900Z Selecting previously unselected package pandoc-data.
2025-02-18T00:52:18.0610981Z Preparing to unpack .../66-pandoc-data_3.1.3-1_all.deb ...
2025-02-18T00:52:18.0624029Z Unpacking pandoc-data (3.1.3-1) ...
2025-02-18T00:52:18.1153257Z Selecting previously unselected package pandoc.
2025-02-18T00:52:18.1294114Z Preparing to unpack .../67-pandoc_3.1.3+ds-2_amd64.deb ...
2025-02-18T00:52:18.1308162Z Unpacking pandoc (3.1.3+ds-2) ...
2025-02-18T00:52:18.9111163Z Selecting previously unselected package preview-latex-style.
2025-02-18T00:52:18.9251187Z Preparing to unpack .../68-preview-latex-style_13.2-1_all.deb ...
2025-02-18T00:52:18.9259821Z Unpacking preview-latex-style (13.2-1) ...
2025-02-18T00:52:18.9511832Z Selecting previously unselected package t1utils.
2025-02-18T00:52:18.9650759Z Preparing to unpack .../69-t1utils_1.41-4build3_amd64.deb ...
2025-02-18T00:52:18.9663056Z Unpacking t1utils (1.41-4build3) ...
2025-02-18T00:52:18.9912170Z Selecting previously unselected package teckit.
2025-02-18T00:52:19.0050686Z Preparing to unpack .../70-teckit_2.5.12+ds1-1_amd64.deb ...
2025-02-18T00:52:19.0059487Z Unpacking teckit (2.5.12+ds1-1) ...
2025-02-18T00:52:19.0680650Z Selecting previously unselected package tex-gyre.
2025-02-18T00:52:19.0820394Z Preparing to unpack .../71-tex-gyre_20180621-6_all.deb ...
2025-02-18T00:52:19.0831006Z Unpacking tex-gyre (20180621-6) ...
2025-02-18T00:52:19.2926308Z Selecting previously unselected package texlive-binaries.
2025-02-18T00:52:19.3069445Z Preparing to unpack .../72-texlive-binaries_2023.20230311.66589-9build3_amd64.deb ...
2025-02-18T00:52:19.3137674Z Unpacking texlive-binaries (2023.20230311.66589-9build3) ...
2025-02-18T00:52:19.5120412Z Selecting previously unselected package texlive-base.
2025-02-18T00:52:19.5259733Z Preparing to unpack .../73-texlive-base_2023.20240207-1_all.deb ...
2025-02-18T00:52:19.5269655Z Unpacking texlive-base (2023.20240207-1) ...
2025-02-18T00:52:20.7914985Z Selecting previously unselected package texlive-fonts-recommended.
2025-02-18T00:52:20.8070177Z Preparing to unpack .../74-texlive-fonts-recommended_2023.20240207-1_all.deb ...
2025-02-18T00:52:20.8078875Z Unpacking texlive-fonts-recommended (2023.20240207-1) ...
2025-02-18T00:52:21.2991382Z Selecting previously unselected package texlive-latex-base.
2025-02-18T00:52:21.3141832Z Preparing to unpack .../75-texlive-latex-base_2023.20240207-1_all.deb ...
2025-02-18T00:52:21.3150844Z Unpacking texlive-latex-base (2023.20240207-1) ...
2025-02-18T00:52:21.7048161Z Selecting previously unselected package libfontbox-java.
2025-02-18T00:52:21.7199510Z Preparing to unpack .../76-libfontbox-java_1%3a1.8.16-5_all.deb ...
2025-02-18T00:52:21.7213325Z Unpacking libfontbox-java (1:1.8.16-5) ...
2025-02-18T00:52:21.7476558Z Selecting previously unselected package libpdfbox-java.
2025-02-18T00:52:21.7619175Z Preparing to unpack .../77-libpdfbox-java_1%3a1.8.16-5_all.deb ...
2025-02-18T00:52:21.7631591Z Unpacking libpdfbox-java (1:1.8.16-5) ...
2025-02-18T00:52:21.8124337Z Selecting previously unselected package texlive-latex-recommended.
2025-02-18T00:52:21.8269278Z Preparing to unpack .../78-texlive-latex-recommended_2023.20240207-1_all.deb ...
2025-02-18T00:52:21.8281346Z Unpacking texlive-latex-recommended (2023.20240207-1) ...
2025-02-18T00:52:22.5490211Z Selecting previously unselected package texlive-pictures.
2025-02-18T00:52:22.5642846Z Preparing to unpack .../79-texlive-pictures_2023.20240207-1_all.deb ...
2025-02-18T00:52:22.5654738Z Unpacking texlive-pictures (2023.20240207-1) ...
2025-02-18T00:52:24.0756297Z Selecting previously unselected package texlive-latex-extra.
2025-02-18T00:52:24.0925232Z Preparing to unpack .../80-texlive-latex-extra_2023.20240207-1_all.deb ...
2025-02-18T00:52:24.0935462Z Unpacking texlive-latex-extra (2023.20240207-1) ...
2025-02-18T00:52:25.5035556Z Selecting previously unselected package texlive-plain-generic.
2025-02-18T00:52:25.5212702Z Preparing to unpack .../81-texlive-plain-generic_2023.20240207-1_all.deb ...
2025-02-18T00:52:25.5227614Z Unpacking texlive-plain-generic (2023.20240207-1) ...
2025-02-18T00:52:28.2091504Z Selecting previously unselected package tipa.
2025-02-18T00:52:28.2296007Z Preparing to unpack .../82-tipa_2%3a1.3-21_all.deb ...
2025-02-18T00:52:28.2369115Z Unpacking tipa (2:1.3-21) ...
2025-02-18T00:52:28.4503039Z Selecting previously unselected package texlive-xetex.
2025-02-18T00:52:28.4664218Z Preparing to unpack .../83-texlive-xetex_2023.20240207-1_all.deb ...
2025-02-18T00:52:28.4677365Z Unpacking texlive-xetex (2023.20240207-1) ...
2025-02-18T00:52:29.0472123Z Setting up libjcode-pm-perl (2.06-1.1build1) ...
2025-02-18T00:52:29.0502868Z Setting up libpaper1:amd64 (1.1.29build1) ...
2025-02-18T00:52:29.2349168Z 
2025-02-18T00:52:29.2349739Z Creating config file /etc/papersize with new version
2025-02-18T00:52:29.3029875Z Setting up ghdl-common (4.1.0+dfsg-0ubuntu2.1) ...
2025-02-18T00:52:29.3050956Z Setting up fonts-noto-mono (20201225-2) ...
2025-02-18T00:52:29.3079702Z Setting up fonts-texgyre-math (20180621-6) ...
2025-02-18T00:52:29.3110289Z Setting up libwoff1:amd64 (1.0.2-2build1) ...
2025-02-18T00:52:29.3133353Z Setting up libmujs3:amd64 (1.3.3-3build2) ...
2025-02-18T00:52:29.3155141Z Setting up libio-stringy-perl (2.111-3) ...
2025-02-18T00:52:29.3195759Z Setting up libijs-0.35:amd64 (0.35-15.1build1) ...
2025-02-18T00:52:29.3218158Z Setting up preview-latex-style (13.2-1) ...
2025-02-18T00:52:29.3358492Z Setting up libgs-common (10.02.1~dfsg1-0ubuntu7.4) ...
2025-02-18T00:52:29.3380411Z Setting up libfontbox-java (1:1.8.16-5) ...
2025-02-18T00:52:29.3402753Z Setting up libxcb-shape0:amd64 (1.15-1ubuntu2) ...
2025-02-18T00:52:29.3427406Z Setting up libxxf86dga1:amd64 (2:1.1.5-1build1) ...
2025-02-18T00:52:29.3454465Z Setting up libpaper-utils (1.1.29build1) ...
2025-02-18T00:52:29.3481332Z Setting up poppler-data (0.4.12-1) ...
2025-02-18T00:52:29.3563547Z Setting up librsvg2-2:amd64 (2.58.0+dfsg-1build1) ...
2025-02-18T00:52:29.3595092Z Setting up libdigest-perl-md5-perl (1.9-5) ...
2025-02-18T00:52:29.3616298Z Setting up libunicode-map-perl (0.112-13build4) ...
2025-02-18T00:52:29.3644325Z Setting up libzzip-0-13t64:amd64 (0.13.72+dfsg.1-1.2build1) ...
2025-02-18T00:52:29.3671351Z Setting up libjbig2dec0:amd64 (0.20-1build3) ...
2025-02-18T00:52:29.3694553Z Setting up libgumbo2:amd64 (0.12.0+dfsg-2build1) ...
2025-02-18T00:52:29.3714806Z Setting up libteckit0:amd64 (2.5.12+ds1-1) ...
2025-02-18T00:52:29.3738360Z Setting up libapache-pom-java (29-2) ...
2025-02-18T00:52:29.3759595Z Setting up xfonts-encodings (1:1.0.5-0ubuntu2) ...
2025-02-18T00:52:29.3799886Z Setting up t1utils (1.41-4build3) ...
2025-02-18T00:52:29.3823794Z Setting up libtexlua53-5:amd64 (2023.20230311.66589-9build3) ...
2025-02-18T00:52:29.3846553Z Setting up libcrypt-rc4-perl (2.02-5) ...
2025-02-18T00:52:29.3869548Z Setting up libxv1:amd64 (2:1.0.11-1.1build1) ...
2025-02-18T00:52:29.3892849Z Setting up libidn12:amd64 (1.42-1build1) ...
2025-02-18T00:52:29.3915075Z Setting up libpcsclite1:amd64 (2.0.3-1build1) ...
2025-02-18T00:52:29.3941116Z Setting up fonts-texgyre (20180621-6) ...
2025-02-18T00:52:29.3998703Z Setting up librsvg2-common:amd64 (2.58.0+dfsg-1build1) ...
2025-02-18T00:52:29.4054488Z Setting up libgnat-13:amd64 (13.3.0-6ubuntu2~24.04) ...
2025-02-18T00:52:29.4077881Z Setting up libkpathsea6:amd64 (2023.20230311.66589-9build3) ...
2025-02-18T00:52:29.4101476Z Setting up libole-storage-lite-perl (0.22-1) ...
2025-02-18T00:52:29.4123751Z Setting up libgif7:amd64 (5.2.2-1ubuntu1) ...
2025-02-18T00:52:29.4148997Z Setting up libparse-recdescent-perl (1.967015+dfsg-4) ...
2025-02-18T00:52:29.4171981Z Setting up x11-utils (7.7+6build2) ...
2025-02-18T00:52:29.4271719Z Setting up fonts-lmodern (2.005-1) ...
2025-02-18T00:52:29.4324038Z Setting up libcarp-clan-perl (6.08-2) ...
2025-02-18T00:52:29.4348771Z Setting up fonts-droid-fallback (1:6.0.1r16-1.1build1) ...
2025-02-18T00:52:29.4561960Z Setting up libatk-wrapper-java (0.40.0-3build2) ...
2025-02-18T00:52:29.4584632Z Setting up pandoc-data (3.1.3-1) ...
2025-02-18T00:52:29.4606865Z Setting up ca-certificates-java (20240118) ...
2025-02-18T00:52:31.6182468Z Adding debian:ACCVRAIZ1.pem
2025-02-18T00:52:31.6208092Z Adding debian:AC_RAIZ_FNMT-RCM.pem
2025-02-18T00:52:31.6876406Z Adding debian:AC_RAIZ_FNMT-RCM_SERVIDORES_SEGUROS.pem
2025-02-18T00:52:31.6901405Z Adding debian:ANF_Secure_Server_Root_CA.pem
2025-02-18T00:52:31.6924964Z Adding debian:Actalis_Authentication_Root_CA.pem
2025-02-18T00:52:31.6939141Z Adding debian:AffirmTrust_Commercial.pem
2025-02-18T00:52:31.6954640Z Adding debian:AffirmTrust_Networking.pem
2025-02-18T00:52:31.6976382Z Adding debian:AffirmTrust_Premium.pem
2025-02-18T00:52:31.6989113Z Adding debian:AffirmTrust_Premium_ECC.pem
2025-02-18T00:52:31.7003548Z Adding debian:Amazon_Root_CA_1.pem
2025-02-18T00:52:31.7025794Z Adding debian:Amazon_Root_CA_2.pem
2025-02-18T00:52:31.7036933Z Adding debian:Amazon_Root_CA_3.pem
2025-02-18T00:52:31.7051013Z Adding debian:Amazon_Root_CA_4.pem
2025-02-18T00:52:31.7068622Z Adding debian:Atos_TrustedRoot_2011.pem
2025-02-18T00:52:31.7082729Z Adding debian:Atos_TrustedRoot_Root_CA_ECC_TLS_2021.pem
2025-02-18T00:52:31.7254936Z Adding debian:Atos_TrustedRoot_Root_CA_RSA_TLS_2021.pem
2025-02-18T00:52:31.7283127Z Adding debian:Autoridad_de_Certificacion_Firmaprofesional_CIF_A62634068.pem
2025-02-18T00:52:31.7306287Z Adding debian:BJCA_Global_Root_CA1.pem
2025-02-18T00:52:31.7317946Z Adding debian:BJCA_Global_Root_CA2.pem
2025-02-18T00:52:31.7334595Z Adding debian:Baltimore_CyberTrust_Root.pem
2025-02-18T00:52:31.7356315Z Adding debian:Buypass_Class_2_Root_CA.pem
2025-02-18T00:52:31.7381015Z Adding debian:Buypass_Class_3_Root_CA.pem
2025-02-18T00:52:31.7404285Z Adding debian:CA_Disig_Root_R2.pem
2025-02-18T00:52:31.7425799Z Adding debian:CFCA_EV_ROOT.pem
2025-02-18T00:52:31.7444118Z Adding debian:COMODO_Certification_Authority.pem
2025-02-18T00:52:31.7456400Z Adding debian:COMODO_ECC_Certification_Authority.pem
2025-02-18T00:52:31.7477773Z Adding debian:COMODO_RSA_Certification_Authority.pem
2025-02-18T00:52:31.7487097Z Adding debian:Certainly_Root_E1.pem
2025-02-18T00:52:31.7506219Z Adding debian:Certainly_Root_R1.pem
2025-02-18T00:52:31.7727539Z Adding debian:Certigna.pem
2025-02-18T00:52:31.7754330Z Adding debian:Certigna_Root_CA.pem
2025-02-18T00:52:31.7765967Z Adding debian:Certum_EC-384_CA.pem
2025-02-18T00:52:31.7786187Z Adding debian:Certum_Trusted_Network_CA.pem
2025-02-18T00:52:31.7808632Z Adding debian:Certum_Trusted_Network_CA_2.pem
2025-02-18T00:52:31.7832179Z Adding debian:Certum_Trusted_Root_CA.pem
2025-02-18T00:52:31.7843643Z Adding debian:CommScope_Public_Trust_ECC_Root-01.pem
2025-02-18T00:52:31.7864828Z Adding debian:CommScope_Public_Trust_ECC_Root-02.pem
2025-02-18T00:52:31.7883486Z Adding debian:CommScope_Public_Trust_RSA_Root-01.pem
2025-02-18T00:52:31.7905703Z Adding debian:CommScope_Public_Trust_RSA_Root-02.pem
2025-02-18T00:52:31.7923346Z Adding debian:Comodo_AAA_Services_root.pem
2025-02-18T00:52:31.7937316Z Adding debian:D-TRUST_BR_Root_CA_1_2020.pem
2025-02-18T00:52:31.7950999Z Adding debian:D-TRUST_EV_Root_CA_1_2020.pem
2025-02-18T00:52:31.7968458Z Adding debian:D-TRUST_Root_Class_3_CA_2_2009.pem
2025-02-18T00:52:31.7986364Z Adding debian:D-TRUST_Root_Class_3_CA_2_EV_2009.pem
2025-02-18T00:52:31.8000322Z Adding debian:DigiCert_Assured_ID_Root_CA.pem
2025-02-18T00:52:31.8013498Z Adding debian:DigiCert_Assured_ID_Root_G2.pem
2025-02-18T00:52:31.8023445Z Adding debian:DigiCert_Assured_ID_Root_G3.pem
2025-02-18T00:52:31.8037182Z Adding debian:DigiCert_Global_Root_CA.pem
2025-02-18T00:52:31.8050437Z Adding debian:DigiCert_Global_Root_G2.pem
2025-02-18T00:52:31.8061679Z Adding debian:DigiCert_Global_Root_G3.pem
2025-02-18T00:52:31.8078368Z Adding debian:DigiCert_High_Assurance_EV_Root_CA.pem
2025-02-18T00:52:31.8087532Z Adding debian:DigiCert_TLS_ECC_P384_Root_G5.pem
2025-02-18T00:52:31.8106248Z Adding debian:DigiCert_TLS_RSA4096_Root_G5.pem
2025-02-18T00:52:31.8125526Z Adding debian:DigiCert_Trusted_Root_G4.pem
2025-02-18T00:52:31.8141931Z Adding debian:Entrust.net_Premium_2048_Secure_Server_CA.pem
2025-02-18T00:52:31.8208520Z Adding debian:Entrust_Root_Certification_Authority.pem
2025-02-18T00:52:31.8220572Z Adding debian:Entrust_Root_Certification_Authority_-_EC1.pem
2025-02-18T00:52:31.8235958Z Adding debian:Entrust_Root_Certification_Authority_-_G2.pem
2025-02-18T00:52:31.8258033Z Adding debian:Entrust_Root_Certification_Authority_-_G4.pem
2025-02-18T00:52:31.8277083Z Adding debian:GDCA_TrustAUTH_R5_ROOT.pem
2025-02-18T00:52:31.8296818Z Adding debian:GLOBALTRUST_2020.pem
2025-02-18T00:52:31.8315322Z Adding debian:GTS_Root_R1.pem
2025-02-18T00:52:31.8340871Z Adding debian:GTS_Root_R2.pem
2025-02-18T00:52:31.8352341Z Adding debian:GTS_Root_R3.pem
2025-02-18T00:52:31.8364132Z Adding debian:GTS_Root_R4.pem
2025-02-18T00:52:31.8377133Z Adding debian:GlobalSign_ECC_Root_CA_-_R4.pem
2025-02-18T00:52:31.8386968Z Adding debian:GlobalSign_ECC_Root_CA_-_R5.pem
2025-02-18T00:52:31.8400549Z Adding debian:GlobalSign_Root_CA.pem
2025-02-18T00:52:31.8413677Z Adding debian:GlobalSign_Root_CA_-_R3.pem
2025-02-18T00:52:31.8438302Z Adding debian:GlobalSign_Root_CA_-_R6.pem
2025-02-18T00:52:31.8450671Z Adding debian:GlobalSign_Root_E46.pem
2025-02-18T00:52:31.8475742Z Adding debian:GlobalSign_Root_R46.pem
2025-02-18T00:52:31.8495236Z Adding debian:Go_Daddy_Class_2_CA.pem
2025-02-18T00:52:31.8515664Z Adding debian:Go_Daddy_Root_Certificate_Authority_-_G2.pem
2025-02-18T00:52:31.8546874Z Adding debian:HARICA_TLS_ECC_Root_CA_2021.pem
2025-02-18T00:52:31.8555761Z Adding debian:HARICA_TLS_RSA_Root_CA_2021.pem
2025-02-18T00:52:31.8569785Z Adding debian:Hellenic_Academic_and_Research_Institutions_ECC_RootCA_2015.pem
2025-02-18T00:52:31.8597167Z Adding debian:Hellenic_Academic_and_Research_Institutions_RootCA_2015.pem
2025-02-18T00:52:31.8621113Z Adding debian:HiPKI_Root_CA_-_G1.pem
2025-02-18T00:52:31.8646937Z Adding debian:Hongkong_Post_Root_CA_3.pem
2025-02-18T00:52:31.8671028Z Adding debian:ISRG_Root_X1.pem
2025-02-18T00:52:31.8682627Z Adding debian:ISRG_Root_X2.pem
2025-02-18T00:52:31.8706491Z Adding debian:IdenTrust_Commercial_Root_CA_1.pem
2025-02-18T00:52:31.8731061Z Adding debian:IdenTrust_Public_Sector_Root_CA_1.pem
2025-02-18T00:52:31.8757787Z Adding debian:Izenpe.com.pem
2025-02-18T00:52:31.8777827Z Adding debian:Microsec_e-Szigno_Root_CA_2009.pem
2025-02-18T00:52:31.8789699Z Adding debian:Microsoft_ECC_Root_Certificate_Authority_2017.pem
2025-02-18T00:52:31.8809381Z Adding debian:Microsoft_RSA_Root_Certificate_Authority_2017.pem
2025-02-18T00:52:31.8834879Z Adding debian:NAVER_Global_Root_Certification_Authority.pem
2025-02-18T00:52:31.8868139Z Adding debian:NetLock_Arany_=Class_Gold=_Főtanúsítvány.pem
2025-02-18T00:52:31.8883390Z Adding debian:OISTE_WISeKey_Global_Root_GB_CA.pem
2025-02-18T00:52:31.8898748Z Adding debian:OISTE_WISeKey_Global_Root_GC_CA.pem
2025-02-18T00:52:31.8919087Z Adding debian:QuoVadis_Root_CA_1_G3.pem
2025-02-18T00:52:31.8938489Z Adding debian:QuoVadis_Root_CA_2.pem
2025-02-18T00:52:31.8957922Z Adding debian:QuoVadis_Root_CA_2_G3.pem
2025-02-18T00:52:31.8980575Z Adding debian:QuoVadis_Root_CA_3.pem
2025-02-18T00:52:31.9000085Z Adding debian:QuoVadis_Root_CA_3_G3.pem
2025-02-18T00:52:31.9011331Z Adding debian:SSL.com_EV_Root_Certification_Authority_ECC.pem
2025-02-18T00:52:31.9031874Z Adding debian:SSL.com_EV_Root_Certification_Authority_RSA_R2.pem
2025-02-18T00:52:31.9043258Z Adding debian:SSL.com_Root_Certification_Authority_ECC.pem
2025-02-18T00:52:31.9062499Z Adding debian:SSL.com_Root_Certification_Authority_RSA.pem
2025-02-18T00:52:31.9071723Z Adding debian:SSL.com_TLS_ECC_Root_CA_2022.pem
2025-02-18T00:52:31.9090422Z Adding debian:SSL.com_TLS_RSA_Root_CA_2022.pem
2025-02-18T00:52:31.9103475Z Adding debian:SZAFIR_ROOT_CA2.pem
2025-02-18T00:52:31.9113318Z Adding debian:Sectigo_Public_Server_Authentication_Root_E46.pem
2025-02-18T00:52:31.9132824Z Adding debian:Sectigo_Public_Server_Authentication_Root_R46.pem
2025-02-18T00:52:31.9145463Z Adding debian:SecureSign_RootCA11.pem
2025-02-18T00:52:31.9160410Z Adding debian:SecureTrust_CA.pem
2025-02-18T00:52:31.9174733Z Adding debian:Secure_Global_CA.pem
2025-02-18T00:52:31.9184429Z Adding debian:Security_Communication_ECC_RootCA1.pem
2025-02-18T00:52:31.9198023Z Adding debian:Security_Communication_RootCA2.pem
2025-02-18T00:52:31.9217693Z Adding debian:Security_Communication_RootCA3.pem
2025-02-18T00:52:31.9230218Z Adding debian:Security_Communication_Root_CA.pem
2025-02-18T00:52:31.9244835Z Adding debian:Starfield_Class_2_CA.pem
2025-02-18T00:52:31.9258667Z Adding debian:Starfield_Root_Certificate_Authority_-_G2.pem
2025-02-18T00:52:31.9273328Z Adding debian:Starfield_Services_Root_Certificate_Authority_-_G2.pem
2025-02-18T00:52:31.9292748Z Adding debian:SwissSign_Gold_CA_-_G2.pem
2025-02-18T00:52:31.9311790Z Adding debian:SwissSign_Silver_CA_-_G2.pem
2025-02-18T00:52:31.9325331Z Adding debian:T-TeleSec_GlobalRoot_Class_2.pem
2025-02-18T00:52:31.9339011Z Adding debian:T-TeleSec_GlobalRoot_Class_3.pem
2025-02-18T00:52:31.9354459Z Adding debian:TUBITAK_Kamu_SM_SSL_Kok_Sertifikasi_-_Surum_1.pem
2025-02-18T00:52:31.9370839Z Adding debian:TWCA_Global_Root_CA.pem
2025-02-18T00:52:31.9382227Z Adding debian:TWCA_Root_Certification_Authority.pem
2025-02-18T00:52:31.9397765Z Adding debian:TeliaSonera_Root_CA_v1.pem
2025-02-18T00:52:31.9414832Z Adding debian:Telia_Root_CA_v2.pem
2025-02-18T00:52:31.9432756Z Adding debian:TrustAsia_Global_Root_CA_G3.pem
2025-02-18T00:52:31.9443376Z Adding debian:TrustAsia_Global_Root_CA_G4.pem
2025-02-18T00:52:31.9462612Z Adding debian:Trustwave_Global_Certification_Authority.pem
2025-02-18T00:52:31.9471959Z Adding debian:Trustwave_Global_ECC_P256_Certification_Authority.pem
2025-02-18T00:52:31.9481796Z Adding debian:Trustwave_Global_ECC_P384_Certification_Authority.pem
2025-02-18T00:52:31.9499302Z Adding debian:TunTrust_Root_CA.pem
2025-02-18T00:52:31.9515068Z Adding debian:UCA_Extended_Validation_Root.pem
2025-02-18T00:52:31.9530710Z Adding debian:UCA_Global_G2_Root.pem
2025-02-18T00:52:31.9540343Z Adding debian:USERTrust_ECC_Certification_Authority.pem
2025-02-18T00:52:31.9559684Z Adding debian:USERTrust_RSA_Certification_Authority.pem
2025-02-18T00:52:31.9573514Z Adding debian:XRamp_Global_CA_Root.pem
2025-02-18T00:52:31.9584999Z Adding debian:certSIGN_ROOT_CA.pem
2025-02-18T00:52:31.9601732Z Adding debian:certSIGN_Root_CA_G2.pem
2025-02-18T00:52:31.9610500Z Adding debian:e-Szigno_Root_CA_2017.pem
2025-02-18T00:52:31.9627470Z Adding debian:ePKI_Root_Certification_Authority.pem
2025-02-18T00:52:31.9635758Z Adding debian:emSign_ECC_Root_CA_-_C3.pem
2025-02-18T00:52:31.9643976Z Adding debian:emSign_ECC_Root_CA_-_G3.pem
2025-02-18T00:52:31.9655053Z Adding debian:emSign_Root_CA_-_C1.pem
2025-02-18T00:52:31.9666369Z Adding debian:emSign_Root_CA_-_G1.pem
2025-02-18T00:52:31.9674720Z Adding debian:vTrus_ECC_Root_CA.pem
2025-02-18T00:52:31.9690307Z Adding debian:vTrus_Root_CA.pem
2025-02-18T00:52:32.0682690Z done.
2025-02-18T00:52:32.0717236Z Setting up libdate-manip-perl (6.95-1) ...
2025-02-18T00:52:32.0753772Z Setting up libsynctex2:amd64 (2023.20230311.66589-9build3) ...
2025-02-18T00:52:32.0783068Z Setting up libpotrace0:amd64 (1.16-2build1) ...
2025-02-18T00:52:32.0817902Z Setting up teckit (2.5.12+ds1-1) ...
2025-02-18T00:52:32.0847031Z Setting up librsvg2-bin (2.58.0+dfsg-1build1) ...
2025-02-18T00:52:32.0885463Z Setting up libpdfbox-java (1:1.8.16-5) ...
2025-02-18T00:52:32.0984792Z Setting up openjdk-21-jre-headless:amd64 (21.0.6+7-1~24.04.1) ...
2025-02-18T00:52:32.1660289Z Setting up libcommons-parent-java (56-1) ...
2025-02-18T00:52:32.1692541Z Setting up libcommons-logging-java (1.3.0-1ubuntu1) ...
2025-02-18T00:52:32.1723726Z Setting up xfonts-utils (1:7.7+6build3) ...
2025-02-18T00:52:32.1777007Z Setting up mupdf-tools (1.23.10+ds1-1build3) ...
2025-02-18T00:52:32.1806902Z Setting up ghdl-llvm (4.1.0+dfsg-0ubuntu2.1) ...
2025-02-18T00:52:32.1884292Z Setting up libspreadsheet-writeexcel-perl (2.40-4) ...
2025-02-18T00:52:32.1912311Z Setting up libatk-wrapper-java-jni:amd64 (0.40.0-3build2) ...
2025-02-18T00:52:32.1943026Z Setting up libbit-vector-perl:amd64 (7.4-3build1) ...
2025-02-18T00:52:32.1981896Z Setting up libptexenc1:amd64 (2023.20230311.66589-9build3) ...
2025-02-18T00:52:32.2008577Z Setting up pandoc (3.1.3+ds-2) ...
2025-02-18T00:52:32.2038882Z Setting up libspreadsheet-parseexcel-perl (0.6600-1) ...
2025-02-18T00:52:32.2075643Z Setting up texlive-binaries (2023.20230311.66589-9build3) ...
2025-02-18T00:52:32.2142524Z update-alternatives: using /usr/bin/xdvi-xaw to provide /usr/bin/xdvi.bin (xdvi.bin) in auto mode
2025-02-18T00:52:32.2190924Z update-alternatives: using /usr/bin/bibtex.original to provide /usr/bin/bibtex (bibtex) in auto mode
2025-02-18T00:52:32.2315673Z Setting up lmodern (2.005-1) ...
2025-02-18T00:52:32.4122797Z Setting up texlive-base (2023.20240207-1) ...
2025-02-18T00:52:33.2432996Z tl-paper: setting paper size for dvips to a4: /var/lib/texmf/dvips/config/config-paper.ps
2025-02-18T00:52:33.4457208Z tl-paper: setting paper size for dvipdfmx to a4: /var/lib/texmf/dvipdfmx/dvipdfmx-paper.cfg
2025-02-18T00:52:33.6477618Z tl-paper: setting paper size for xdvi to a4: /var/lib/texmf/xdvi/XDvi-paper
2025-02-18T00:52:33.8561381Z tl-paper: setting paper size for pdftex to a4: /var/lib/texmf/tex/generic/tex-ini-files/pdftexconfig.tex
2025-02-18T00:52:34.3301575Z Setting up tex-gyre (20180621-6) ...
2025-02-18T00:52:34.4927235Z Setting up libdate-calc-perl (6.4-2) ...
2025-02-18T00:52:34.4957060Z Setting up libdate-calc-xs-perl:amd64 (6.4-2build4) ...
2025-02-18T00:52:34.4998478Z Setting up texlive-plain-generic (2023.20240207-1) ...
2025-02-18T00:52:34.5041224Z Setting up fonts-urw-base35 (20200910-8) ...
2025-02-18T00:52:34.7314274Z Setting up texlive-latex-base (2023.20240207-1) ...
2025-02-18T00:52:34.7512536Z Setting up texlive-latex-recommended (2023.20240207-1) ...
2025-02-18T00:52:34.7559662Z Setting up texlive-pictures (2023.20240207-1) ...
2025-02-18T00:52:34.7638464Z Setting up texlive-fonts-recommended (2023.20240207-1) ...
2025-02-18T00:52:34.7707897Z Setting up tipa (2:1.3-21) ...
2025-02-18T00:52:34.7833590Z Setting up libgs10-common (10.02.1~dfsg1-0ubuntu7.4) ...
2025-02-18T00:52:34.7883850Z Setting up texlive-latex-extra (2023.20240207-1) ...
2025-02-18T00:52:34.7971727Z Setting up texlive-xetex (2023.20240207-1) ...
2025-02-18T00:52:34.8039864Z Setting up libgs10:amd64 (10.02.1~dfsg1-0ubuntu7.4) ...
2025-02-18T00:52:34.8066507Z Setting up dvisvgm (3.2.1+ds-1build1) ...
2025-02-18T00:52:34.8159032Z Processing triggers for libgdk-pixbuf-2.0-0:amd64 (2.42.10+dfsg-3ubuntu3.1) ...
2025-02-18T00:52:35.1634790Z Processing triggers for install-info (7.1-3build2) ...
2025-02-18T00:52:35.3982728Z Processing triggers for fontconfig (2.15.0-1.1ubuntu2) ...
2025-02-18T00:52:35.8703255Z Processing triggers for hicolor-icon-theme (0.17-2) ...
2025-02-18T00:52:35.9348091Z Processing triggers for libc-bin (2.39-0ubuntu8.4) ...
2025-02-18T00:52:35.9671422Z Processing triggers for man-db (2.12.0-4build2) ...
2025-02-18T00:52:44.3685899Z Processing triggers for tex-common (6.18) ...
2025-02-18T00:52:44.5868566Z Running mktexlsr. This may take some time... done.
2025-02-18T00:52:45.0439555Z Running updmap-sys. This may take some time... done.
2025-02-18T00:52:45.0696884Z Running mktexlsr /var/lib/texmf ... done.
2025-02-18T00:52:45.1435142Z Building format(s) --all.
2025-02-18T00:53:37.5420048Z 	This may take some time... done.
2025-02-18T00:53:37.5551477Z Processing triggers for ca-certificates-java (20240118) ...
2025-02-18T00:53:37.5883595Z done.
2025-02-18T00:53:37.5921467Z Setting up default-jre-headless (2:1.21-75+exp1) ...
2025-02-18T00:53:37.5983960Z Setting up openjdk-21-jre:amd64 (21.0.6+7-1~24.04.1) ...
2025-02-18T00:53:37.6046227Z Setting up default-jre (2:1.21-75+exp1) ...
2025-02-18T00:53:38.2320938Z 
2025-02-18T00:53:38.2323330Z Running kernel seems to be up-to-date.
2025-02-18T00:53:38.2323725Z 
2025-02-18T00:53:38.2323881Z No services need to be restarted.
2025-02-18T00:53:38.2324157Z 
2025-02-18T00:53:38.2324298Z No containers need to be restarted.
2025-02-18T00:53:38.2324475Z 
2025-02-18T00:53:38.2324603Z No user sessions are running outdated binaries.
2025-02-18T00:53:38.2324835Z 
2025-02-18T00:53:38.2325038Z No VM guests are running outdated hypervisor (qemu) binaries on this host.
2025-02-18T00:53:39.1023816Z ##[group]Run ./tt/tt_tool.py --check-docs
2025-02-18T00:53:39.1024145Z [36;1m./tt/tt_tool.py --check-docs[0m
2025-02-18T00:53:39.1085797Z shell: /usr/bin/bash --noprofile --norc -e -o pipefail {0}
2025-02-18T00:53:39.1086130Z env:
2025-02-18T00:53:39.1086383Z   pythonLocation: /opt/hostedtoolcache/Python/3.11.11/x64
2025-02-18T00:53:39.1087124Z   PKG_CONFIG_PATH: /opt/hostedtoolcache/Python/3.11.11/x64/lib/pkgconfig
2025-02-18T00:53:39.1087538Z   Python_ROOT_DIR: /opt/hostedtoolcache/Python/3.11.11/x64
2025-02-18T00:53:39.1087941Z   Python2_ROOT_DIR: /opt/hostedtoolcache/Python/3.11.11/x64
2025-02-18T00:53:39.1088569Z   Python3_ROOT_DIR: /opt/hostedtoolcache/Python/3.11.11/x64
2025-02-18T00:53:39.1088931Z   LD_LIBRARY_PATH: /opt/hostedtoolcache/Python/3.11.11/x64/lib
2025-02-18T00:53:39.1089233Z ##[endgroup]
2025-02-18T00:53:39.9965075Z ##[group]Run ./tt/tt_tool.py --create-pdf
2025-02-18T00:53:39.9965679Z [36;1m./tt/tt_tool.py --create-pdf[0m
2025-02-18T00:53:40.0051936Z shell: /usr/bin/bash --noprofile --norc -e -o pipefail {0}
2025-02-18T00:53:40.0052504Z env:
2025-02-18T00:53:40.0052925Z   pythonLocation: /opt/hostedtoolcache/Python/3.11.11/x64
2025-02-18T00:53:40.0053669Z   PKG_CONFIG_PATH: /opt/hostedtoolcache/Python/3.11.11/x64/lib/pkgconfig
2025-02-18T00:53:40.0054377Z   Python_ROOT_DIR: /opt/hostedtoolcache/Python/3.11.11/x64
2025-02-18T00:53:40.0055011Z   Python2_ROOT_DIR: /opt/hostedtoolcache/Python/3.11.11/x64
2025-02-18T00:53:40.0055651Z   Python3_ROOT_DIR: /opt/hostedtoolcache/Python/3.11.11/x64
2025-02-18T00:53:40.0056324Z   LD_LIBRARY_PATH: /opt/hostedtoolcache/Python/3.11.11/x64/lib
2025-02-18T00:53:40.0057088Z ##[endgroup]
2025-02-18T00:53:40.5487269Z 2025-02-18 00:53:40,548 - project    - INFO     - Creating PDF
2025-02-18T00:53:40.5492424Z 2025-02-18 00:53:40,549 - project    - INFO     - pandoc --pdf-engine=xelatex --resource-path=docs -i datasheet.md -o datasheet.pdf --from gfm+raw_attribute+smart+attributes
2025-02-18T00:53:43.7652115Z ##[group]Run actions/upload-artifact@v4
2025-02-18T00:53:43.7652377Z with:
2025-02-18T00:53:43.7652547Z   name: PDF
2025-02-18T00:53:43.7652735Z   path: datasheet.pdf
2025-02-18T00:53:43.7652949Z   if-no-files-found: warn
2025-02-18T00:53:43.7653168Z   compression-level: 6
2025-02-18T00:53:43.7653365Z   overwrite: false
2025-02-18T00:53:43.7653574Z   include-hidden-files: false
2025-02-18T00:53:43.7653793Z env:
2025-02-18T00:53:43.7654034Z   pythonLocation: /opt/hostedtoolcache/Python/3.11.11/x64
2025-02-18T00:53:43.7654663Z   PKG_CONFIG_PATH: /opt/hostedtoolcache/Python/3.11.11/x64/lib/pkgconfig
2025-02-18T00:53:43.7655067Z   Python_ROOT_DIR: /opt/hostedtoolcache/Python/3.11.11/x64
2025-02-18T00:53:43.7655428Z   Python2_ROOT_DIR: /opt/hostedtoolcache/Python/3.11.11/x64
2025-02-18T00:53:43.7655782Z   Python3_ROOT_DIR: /opt/hostedtoolcache/Python/3.11.11/x64
2025-02-18T00:53:43.7656135Z   LD_LIBRARY_PATH: /opt/hostedtoolcache/Python/3.11.11/x64/lib
2025-02-18T00:53:43.7656435Z ##[endgroup]
2025-02-18T00:53:43.9805150Z With the provided path, there will be 1 file uploaded
2025-02-18T00:53:43.9811867Z Artifact name is valid!
2025-02-18T00:53:43.9813391Z Root directory input is valid!
2025-02-18T00:53:44.0959295Z Beginning upload of artifact content to blob storage
2025-02-18T00:53:44.2159804Z Uploaded bytes 12390
2025-02-18T00:53:44.2491120Z Finished uploading artifact content to blob storage!
2025-02-18T00:53:44.2494646Z SHA256 hash of uploaded artifact zip is c12f3652de1057d5363a71972deef0326b3553e0ffc953751493cd5ff315a64f
2025-02-18T00:53:44.2496524Z Finalizing artifact upload
2025-02-18T00:53:44.3396289Z Artifact PDF.zip successfully finalized. Artifact ID 2606135734
2025-02-18T00:53:44.3398344Z Artifact PDF has been successfully uploaded! Final size is 12390 bytes. Artifact ID is 2606135734
2025-02-18T00:53:44.3405354Z Artifact download URL: https://github.com/tatzelbrumm/tt10-analog-tatzeltapeout/actions/runs/13380998805/artifacts/2606135734
2025-02-18T00:53:44.3552299Z Post job cleanup.
2025-02-18T00:53:44.3602745Z Post job cleanup.
2025-02-18T00:53:44.5176819Z Cache hit occurred on the primary key setup-python-Linux-x64-24.04-Ubuntu-python-3.11.11-pip-e8de825a00f961a0a99504e206c71b458cd3b0023a470958a6778409995c069a, not saving cache.
2025-02-18T00:53:44.5278956Z Post job cleanup.
2025-02-18T00:53:44.6257473Z [command]/usr/bin/git version
2025-02-18T00:53:44.6295254Z git version 2.48.1
2025-02-18T00:53:44.6338506Z Temporarily overriding HOME='/home/runner/work/_temp/559c5057-9d81-446b-bc61-da1743da943c' before making global git config changes
2025-02-18T00:53:44.6339637Z Adding repository directory to the temporary git global config as a safe directory
2025-02-18T00:53:44.6353084Z [command]/usr/bin/git config --global --add safe.directory /home/runner/work/tt10-analog-tatzeltapeout/tt10-analog-tatzeltapeout/tt
2025-02-18T00:53:44.6393114Z [command]/usr/bin/git config --local --name-only --get-regexp core\.sshCommand
2025-02-18T00:53:44.6428536Z [command]/usr/bin/git submodule foreach --recursive sh -c "git config --local --name-only --get-regexp 'core\.sshCommand' && git config --local --unset-all 'core.sshCommand' || :"
2025-02-18T00:53:44.6671266Z [command]/usr/bin/git config --local --name-only --get-regexp http\.https\:\/\/github\.com\/\.extraheader
2025-02-18T00:53:44.6693120Z http.https://github.com/.extraheader
2025-02-18T00:53:44.6706254Z [command]/usr/bin/git config --local --unset-all http.https://github.com/.extraheader
2025-02-18T00:53:44.6738880Z [command]/usr/bin/git submodule foreach --recursive sh -c "git config --local --name-only --get-regexp 'http\.https\:\/\/github\.com\/\.extraheader' && git config --local --unset-all 'http.https://github.com/.extraheader' || :"
2025-02-18T00:53:44.7092438Z Post job cleanup.
2025-02-18T00:53:44.8108490Z [command]/usr/bin/git version
2025-02-18T00:53:44.8150933Z git version 2.48.1
2025-02-18T00:53:44.8197014Z Temporarily overriding HOME='/home/runner/work/_temp/aedc786e-52a0-4fc7-b7c4-c8e8888ebbd7' before making global git config changes
2025-02-18T00:53:44.8198374Z Adding repository directory to the temporary git global config as a safe directory
2025-02-18T00:53:44.8212477Z [command]/usr/bin/git config --global --add safe.directory /home/runner/work/tt10-analog-tatzeltapeout/tt10-analog-tatzeltapeout
2025-02-18T00:53:44.8252065Z [command]/usr/bin/git config --local --name-only --get-regexp core\.sshCommand
2025-02-18T00:53:44.8288848Z [command]/usr/bin/git submodule foreach --recursive sh -c "git config --local --name-only --get-regexp 'core\.sshCommand' && git config --local --unset-all 'core.sshCommand' || :"
2025-02-18T00:53:44.8547873Z [command]/usr/bin/git config --local --name-only --get-regexp http\.https\:\/\/github\.com\/\.extraheader
2025-02-18T00:53:44.8572815Z http.https://github.com/.extraheader
2025-02-18T00:53:44.8587386Z [command]/usr/bin/git config --local --unset-all http.https://github.com/.extraheader
2025-02-18T00:53:44.8623436Z [command]/usr/bin/git submodule foreach --recursive sh -c "git config --local --name-only --get-regexp 'http\.https\:\/\/github\.com\/\.extraheader' && git config --local --unset-all 'http.https://github.com/.extraheader' || :"
2025-02-18T00:53:44.8990260Z Cleaning up orphan processes
