2025-02-17T05:21:55.6202842Z Current runner version: '2.322.0'
2025-02-17T05:21:55.6228859Z ##[group]Operating System
2025-02-17T05:21:55.6229749Z Ubuntu
2025-02-17T05:21:55.6230420Z 24.04.1
2025-02-17T05:21:55.6231002Z LTS
2025-02-17T05:21:55.6231529Z ##[endgroup]
2025-02-17T05:21:55.6232372Z ##[group]Runner Image
2025-02-17T05:21:55.6233039Z Image: ubuntu-24.04
2025-02-17T05:21:55.6233622Z Version: 20250209.1.0
2025-02-17T05:21:55.6234909Z Included Software: https://github.com/actions/runner-images/blob/ubuntu24/20250209.1/images/ubuntu/Ubuntu2404-Readme.md
2025-02-17T05:21:55.6236533Z Image Release: https://github.com/actions/runner-images/releases/tag/ubuntu24%2F20250209.1
2025-02-17T05:21:55.6237639Z ##[endgroup]
2025-02-17T05:21:55.6238242Z ##[group]Runner Image Provisioner
2025-02-17T05:21:55.6238911Z 2.0.422.1
2025-02-17T05:21:55.6239530Z ##[endgroup]
2025-02-17T05:21:55.6240753Z ##[group]GITHUB_TOKEN Permissions
2025-02-17T05:21:55.6242799Z Contents: read
2025-02-17T05:21:55.6243578Z Metadata: read
2025-02-17T05:21:55.6244360Z Packages: read
2025-02-17T05:21:55.6245087Z ##[endgroup]
2025-02-17T05:21:55.6247998Z Secret source: Actions
2025-02-17T05:21:55.6248900Z Prepare workflow directory
2025-02-17T05:21:55.6559669Z Prepare all required actions
2025-02-17T05:21:55.6597358Z Getting action download info
2025-02-17T05:21:55.9094367Z ##[group]Download immutable action package 'actions/checkout@v4'
2025-02-17T05:21:55.9095513Z Version: 4.2.2
2025-02-17T05:21:55.9096623Z Digest: sha256:ccb2698953eaebd21c7bf6268a94f9c26518a7e38e27e0b83c1fe1ad049819b1
2025-02-17T05:21:55.9098125Z Source commit SHA: 11bd71901bbe5b1630ceea73d27597364c9af683
2025-02-17T05:21:55.9099007Z ##[endgroup]
2025-02-17T05:21:56.0097382Z Download action repository 'TinyTapeout/tt-gds-action@tt10' (SHA:e69ca5538a6a8ff9f7d327766a1d336285e3ee42)
2025-02-17T05:21:56.4366245Z Getting action download info
2025-02-17T05:21:56.6628941Z ##[group]Download immutable action package 'actions/setup-python@v5'
2025-02-17T05:21:56.6629830Z Version: 5.4.0
2025-02-17T05:21:56.6630642Z Digest: sha256:6003df952c8106bcd378d2ba997eef202da924317a57269dfa72449b135adb7f
2025-02-17T05:21:56.6631720Z Source commit SHA: 42375524e23c412d93fb67b49958b491fce71c38
2025-02-17T05:21:56.6632612Z ##[endgroup]
2025-02-17T05:21:56.9707987Z ##[group]Download immutable action package 'actions/upload-artifact@v4'
2025-02-17T05:21:56.9708783Z Version: 4.6.0
2025-02-17T05:21:56.9709468Z Digest: sha256:bf85474c8423f9cd48bd2caf3ce5adb1711e2dfdb055b040bd36b044e4290329
2025-02-17T05:21:56.9710366Z Source commit SHA: 65c4c4a1ddee5b72f698fdd19549f0f0fb45cf08
2025-02-17T05:21:56.9710997Z ##[endgroup]
2025-02-17T05:21:57.1298997Z Complete job name: docs
2025-02-17T05:21:57.2048108Z ##[group]Run actions/checkout@v4
2025-02-17T05:21:57.2049085Z with:
2025-02-17T05:21:57.2049550Z   submodules: recursive
2025-02-17T05:21:57.2050203Z   repository: tatzelbrumm/tt10-analog-tatzeltapeout
2025-02-17T05:21:57.2051199Z   token: ***
2025-02-17T05:21:57.2051670Z   ssh-strict: true
2025-02-17T05:21:57.2052426Z   ssh-user: git
2025-02-17T05:21:57.2052957Z   persist-credentials: true
2025-02-17T05:21:57.2053519Z   clean: true
2025-02-17T05:21:57.2053992Z   sparse-checkout-cone-mode: true
2025-02-17T05:21:57.2054609Z   fetch-depth: 1
2025-02-17T05:21:57.2055084Z   fetch-tags: false
2025-02-17T05:21:57.2055578Z   show-progress: true
2025-02-17T05:21:57.2056083Z   lfs: false
2025-02-17T05:21:57.2056538Z   set-safe-directory: true
2025-02-17T05:21:57.2057365Z ##[endgroup]
2025-02-17T05:21:57.4937389Z Syncing repository: tatzelbrumm/tt10-analog-tatzeltapeout
2025-02-17T05:21:57.4939680Z ##[group]Getting Git version info
2025-02-17T05:21:57.4940941Z Working directory is '/home/runner/work/tt10-analog-tatzeltapeout/tt10-analog-tatzeltapeout'
2025-02-17T05:21:57.4942874Z [command]/usr/bin/git version
2025-02-17T05:21:57.5043016Z git version 2.48.1
2025-02-17T05:21:57.5073375Z ##[endgroup]
2025-02-17T05:21:57.5087338Z Temporarily overriding HOME='/home/runner/work/_temp/07d54db1-8c11-4dc6-a8b4-3f1e9cede767' before making global git config changes
2025-02-17T05:21:57.5089557Z Adding repository directory to the temporary git global config as a safe directory
2025-02-17T05:21:57.5100410Z [command]/usr/bin/git config --global --add safe.directory /home/runner/work/tt10-analog-tatzeltapeout/tt10-analog-tatzeltapeout
2025-02-17T05:21:57.5140449Z Deleting the contents of '/home/runner/work/tt10-analog-tatzeltapeout/tt10-analog-tatzeltapeout'
2025-02-17T05:21:57.5144119Z ##[group]Initializing the repository
2025-02-17T05:21:57.5149785Z [command]/usr/bin/git init /home/runner/work/tt10-analog-tatzeltapeout/tt10-analog-tatzeltapeout
2025-02-17T05:21:57.5240525Z hint: Using 'master' as the name for the initial branch. This default branch name
2025-02-17T05:21:57.5242562Z hint: is subject to change. To configure the initial branch name to use in all
2025-02-17T05:21:57.5244011Z hint: of your new repositories, which will suppress this warning, call:
2025-02-17T05:21:57.5244992Z hint:
2025-02-17T05:21:57.5245588Z hint: 	git config --global init.defaultBranch <name>
2025-02-17T05:21:57.5246589Z hint:
2025-02-17T05:21:57.5247386Z hint: Names commonly chosen instead of 'master' are 'main', 'trunk' and
2025-02-17T05:21:57.5248820Z hint: 'development'. The just-created branch can be renamed via this command:
2025-02-17T05:21:57.5249966Z hint:
2025-02-17T05:21:57.5250762Z hint: 	git branch -m <name>
2025-02-17T05:21:57.5252878Z Initialized empty Git repository in /home/runner/work/tt10-analog-tatzeltapeout/tt10-analog-tatzeltapeout/.git/
2025-02-17T05:21:57.5265538Z [command]/usr/bin/git remote add origin https://github.com/tatzelbrumm/tt10-analog-tatzeltapeout
2025-02-17T05:21:57.5307881Z ##[endgroup]
2025-02-17T05:21:57.5309353Z ##[group]Disabling automatic garbage collection
2025-02-17T05:21:57.5312858Z [command]/usr/bin/git config --local gc.auto 0
2025-02-17T05:21:57.5342304Z ##[endgroup]
2025-02-17T05:21:57.5343756Z ##[group]Setting up auth
2025-02-17T05:21:57.5350136Z [command]/usr/bin/git config --local --name-only --get-regexp core\.sshCommand
2025-02-17T05:21:57.5382516Z [command]/usr/bin/git submodule foreach --recursive sh -c "git config --local --name-only --get-regexp 'core\.sshCommand' && git config --local --unset-all 'core.sshCommand' || :"
2025-02-17T05:21:57.5799786Z [command]/usr/bin/git config --local --name-only --get-regexp http\.https\:\/\/github\.com\/\.extraheader
2025-02-17T05:21:57.5829702Z [command]/usr/bin/git submodule foreach --recursive sh -c "git config --local --name-only --get-regexp 'http\.https\:\/\/github\.com\/\.extraheader' && git config --local --unset-all 'http.https://github.com/.extraheader' || :"
2025-02-17T05:21:57.6101212Z [command]/usr/bin/git config --local http.https://github.com/.extraheader AUTHORIZATION: basic ***
2025-02-17T05:21:57.6138353Z ##[endgroup]
2025-02-17T05:21:57.6139870Z ##[group]Fetching the repository
2025-02-17T05:21:57.6149053Z [command]/usr/bin/git -c protocol.version=2 fetch --no-tags --prune --no-recurse-submodules --depth=1 origin +94ecfc77b53e5d80da5f80b1d5fb6c4326b41e5f:refs/remotes/origin/main
2025-02-17T05:21:58.2014719Z From https://github.com/tatzelbrumm/tt10-analog-tatzeltapeout
2025-02-17T05:21:58.2016663Z  * [new ref]         94ecfc77b53e5d80da5f80b1d5fb6c4326b41e5f -> origin/main
2025-02-17T05:21:58.2046429Z ##[endgroup]
2025-02-17T05:21:58.2047265Z ##[group]Determining the checkout info
2025-02-17T05:21:58.2048632Z ##[endgroup]
2025-02-17T05:21:58.2053463Z [command]/usr/bin/git sparse-checkout disable
2025-02-17T05:21:58.2103231Z [command]/usr/bin/git config --local --unset-all extensions.worktreeConfig
2025-02-17T05:21:58.2131764Z ##[group]Checking out the ref
2025-02-17T05:21:58.2135793Z [command]/usr/bin/git checkout --progress --force -B main refs/remotes/origin/main
2025-02-17T05:21:58.2271168Z Switched to a new branch 'main'
2025-02-17T05:21:58.2274633Z branch 'main' set up to track 'origin/main'.
2025-02-17T05:21:58.2280218Z ##[endgroup]
2025-02-17T05:21:58.2281075Z ##[group]Setting up auth for fetching submodules
2025-02-17T05:21:58.2285071Z [command]/usr/bin/git config --global http.https://github.com/.extraheader AUTHORIZATION: basic ***
2025-02-17T05:21:58.2320509Z [command]/usr/bin/git config --global --unset-all url.https://github.com/.insteadOf
2025-02-17T05:21:58.2349589Z [command]/usr/bin/git config --global --add url.https://github.com/.insteadOf git@github.com:
2025-02-17T05:21:58.2381046Z [command]/usr/bin/git config --global --add url.https://github.com/.insteadOf org-1518649@github.com:
2025-02-17T05:21:58.2408395Z ##[endgroup]
2025-02-17T05:21:58.2409761Z ##[group]Fetching submodules
2025-02-17T05:21:58.2412256Z [command]/usr/bin/git submodule sync --recursive
2025-02-17T05:21:58.2651514Z [command]/usr/bin/git -c protocol.version=2 submodule update --init --force --depth=1 --recursive
2025-02-17T05:21:58.2886287Z [command]/usr/bin/git submodule foreach --recursive git config --local gc.auto 0
2025-02-17T05:21:58.3128220Z ##[endgroup]
2025-02-17T05:21:58.3130040Z ##[group]Persisting credentials for submodules
2025-02-17T05:21:58.3134937Z [command]/usr/bin/git submodule foreach --recursive sh -c "git config --local --name-only --get-regexp 'url\.https\:\/\/github\.com\/\.insteadOf' && git config --local --unset-all 'url.https://github.com/.insteadOf' || :"
2025-02-17T05:21:58.3364183Z [command]/usr/bin/git submodule foreach --recursive sh -c "git config --local 'http.https://github.com/.extraheader' 'AUTHORIZATION: basic ***' && git config --local --show-origin --name-only --get-regexp remote.origin.url"
2025-02-17T05:21:58.3591452Z [command]/usr/bin/git submodule foreach --recursive git config --local --add 'url.https://github.com/.insteadOf' 'git@github.com:'
2025-02-17T05:21:58.3820295Z [command]/usr/bin/git submodule foreach --recursive git config --local --add 'url.https://github.com/.insteadOf' 'org-1518649@github.com:'
2025-02-17T05:21:58.4043978Z ##[endgroup]
2025-02-17T05:21:58.4079594Z [command]/usr/bin/git log -1 --format=%H
2025-02-17T05:21:58.4102644Z 94ecfc77b53e5d80da5f80b1d5fb6c4326b41e5f
2025-02-17T05:21:58.4421516Z ##[group]Run TinyTapeout/tt-gds-action/docs@tt10
2025-02-17T05:21:58.4423081Z with:
2025-02-17T05:21:58.4424048Z   tools-repo: TinyTapeout/tt-support-tools
2025-02-17T05:21:58.4425206Z   tools-ref: tt10
2025-02-17T05:21:58.4426059Z ##[endgroup]
2025-02-17T05:21:58.4614271Z ##[group]Run actions/checkout@v4
2025-02-17T05:21:58.4615246Z with:
2025-02-17T05:21:58.4616089Z   repository: TinyTapeout/tt-support-tools
2025-02-17T05:21:58.4617173Z   path: tt
2025-02-17T05:21:58.4617913Z   ref: tt10
2025-02-17T05:21:58.4618914Z   token: ***
2025-02-17T05:21:58.4619691Z   ssh-strict: true
2025-02-17T05:21:58.4620510Z   ssh-user: git
2025-02-17T05:21:58.4621343Z   persist-credentials: true
2025-02-17T05:21:58.4622389Z   clean: true
2025-02-17T05:21:58.4623224Z   sparse-checkout-cone-mode: true
2025-02-17T05:21:58.4624234Z   fetch-depth: 1
2025-02-17T05:21:58.4625037Z   fetch-tags: false
2025-02-17T05:21:58.4625862Z   show-progress: true
2025-02-17T05:21:58.4626684Z   lfs: false
2025-02-17T05:21:58.4627481Z   submodules: false
2025-02-17T05:21:58.4628315Z   set-safe-directory: true
2025-02-17T05:21:58.4629223Z ##[endgroup]
2025-02-17T05:21:58.5559376Z Syncing repository: TinyTapeout/tt-support-tools
2025-02-17T05:21:58.5566194Z ##[group]Getting Git version info
2025-02-17T05:21:58.5568944Z Working directory is '/home/runner/work/tt10-analog-tatzeltapeout/tt10-analog-tatzeltapeout/tt'
2025-02-17T05:21:58.5609944Z [command]/usr/bin/git version
2025-02-17T05:21:58.5645735Z git version 2.48.1
2025-02-17T05:21:58.5671232Z ##[endgroup]
2025-02-17T05:21:58.5684877Z Temporarily overriding HOME='/home/runner/work/_temp/6e9a0373-bda4-4304-a386-a94ce1a53812' before making global git config changes
2025-02-17T05:21:58.5687612Z Adding repository directory to the temporary git global config as a safe directory
2025-02-17T05:21:58.5697823Z [command]/usr/bin/git config --global --add safe.directory /home/runner/work/tt10-analog-tatzeltapeout/tt10-analog-tatzeltapeout/tt
2025-02-17T05:21:58.5728101Z ##[group]Initializing the repository
2025-02-17T05:21:58.5733932Z [command]/usr/bin/git init /home/runner/work/tt10-analog-tatzeltapeout/tt10-analog-tatzeltapeout/tt
2025-02-17T05:21:58.5771047Z hint: Using 'master' as the name for the initial branch. This default branch name
2025-02-17T05:21:58.5774579Z hint: is subject to change. To configure the initial branch name to use in all
2025-02-17T05:21:58.5776999Z hint: of your new repositories, which will suppress this warning, call:
2025-02-17T05:21:58.5779184Z hint:
2025-02-17T05:21:58.5780413Z hint: 	git config --global init.defaultBranch <name>
2025-02-17T05:21:58.5782429Z hint:
2025-02-17T05:21:58.5783965Z hint: Names commonly chosen instead of 'master' are 'main', 'trunk' and
2025-02-17T05:21:58.5785764Z hint: 'development'. The just-created branch can be renamed via this command:
2025-02-17T05:21:58.5787168Z hint:
2025-02-17T05:21:58.5787880Z hint: 	git branch -m <name>
2025-02-17T05:21:58.5789750Z Initialized empty Git repository in /home/runner/work/tt10-analog-tatzeltapeout/tt10-analog-tatzeltapeout/tt/.git/
2025-02-17T05:21:58.5793701Z [command]/usr/bin/git remote add origin https://github.com/TinyTapeout/tt-support-tools
2025-02-17T05:21:58.5813906Z ##[endgroup]
2025-02-17T05:21:58.5816106Z ##[group]Disabling automatic garbage collection
2025-02-17T05:21:58.5818104Z [command]/usr/bin/git config --local gc.auto 0
2025-02-17T05:21:58.5847344Z ##[endgroup]
2025-02-17T05:21:58.5849647Z ##[group]Setting up auth
2025-02-17T05:21:58.5854662Z [command]/usr/bin/git config --local --name-only --get-regexp core\.sshCommand
2025-02-17T05:21:58.5886817Z [command]/usr/bin/git submodule foreach --recursive sh -c "git config --local --name-only --get-regexp 'core\.sshCommand' && git config --local --unset-all 'core.sshCommand' || :"
2025-02-17T05:21:58.6117016Z [command]/usr/bin/git config --local --name-only --get-regexp http\.https\:\/\/github\.com\/\.extraheader
2025-02-17T05:21:58.6153577Z [command]/usr/bin/git submodule foreach --recursive sh -c "git config --local --name-only --get-regexp 'http\.https\:\/\/github\.com\/\.extraheader' && git config --local --unset-all 'http.https://github.com/.extraheader' || :"
2025-02-17T05:21:58.6406606Z [command]/usr/bin/git config --local http.https://github.com/.extraheader AUTHORIZATION: basic ***
2025-02-17T05:21:58.6443989Z ##[endgroup]
2025-02-17T05:21:58.6445407Z ##[group]Fetching the repository
2025-02-17T05:21:58.6453760Z [command]/usr/bin/git -c protocol.version=2 fetch --no-tags --prune --no-recurse-submodules --depth=1 origin +refs/heads/tt10*:refs/remotes/origin/tt10* +refs/tags/tt10*:refs/tags/tt10*
2025-02-17T05:21:59.3089789Z From https://github.com/TinyTapeout/tt-support-tools
2025-02-17T05:21:59.3091374Z  * [new branch]      tt10       -> origin/tt10
2025-02-17T05:21:59.3115746Z ##[endgroup]
2025-02-17T05:21:59.3117428Z ##[group]Determining the checkout info
2025-02-17T05:21:59.3123641Z [command]/usr/bin/git branch --list --remote origin/tt10
2025-02-17T05:21:59.3145907Z   origin/tt10
2025-02-17T05:21:59.3152994Z ##[endgroup]
2025-02-17T05:21:59.3156279Z [command]/usr/bin/git sparse-checkout disable
2025-02-17T05:21:59.3191315Z [command]/usr/bin/git config --local --unset-all extensions.worktreeConfig
2025-02-17T05:21:59.3219172Z ##[group]Checking out the ref
2025-02-17T05:21:59.3222215Z [command]/usr/bin/git checkout --progress --force -B tt10 refs/remotes/origin/tt10
2025-02-17T05:21:59.3449696Z Switched to a new branch 'tt10'
2025-02-17T05:21:59.3452401Z branch 'tt10' set up to track 'origin/tt10'.
2025-02-17T05:21:59.3460690Z ##[endgroup]
2025-02-17T05:21:59.3495936Z [command]/usr/bin/git log -1 --format=%H
2025-02-17T05:21:59.3517588Z 0985eb1d464a6dabf7fe5eee96b0b16d809f5fb4
2025-02-17T05:21:59.3716580Z ##[group]Run actions/setup-python@v5
2025-02-17T05:21:59.3717555Z with:
2025-02-17T05:21:59.3718298Z   python-version: 3.11
2025-02-17T05:21:59.3719121Z   cache: pip
2025-02-17T05:21:59.3719871Z   check-latest: false
2025-02-17T05:21:59.3720923Z   token: ***
2025-02-17T05:21:59.3721697Z   update-environment: true
2025-02-17T05:21:59.3722966Z   allow-prereleases: false
2025-02-17T05:21:59.3723852Z ##[endgroup]
2025-02-17T05:21:59.5406237Z ##[group]Installed versions
2025-02-17T05:21:59.5464041Z Successfully set up CPython (3.11.11)
2025-02-17T05:21:59.5465760Z ##[endgroup]
2025-02-17T05:21:59.6207642Z [command]/opt/hostedtoolcache/Python/3.11.11/x64/bin/pip cache dir
2025-02-17T05:21:59.9041562Z /home/runner/.cache/pip
2025-02-17T05:22:00.2165485Z Cache hit for: setup-python-Linux-x64-24.04-Ubuntu-python-3.11.11-pip-e8de825a00f961a0a99504e206c71b458cd3b0023a470958a6778409995c069a
2025-02-17T05:22:01.5148069Z Received 4194304 of 109952222 (3.8%), 4.0 MBs/sec
2025-02-17T05:22:02.3386510Z Received 109952222 of 109952222 (100.0%), 57.5 MBs/sec
2025-02-17T05:22:02.3387931Z Cache Size: ~105 MB (109952222 B)
2025-02-17T05:22:02.3426231Z [command]/usr/bin/tar -xf /home/runner/work/_temp/5e07c7be-9577-48dc-bd5b-53f5e24b1403/cache.tzst -P -C /home/runner/work/tt10-analog-tatzeltapeout/tt10-analog-tatzeltapeout --use-compress-program unzstd
2025-02-17T05:22:02.5192669Z Cache restored successfully
2025-02-17T05:22:02.5430715Z Cache restored from key: setup-python-Linux-x64-24.04-Ubuntu-python-3.11.11-pip-e8de825a00f961a0a99504e206c71b458cd3b0023a470958a6778409995c069a
2025-02-17T05:22:02.5595762Z ##[group]Run pip install -r tt/requirements.txt
2025-02-17T05:22:02.5596202Z [36;1mpip install -r tt/requirements.txt[0m
2025-02-17T05:22:02.5767577Z shell: /usr/bin/bash --noprofile --norc -e -o pipefail {0}
2025-02-17T05:22:02.5768038Z env:
2025-02-17T05:22:02.5768369Z   pythonLocation: /opt/hostedtoolcache/Python/3.11.11/x64
2025-02-17T05:22:02.5768876Z   PKG_CONFIG_PATH: /opt/hostedtoolcache/Python/3.11.11/x64/lib/pkgconfig
2025-02-17T05:22:02.5769365Z   Python_ROOT_DIR: /opt/hostedtoolcache/Python/3.11.11/x64
2025-02-17T05:22:02.5769839Z   Python2_ROOT_DIR: /opt/hostedtoolcache/Python/3.11.11/x64
2025-02-17T05:22:02.5770283Z   Python3_ROOT_DIR: /opt/hostedtoolcache/Python/3.11.11/x64
2025-02-17T05:22:02.5770971Z   LD_LIBRARY_PATH: /opt/hostedtoolcache/Python/3.11.11/x64/lib
2025-02-17T05:22:02.5771356Z ##[endgroup]
2025-02-17T05:22:03.2191584Z Collecting anyio==4.7.0 (from -r tt/requirements.txt (line 7))
2025-02-17T05:22:03.2206689Z   Using cached anyio-4.7.0-py3-none-any.whl.metadata (4.7 kB)
2025-02-17T05:22:03.2434843Z Collecting brotli==1.1.0 (from -r tt/requirements.txt (line 9))
2025-02-17T05:22:03.2449584Z   Using cached Brotli-1.1.0-cp311-cp311-manylinux_2_17_x86_64.manylinux2014_x86_64.whl.metadata (5.5 kB)
2025-02-17T05:22:03.2565226Z Collecting cairocffi==1.7.1 (from -r tt/requirements.txt (line 11))
2025-02-17T05:22:03.2583325Z   Using cached cairocffi-1.7.1-py3-none-any.whl.metadata (3.3 kB)
2025-02-17T05:22:03.2804429Z Collecting cairosvg==2.7.1 (from -r tt/requirements.txt (line 13))
2025-02-17T05:22:03.2824498Z   Using cached CairoSVG-2.7.1-py3-none-any.whl.metadata (2.7 kB)
2025-02-17T05:22:03.2967127Z Collecting certifi==2024.8.30 (from -r tt/requirements.txt (line 15))
2025-02-17T05:22:03.2980471Z   Using cached certifi-2024.8.30-py3-none-any.whl.metadata (2.2 kB)
2025-02-17T05:22:03.3647084Z Collecting cffi==1.17.1 (from -r tt/requirements.txt (line 20))
2025-02-17T05:22:03.3662353Z   Using cached cffi-1.17.1-cp311-cp311-manylinux_2_17_x86_64.manylinux2014_x86_64.whl.metadata (1.5 kB)
2025-02-17T05:22:03.3756243Z Collecting cfgv==3.4.0 (from -r tt/requirements.txt (line 22))
2025-02-17T05:22:03.3768344Z   Using cached cfgv-3.4.0-py2.py3-none-any.whl.metadata (8.5 kB)
2025-02-17T05:22:03.4273376Z Collecting charset-normalizer==3.4.0 (from -r tt/requirements.txt (line 24))
2025-02-17T05:22:03.4288356Z   Using cached charset_normalizer-3.4.0-cp311-cp311-manylinux_2_17_x86_64.manylinux2014_x86_64.whl.metadata (34 kB)
2025-02-17T05:22:03.4400298Z Collecting chevron==0.14.0 (from -r tt/requirements.txt (line 26))
2025-02-17T05:22:03.4412868Z   Using cached chevron-0.14.0-py3-none-any.whl.metadata (4.9 kB)
2025-02-17T05:22:03.4538936Z Collecting click==8.1.7 (from -r tt/requirements.txt (line 28))
2025-02-17T05:22:03.4552438Z   Using cached click-8.1.7-py3-none-any.whl.metadata (3.0 kB)
2025-02-17T05:22:03.5506385Z Collecting cocotb==1.9.2 (from -r tt/requirements.txt (line 32))
2025-02-17T05:22:03.5519770Z   Using cached cocotb-1.9.2-cp311-cp311-manylinux_2_17_x86_64.manylinux2014_x86_64.whl.metadata (6.9 kB)
2025-02-17T05:22:03.5598573Z Collecting cssselect2==0.7.0 (from -r tt/requirements.txt (line 34))
2025-02-17T05:22:03.5612041Z   Using cached cssselect2-0.7.0-py3-none-any.whl.metadata (2.9 kB)
2025-02-17T05:22:03.5706013Z Collecting defusedxml==0.7.1 (from -r tt/requirements.txt (line 36))
2025-02-17T05:22:03.5719375Z   Using cached defusedxml-0.7.1-py2.py3-none-any.whl.metadata (32 kB)
2025-02-17T05:22:03.5821333Z Collecting distlib==0.3.9 (from -r tt/requirements.txt (line 38))
2025-02-17T05:22:03.5834879Z   Using cached distlib-0.3.9-py2.py3-none-any.whl.metadata (5.2 kB)
2025-02-17T05:22:03.5974078Z Collecting filelock==3.16.1 (from -r tt/requirements.txt (line 40))
2025-02-17T05:22:03.5987894Z   Using cached filelock-3.16.1-py3-none-any.whl.metadata (2.9 kB)
2025-02-17T05:22:03.6113737Z Collecting find-libpython==0.4.0 (from -r tt/requirements.txt (line 42))
2025-02-17T05:22:03.6126498Z   Using cached find_libpython-0.4.0-py3-none-any.whl.metadata (2.8 kB)
2025-02-17T05:22:03.7172393Z Collecting gdstk==0.9.58 (from -r tt/requirements.txt (line 44))
2025-02-17T05:22:03.7185649Z   Using cached gdstk-0.9.58-cp311-cp311-manylinux_2_28_x86_64.whl.metadata (8.7 kB)
2025-02-17T05:22:03.7274182Z Collecting gitdb==4.0.11 (from -r tt/requirements.txt (line 46))
2025-02-17T05:22:03.7286858Z   Using cached gitdb-4.0.11-py3-none-any.whl.metadata (1.2 kB)
2025-02-17T05:22:03.7450630Z Collecting gitpython==3.1.43 (from -r tt/requirements.txt (line 48))
2025-02-17T05:22:03.7463556Z   Using cached GitPython-3.1.43-py3-none-any.whl.metadata (13 kB)
2025-02-17T05:22:03.7563284Z Collecting h11==0.14.0 (from -r tt/requirements.txt (line 50))
2025-02-17T05:22:03.7575837Z   Using cached h11-0.14.0-py3-none-any.whl.metadata (8.2 kB)
2025-02-17T05:22:03.7701099Z Collecting httpcore==1.0.7 (from -r tt/requirements.txt (line 52))
2025-02-17T05:22:03.7713539Z   Using cached httpcore-1.0.7-py3-none-any.whl.metadata (21 kB)
2025-02-17T05:22:03.7867968Z Collecting httpx==0.28.1 (from -r tt/requirements.txt (line 54))
2025-02-17T05:22:03.7880839Z   Using cached httpx-0.28.1-py3-none-any.whl.metadata (7.1 kB)
2025-02-17T05:22:03.8159721Z Collecting identify==2.6.3 (from -r tt/requirements.txt (line 56))
2025-02-17T05:22:03.8172731Z   Using cached identify-2.6.3-py2.py3-none-any.whl.metadata (4.4 kB)
2025-02-17T05:22:03.8268048Z Collecting idna==3.10 (from -r tt/requirements.txt (line 58))
2025-02-17T05:22:03.8280796Z   Using cached idna-3.10-py3-none-any.whl.metadata (10 kB)
2025-02-17T05:22:03.8448892Z Collecting importlib-resources==6.4.5 (from -r tt/requirements.txt (line 63))
2025-02-17T05:22:03.8461707Z   Using cached importlib_resources-6.4.5-py3-none-any.whl.metadata (4.0 kB)
2025-02-17T05:22:03.8548890Z Collecting iniconfig==2.0.0 (from -r tt/requirements.txt (line 65))
2025-02-17T05:22:03.8561655Z   Using cached iniconfig-2.0.0-py3-none-any.whl.metadata (2.6 kB)
2025-02-17T05:22:03.9588416Z Collecting klayout==0.29.10 (from -r tt/requirements.txt (line 67))
2025-02-17T05:22:03.9601725Z   Using cached klayout-0.29.10-cp311-cp311-manylinux_2_17_x86_64.manylinux2014_x86_64.whl.metadata (783 bytes)
2025-02-17T05:22:03.9717374Z Collecting markdown-it-py==3.0.0 (from -r tt/requirements.txt (line 69))
2025-02-17T05:22:03.9729897Z   Using cached markdown_it_py-3.0.0-py3-none-any.whl.metadata (6.9 kB)
2025-02-17T05:22:03.9827930Z Collecting mdurl==0.1.2 (from -r tt/requirements.txt (line 71))
2025-02-17T05:22:03.9840600Z   Using cached mdurl-0.1.2-py3-none-any.whl.metadata (1.6 kB)
2025-02-17T05:22:03.9955716Z Collecting mistune==3.0.2 (from -r tt/requirements.txt (line 73))
2025-02-17T05:22:03.9968494Z   Using cached mistune-3.0.2-py3-none-any.whl.metadata (1.7 kB)
2025-02-17T05:22:04.0082709Z Collecting nodeenv==1.9.1 (from -r tt/requirements.txt (line 75))
2025-02-17T05:22:04.0095441Z   Using cached nodeenv-1.9.1-py2.py3-none-any.whl.metadata (21 kB)
2025-02-17T05:22:04.1346152Z Collecting numpy==1.26.4 (from -r tt/requirements.txt (line 77))
2025-02-17T05:22:04.1362261Z   Using cached numpy-1.26.4-cp311-cp311-manylinux_2_17_x86_64.manylinux2014_x86_64.whl.metadata (61 kB)
2025-02-17T05:22:04.1563681Z Collecting packaging==24.2 (from -r tt/requirements.txt (line 81))
2025-02-17T05:22:04.1576968Z   Using cached packaging-24.2-py3-none-any.whl.metadata (3.2 kB)
2025-02-17T05:22:04.1660516Z Collecting pcpp==1.30 (from -r tt/requirements.txt (line 83))
2025-02-17T05:22:04.1674099Z   Using cached pcpp-1.30-py2.py3-none-any.whl.metadata (23 kB)
2025-02-17T05:22:04.2721389Z Collecting pillow==11.0.0 (from -r tt/requirements.txt (line 85))
2025-02-17T05:22:04.2736818Z   Using cached pillow-11.0.0-cp311-cp311-manylinux_2_28_x86_64.whl.metadata (9.1 kB)
2025-02-17T05:22:04.2879786Z Collecting platformdirs==4.3.6 (from -r tt/requirements.txt (line 87))
2025-02-17T05:22:04.2893157Z   Using cached platformdirs-4.3.6-py3-none-any.whl.metadata (11 kB)
2025-02-17T05:22:04.3005034Z Collecting pluggy==1.5.0 (from -r tt/requirements.txt (line 91))
2025-02-17T05:22:04.3018265Z   Using cached pluggy-1.5.0-py3-none-any.whl.metadata (4.8 kB)
2025-02-17T05:22:04.3287889Z Collecting pre-commit==4.0.1 (from -r tt/requirements.txt (line 93))
2025-02-17T05:22:04.3301410Z   Using cached pre_commit-4.0.1-py2.py3-none-any.whl.metadata (1.3 kB)
2025-02-17T05:22:04.3380829Z Collecting pycparser==2.22 (from -r tt/requirements.txt (line 95))
2025-02-17T05:22:04.3427204Z   Using cached pycparser-2.22-py3-none-any.whl.metadata (943 bytes)
2025-02-17T05:22:04.3556869Z Collecting pygments==2.18.0 (from -r tt/requirements.txt (line 97))
2025-02-17T05:22:04.3570249Z   Using cached pygments-2.18.0-py3-none-any.whl.metadata (2.5 kB)
2025-02-17T05:22:04.3838565Z Collecting pytest==8.3.4 (from -r tt/requirements.txt (line 99))
2025-02-17T05:22:04.3852535Z   Using cached pytest-8.3.4-py3-none-any.whl.metadata (7.5 kB)
2025-02-17T05:22:04.3964469Z Collecting python-frontmatter==1.1.0 (from -r tt/requirements.txt (line 101))
2025-02-17T05:22:04.3977635Z   Using cached python_frontmatter-1.1.0-py3-none-any.whl.metadata (4.1 kB)
2025-02-17T05:22:04.4227076Z Collecting pyyaml==6.0.2 (from -r tt/requirements.txt (line 103))
2025-02-17T05:22:04.4241048Z   Using cached PyYAML-6.0.2-cp311-cp311-manylinux_2_17_x86_64.manylinux2014_x86_64.whl.metadata (2.1 kB)
2025-02-17T05:22:04.4437762Z Collecting requests==2.32.3 (from -r tt/requirements.txt (line 109))
2025-02-17T05:22:04.4451082Z   Using cached requests-2.32.3-py3-none-any.whl.metadata (4.6 kB)
2025-02-17T05:22:04.4782665Z Collecting rich==13.9.4 (from -r tt/requirements.txt (line 111))
2025-02-17T05:22:04.4796038Z   Using cached rich-13.9.4-py3-none-any.whl.metadata (18 kB)
2025-02-17T05:22:04.4910153Z Collecting smmap==5.0.1 (from -r tt/requirements.txt (line 113))
2025-02-17T05:22:04.4923360Z   Using cached smmap-5.0.1-py3-none-any.whl.metadata (4.3 kB)
2025-02-17T05:22:04.5004681Z Collecting sniffio==1.3.1 (from -r tt/requirements.txt (line 115))
2025-02-17T05:22:04.5017876Z   Using cached sniffio-1.3.1-py3-none-any.whl.metadata (3.9 kB)
2025-02-17T05:22:04.5095353Z Collecting tinycss2==1.4.0 (from -r tt/requirements.txt (line 117))
2025-02-17T05:22:04.5109048Z   Using cached tinycss2-1.4.0-py3-none-any.whl.metadata (3.0 kB)
2025-02-17T05:22:04.5300213Z Collecting urllib3==2.2.3 (from -r tt/requirements.txt (line 121))
2025-02-17T05:22:04.5313634Z   Using cached urllib3-2.2.3-py3-none-any.whl.metadata (6.5 kB)
2025-02-17T05:22:04.5641018Z Collecting virtualenv==20.28.0 (from -r tt/requirements.txt (line 123))
2025-02-17T05:22:04.5654942Z   Using cached virtualenv-20.28.0-py3-none-any.whl.metadata (4.4 kB)
2025-02-17T05:22:04.6576801Z Collecting volare==0.19.2 (from -r tt/requirements.txt (line 125))
2025-02-17T05:22:04.6590796Z   Using cached volare-0.19.2-py3-none-any.whl.metadata (7.6 kB)
2025-02-17T05:22:04.7588285Z Collecting wasmtime==27.0.2 (from -r tt/requirements.txt (line 127))
2025-02-17T05:22:04.7601314Z   Using cached wasmtime-27.0.2-py3-none-manylinux1_x86_64.whl.metadata (7.5 kB)
2025-02-17T05:22:04.7680401Z Collecting webencodings==0.5.1 (from -r tt/requirements.txt (line 129))
2025-02-17T05:22:04.7693436Z   Using cached webencodings-0.5.1-py2.py3-none-any.whl.metadata (2.1 kB)
2025-02-17T05:22:04.8481583Z Collecting yowasp-runtime==1.66 (from -r tt/requirements.txt (line 133))
2025-02-17T05:22:04.8494649Z   Using cached yowasp_runtime-1.66-py3-none-any.whl.metadata (3.3 kB)
2025-02-17T05:22:04.9348102Z Collecting yowasp-yosys==0.48.0.0.post834 (from -r tt/requirements.txt (line 135))
2025-02-17T05:22:04.9361020Z   Using cached yowasp_yosys-0.48.0.0.post834-py3-none-any.whl.metadata (2.6 kB)
2025-02-17T05:22:05.0047655Z Collecting zstandard==0.23.0 (from -r tt/requirements.txt (line 137))
2025-02-17T05:22:05.0063104Z   Using cached zstandard-0.23.0-cp311-cp311-manylinux_2_17_x86_64.manylinux2014_x86_64.whl.metadata (3.0 kB)
2025-02-17T05:22:05.0226936Z Collecting typing_extensions>=4.5 (from anyio==4.7.0->-r tt/requirements.txt (line 7))
2025-02-17T05:22:05.0241411Z   Using cached typing_extensions-4.12.2-py3-none-any.whl.metadata (3.0 kB)
2025-02-17T05:22:05.1919745Z Using cached anyio-4.7.0-py3-none-any.whl (93 kB)
2025-02-17T05:22:05.1934048Z Using cached Brotli-1.1.0-cp311-cp311-manylinux_2_17_x86_64.manylinux2014_x86_64.whl (2.9 MB)
2025-02-17T05:22:05.1969819Z Using cached cairocffi-1.7.1-py3-none-any.whl (75 kB)
2025-02-17T05:22:05.1983932Z Using cached CairoSVG-2.7.1-py3-none-any.whl (43 kB)
2025-02-17T05:22:05.1997756Z Using cached certifi-2024.8.30-py3-none-any.whl (167 kB)
2025-02-17T05:22:05.2012516Z Using cached cffi-1.17.1-cp311-cp311-manylinux_2_17_x86_64.manylinux2014_x86_64.whl (467 kB)
2025-02-17T05:22:05.2029084Z Using cached cfgv-3.4.0-py2.py3-none-any.whl (7.2 kB)
2025-02-17T05:22:05.2042829Z Using cached charset_normalizer-3.4.0-cp311-cp311-manylinux_2_17_x86_64.manylinux2014_x86_64.whl (142 kB)
2025-02-17T05:22:05.2057365Z Using cached chevron-0.14.0-py3-none-any.whl (11 kB)
2025-02-17T05:22:05.2070347Z Using cached click-8.1.7-py3-none-any.whl (97 kB)
2025-02-17T05:22:05.2084595Z Using cached cocotb-1.9.2-cp311-cp311-manylinux_2_17_x86_64.manylinux2014_x86_64.whl (4.2 MB)
2025-02-17T05:22:05.2130399Z Using cached cssselect2-0.7.0-py3-none-any.whl (15 kB)
2025-02-17T05:22:05.2143494Z Using cached defusedxml-0.7.1-py2.py3-none-any.whl (25 kB)
2025-02-17T05:22:05.2156596Z Using cached distlib-0.3.9-py2.py3-none-any.whl (468 kB)
2025-02-17T05:22:05.2172990Z Using cached filelock-3.16.1-py3-none-any.whl (16 kB)
2025-02-17T05:22:05.2185751Z Using cached find_libpython-0.4.0-py3-none-any.whl (8.7 kB)
2025-02-17T05:22:05.2198543Z Using cached gdstk-0.9.58-cp311-cp311-manylinux_2_28_x86_64.whl (534 kB)
2025-02-17T05:22:05.2215921Z Using cached gitdb-4.0.11-py3-none-any.whl (62 kB)
2025-02-17T05:22:05.2229196Z Using cached GitPython-3.1.43-py3-none-any.whl (207 kB)
2025-02-17T05:22:05.2243923Z Using cached h11-0.14.0-py3-none-any.whl (58 kB)
2025-02-17T05:22:05.2257225Z Using cached httpcore-1.0.7-py3-none-any.whl (78 kB)
2025-02-17T05:22:05.2270490Z Using cached httpx-0.28.1-py3-none-any.whl (73 kB)
2025-02-17T05:22:05.2283906Z Using cached identify-2.6.3-py2.py3-none-any.whl (99 kB)
2025-02-17T05:22:05.2297303Z Using cached idna-3.10-py3-none-any.whl (70 kB)
2025-02-17T05:22:05.2310624Z Using cached importlib_resources-6.4.5-py3-none-any.whl (36 kB)
2025-02-17T05:22:05.2323695Z Using cached iniconfig-2.0.0-py3-none-any.whl (5.9 kB)
2025-02-17T05:22:05.2336679Z Using cached klayout-0.29.10-cp311-cp311-manylinux_2_17_x86_64.manylinux2014_x86_64.whl (23.8 MB)
2025-02-17T05:22:05.2533992Z Using cached markdown_it_py-3.0.0-py3-none-any.whl (87 kB)
2025-02-17T05:22:05.2547544Z Using cached mdurl-0.1.2-py3-none-any.whl (10.0 kB)
2025-02-17T05:22:05.2560379Z Using cached mistune-3.0.2-py3-none-any.whl (47 kB)
2025-02-17T05:22:05.2573754Z Using cached nodeenv-1.9.1-py2.py3-none-any.whl (22 kB)
2025-02-17T05:22:05.2587032Z Using cached numpy-1.26.4-cp311-cp311-manylinux_2_17_x86_64.manylinux2014_x86_64.whl (18.3 MB)
2025-02-17T05:22:05.2736844Z Using cached packaging-24.2-py3-none-any.whl (65 kB)
2025-02-17T05:22:05.2749823Z Using cached pcpp-1.30-py2.py3-none-any.whl (91 kB)
2025-02-17T05:22:05.2763588Z Using cached pillow-11.0.0-cp311-cp311-manylinux_2_28_x86_64.whl (4.4 MB)
2025-02-17T05:22:05.2808175Z Using cached platformdirs-4.3.6-py3-none-any.whl (18 kB)
2025-02-17T05:22:05.2821110Z Using cached pluggy-1.5.0-py3-none-any.whl (20 kB)
2025-02-17T05:22:05.2834366Z Using cached pre_commit-4.0.1-py2.py3-none-any.whl (218 kB)
2025-02-17T05:22:05.2848684Z Using cached pycparser-2.22-py3-none-any.whl (117 kB)
2025-02-17T05:22:05.2862414Z Using cached pygments-2.18.0-py3-none-any.whl (1.2 MB)
2025-02-17T05:22:05.2884105Z Using cached pytest-8.3.4-py3-none-any.whl (343 kB)
2025-02-17T05:22:05.2899856Z Using cached python_frontmatter-1.1.0-py3-none-any.whl (9.8 kB)
2025-02-17T05:22:05.2913179Z Using cached PyYAML-6.0.2-cp311-cp311-manylinux_2_17_x86_64.manylinux2014_x86_64.whl (762 kB)
2025-02-17T05:22:05.2931304Z Using cached requests-2.32.3-py3-none-any.whl (64 kB)
2025-02-17T05:22:05.2944651Z Using cached rich-13.9.4-py3-none-any.whl (242 kB)
2025-02-17T05:22:05.2959029Z Using cached smmap-5.0.1-py3-none-any.whl (24 kB)
2025-02-17T05:22:05.2972186Z Using cached sniffio-1.3.1-py3-none-any.whl (10 kB)
2025-02-17T05:22:05.2985271Z Using cached tinycss2-1.4.0-py3-none-any.whl (26 kB)
2025-02-17T05:22:05.2998186Z Using cached urllib3-2.2.3-py3-none-any.whl (126 kB)
2025-02-17T05:22:05.3012027Z Using cached virtualenv-20.28.0-py3-none-any.whl (4.3 MB)
2025-02-17T05:22:05.3056158Z Using cached volare-0.19.2-py3-none-any.whl (32 kB)
2025-02-17T05:22:05.3069305Z Using cached wasmtime-27.0.2-py3-none-manylinux1_x86_64.whl (6.4 MB)
2025-02-17T05:22:05.3129139Z Using cached webencodings-0.5.1-py2.py3-none-any.whl (11 kB)
2025-02-17T05:22:05.3142429Z Using cached yowasp_runtime-1.66-py3-none-any.whl (5.6 kB)
2025-02-17T05:22:05.3155371Z Using cached yowasp_yosys-0.48.0.0.post834-py3-none-any.whl (8.7 MB)
2025-02-17T05:22:05.3231662Z Using cached zstandard-0.23.0-cp311-cp311-manylinux_2_17_x86_64.manylinux2014_x86_64.whl (5.4 MB)
2025-02-17T05:22:05.3283868Z Using cached typing_extensions-4.12.2-py3-none-any.whl (37 kB)
2025-02-17T05:22:05.5126630Z Installing collected packages: webencodings, pcpp, klayout, find-libpython, distlib, chevron, brotli, zstandard, urllib3, typing_extensions, tinycss2, sniffio, smmap, pyyaml, pygments, pycparser, pluggy, platformdirs, pillow, packaging, numpy, nodeenv, mistune, mdurl, iniconfig, importlib-resources, idna, identify, h11, filelock, defusedxml, cocotb, click, charset-normalizer, cfgv, certifi, wasmtime, virtualenv, requests, python-frontmatter, pytest, markdown-it-py, httpcore, gitdb, gdstk, cssselect2, cffi, anyio, yowasp-runtime, rich, pre-commit, httpx, gitpython, cairocffi, yowasp-yosys, volare, cairosvg
2025-02-17T05:22:10.9723187Z Successfully installed anyio-4.7.0 brotli-1.1.0 cairocffi-1.7.1 cairosvg-2.7.1 certifi-2024.8.30 cffi-1.17.1 cfgv-3.4.0 charset-normalizer-3.4.0 chevron-0.14.0 click-8.1.7 cocotb-1.9.2 cssselect2-0.7.0 defusedxml-0.7.1 distlib-0.3.9 filelock-3.16.1 find-libpython-0.4.0 gdstk-0.9.58 gitdb-4.0.11 gitpython-3.1.43 h11-0.14.0 httpcore-1.0.7 httpx-0.28.1 identify-2.6.3 idna-3.10 importlib-resources-6.4.5 iniconfig-2.0.0 klayout-0.29.10 markdown-it-py-3.0.0 mdurl-0.1.2 mistune-3.0.2 nodeenv-1.9.1 numpy-1.26.4 packaging-24.2 pcpp-1.30 pillow-11.0.0 platformdirs-4.3.6 pluggy-1.5.0 pre-commit-4.0.1 pycparser-2.22 pygments-2.18.0 pytest-8.3.4 python-frontmatter-1.1.0 pyyaml-6.0.2 requests-2.32.3 rich-13.9.4 smmap-5.0.1 sniffio-1.3.1 tinycss2-1.4.0 typing_extensions-4.12.2 urllib3-2.2.3 virtualenv-20.28.0 volare-0.19.2 wasmtime-27.0.2 webencodings-0.5.1 yowasp-runtime-1.66 yowasp-yosys-0.48.0.0.post834 zstandard-0.23.0
2025-02-17T05:22:11.1208553Z ##[group]Run sudo apt-get update -y
2025-02-17T05:22:11.1208892Z [36;1msudo apt-get update -y[0m
2025-02-17T05:22:11.1209298Z [36;1msudo apt-get install -y pandoc texlive-xetex librsvg2-bin ghdl-llvm[0m
2025-02-17T05:22:11.1265880Z shell: /usr/bin/bash --noprofile --norc -e -o pipefail {0}
2025-02-17T05:22:11.1266401Z env:
2025-02-17T05:22:11.1266663Z   pythonLocation: /opt/hostedtoolcache/Python/3.11.11/x64
2025-02-17T05:22:11.1267086Z   PKG_CONFIG_PATH: /opt/hostedtoolcache/Python/3.11.11/x64/lib/pkgconfig
2025-02-17T05:22:11.1267507Z   Python_ROOT_DIR: /opt/hostedtoolcache/Python/3.11.11/x64
2025-02-17T05:22:11.1267886Z   Python2_ROOT_DIR: /opt/hostedtoolcache/Python/3.11.11/x64
2025-02-17T05:22:11.1268264Z   Python3_ROOT_DIR: /opt/hostedtoolcache/Python/3.11.11/x64
2025-02-17T05:22:11.1268659Z   LD_LIBRARY_PATH: /opt/hostedtoolcache/Python/3.11.11/x64/lib
2025-02-17T05:22:11.1268995Z ##[endgroup]
2025-02-17T05:22:11.2072528Z Get:1 file:/etc/apt/apt-mirrors.txt Mirrorlist [142 B]
2025-02-17T05:22:11.2476328Z Hit:6 https://packages.microsoft.com/repos/azure-cli noble InRelease
2025-02-17T05:22:11.2479436Z Get:7 https://packages.microsoft.com/ubuntu/24.04/prod noble InRelease [3600 B]
2025-02-17T05:22:11.2538228Z Hit:2 http://azure.archive.ubuntu.com/ubuntu noble InRelease
2025-02-17T05:22:11.2563176Z Get:3 http://azure.archive.ubuntu.com/ubuntu noble-updates InRelease [126 kB]
2025-02-17T05:22:11.2715829Z Get:4 http://azure.archive.ubuntu.com/ubuntu noble-backports InRelease [126 kB]
2025-02-17T05:22:11.2743266Z Get:5 http://azure.archive.ubuntu.com/ubuntu noble-security InRelease [126 kB]
2025-02-17T05:22:11.3826708Z Get:8 https://packages.microsoft.com/ubuntu/24.04/prod noble/main arm64 Packages [12.9 kB]
2025-02-17T05:22:11.3941470Z Get:9 https://packages.microsoft.com/ubuntu/24.04/prod noble/main armhf Packages [6679 B]
2025-02-17T05:22:11.3973241Z Get:10 https://packages.microsoft.com/ubuntu/24.04/prod noble/main amd64 Packages [21.0 kB]
2025-02-17T05:22:11.4852226Z Get:11 http://azure.archive.ubuntu.com/ubuntu noble-updates/main amd64 Packages [865 kB]
2025-02-17T05:22:11.4923407Z Get:12 http://azure.archive.ubuntu.com/ubuntu noble-updates/main amd64 Components [150 kB]
2025-02-17T05:22:11.4943669Z Get:13 http://azure.archive.ubuntu.com/ubuntu noble-updates/universe amd64 Packages [1014 kB]
2025-02-17T05:22:11.5025311Z Get:14 http://azure.archive.ubuntu.com/ubuntu noble-updates/universe amd64 Components [363 kB]
2025-02-17T05:22:11.5052246Z Get:15 http://azure.archive.ubuntu.com/ubuntu noble-updates/restricted amd64 Components [212 B]
2025-02-17T05:22:11.5062581Z Get:16 http://azure.archive.ubuntu.com/ubuntu noble-updates/multiverse amd64 Components [940 B]
2025-02-17T05:22:11.5411237Z Get:17 http://azure.archive.ubuntu.com/ubuntu noble-backports/main amd64 Components [208 B]
2025-02-17T05:22:11.5422906Z Get:18 http://azure.archive.ubuntu.com/ubuntu noble-backports/universe amd64 Components [17.6 kB]
2025-02-17T05:22:11.5434447Z Get:19 http://azure.archive.ubuntu.com/ubuntu noble-backports/restricted amd64 Components [216 B]
2025-02-17T05:22:11.5445482Z Get:20 http://azure.archive.ubuntu.com/ubuntu noble-backports/multiverse amd64 Components [212 B]
2025-02-17T05:22:11.6387910Z Get:21 http://azure.archive.ubuntu.com/ubuntu noble-security/main amd64 Packages [617 kB]
2025-02-17T05:22:11.6436226Z Get:22 http://azure.archive.ubuntu.com/ubuntu noble-security/main amd64 Components [9020 B]
2025-02-17T05:22:11.6450501Z Get:23 http://azure.archive.ubuntu.com/ubuntu noble-security/universe amd64 Packages [803 kB]
2025-02-17T05:22:11.6505234Z Get:24 http://azure.archive.ubuntu.com/ubuntu noble-security/universe amd64 Components [52.0 kB]
2025-02-17T05:22:11.6518727Z Get:25 http://azure.archive.ubuntu.com/ubuntu noble-security/restricted amd64 Components [212 B]
2025-02-17T05:22:11.6537537Z Get:26 http://azure.archive.ubuntu.com/ubuntu noble-security/multiverse amd64 Components [208 B]
2025-02-17T05:22:15.2333296Z Fetched 4317 kB in 1s (6025 kB/s)
2025-02-17T05:22:15.8507029Z Reading package lists...
2025-02-17T05:22:15.8829467Z Reading package lists...
2025-02-17T05:22:16.0235683Z Building dependency tree...
2025-02-17T05:22:16.0243198Z Reading state information...
2025-02-17T05:22:16.1757536Z The following additional packages will be installed:
2025-02-17T05:22:16.1758519Z   ca-certificates-java default-jre default-jre-headless dvisvgm
2025-02-17T05:22:16.1760036Z   fonts-droid-fallback fonts-lmodern fonts-noto-mono fonts-texgyre
2025-02-17T05:22:16.1760934Z   fonts-texgyre-math fonts-urw-base35 ghdl-common libapache-pom-java
2025-02-17T05:22:16.1762187Z   libatk-wrapper-java libatk-wrapper-java-jni libbit-vector-perl
2025-02-17T05:22:16.1763213Z   libcarp-clan-perl libcommons-logging-java libcommons-parent-java
2025-02-17T05:22:16.1764281Z   libcrypt-rc4-perl libdate-calc-perl libdate-calc-xs-perl libdate-manip-perl
2025-02-17T05:22:16.1765058Z   libdigest-perl-md5-perl libfontbox-java libgif7 libgnat-13 libgs-common
2025-02-17T05:22:16.1765661Z   libgs10 libgs10-common libgumbo2 libidn12 libijs-0.35 libio-stringy-perl
2025-02-17T05:22:16.1766271Z   libjbig2dec0 libjcode-pm-perl libkpathsea6 libmujs3 libole-storage-lite-perl
2025-02-17T05:22:16.1766845Z   libpaper-utils libpaper1 libparse-recdescent-perl libpcsclite1
2025-02-17T05:22:16.1767379Z   libpdfbox-java libpotrace0 libptexenc1 librsvg2-2 librsvg2-common
2025-02-17T05:22:16.1767972Z   libspreadsheet-parseexcel-perl libspreadsheet-writeexcel-perl libsynctex2
2025-02-17T05:22:16.1768593Z   libteckit0 libtexlua53-5 libunicode-map-perl libwoff1 libxcb-shape0 libxv1
2025-02-17T05:22:16.1769156Z   libxxf86dga1 libzzip-0-13t64 lmodern mupdf-tools openjdk-21-jre
2025-02-17T05:22:16.1769970Z   openjdk-21-jre-headless pandoc-data poppler-data preview-latex-style t1utils
2025-02-17T05:22:16.1770766Z   teckit tex-gyre texlive-base texlive-binaries texlive-fonts-recommended
2025-02-17T05:22:16.1771757Z   texlive-latex-base texlive-latex-extra texlive-latex-recommended
2025-02-17T05:22:16.1772714Z   texlive-pictures texlive-plain-generic tipa x11-utils xfonts-encodings
2025-02-17T05:22:16.1773547Z   xfonts-utils
2025-02-17T05:22:16.1773857Z Suggested packages:
2025-02-17T05:22:16.1774271Z   fonts-noto fonts-freefont-otf | fonts-freefont-ttf libavalon-framework-java
2025-02-17T05:22:16.1775034Z   libexcalibur-logkit-java liblog4j1.2-java pcscd libwww-perl libnss-mdns
2025-02-17T05:22:16.1775516Z   fonts-ipafont-gothic fonts-ipafont-mincho fonts-wqy-microhei
2025-02-17T05:22:16.1775958Z   | fonts-wqy-zenhei fonts-indic texlive-luatex pandoc-citeproc context
2025-02-17T05:22:16.1776533Z   wkhtmltopdf groff ghc nodejs python r-base-core libjs-mathjax libjs-katex
2025-02-17T05:22:16.1776983Z   citation-style-language-styles poppler-utils ghostscript
2025-02-17T05:22:16.1777412Z   fonts-japanese-mincho | fonts-ipafont-mincho fonts-japanese-gothic
2025-02-17T05:22:16.1777888Z   | fonts-ipafont-gothic fonts-arphic-ukai fonts-arphic-uming fonts-nanum gv
2025-02-17T05:22:16.1778373Z   | postscript-viewer perl-tk xpdf | pdf-viewer xzdec texlive-binaries-sse2
2025-02-17T05:22:16.1778851Z   hintview texlive-fonts-recommended-doc texlive-latex-base-doc wp2latex
2025-02-17T05:22:16.1779416Z   icc-profiles libfile-which-perl texlive-latex-extra-doc texlive-science
2025-02-17T05:22:16.1779883Z   texlive-latex-recommended-doc texlive-pstricks dot2tex prerex
2025-02-17T05:22:16.1780267Z   texlive-pictures-doc vprerex tipa-doc mesa-utils
2025-02-17T05:22:16.1780568Z Recommended packages:
2025-02-17T05:22:16.1780771Z   luit
2025-02-17T05:22:16.2155564Z The following NEW packages will be installed:
2025-02-17T05:22:16.2156467Z   ca-certificates-java default-jre default-jre-headless dvisvgm
2025-02-17T05:22:16.2157446Z   fonts-droid-fallback fonts-lmodern fonts-noto-mono fonts-texgyre
2025-02-17T05:22:16.2158549Z   fonts-texgyre-math fonts-urw-base35 ghdl-common ghdl-llvm libapache-pom-java
2025-02-17T05:22:16.2159640Z   libatk-wrapper-java libatk-wrapper-java-jni libbit-vector-perl
2025-02-17T05:22:16.2160629Z   libcarp-clan-perl libcommons-logging-java libcommons-parent-java
2025-02-17T05:22:16.2161704Z   libcrypt-rc4-perl libdate-calc-perl libdate-calc-xs-perl libdate-manip-perl
2025-02-17T05:22:16.2163089Z   libdigest-perl-md5-perl libfontbox-java libgif7 libgnat-13 libgs-common
2025-02-17T05:22:16.2164227Z   libgs10 libgs10-common libgumbo2 libidn12 libijs-0.35 libio-stringy-perl
2025-02-17T05:22:16.2165530Z   libjbig2dec0 libjcode-pm-perl libkpathsea6 libmujs3 libole-storage-lite-perl
2025-02-17T05:22:16.2166409Z   libpaper-utils libpaper1 libparse-recdescent-perl libpcsclite1
2025-02-17T05:22:16.2167073Z   libpdfbox-java libpotrace0 libptexenc1 librsvg2-2 librsvg2-bin
2025-02-17T05:22:16.2167541Z   librsvg2-common libspreadsheet-parseexcel-perl
2025-02-17T05:22:16.2168032Z   libspreadsheet-writeexcel-perl libsynctex2 libteckit0 libtexlua53-5
2025-02-17T05:22:16.2168589Z   libunicode-map-perl libwoff1 libxcb-shape0 libxv1 libxxf86dga1
2025-02-17T05:22:16.2169161Z   libzzip-0-13t64 lmodern mupdf-tools openjdk-21-jre openjdk-21-jre-headless
2025-02-17T05:22:16.2169759Z   pandoc pandoc-data poppler-data preview-latex-style t1utils teckit tex-gyre
2025-02-17T05:22:16.2170357Z   texlive-base texlive-binaries texlive-fonts-recommended texlive-latex-base
2025-02-17T05:22:16.2170934Z   texlive-latex-extra texlive-latex-recommended texlive-pictures
2025-02-17T05:22:16.2171464Z   texlive-plain-generic texlive-xetex tipa x11-utils xfonts-encodings
2025-02-17T05:22:16.2172073Z   xfonts-utils
2025-02-17T05:22:16.2354814Z 0 upgraded, 84 newly installed, 0 to remove and 22 not upgraded.
2025-02-17T05:22:16.2355413Z Need to get 320 MB of archives.
2025-02-17T05:22:16.2355802Z After this operation, 1112 MB of additional disk space will be used.
2025-02-17T05:22:16.2356215Z Get:1 file:/etc/apt/apt-mirrors.txt Mirrorlist [142 B]
2025-02-17T05:22:16.3499672Z Get:2 http://azure.archive.ubuntu.com/ubuntu noble/main amd64 fonts-droid-fallback all 1:6.0.1r16-1.1build1 [1805 kB]
2025-02-17T05:22:16.6052665Z Get:3 http://azure.archive.ubuntu.com/ubuntu noble/main amd64 poppler-data all 0.4.12-1 [2060 kB]
2025-02-17T05:22:16.9298199Z Get:4 http://azure.archive.ubuntu.com/ubuntu noble/main amd64 ca-certificates-java all 20240118 [11.6 kB]
2025-02-17T05:22:17.0150217Z Get:5 http://azure.archive.ubuntu.com/ubuntu noble/main amd64 libpcsclite1 amd64 2.0.3-1build1 [21.4 kB]
2025-02-17T05:22:17.0982627Z Get:6 http://azure.archive.ubuntu.com/ubuntu noble-updates/main amd64 openjdk-21-jre-headless amd64 21.0.6+7-1~24.04.1 [46.4 MB]
2025-02-17T05:22:19.1332146Z Get:7 http://azure.archive.ubuntu.com/ubuntu noble/main amd64 default-jre-headless amd64 2:1.21-75+exp1 [3094 B]
2025-02-17T05:22:19.2157975Z Get:8 http://azure.archive.ubuntu.com/ubuntu noble/main amd64 libgif7 amd64 5.2.2-1ubuntu1 [35.2 kB]
2025-02-17T05:22:19.2988341Z Get:9 http://azure.archive.ubuntu.com/ubuntu noble-updates/main amd64 openjdk-21-jre amd64 21.0.6+7-1~24.04.1 [227 kB]
2025-02-17T05:22:19.3866371Z Get:10 http://azure.archive.ubuntu.com/ubuntu noble/main amd64 default-jre amd64 2:1.21-75+exp1 [922 B]
2025-02-17T05:22:19.4690920Z Get:11 http://azure.archive.ubuntu.com/ubuntu noble/main amd64 xfonts-encodings all 1:1.0.5-0ubuntu2 [578 kB]
2025-02-17T05:22:19.6374627Z Get:12 http://azure.archive.ubuntu.com/ubuntu noble/main amd64 xfonts-utils amd64 1:7.7+6build3 [94.4 kB]
2025-02-17T05:22:19.7220028Z Get:13 http://azure.archive.ubuntu.com/ubuntu noble/main amd64 fonts-urw-base35 all 20200910-8 [11.0 MB]
2025-02-17T05:22:20.5337920Z Get:14 http://azure.archive.ubuntu.com/ubuntu noble-updates/main amd64 libgs-common all 10.02.1~dfsg1-0ubuntu7.4 [175 kB]
2025-02-17T05:22:20.7888970Z Get:15 http://azure.archive.ubuntu.com/ubuntu noble-updates/main amd64 libgs10-common all 10.02.1~dfsg1-0ubuntu7.4 [488 kB]
2025-02-17T05:22:21.0577363Z Get:16 http://azure.archive.ubuntu.com/ubuntu noble/main amd64 libidn12 amd64 1.42-1build1 [55.9 kB]
2025-02-17T05:22:21.1446840Z Get:17 http://azure.archive.ubuntu.com/ubuntu noble/main amd64 libijs-0.35 amd64 0.35-15.1build1 [15.3 kB]
2025-02-17T05:22:21.2276945Z Get:18 http://azure.archive.ubuntu.com/ubuntu noble/main amd64 libjbig2dec0 amd64 0.20-1build3 [65.0 kB]
2025-02-17T05:22:21.3156684Z Get:19 http://azure.archive.ubuntu.com/ubuntu noble/main amd64 libpaper1 amd64 1.1.29build1 [13.4 kB]
2025-02-17T05:22:21.3982669Z Get:20 http://azure.archive.ubuntu.com/ubuntu noble-updates/main amd64 libgs10 amd64 10.02.1~dfsg1-0ubuntu7.4 [3896 kB]
2025-02-17T05:22:21.9234466Z Get:21 http://azure.archive.ubuntu.com/ubuntu noble/main amd64 libkpathsea6 amd64 2023.20230311.66589-9build3 [63.0 kB]
2025-02-17T05:22:22.0066398Z Get:22 http://azure.archive.ubuntu.com/ubuntu noble/universe amd64 libpotrace0 amd64 1.16-2build1 [17.7 kB]
2025-02-17T05:22:22.0934170Z Get:23 http://azure.archive.ubuntu.com/ubuntu noble/main amd64 libwoff1 amd64 1.0.2-2build1 [45.3 kB]
2025-02-17T05:22:22.1877341Z Get:24 http://azure.archive.ubuntu.com/ubuntu noble/universe amd64 dvisvgm amd64 3.2.1+ds-1build1 [1042 kB]
2025-02-17T05:22:22.4347260Z Get:25 http://azure.archive.ubuntu.com/ubuntu noble/universe amd64 fonts-lmodern all 2.005-1 [4799 kB]
2025-02-17T05:22:22.9340157Z Get:26 http://azure.archive.ubuntu.com/ubuntu noble/main amd64 fonts-noto-mono all 20201225-2 [435 kB]
2025-02-17T05:22:23.0989739Z Get:27 http://azure.archive.ubuntu.com/ubuntu noble/universe amd64 fonts-texgyre all 20180621-6 [8350 kB]
2025-02-17T05:22:23.7635442Z Get:28 http://azure.archive.ubuntu.com/ubuntu noble/universe amd64 fonts-texgyre-math all 20180621-6 [2373 kB]
2025-02-17T05:22:24.1140051Z Get:29 http://azure.archive.ubuntu.com/ubuntu noble-updates/universe amd64 ghdl-common amd64 4.1.0+dfsg-0ubuntu2.1 [167 kB]
2025-02-17T05:22:24.2064924Z Get:30 http://azure.archive.ubuntu.com/ubuntu noble-updates/universe amd64 libgnat-13 amd64 13.3.0-6ubuntu2~24.04 [1430 kB]
2025-02-17T05:22:24.3931305Z Get:31 http://azure.archive.ubuntu.com/ubuntu noble-updates/universe amd64 ghdl-llvm amd64 4.1.0+dfsg-0ubuntu2.1 [3308 kB]
2025-02-17T05:22:24.6977596Z Get:32 http://azure.archive.ubuntu.com/ubuntu noble/universe amd64 libapache-pom-java all 29-2 [5284 B]
2025-02-17T05:22:24.7803210Z Get:33 http://azure.archive.ubuntu.com/ubuntu noble/main amd64 libxcb-shape0 amd64 1.15-1ubuntu2 [6100 B]
2025-02-17T05:22:24.8627152Z Get:34 http://azure.archive.ubuntu.com/ubuntu noble/main amd64 libxv1 amd64 2:1.0.11-1.1build1 [10.7 kB]
2025-02-17T05:22:24.9460649Z Get:35 http://azure.archive.ubuntu.com/ubuntu noble/main amd64 libxxf86dga1 amd64 2:1.1.5-1build1 [11.6 kB]
2025-02-17T05:22:25.0321996Z Get:36 http://azure.archive.ubuntu.com/ubuntu noble/main amd64 x11-utils amd64 7.7+6build2 [189 kB]
2025-02-17T05:22:25.1175870Z Get:37 http://azure.archive.ubuntu.com/ubuntu noble/main amd64 libatk-wrapper-java all 0.40.0-3build2 [54.3 kB]
2025-02-17T05:22:25.2015751Z Get:38 http://azure.archive.ubuntu.com/ubuntu noble/main amd64 libatk-wrapper-java-jni amd64 0.40.0-3build2 [46.4 kB]
2025-02-17T05:22:25.2859216Z Get:39 http://azure.archive.ubuntu.com/ubuntu noble/universe amd64 libcarp-clan-perl all 6.08-2 [11.9 kB]
2025-02-17T05:22:25.3732711Z Get:40 http://azure.archive.ubuntu.com/ubuntu noble/universe amd64 libbit-vector-perl amd64 7.4-3build1 [139 kB]
2025-02-17T05:22:25.4619314Z Get:41 http://azure.archive.ubuntu.com/ubuntu noble/universe amd64 libcommons-parent-java all 56-1 [10.7 kB]
2025-02-17T05:22:25.5477410Z Get:42 http://azure.archive.ubuntu.com/ubuntu noble/universe amd64 libcommons-logging-java all 1.3.0-1ubuntu1 [63.8 kB]
2025-02-17T05:22:25.6310375Z Get:43 http://azure.archive.ubuntu.com/ubuntu noble/universe amd64 libcrypt-rc4-perl all 2.02-5 [7064 B]
2025-02-17T05:22:25.7150780Z Get:44 http://azure.archive.ubuntu.com/ubuntu noble/universe amd64 libdate-calc-perl all 6.4-2 [187 kB]
2025-02-17T05:22:25.8058801Z Get:45 http://azure.archive.ubuntu.com/ubuntu noble/universe amd64 libdate-calc-xs-perl amd64 6.4-2build4 [46.8 kB]
2025-02-17T05:22:25.8894733Z Get:46 http://azure.archive.ubuntu.com/ubuntu noble/main amd64 libdate-manip-perl all 6.95-1 [923 kB]
2025-02-17T05:22:26.0631566Z Get:47 http://azure.archive.ubuntu.com/ubuntu noble/universe amd64 libdigest-perl-md5-perl all 1.9-5 [11.1 kB]
2025-02-17T05:22:26.1492730Z Get:48 http://azure.archive.ubuntu.com/ubuntu noble/universe amd64 libgumbo2 amd64 0.12.0+dfsg-2build1 [126 kB]
2025-02-17T05:22:26.2340629Z Get:49 http://azure.archive.ubuntu.com/ubuntu noble/main amd64 libio-stringy-perl all 2.111-3 [55.8 kB]
2025-02-17T05:22:26.3632743Z Get:50 http://azure.archive.ubuntu.com/ubuntu noble/universe amd64 libjcode-pm-perl amd64 2.06-1.1build1 [26.8 kB]
2025-02-17T05:22:26.4459888Z Get:51 http://azure.archive.ubuntu.com/ubuntu noble/universe amd64 libmujs3 amd64 1.3.3-3build2 [134 kB]
2025-02-17T05:22:26.5380501Z Get:52 http://azure.archive.ubuntu.com/ubuntu noble/universe amd64 libole-storage-lite-perl all 0.22-1 [21.6 kB]
2025-02-17T05:22:26.6244808Z Get:53 http://azure.archive.ubuntu.com/ubuntu noble/main amd64 libpaper-utils amd64 1.1.29build1 [8650 B]
2025-02-17T05:22:26.7333087Z Get:54 http://azure.archive.ubuntu.com/ubuntu noble/universe amd64 libparse-recdescent-perl all 1.967015+dfsg-4 [139 kB]
2025-02-17T05:22:26.8170418Z Get:55 http://azure.archive.ubuntu.com/ubuntu noble/main amd64 libptexenc1 amd64 2023.20230311.66589-9build3 [40.4 kB]
2025-02-17T05:22:26.9006991Z Get:56 http://azure.archive.ubuntu.com/ubuntu noble/main amd64 librsvg2-2 amd64 2.58.0+dfsg-1build1 [2135 kB]
2025-02-17T05:22:27.1688254Z Get:57 http://azure.archive.ubuntu.com/ubuntu noble/universe amd64 librsvg2-bin amd64 2.58.0+dfsg-1build1 [2299 kB]
2025-02-17T05:22:27.4186312Z Get:58 http://azure.archive.ubuntu.com/ubuntu noble/main amd64 librsvg2-common amd64 2.58.0+dfsg-1build1 [11.8 kB]
2025-02-17T05:22:27.5015294Z Get:59 http://azure.archive.ubuntu.com/ubuntu noble/universe amd64 libspreadsheet-writeexcel-perl all 2.40-4 [497 kB]
2025-02-17T05:22:27.6654788Z Get:60 http://azure.archive.ubuntu.com/ubuntu noble/universe amd64 libunicode-map-perl amd64 0.112-13build4 [203 kB]
2025-02-17T05:22:27.7543852Z Get:61 http://azure.archive.ubuntu.com/ubuntu noble/universe amd64 libspreadsheet-parseexcel-perl all 0.6600-1 [144 kB]
2025-02-17T05:22:27.8388695Z Get:62 http://azure.archive.ubuntu.com/ubuntu noble/main amd64 libsynctex2 amd64 2023.20230311.66589-9build3 [59.6 kB]
2025-02-17T05:22:27.9221029Z Get:63 http://azure.archive.ubuntu.com/ubuntu noble/universe amd64 libteckit0 amd64 2.5.12+ds1-1 [411 kB]
2025-02-17T05:22:28.0857547Z Get:64 http://azure.archive.ubuntu.com/ubuntu noble/main amd64 libtexlua53-5 amd64 2023.20230311.66589-9build3 [123 kB]
2025-02-17T05:22:28.1690516Z Get:65 http://azure.archive.ubuntu.com/ubuntu noble/universe amd64 libzzip-0-13t64 amd64 0.13.72+dfsg.1-1.2build1 [28.1 kB]
2025-02-17T05:22:28.2524718Z Get:66 http://azure.archive.ubuntu.com/ubuntu noble/universe amd64 lmodern all 2.005-1 [9542 kB]
2025-02-17T05:22:28.7944007Z Get:67 http://azure.archive.ubuntu.com/ubuntu noble/universe amd64 mupdf-tools amd64 1.23.10+ds1-1build3 [49.3 MB]
2025-02-17T05:22:30.9405615Z Get:68 http://azure.archive.ubuntu.com/ubuntu noble/universe amd64 pandoc-data all 3.1.3-1 [92.4 kB]
2025-02-17T05:22:31.0247421Z Get:69 http://azure.archive.ubuntu.com/ubuntu noble/universe amd64 pandoc amd64 3.1.3+ds-2 [26.9 MB]
2025-02-17T05:22:33.1013395Z Get:70 http://azure.archive.ubuntu.com/ubuntu noble/universe amd64 preview-latex-style all 13.2-1 [347 kB]
2025-02-17T05:22:33.1998596Z Get:71 http://azure.archive.ubuntu.com/ubuntu noble/main amd64 t1utils amd64 1.41-4build3 [61.3 kB]
2025-02-17T05:22:33.2883789Z Get:72 http://azure.archive.ubuntu.com/ubuntu noble/universe amd64 teckit amd64 2.5.12+ds1-1 [713 kB]
2025-02-17T05:22:33.4605129Z Get:73 http://azure.archive.ubuntu.com/ubuntu noble/universe amd64 tex-gyre all 20180621-6 [6396 kB]
2025-02-17T05:22:34.1166986Z Get:74 http://azure.archive.ubuntu.com/ubuntu noble/universe amd64 texlive-binaries amd64 2023.20230311.66589-9build3 [8529 kB]
2025-02-17T05:22:34.7817828Z Get:75 http://azure.archive.ubuntu.com/ubuntu noble/universe amd64 texlive-base all 2023.20240207-1 [21.7 MB]
2025-02-17T05:22:35.9180931Z Get:76 http://azure.archive.ubuntu.com/ubuntu noble/universe amd64 texlive-fonts-recommended all 2023.20240207-1 [4973 kB]
2025-02-17T05:22:36.4214567Z Get:77 http://azure.archive.ubuntu.com/ubuntu noble/universe amd64 texlive-latex-base all 2023.20240207-1 [1238 kB]
2025-02-17T05:22:36.6791737Z Get:78 http://azure.archive.ubuntu.com/ubuntu noble/universe amd64 libfontbox-java all 1:1.8.16-5 [208 kB]
2025-02-17T05:22:36.7819067Z Get:79 http://azure.archive.ubuntu.com/ubuntu noble/universe amd64 libpdfbox-java all 1:1.8.16-5 [5521 kB]
2025-02-17T05:22:37.2757130Z Get:80 http://azure.archive.ubuntu.com/ubuntu noble/universe amd64 texlive-latex-recommended all 2023.20240207-1 [8826 kB]
2025-02-17T05:22:38.0366227Z Get:81 http://azure.archive.ubuntu.com/ubuntu noble/universe amd64 texlive-pictures all 2023.20240207-1 [16.7 MB]
2025-02-17T05:22:39.0447130Z Get:82 http://azure.archive.ubuntu.com/ubuntu noble/universe amd64 texlive-latex-extra all 2023.20240207-1 [19.2 MB]
2025-02-17T05:22:40.0662067Z Get:83 http://azure.archive.ubuntu.com/ubuntu noble/universe amd64 texlive-plain-generic all 2023.20240207-1 [29.0 MB]
2025-02-17T05:22:41.4966392Z Get:84 http://azure.archive.ubuntu.com/ubuntu noble/universe amd64 tipa all 2:1.3-21 [2967 kB]
2025-02-17T05:22:41.9268451Z Get:85 http://azure.archive.ubuntu.com/ubuntu noble/universe amd64 texlive-xetex all 2023.20240207-1 [10.8 MB]
2025-02-17T05:22:42.9375480Z Preconfiguring packages ...
2025-02-17T05:22:43.0135226Z Fetched 320 MB in 26s (12.1 MB/s)
2025-02-17T05:22:43.0417817Z Selecting previously unselected package fonts-droid-fallback.
2025-02-17T05:22:43.0695424Z (Reading database ... 
2025-02-17T05:22:43.0695938Z (Reading database ... 5%
2025-02-17T05:22:43.0696417Z (Reading database ... 10%
2025-02-17T05:22:43.0696764Z (Reading database ... 15%
2025-02-17T05:22:43.0697121Z (Reading database ... 20%
2025-02-17T05:22:43.0697588Z (Reading database ... 25%
2025-02-17T05:22:43.0698028Z (Reading database ... 30%
2025-02-17T05:22:43.0698467Z (Reading database ... 35%
2025-02-17T05:22:43.0698826Z (Reading database ... 40%
2025-02-17T05:22:43.0699097Z (Reading database ... 45%
2025-02-17T05:22:43.0699378Z (Reading database ... 50%
2025-02-17T05:22:43.0926562Z (Reading database ... 55%
2025-02-17T05:22:43.2558280Z (Reading database ... 60%
2025-02-17T05:22:43.3025879Z (Reading database ... 65%
2025-02-17T05:22:43.3459670Z (Reading database ... 70%
2025-02-17T05:22:43.3834841Z (Reading database ... 75%
2025-02-17T05:22:43.4354527Z (Reading database ... 80%
2025-02-17T05:22:43.5229656Z (Reading database ... 85%
2025-02-17T05:22:43.6096784Z (Reading database ... 90%
2025-02-17T05:22:43.6741301Z (Reading database ... 95%
2025-02-17T05:22:43.6741749Z (Reading database ... 100%
2025-02-17T05:22:43.6742512Z (Reading database ... 220710 files and directories currently installed.)
2025-02-17T05:22:43.6789241Z Preparing to unpack .../00-fonts-droid-fallback_1%3a6.0.1r16-1.1build1_all.deb ...
2025-02-17T05:22:43.7058264Z Unpacking fonts-droid-fallback (1:6.0.1r16-1.1build1) ...
2025-02-17T05:22:43.8617058Z Selecting previously unselected package poppler-data.
2025-02-17T05:22:43.8752547Z Preparing to unpack .../01-poppler-data_0.4.12-1_all.deb ...
2025-02-17T05:22:43.8767556Z Unpacking poppler-data (0.4.12-1) ...
2025-02-17T05:22:44.0194169Z Selecting previously unselected package ca-certificates-java.
2025-02-17T05:22:44.0330537Z Preparing to unpack .../02-ca-certificates-java_20240118_all.deb ...
2025-02-17T05:22:44.0368563Z Unpacking ca-certificates-java (20240118) ...
2025-02-17T05:22:44.0687628Z Selecting previously unselected package libpcsclite1:amd64.
2025-02-17T05:22:44.0827350Z Preparing to unpack .../03-libpcsclite1_2.0.3-1build1_amd64.deb ...
2025-02-17T05:22:44.0864958Z Unpacking libpcsclite1:amd64 (2.0.3-1build1) ...
2025-02-17T05:22:44.1126719Z Selecting previously unselected package openjdk-21-jre-headless:amd64.
2025-02-17T05:22:44.1262200Z Preparing to unpack .../04-openjdk-21-jre-headless_21.0.6+7-1~24.04.1_amd64.deb ...
2025-02-17T05:22:44.1277018Z Unpacking openjdk-21-jre-headless:amd64 (21.0.6+7-1~24.04.1) ...
2025-02-17T05:22:44.8695974Z Selecting previously unselected package default-jre-headless.
2025-02-17T05:22:44.8832135Z Preparing to unpack .../05-default-jre-headless_2%3a1.21-75+exp1_amd64.deb ...
2025-02-17T05:22:44.8848098Z Unpacking default-jre-headless (2:1.21-75+exp1) ...
2025-02-17T05:22:44.9093755Z Selecting previously unselected package libgif7:amd64.
2025-02-17T05:22:44.9230749Z Preparing to unpack .../06-libgif7_5.2.2-1ubuntu1_amd64.deb ...
2025-02-17T05:22:44.9244413Z Unpacking libgif7:amd64 (5.2.2-1ubuntu1) ...
2025-02-17T05:22:44.9508068Z Selecting previously unselected package openjdk-21-jre:amd64.
2025-02-17T05:22:44.9643743Z Preparing to unpack .../07-openjdk-21-jre_21.0.6+7-1~24.04.1_amd64.deb ...
2025-02-17T05:22:44.9663963Z Unpacking openjdk-21-jre:amd64 (21.0.6+7-1~24.04.1) ...
2025-02-17T05:22:45.0179058Z Selecting previously unselected package default-jre.
2025-02-17T05:22:45.0314248Z Preparing to unpack .../08-default-jre_2%3a1.21-75+exp1_amd64.deb ...
2025-02-17T05:22:45.0324236Z Unpacking default-jre (2:1.21-75+exp1) ...
2025-02-17T05:22:45.0536128Z Selecting previously unselected package xfonts-encodings.
2025-02-17T05:22:45.0673093Z Preparing to unpack .../09-xfonts-encodings_1%3a1.0.5-0ubuntu2_all.deb ...
2025-02-17T05:22:45.0686352Z Unpacking xfonts-encodings (1:1.0.5-0ubuntu2) ...
2025-02-17T05:22:45.1069148Z Selecting previously unselected package xfonts-utils.
2025-02-17T05:22:45.1204182Z Preparing to unpack .../10-xfonts-utils_1%3a7.7+6build3_amd64.deb ...
2025-02-17T05:22:45.1216450Z Unpacking xfonts-utils (1:7.7+6build3) ...
2025-02-17T05:22:45.1662336Z Selecting previously unselected package fonts-urw-base35.
2025-02-17T05:22:45.1796003Z Preparing to unpack .../11-fonts-urw-base35_20200910-8_all.deb ...
2025-02-17T05:22:45.2461045Z Unpacking fonts-urw-base35 (20200910-8) ...
2025-02-17T05:22:45.3431637Z Selecting previously unselected package libgs-common.
2025-02-17T05:22:45.3569417Z Preparing to unpack .../12-libgs-common_10.02.1~dfsg1-0ubuntu7.4_all.deb ...
2025-02-17T05:22:45.3582233Z Unpacking libgs-common (10.02.1~dfsg1-0ubuntu7.4) ...
2025-02-17T05:22:45.3846820Z Selecting previously unselected package libgs10-common.
2025-02-17T05:22:45.3982764Z Preparing to unpack .../13-libgs10-common_10.02.1~dfsg1-0ubuntu7.4_all.deb ...
2025-02-17T05:22:45.4002729Z Unpacking libgs10-common (10.02.1~dfsg1-0ubuntu7.4) ...
2025-02-17T05:22:45.4719689Z Selecting previously unselected package libidn12:amd64.
2025-02-17T05:22:45.4855590Z Preparing to unpack .../14-libidn12_1.42-1build1_amd64.deb ...
2025-02-17T05:22:45.4868706Z Unpacking libidn12:amd64 (1.42-1build1) ...
2025-02-17T05:22:45.5109909Z Selecting previously unselected package libijs-0.35:amd64.
2025-02-17T05:22:45.5245687Z Preparing to unpack .../15-libijs-0.35_0.35-15.1build1_amd64.deb ...
2025-02-17T05:22:45.5259577Z Unpacking libijs-0.35:amd64 (0.35-15.1build1) ...
2025-02-17T05:22:45.5497782Z Selecting previously unselected package libjbig2dec0:amd64.
2025-02-17T05:22:45.5633677Z Preparing to unpack .../16-libjbig2dec0_0.20-1build3_amd64.deb ...
2025-02-17T05:22:45.5645212Z Unpacking libjbig2dec0:amd64 (0.20-1build3) ...
2025-02-17T05:22:45.5926324Z Selecting previously unselected package libpaper1:amd64.
2025-02-17T05:22:45.6061399Z Preparing to unpack .../17-libpaper1_1.1.29build1_amd64.deb ...
2025-02-17T05:22:45.6073918Z Unpacking libpaper1:amd64 (1.1.29build1) ...
2025-02-17T05:22:45.6322182Z Selecting previously unselected package libgs10:amd64.
2025-02-17T05:22:45.6460232Z Preparing to unpack .../18-libgs10_10.02.1~dfsg1-0ubuntu7.4_amd64.deb ...
2025-02-17T05:22:45.6475959Z Unpacking libgs10:amd64 (10.02.1~dfsg1-0ubuntu7.4) ...
2025-02-17T05:22:45.7746809Z Selecting previously unselected package libkpathsea6:amd64.
2025-02-17T05:22:45.7932040Z Preparing to unpack .../19-libkpathsea6_2023.20230311.66589-9build3_amd64.deb ...
2025-02-17T05:22:45.7942625Z Unpacking libkpathsea6:amd64 (2023.20230311.66589-9build3) ...
2025-02-17T05:22:45.8186006Z Selecting previously unselected package libpotrace0:amd64.
2025-02-17T05:22:45.8322134Z Preparing to unpack .../20-libpotrace0_1.16-2build1_amd64.deb ...
2025-02-17T05:22:45.8334216Z Unpacking libpotrace0:amd64 (1.16-2build1) ...
2025-02-17T05:22:45.8554867Z Selecting previously unselected package libwoff1:amd64.
2025-02-17T05:22:45.8690946Z Preparing to unpack .../21-libwoff1_1.0.2-2build1_amd64.deb ...
2025-02-17T05:22:45.8704423Z Unpacking libwoff1:amd64 (1.0.2-2build1) ...
2025-02-17T05:22:45.8938928Z Selecting previously unselected package dvisvgm.
2025-02-17T05:22:45.9073810Z Preparing to unpack .../22-dvisvgm_3.2.1+ds-1build1_amd64.deb ...
2025-02-17T05:22:45.9084962Z Unpacking dvisvgm (3.2.1+ds-1build1) ...
2025-02-17T05:22:45.9434921Z Selecting previously unselected package fonts-lmodern.
2025-02-17T05:22:45.9569931Z Preparing to unpack .../23-fonts-lmodern_2.005-1_all.deb ...
2025-02-17T05:22:45.9583328Z Unpacking fonts-lmodern (2.005-1) ...
2025-02-17T05:22:46.0423598Z Selecting previously unselected package fonts-noto-mono.
2025-02-17T05:22:46.0561629Z Preparing to unpack .../24-fonts-noto-mono_20201225-2_all.deb ...
2025-02-17T05:22:46.0572841Z Unpacking fonts-noto-mono (20201225-2) ...
2025-02-17T05:22:46.0927542Z Selecting previously unselected package fonts-texgyre.
2025-02-17T05:22:46.1063340Z Preparing to unpack .../25-fonts-texgyre_20180621-6_all.deb ...
2025-02-17T05:22:46.1075146Z Unpacking fonts-texgyre (20180621-6) ...
2025-02-17T05:22:46.1939238Z Selecting previously unselected package fonts-texgyre-math.
2025-02-17T05:22:46.2077519Z Preparing to unpack .../26-fonts-texgyre-math_20180621-6_all.deb ...
2025-02-17T05:22:46.2092237Z Unpacking fonts-texgyre-math (20180621-6) ...
2025-02-17T05:22:46.2681657Z Selecting previously unselected package ghdl-common.
2025-02-17T05:22:46.2816853Z Preparing to unpack .../27-ghdl-common_4.1.0+dfsg-0ubuntu2.1_amd64.deb ...
2025-02-17T05:22:46.2827485Z Unpacking ghdl-common (4.1.0+dfsg-0ubuntu2.1) ...
2025-02-17T05:22:46.3281175Z Selecting previously unselected package libgnat-13:amd64.
2025-02-17T05:22:46.3415973Z Preparing to unpack .../28-libgnat-13_13.3.0-6ubuntu2~24.04_amd64.deb ...
2025-02-17T05:22:46.3428315Z Unpacking libgnat-13:amd64 (13.3.0-6ubuntu2~24.04) ...
2025-02-17T05:22:46.3929275Z Selecting previously unselected package ghdl-llvm.
2025-02-17T05:22:46.4067414Z Preparing to unpack .../29-ghdl-llvm_4.1.0+dfsg-0ubuntu2.1_amd64.deb ...
2025-02-17T05:22:46.4136666Z Unpacking ghdl-llvm (4.1.0+dfsg-0ubuntu2.1) ...
2025-02-17T05:22:46.5024785Z Selecting previously unselected package libapache-pom-java.
2025-02-17T05:22:46.5161359Z Preparing to unpack .../30-libapache-pom-java_29-2_all.deb ...
2025-02-17T05:22:46.5175305Z Unpacking libapache-pom-java (29-2) ...
2025-02-17T05:22:46.5680705Z Selecting previously unselected package libxcb-shape0:amd64.
2025-02-17T05:22:46.5816305Z Preparing to unpack .../31-libxcb-shape0_1.15-1ubuntu2_amd64.deb ...
2025-02-17T05:22:46.5830485Z Unpacking libxcb-shape0:amd64 (1.15-1ubuntu2) ...
2025-02-17T05:22:46.6095496Z Selecting previously unselected package libxv1:amd64.
2025-02-17T05:22:46.6232605Z Preparing to unpack .../32-libxv1_2%3a1.0.11-1.1build1_amd64.deb ...
2025-02-17T05:22:46.6245596Z Unpacking libxv1:amd64 (2:1.0.11-1.1build1) ...
2025-02-17T05:22:46.6562208Z Selecting previously unselected package libxxf86dga1:amd64.
2025-02-17T05:22:46.6698765Z Preparing to unpack .../33-libxxf86dga1_2%3a1.1.5-1build1_amd64.deb ...
2025-02-17T05:22:46.6713043Z Unpacking libxxf86dga1:amd64 (2:1.1.5-1build1) ...
2025-02-17T05:22:46.6973284Z Selecting previously unselected package x11-utils.
2025-02-17T05:22:46.7110579Z Preparing to unpack .../34-x11-utils_7.7+6build2_amd64.deb ...
2025-02-17T05:22:46.7132422Z Unpacking x11-utils (7.7+6build2) ...
2025-02-17T05:22:46.7651754Z Selecting previously unselected package libatk-wrapper-java.
2025-02-17T05:22:46.7788938Z Preparing to unpack .../35-libatk-wrapper-java_0.40.0-3build2_all.deb ...
2025-02-17T05:22:46.7804589Z Unpacking libatk-wrapper-java (0.40.0-3build2) ...
2025-02-17T05:22:46.8049540Z Selecting previously unselected package libatk-wrapper-java-jni:amd64.
2025-02-17T05:22:46.8186248Z Preparing to unpack .../36-libatk-wrapper-java-jni_0.40.0-3build2_amd64.deb ...
2025-02-17T05:22:46.8198244Z Unpacking libatk-wrapper-java-jni:amd64 (0.40.0-3build2) ...
2025-02-17T05:22:46.8433334Z Selecting previously unselected package libcarp-clan-perl.
2025-02-17T05:22:46.8574062Z Preparing to unpack .../37-libcarp-clan-perl_6.08-2_all.deb ...
2025-02-17T05:22:46.8588897Z Unpacking libcarp-clan-perl (6.08-2) ...
2025-02-17T05:22:46.8827471Z Selecting previously unselected package libbit-vector-perl:amd64.
2025-02-17T05:22:46.8963966Z Preparing to unpack .../38-libbit-vector-perl_7.4-3build1_amd64.deb ...
2025-02-17T05:22:46.8978213Z Unpacking libbit-vector-perl:amd64 (7.4-3build1) ...
2025-02-17T05:22:46.9269559Z Selecting previously unselected package libcommons-parent-java.
2025-02-17T05:22:46.9405281Z Preparing to unpack .../39-libcommons-parent-java_56-1_all.deb ...
2025-02-17T05:22:46.9420586Z Unpacking libcommons-parent-java (56-1) ...
2025-02-17T05:22:46.9667824Z Selecting previously unselected package libcommons-logging-java.
2025-02-17T05:22:46.9804726Z Preparing to unpack .../40-libcommons-logging-java_1.3.0-1ubuntu1_all.deb ...
2025-02-17T05:22:46.9824351Z Unpacking libcommons-logging-java (1.3.0-1ubuntu1) ...
2025-02-17T05:22:47.0062590Z Selecting previously unselected package libcrypt-rc4-perl.
2025-02-17T05:22:47.0198947Z Preparing to unpack .../41-libcrypt-rc4-perl_2.02-5_all.deb ...
2025-02-17T05:22:47.0214667Z Unpacking libcrypt-rc4-perl (2.02-5) ...
2025-02-17T05:22:47.0454702Z Selecting previously unselected package libdate-calc-perl.
2025-02-17T05:22:47.0593232Z Preparing to unpack .../42-libdate-calc-perl_6.4-2_all.deb ...
2025-02-17T05:22:47.0607670Z Unpacking libdate-calc-perl (6.4-2) ...
2025-02-17T05:22:47.0972299Z Selecting previously unselected package libdate-calc-xs-perl:amd64.
2025-02-17T05:22:47.1155942Z Preparing to unpack .../43-libdate-calc-xs-perl_6.4-2build4_amd64.deb ...
2025-02-17T05:22:47.1178537Z Unpacking libdate-calc-xs-perl:amd64 (6.4-2build4) ...
2025-02-17T05:22:47.1506792Z Selecting previously unselected package libdate-manip-perl.
2025-02-17T05:22:47.1686198Z Preparing to unpack .../44-libdate-manip-perl_6.95-1_all.deb ...
2025-02-17T05:22:47.1706719Z Unpacking libdate-manip-perl (6.95-1) ...
2025-02-17T05:22:47.3803556Z Selecting previously unselected package libdigest-perl-md5-perl.
2025-02-17T05:22:47.3942210Z Preparing to unpack .../45-libdigest-perl-md5-perl_1.9-5_all.deb ...
2025-02-17T05:22:47.3960732Z Unpacking libdigest-perl-md5-perl (1.9-5) ...
2025-02-17T05:22:47.4237060Z Selecting previously unselected package libgumbo2:amd64.
2025-02-17T05:22:47.4373374Z Preparing to unpack .../46-libgumbo2_0.12.0+dfsg-2build1_amd64.deb ...
2025-02-17T05:22:47.4391159Z Unpacking libgumbo2:amd64 (0.12.0+dfsg-2build1) ...
2025-02-17T05:22:47.4656869Z Selecting previously unselected package libio-stringy-perl.
2025-02-17T05:22:47.4795020Z Preparing to unpack .../47-libio-stringy-perl_2.111-3_all.deb ...
2025-02-17T05:22:47.4810831Z Unpacking libio-stringy-perl (2.111-3) ...
2025-02-17T05:22:47.5102933Z Selecting previously unselected package libjcode-pm-perl.
2025-02-17T05:22:47.5240270Z Preparing to unpack .../48-libjcode-pm-perl_2.06-1.1build1_amd64.deb ...
2025-02-17T05:22:47.5265463Z Unpacking libjcode-pm-perl (2.06-1.1build1) ...
2025-02-17T05:22:47.5524345Z Selecting previously unselected package libmujs3:amd64.
2025-02-17T05:22:47.5661524Z Preparing to unpack .../49-libmujs3_1.3.3-3build2_amd64.deb ...
2025-02-17T05:22:47.5676231Z Unpacking libmujs3:amd64 (1.3.3-3build2) ...
2025-02-17T05:22:47.5917853Z Selecting previously unselected package libole-storage-lite-perl.
2025-02-17T05:22:47.6054093Z Preparing to unpack .../50-libole-storage-lite-perl_0.22-1_all.deb ...
2025-02-17T05:22:47.6069151Z Unpacking libole-storage-lite-perl (0.22-1) ...
2025-02-17T05:22:47.6307838Z Selecting previously unselected package libpaper-utils.
2025-02-17T05:22:47.6446388Z Preparing to unpack .../51-libpaper-utils_1.1.29build1_amd64.deb ...
2025-02-17T05:22:47.6459372Z Unpacking libpaper-utils (1.1.29build1) ...
2025-02-17T05:22:47.6686042Z Selecting previously unselected package libparse-recdescent-perl.
2025-02-17T05:22:47.6822267Z Preparing to unpack .../52-libparse-recdescent-perl_1.967015+dfsg-4_all.deb ...
2025-02-17T05:22:47.6831737Z Unpacking libparse-recdescent-perl (1.967015+dfsg-4) ...
2025-02-17T05:22:47.7205025Z Selecting previously unselected package libptexenc1:amd64.
2025-02-17T05:22:47.7340601Z Preparing to unpack .../53-libptexenc1_2023.20230311.66589-9build3_amd64.deb ...
2025-02-17T05:22:47.7353911Z Unpacking libptexenc1:amd64 (2023.20230311.66589-9build3) ...
2025-02-17T05:22:47.7620705Z Selecting previously unselected package librsvg2-2:amd64.
2025-02-17T05:22:47.7756627Z Preparing to unpack .../54-librsvg2-2_2.58.0+dfsg-1build1_amd64.deb ...
2025-02-17T05:22:47.7774239Z Unpacking librsvg2-2:amd64 (2.58.0+dfsg-1build1) ...
2025-02-17T05:22:47.8364640Z Selecting previously unselected package librsvg2-bin.
2025-02-17T05:22:47.8501796Z Preparing to unpack .../55-librsvg2-bin_2.58.0+dfsg-1build1_amd64.deb ...
2025-02-17T05:22:47.8515433Z Unpacking librsvg2-bin (2.58.0+dfsg-1build1) ...
2025-02-17T05:22:47.9115499Z Selecting previously unselected package librsvg2-common:amd64.
2025-02-17T05:22:47.9255475Z Preparing to unpack .../56-librsvg2-common_2.58.0+dfsg-1build1_amd64.deb ...
2025-02-17T05:22:47.9273391Z Unpacking librsvg2-common:amd64 (2.58.0+dfsg-1build1) ...
2025-02-17T05:22:47.9560722Z Selecting previously unselected package libspreadsheet-writeexcel-perl.
2025-02-17T05:22:47.9695993Z Preparing to unpack .../57-libspreadsheet-writeexcel-perl_2.40-4_all.deb ...
2025-02-17T05:22:47.9713505Z Unpacking libspreadsheet-writeexcel-perl (2.40-4) ...
2025-02-17T05:22:48.0322505Z Selecting previously unselected package libunicode-map-perl.
2025-02-17T05:22:48.0458146Z Preparing to unpack .../58-libunicode-map-perl_0.112-13build4_amd64.deb ...
2025-02-17T05:22:48.0478693Z Unpacking libunicode-map-perl (0.112-13build4) ...
2025-02-17T05:22:48.0920181Z Selecting previously unselected package libspreadsheet-parseexcel-perl.
2025-02-17T05:22:48.1056777Z Preparing to unpack .../59-libspreadsheet-parseexcel-perl_0.6600-1_all.deb ...
2025-02-17T05:22:48.1072700Z Unpacking libspreadsheet-parseexcel-perl (0.6600-1) ...
2025-02-17T05:22:48.1464028Z Selecting previously unselected package libsynctex2:amd64.
2025-02-17T05:22:48.1605684Z Preparing to unpack .../60-libsynctex2_2023.20230311.66589-9build3_amd64.deb ...
2025-02-17T05:22:48.1622552Z Unpacking libsynctex2:amd64 (2023.20230311.66589-9build3) ...
2025-02-17T05:22:48.1905763Z Selecting previously unselected package libteckit0:amd64.
2025-02-17T05:22:48.2041130Z Preparing to unpack .../61-libteckit0_2.5.12+ds1-1_amd64.deb ...
2025-02-17T05:22:48.2052930Z Unpacking libteckit0:amd64 (2.5.12+ds1-1) ...
2025-02-17T05:22:48.3527805Z Selecting previously unselected package libtexlua53-5:amd64.
2025-02-17T05:22:48.3678308Z Preparing to unpack .../62-libtexlua53-5_2023.20230311.66589-9build3_amd64.deb ...
2025-02-17T05:22:48.3694168Z Unpacking libtexlua53-5:amd64 (2023.20230311.66589-9build3) ...
2025-02-17T05:22:48.3971740Z Selecting previously unselected package libzzip-0-13t64:amd64.
2025-02-17T05:22:48.4108858Z Preparing to unpack .../63-libzzip-0-13t64_0.13.72+dfsg.1-1.2build1_amd64.deb ...
2025-02-17T05:22:48.4128662Z Unpacking libzzip-0-13t64:amd64 (0.13.72+dfsg.1-1.2build1) ...
2025-02-17T05:22:48.4439703Z Selecting previously unselected package lmodern.
2025-02-17T05:22:48.4577194Z Preparing to unpack .../64-lmodern_2.005-1_all.deb ...
2025-02-17T05:22:48.4593453Z Unpacking lmodern (2.005-1) ...
2025-02-17T05:22:48.7299853Z Selecting previously unselected package mupdf-tools.
2025-02-17T05:22:48.7439293Z Preparing to unpack .../65-mupdf-tools_1.23.10+ds1-1build3_amd64.deb ...
2025-02-17T05:22:48.7452099Z Unpacking mupdf-tools (1.23.10+ds1-1build3) ...
2025-02-17T05:22:49.1524078Z Selecting previously unselected package pandoc-data.
2025-02-17T05:22:49.1660742Z Preparing to unpack .../66-pandoc-data_3.1.3-1_all.deb ...
2025-02-17T05:22:49.1680728Z Unpacking pandoc-data (3.1.3-1) ...
2025-02-17T05:22:49.2261810Z Selecting previously unselected package pandoc.
2025-02-17T05:22:49.2400250Z Preparing to unpack .../67-pandoc_3.1.3+ds-2_amd64.deb ...
2025-02-17T05:22:49.2413561Z Unpacking pandoc (3.1.3+ds-2) ...
2025-02-17T05:22:49.9747803Z Selecting previously unselected package preview-latex-style.
2025-02-17T05:22:49.9885933Z Preparing to unpack .../68-preview-latex-style_13.2-1_all.deb ...
2025-02-17T05:22:49.9897007Z Unpacking preview-latex-style (13.2-1) ...
2025-02-17T05:22:50.0193095Z Selecting previously unselected package t1utils.
2025-02-17T05:22:50.0330255Z Preparing to unpack .../69-t1utils_1.41-4build3_amd64.deb ...
2025-02-17T05:22:50.0347031Z Unpacking t1utils (1.41-4build3) ...
2025-02-17T05:22:50.0632827Z Selecting previously unselected package teckit.
2025-02-17T05:22:50.0770951Z Preparing to unpack .../70-teckit_2.5.12+ds1-1_amd64.deb ...
2025-02-17T05:22:50.0786693Z Unpacking teckit (2.5.12+ds1-1) ...
2025-02-17T05:22:50.1127439Z Selecting previously unselected package tex-gyre.
2025-02-17T05:22:50.1263749Z Preparing to unpack .../71-tex-gyre_20180621-6_all.deb ...
2025-02-17T05:22:50.1282919Z Unpacking tex-gyre (20180621-6) ...
2025-02-17T05:22:50.3399846Z Selecting previously unselected package texlive-binaries.
2025-02-17T05:22:50.3540831Z Preparing to unpack .../72-texlive-binaries_2023.20230311.66589-9build3_amd64.deb ...
2025-02-17T05:22:50.3614259Z Unpacking texlive-binaries (2023.20230311.66589-9build3) ...
2025-02-17T05:22:50.5917998Z Selecting previously unselected package texlive-base.
2025-02-17T05:22:50.6054636Z Preparing to unpack .../73-texlive-base_2023.20240207-1_all.deb ...
2025-02-17T05:22:50.6073319Z Unpacking texlive-base (2023.20240207-1) ...
2025-02-17T05:22:51.8888055Z Selecting previously unselected package texlive-fonts-recommended.
2025-02-17T05:22:51.9038119Z Preparing to unpack .../74-texlive-fonts-recommended_2023.20240207-1_all.deb ...
2025-02-17T05:22:51.9086199Z Unpacking texlive-fonts-recommended (2023.20240207-1) ...
2025-02-17T05:22:52.3971385Z Selecting previously unselected package texlive-latex-base.
2025-02-17T05:22:52.4121424Z Preparing to unpack .../75-texlive-latex-base_2023.20240207-1_all.deb ...
2025-02-17T05:22:52.4131536Z Unpacking texlive-latex-base (2023.20240207-1) ...
2025-02-17T05:22:52.8145975Z Selecting previously unselected package libfontbox-java.
2025-02-17T05:22:52.8294716Z Preparing to unpack .../76-libfontbox-java_1%3a1.8.16-5_all.deb ...
2025-02-17T05:22:52.8315254Z Unpacking libfontbox-java (1:1.8.16-5) ...
2025-02-17T05:22:52.8589389Z Selecting previously unselected package libpdfbox-java.
2025-02-17T05:22:52.8730664Z Preparing to unpack .../77-libpdfbox-java_1%3a1.8.16-5_all.deb ...
2025-02-17T05:22:52.8749027Z Unpacking libpdfbox-java (1:1.8.16-5) ...
2025-02-17T05:22:52.9279906Z Selecting previously unselected package texlive-latex-recommended.
2025-02-17T05:22:52.9421521Z Preparing to unpack .../78-texlive-latex-recommended_2023.20240207-1_all.deb ...
2025-02-17T05:22:52.9440350Z Unpacking texlive-latex-recommended (2023.20240207-1) ...
2025-02-17T05:22:53.6587893Z Selecting previously unselected package texlive-pictures.
2025-02-17T05:22:53.6738823Z Preparing to unpack .../79-texlive-pictures_2023.20240207-1_all.deb ...
2025-02-17T05:22:53.6759034Z Unpacking texlive-pictures (2023.20240207-1) ...
2025-02-17T05:22:54.8024759Z Selecting previously unselected package texlive-latex-extra.
2025-02-17T05:22:54.8187565Z Preparing to unpack .../80-texlive-latex-extra_2023.20240207-1_all.deb ...
2025-02-17T05:22:54.8200516Z Unpacking texlive-latex-extra (2023.20240207-1) ...
2025-02-17T05:22:56.2742115Z Selecting previously unselected package texlive-plain-generic.
2025-02-17T05:22:56.2920359Z Preparing to unpack .../81-texlive-plain-generic_2023.20240207-1_all.deb ...
2025-02-17T05:22:56.2934240Z Unpacking texlive-plain-generic (2023.20240207-1) ...
2025-02-17T05:22:59.0328724Z Selecting previously unselected package tipa.
2025-02-17T05:22:59.0537491Z Preparing to unpack .../82-tipa_2%3a1.3-21_all.deb ...
2025-02-17T05:22:59.0619415Z Unpacking tipa (2:1.3-21) ...
2025-02-17T05:22:59.2801256Z Selecting previously unselected package texlive-xetex.
2025-02-17T05:22:59.2960275Z Preparing to unpack .../83-texlive-xetex_2023.20240207-1_all.deb ...
2025-02-17T05:22:59.2970929Z Unpacking texlive-xetex (2023.20240207-1) ...
2025-02-17T05:22:59.8801064Z Setting up libjcode-pm-perl (2.06-1.1build1) ...
2025-02-17T05:22:59.8838466Z Setting up libpaper1:amd64 (1.1.29build1) ...
2025-02-17T05:23:00.0133437Z 
2025-02-17T05:23:00.0133973Z Creating config file /etc/papersize with new version
2025-02-17T05:23:00.0592067Z Setting up ghdl-common (4.1.0+dfsg-0ubuntu2.1) ...
2025-02-17T05:23:00.0629017Z Setting up fonts-noto-mono (20201225-2) ...
2025-02-17T05:23:00.0680948Z Setting up fonts-texgyre-math (20180621-6) ...
2025-02-17T05:23:00.0727976Z Setting up libwoff1:amd64 (1.0.2-2build1) ...
2025-02-17T05:23:00.0761813Z Setting up libmujs3:amd64 (1.3.3-3build2) ...
2025-02-17T05:23:00.0797219Z Setting up libio-stringy-perl (2.111-3) ...
2025-02-17T05:23:00.0901211Z Setting up libijs-0.35:amd64 (0.35-15.1build1) ...
2025-02-17T05:23:00.0945976Z Setting up preview-latex-style (13.2-1) ...
2025-02-17T05:23:00.1228366Z Setting up libgs-common (10.02.1~dfsg1-0ubuntu7.4) ...
2025-02-17T05:23:00.1258399Z Setting up libfontbox-java (1:1.8.16-5) ...
2025-02-17T05:23:00.1296088Z Setting up libxcb-shape0:amd64 (1.15-1ubuntu2) ...
2025-02-17T05:23:00.1327478Z Setting up libxxf86dga1:amd64 (2:1.1.5-1build1) ...
2025-02-17T05:23:00.1371734Z Setting up libpaper-utils (1.1.29build1) ...
2025-02-17T05:23:00.1420949Z Setting up poppler-data (0.4.12-1) ...
2025-02-17T05:23:00.1530139Z Setting up librsvg2-2:amd64 (2.58.0+dfsg-1build1) ...
2025-02-17T05:23:00.1563723Z Setting up libdigest-perl-md5-perl (1.9-5) ...
2025-02-17T05:23:00.1609521Z Setting up libunicode-map-perl (0.112-13build4) ...
2025-02-17T05:23:00.1653878Z Setting up libzzip-0-13t64:amd64 (0.13.72+dfsg.1-1.2build1) ...
2025-02-17T05:23:00.1709103Z Setting up libjbig2dec0:amd64 (0.20-1build3) ...
2025-02-17T05:23:00.1746489Z Setting up libgumbo2:amd64 (0.12.0+dfsg-2build1) ...
2025-02-17T05:23:00.1798180Z Setting up libteckit0:amd64 (2.5.12+ds1-1) ...
2025-02-17T05:23:00.1849685Z Setting up libapache-pom-java (29-2) ...
2025-02-17T05:23:00.1888588Z Setting up xfonts-encodings (1:1.0.5-0ubuntu2) ...
2025-02-17T05:23:00.1930005Z Setting up t1utils (1.41-4build3) ...
2025-02-17T05:23:00.1984116Z Setting up libtexlua53-5:amd64 (2023.20230311.66589-9build3) ...
2025-02-17T05:23:00.2022292Z Setting up libcrypt-rc4-perl (2.02-5) ...
2025-02-17T05:23:00.2084051Z Setting up libxv1:amd64 (2:1.0.11-1.1build1) ...
2025-02-17T05:23:00.2144413Z Setting up libidn12:amd64 (1.42-1build1) ...
2025-02-17T05:23:00.2192378Z Setting up libpcsclite1:amd64 (2.0.3-1build1) ...
2025-02-17T05:23:00.2283696Z Setting up fonts-texgyre (20180621-6) ...
2025-02-17T05:23:00.2342299Z Setting up librsvg2-common:amd64 (2.58.0+dfsg-1build1) ...
2025-02-17T05:23:00.2567279Z Setting up libgnat-13:amd64 (13.3.0-6ubuntu2~24.04) ...
2025-02-17T05:23:00.2603788Z Setting up libkpathsea6:amd64 (2023.20230311.66589-9build3) ...
2025-02-17T05:23:00.2647259Z Setting up libole-storage-lite-perl (0.22-1) ...
2025-02-17T05:23:00.2689733Z Setting up libgif7:amd64 (5.2.2-1ubuntu1) ...
2025-02-17T05:23:00.2740992Z Setting up libparse-recdescent-perl (1.967015+dfsg-4) ...
2025-02-17T05:23:00.2787330Z Setting up x11-utils (7.7+6build2) ...
2025-02-17T05:23:00.2969171Z Setting up fonts-lmodern (2.005-1) ...
2025-02-17T05:23:00.3021328Z Setting up libcarp-clan-perl (6.08-2) ...
2025-02-17T05:23:00.3054884Z Setting up fonts-droid-fallback (1:6.0.1r16-1.1build1) ...
2025-02-17T05:23:00.3288617Z Setting up libatk-wrapper-java (0.40.0-3build2) ...
2025-02-17T05:23:00.3320701Z Setting up pandoc-data (3.1.3-1) ...
2025-02-17T05:23:00.3365824Z Setting up ca-certificates-java (20240118) ...
2025-02-17T05:23:00.7289319Z Adding debian:ACCVRAIZ1.pem
2025-02-17T05:23:00.7313874Z Adding debian:AC_RAIZ_FNMT-RCM.pem
2025-02-17T05:23:00.7487739Z Adding debian:AC_RAIZ_FNMT-RCM_SERVIDORES_SEGUROS.pem
2025-02-17T05:23:00.7520114Z Adding debian:ANF_Secure_Server_Root_CA.pem
2025-02-17T05:23:00.7545557Z Adding debian:Actalis_Authentication_Root_CA.pem
2025-02-17T05:23:00.7560338Z Adding debian:AffirmTrust_Commercial.pem
2025-02-17T05:23:00.7575818Z Adding debian:AffirmTrust_Networking.pem
2025-02-17T05:23:00.7597120Z Adding debian:AffirmTrust_Premium.pem
2025-02-17T05:23:00.7608157Z Adding debian:AffirmTrust_Premium_ECC.pem
2025-02-17T05:23:00.7622602Z Adding debian:Amazon_Root_CA_1.pem
2025-02-17T05:23:00.7644163Z Adding debian:Amazon_Root_CA_2.pem
2025-02-17T05:23:00.7654036Z Adding debian:Amazon_Root_CA_3.pem
2025-02-17T05:23:00.7667025Z Adding debian:Amazon_Root_CA_4.pem
2025-02-17T05:23:00.7683405Z Adding debian:Atos_TrustedRoot_2011.pem
2025-02-17T05:23:00.7694801Z Adding debian:Atos_TrustedRoot_Root_CA_ECC_TLS_2021.pem
2025-02-17T05:23:00.7778912Z Adding debian:Atos_TrustedRoot_Root_CA_RSA_TLS_2021.pem
2025-02-17T05:23:00.7802622Z Adding debian:Autoridad_de_Certificacion_Firmaprofesional_CIF_A62634068.pem
2025-02-17T05:23:00.7824270Z Adding debian:BJCA_Global_Root_CA1.pem
2025-02-17T05:23:00.7836659Z Adding debian:BJCA_Global_Root_CA2.pem
2025-02-17T05:23:00.7851141Z Adding debian:Baltimore_CyberTrust_Root.pem
2025-02-17T05:23:00.7872088Z Adding debian:Buypass_Class_2_Root_CA.pem
2025-02-17T05:23:00.7894926Z Adding debian:Buypass_Class_3_Root_CA.pem
2025-02-17T05:23:00.7915331Z Adding debian:CA_Disig_Root_R2.pem
2025-02-17T05:23:00.7936393Z Adding debian:CFCA_EV_ROOT.pem
2025-02-17T05:23:00.7953618Z Adding debian:COMODO_Certification_Authority.pem
2025-02-17T05:23:00.7965456Z Adding debian:COMODO_ECC_Certification_Authority.pem
2025-02-17T05:23:00.7986642Z Adding debian:COMODO_RSA_Certification_Authority.pem
2025-02-17T05:23:00.7995472Z Adding debian:Certainly_Root_E1.pem
2025-02-17T05:23:00.8014785Z Adding debian:Certainly_Root_R1.pem
2025-02-17T05:23:00.8045373Z Adding debian:Certigna.pem
2025-02-17T05:23:00.8070137Z Adding debian:Certigna_Root_CA.pem
2025-02-17T05:23:00.8081765Z Adding debian:Certum_EC-384_CA.pem
2025-02-17T05:23:00.8101110Z Adding debian:Certum_Trusted_Network_CA.pem
2025-02-17T05:23:00.8130987Z Adding debian:Certum_Trusted_Network_CA_2.pem
2025-02-17T05:23:00.8153925Z Adding debian:Certum_Trusted_Root_CA.pem
2025-02-17T05:23:00.8168772Z Adding debian:CommScope_Public_Trust_ECC_Root-01.pem
2025-02-17T05:23:00.8183460Z Adding debian:CommScope_Public_Trust_ECC_Root-02.pem
2025-02-17T05:23:00.8211370Z Adding debian:CommScope_Public_Trust_RSA_Root-01.pem
2025-02-17T05:23:00.8237812Z Adding debian:CommScope_Public_Trust_RSA_Root-02.pem
2025-02-17T05:23:00.8257532Z Adding debian:Comodo_AAA_Services_root.pem
2025-02-17T05:23:00.8271148Z Adding debian:D-TRUST_BR_Root_CA_1_2020.pem
2025-02-17T05:23:00.8285343Z Adding debian:D-TRUST_EV_Root_CA_1_2020.pem
2025-02-17T05:23:00.8302473Z Adding debian:D-TRUST_Root_Class_3_CA_2_2009.pem
2025-02-17T05:23:00.8319684Z Adding debian:D-TRUST_Root_Class_3_CA_2_EV_2009.pem
2025-02-17T05:23:00.8333563Z Adding debian:DigiCert_Assured_ID_Root_CA.pem
2025-02-17T05:23:00.8346788Z Adding debian:DigiCert_Assured_ID_Root_G2.pem
2025-02-17T05:23:00.8356365Z Adding debian:DigiCert_Assured_ID_Root_G3.pem
2025-02-17T05:23:00.8369872Z Adding debian:DigiCert_Global_Root_CA.pem
2025-02-17T05:23:00.8383058Z Adding debian:DigiCert_Global_Root_G2.pem
2025-02-17T05:23:00.8393997Z Adding debian:DigiCert_Global_Root_G3.pem
2025-02-17T05:23:00.8410088Z Adding debian:DigiCert_High_Assurance_EV_Root_CA.pem
2025-02-17T05:23:00.8419057Z Adding debian:DigiCert_TLS_ECC_P384_Root_G5.pem
2025-02-17T05:23:00.8437471Z Adding debian:DigiCert_TLS_RSA4096_Root_G5.pem
2025-02-17T05:23:00.8456296Z Adding debian:DigiCert_Trusted_Root_G4.pem
2025-02-17T05:23:00.8472804Z Adding debian:Entrust.net_Premium_2048_Secure_Server_CA.pem
2025-02-17T05:23:00.8496825Z Adding debian:Entrust_Root_Certification_Authority.pem
2025-02-17T05:23:00.8508235Z Adding debian:Entrust_Root_Certification_Authority_-_EC1.pem
2025-02-17T05:23:00.8523714Z Adding debian:Entrust_Root_Certification_Authority_-_G2.pem
2025-02-17T05:23:00.8545150Z Adding debian:Entrust_Root_Certification_Authority_-_G4.pem
2025-02-17T05:23:00.8564313Z Adding debian:GDCA_TrustAUTH_R5_ROOT.pem
2025-02-17T05:23:00.8583442Z Adding debian:GLOBALTRUST_2020.pem
2025-02-17T05:23:00.8607665Z Adding debian:GTS_Root_R1.pem
2025-02-17T05:23:00.8632927Z Adding debian:GTS_Root_R2.pem
2025-02-17T05:23:00.8644210Z Adding debian:GTS_Root_R3.pem
2025-02-17T05:23:00.8654953Z Adding debian:GTS_Root_R4.pem
2025-02-17T05:23:00.8664275Z Adding debian:GlobalSign_ECC_Root_CA_-_R4.pem
2025-02-17T05:23:00.8675633Z Adding debian:GlobalSign_ECC_Root_CA_-_R5.pem
2025-02-17T05:23:00.8688682Z Adding debian:GlobalSign_Root_CA.pem
2025-02-17T05:23:00.8701310Z Adding debian:GlobalSign_Root_CA_-_R3.pem
2025-02-17T05:23:00.8720313Z Adding debian:GlobalSign_Root_CA_-_R6.pem
2025-02-17T05:23:00.8729606Z Adding debian:GlobalSign_Root_E46.pem
2025-02-17T05:23:00.8747879Z Adding debian:GlobalSign_Root_R46.pem
2025-02-17T05:23:00.8762858Z Adding debian:Go_Daddy_Class_2_CA.pem
2025-02-17T05:23:00.8776991Z Adding debian:Go_Daddy_Root_Certificate_Authority_-_G2.pem
2025-02-17T05:23:00.8787185Z Adding debian:HARICA_TLS_ECC_Root_CA_2021.pem
2025-02-17T05:23:00.8808589Z Adding debian:HARICA_TLS_RSA_Root_CA_2021.pem
2025-02-17T05:23:00.8820478Z Adding debian:Hellenic_Academic_and_Research_Institutions_ECC_RootCA_2015.pem
2025-02-17T05:23:00.8840324Z Adding debian:Hellenic_Academic_and_Research_Institutions_RootCA_2015.pem
2025-02-17T05:23:00.8858404Z Adding debian:HiPKI_Root_CA_-_G1.pem
2025-02-17T05:23:00.8877459Z Adding debian:Hongkong_Post_Root_CA_3.pem
2025-02-17T05:23:00.8895550Z Adding debian:ISRG_Root_X1.pem
2025-02-17T05:23:00.8904281Z Adding debian:ISRG_Root_X2.pem
2025-02-17T05:23:00.8922527Z Adding debian:IdenTrust_Commercial_Root_CA_1.pem
2025-02-17T05:23:00.8940672Z Adding debian:IdenTrust_Public_Sector_Root_CA_1.pem
2025-02-17T05:23:00.8960552Z Adding debian:Izenpe.com.pem
2025-02-17T05:23:00.8979029Z Adding debian:Microsec_e-Szigno_Root_CA_2009.pem
2025-02-17T05:23:00.8989930Z Adding debian:Microsoft_ECC_Root_Certificate_Authority_2017.pem
2025-02-17T05:23:00.9008679Z Adding debian:Microsoft_RSA_Root_Certificate_Authority_2017.pem
2025-02-17T05:23:00.9027454Z Adding debian:NAVER_Global_Root_Certification_Authority.pem
2025-02-17T05:23:00.9053752Z Adding debian:NetLock_Arany_=Class_Gold=_Főtanúsítvány.pem
2025-02-17T05:23:00.9067582Z Adding debian:OISTE_WISeKey_Global_Root_GB_CA.pem
2025-02-17T05:23:00.9077530Z Adding debian:OISTE_WISeKey_Global_Root_GC_CA.pem
2025-02-17T05:23:00.9095797Z Adding debian:QuoVadis_Root_CA_1_G3.pem
2025-02-17T05:23:00.9115805Z Adding debian:QuoVadis_Root_CA_2.pem
2025-02-17T05:23:00.9134768Z Adding debian:QuoVadis_Root_CA_2_G3.pem
2025-02-17T05:23:00.9156931Z Adding debian:QuoVadis_Root_CA_3.pem
2025-02-17T05:23:00.9175963Z Adding debian:QuoVadis_Root_CA_3_G3.pem
2025-02-17T05:23:00.9187123Z Adding debian:SSL.com_EV_Root_Certification_Authority_ECC.pem
2025-02-17T05:23:00.9207176Z Adding debian:SSL.com_EV_Root_Certification_Authority_RSA_R2.pem
2025-02-17T05:23:00.9218222Z Adding debian:SSL.com_Root_Certification_Authority_ECC.pem
2025-02-17T05:23:00.9237482Z Adding debian:SSL.com_Root_Certification_Authority_RSA.pem
2025-02-17T05:23:00.9247693Z Adding debian:SSL.com_TLS_ECC_Root_CA_2022.pem
2025-02-17T05:23:00.9265513Z Adding debian:SSL.com_TLS_RSA_Root_CA_2022.pem
2025-02-17T05:23:00.9279289Z Adding debian:SZAFIR_ROOT_CA2.pem
2025-02-17T05:23:00.9291222Z Adding debian:Sectigo_Public_Server_Authentication_Root_E46.pem
2025-02-17T05:23:00.9317455Z Adding debian:Sectigo_Public_Server_Authentication_Root_R46.pem
2025-02-17T05:23:00.9329830Z Adding debian:SecureSign_RootCA11.pem
2025-02-17T05:23:00.9343917Z Adding debian:SecureTrust_CA.pem
2025-02-17T05:23:00.9358500Z Adding debian:Secure_Global_CA.pem
2025-02-17T05:23:00.9367754Z Adding debian:Security_Communication_ECC_RootCA1.pem
2025-02-17T05:23:00.9384204Z Adding debian:Security_Communication_RootCA2.pem
2025-02-17T05:23:00.9404863Z Adding debian:Security_Communication_RootCA3.pem
2025-02-17T05:23:00.9420351Z Adding debian:Security_Communication_Root_CA.pem
2025-02-17T05:23:00.9435450Z Adding debian:Starfield_Class_2_CA.pem
2025-02-17T05:23:00.9448577Z Adding debian:Starfield_Root_Certificate_Authority_-_G2.pem
2025-02-17T05:23:00.9462379Z Adding debian:Starfield_Services_Root_Certificate_Authority_-_G2.pem
2025-02-17T05:23:00.9480918Z Adding debian:SwissSign_Gold_CA_-_G2.pem
2025-02-17T05:23:00.9499266Z Adding debian:SwissSign_Silver_CA_-_G2.pem
2025-02-17T05:23:00.9512284Z Adding debian:T-TeleSec_GlobalRoot_Class_2.pem
2025-02-17T05:23:00.9525210Z Adding debian:T-TeleSec_GlobalRoot_Class_3.pem
2025-02-17T05:23:00.9539902Z Adding debian:TUBITAK_Kamu_SM_SSL_Kok_Sertifikasi_-_Surum_1.pem
2025-02-17T05:23:00.9556149Z Adding debian:TWCA_Global_Root_CA.pem
2025-02-17T05:23:00.9567321Z Adding debian:TWCA_Root_Certification_Authority.pem
2025-02-17T05:23:00.9582895Z Adding debian:TeliaSonera_Root_CA_v1.pem
2025-02-17T05:23:00.9599563Z Adding debian:Telia_Root_CA_v2.pem
2025-02-17T05:23:00.9617615Z Adding debian:TrustAsia_Global_Root_CA_G3.pem
2025-02-17T05:23:00.9626704Z Adding debian:TrustAsia_Global_Root_CA_G4.pem
2025-02-17T05:23:00.9645241Z Adding debian:Trustwave_Global_Certification_Authority.pem
2025-02-17T05:23:00.9654413Z Adding debian:Trustwave_Global_ECC_P256_Certification_Authority.pem
2025-02-17T05:23:00.9664664Z Adding debian:Trustwave_Global_ECC_P384_Certification_Authority.pem
2025-02-17T05:23:00.9682089Z Adding debian:TunTrust_Root_CA.pem
2025-02-17T05:23:00.9697786Z Adding debian:UCA_Extended_Validation_Root.pem
2025-02-17T05:23:00.9713472Z Adding debian:UCA_Global_G2_Root.pem
2025-02-17T05:23:00.9722631Z Adding debian:USERTrust_ECC_Certification_Authority.pem
2025-02-17T05:23:00.9741651Z Adding debian:USERTrust_RSA_Certification_Authority.pem
2025-02-17T05:23:00.9755563Z Adding debian:XRamp_Global_CA_Root.pem
2025-02-17T05:23:00.9766524Z Adding debian:certSIGN_ROOT_CA.pem
2025-02-17T05:23:00.9782809Z Adding debian:certSIGN_Root_CA_G2.pem
2025-02-17T05:23:00.9791101Z Adding debian:e-Szigno_Root_CA_2017.pem
2025-02-17T05:23:00.9808529Z Adding debian:ePKI_Root_Certification_Authority.pem
2025-02-17T05:23:00.9817185Z Adding debian:emSign_ECC_Root_CA_-_C3.pem
2025-02-17T05:23:00.9825504Z Adding debian:emSign_ECC_Root_CA_-_G3.pem
2025-02-17T05:23:00.9836734Z Adding debian:emSign_Root_CA_-_C1.pem
2025-02-17T05:23:00.9847887Z Adding debian:emSign_Root_CA_-_G1.pem
2025-02-17T05:23:00.9855712Z Adding debian:vTrus_ECC_Root_CA.pem
2025-02-17T05:23:00.9871397Z Adding debian:vTrus_Root_CA.pem
2025-02-17T05:23:01.0282894Z done.
2025-02-17T05:23:01.0316249Z Setting up libdate-manip-perl (6.95-1) ...
2025-02-17T05:23:01.0347454Z Setting up libsynctex2:amd64 (2023.20230311.66589-9build3) ...
2025-02-17T05:23:01.0382085Z Setting up libpotrace0:amd64 (1.16-2build1) ...
2025-02-17T05:23:01.0463846Z Setting up teckit (2.5.12+ds1-1) ...
2025-02-17T05:23:01.0501584Z Setting up librsvg2-bin (2.58.0+dfsg-1build1) ...
2025-02-17T05:23:01.0534362Z Setting up libpdfbox-java (1:1.8.16-5) ...
2025-02-17T05:23:01.0565361Z Setting up openjdk-21-jre-headless:amd64 (21.0.6+7-1~24.04.1) ...
2025-02-17T05:23:01.1287075Z Setting up libcommons-parent-java (56-1) ...
2025-02-17T05:23:01.1326705Z Setting up libcommons-logging-java (1.3.0-1ubuntu1) ...
2025-02-17T05:23:01.1355786Z Setting up xfonts-utils (1:7.7+6build3) ...
2025-02-17T05:23:01.1410420Z Setting up mupdf-tools (1.23.10+ds1-1build3) ...
2025-02-17T05:23:01.1509263Z Setting up ghdl-llvm (4.1.0+dfsg-0ubuntu2.1) ...
2025-02-17T05:23:01.1582345Z Setting up libspreadsheet-writeexcel-perl (2.40-4) ...
2025-02-17T05:23:01.1609917Z Setting up libatk-wrapper-java-jni:amd64 (0.40.0-3build2) ...
2025-02-17T05:23:01.1636107Z Setting up libbit-vector-perl:amd64 (7.4-3build1) ...
2025-02-17T05:23:01.1662440Z Setting up libptexenc1:amd64 (2023.20230311.66589-9build3) ...
2025-02-17T05:23:01.1691044Z Setting up pandoc (3.1.3+ds-2) ...
2025-02-17T05:23:01.1715721Z Setting up libspreadsheet-parseexcel-perl (0.6600-1) ...
2025-02-17T05:23:01.1744079Z Setting up texlive-binaries (2023.20230311.66589-9build3) ...
2025-02-17T05:23:01.1810166Z update-alternatives: using /usr/bin/xdvi-xaw to provide /usr/bin/xdvi.bin (xdvi.bin) in auto mode
2025-02-17T05:23:01.1854369Z update-alternatives: using /usr/bin/bibtex.original to provide /usr/bin/bibtex (bibtex) in auto mode
2025-02-17T05:23:01.1941766Z Setting up lmodern (2.005-1) ...
2025-02-17T05:23:01.3465372Z Setting up texlive-base (2023.20240207-1) ...
2025-02-17T05:23:02.1924727Z tl-paper: setting paper size for dvips to a4: /var/lib/texmf/dvips/config/config-paper.ps
2025-02-17T05:23:02.3927444Z tl-paper: setting paper size for dvipdfmx to a4: /var/lib/texmf/dvipdfmx/dvipdfmx-paper.cfg
2025-02-17T05:23:02.5923776Z tl-paper: setting paper size for xdvi to a4: /var/lib/texmf/xdvi/XDvi-paper
2025-02-17T05:23:02.7920400Z tl-paper: setting paper size for pdftex to a4: /var/lib/texmf/tex/generic/tex-ini-files/pdftexconfig.tex
2025-02-17T05:23:03.2614148Z Setting up tex-gyre (20180621-6) ...
2025-02-17T05:23:03.4199095Z Setting up libdate-calc-perl (6.4-2) ...
2025-02-17T05:23:03.4248177Z Setting up libdate-calc-xs-perl:amd64 (6.4-2build4) ...
2025-02-17T05:23:03.4281467Z Setting up texlive-plain-generic (2023.20240207-1) ...
2025-02-17T05:23:03.4485862Z Setting up fonts-urw-base35 (20200910-8) ...
2025-02-17T05:23:03.6758201Z Setting up texlive-latex-base (2023.20240207-1) ...
2025-02-17T05:23:03.6849032Z Setting up texlive-latex-recommended (2023.20240207-1) ...
2025-02-17T05:23:03.6908686Z Setting up texlive-pictures (2023.20240207-1) ...
2025-02-17T05:23:03.7016020Z Setting up texlive-fonts-recommended (2023.20240207-1) ...
2025-02-17T05:23:03.7096805Z Setting up tipa (2:1.3-21) ...
2025-02-17T05:23:03.7213037Z Setting up libgs10-common (10.02.1~dfsg1-0ubuntu7.4) ...
2025-02-17T05:23:03.7265886Z Setting up texlive-latex-extra (2023.20240207-1) ...
2025-02-17T05:23:03.7368422Z Setting up texlive-xetex (2023.20240207-1) ...
2025-02-17T05:23:03.7463869Z Setting up libgs10:amd64 (10.02.1~dfsg1-0ubuntu7.4) ...
2025-02-17T05:23:03.7501109Z Setting up dvisvgm (3.2.1+ds-1build1) ...
2025-02-17T05:23:03.7611365Z Processing triggers for libgdk-pixbuf-2.0-0:amd64 (2.42.10+dfsg-3ubuntu3.1) ...
2025-02-17T05:23:03.8381398Z Processing triggers for install-info (7.1-3build2) ...
2025-02-17T05:23:04.2176882Z Processing triggers for fontconfig (2.15.0-1.1ubuntu2) ...
2025-02-17T05:23:04.5690332Z Processing triggers for hicolor-icon-theme (0.17-2) ...
2025-02-17T05:23:04.9635008Z Processing triggers for libc-bin (2.39-0ubuntu8.4) ...
2025-02-17T05:23:04.9978358Z Processing triggers for man-db (2.12.0-4build2) ...
2025-02-17T05:23:14.5312657Z Processing triggers for tex-common (6.18) ...
2025-02-17T05:23:14.7334694Z Running mktexlsr. This may take some time... done.
2025-02-17T05:23:15.1947925Z Running updmap-sys. This may take some time... done.
2025-02-17T05:23:15.2199852Z Running mktexlsr /var/lib/texmf ... done.
2025-02-17T05:23:15.2927909Z Building format(s) --all.
2025-02-17T05:24:07.6783197Z 	This may take some time... done.
2025-02-17T05:24:07.6900309Z Processing triggers for ca-certificates-java (20240118) ...
2025-02-17T05:24:07.7247222Z done.
2025-02-17T05:24:07.7287955Z Setting up default-jre-headless (2:1.21-75+exp1) ...
2025-02-17T05:24:07.7353700Z Setting up openjdk-21-jre:amd64 (21.0.6+7-1~24.04.1) ...
2025-02-17T05:24:07.7421447Z Setting up default-jre (2:1.21-75+exp1) ...
2025-02-17T05:24:08.4038541Z 
2025-02-17T05:24:08.4039234Z Running kernel seems to be up-to-date.
2025-02-17T05:24:08.4039721Z 
2025-02-17T05:24:08.4039908Z No services need to be restarted.
2025-02-17T05:24:08.4040152Z 
2025-02-17T05:24:08.4040296Z No containers need to be restarted.
2025-02-17T05:24:08.4040548Z 
2025-02-17T05:24:08.4040709Z No user sessions are running outdated binaries.
2025-02-17T05:24:08.4040996Z 
2025-02-17T05:24:08.4041255Z No VM guests are running outdated hypervisor (qemu) binaries on this host.
2025-02-17T05:24:09.2114156Z ##[group]Run ./tt/tt_tool.py --check-docs
2025-02-17T05:24:09.2114511Z [36;1m./tt/tt_tool.py --check-docs[0m
2025-02-17T05:24:09.2175741Z shell: /usr/bin/bash --noprofile --norc -e -o pipefail {0}
2025-02-17T05:24:09.2176077Z env:
2025-02-17T05:24:09.2176345Z   pythonLocation: /opt/hostedtoolcache/Python/3.11.11/x64
2025-02-17T05:24:09.2176778Z   PKG_CONFIG_PATH: /opt/hostedtoolcache/Python/3.11.11/x64/lib/pkgconfig
2025-02-17T05:24:09.2177216Z   Python_ROOT_DIR: /opt/hostedtoolcache/Python/3.11.11/x64
2025-02-17T05:24:09.2177825Z   Python2_ROOT_DIR: /opt/hostedtoolcache/Python/3.11.11/x64
2025-02-17T05:24:09.2178205Z   Python3_ROOT_DIR: /opt/hostedtoolcache/Python/3.11.11/x64
2025-02-17T05:24:09.2178579Z   LD_LIBRARY_PATH: /opt/hostedtoolcache/Python/3.11.11/x64/lib
2025-02-17T05:24:09.2178895Z ##[endgroup]
2025-02-17T05:24:09.8915512Z ##[group]Run ./tt/tt_tool.py --create-pdf
2025-02-17T05:24:09.8916100Z [36;1m./tt/tt_tool.py --create-pdf[0m
2025-02-17T05:24:09.9001806Z shell: /usr/bin/bash --noprofile --norc -e -o pipefail {0}
2025-02-17T05:24:09.9002621Z env:
2025-02-17T05:24:09.9003045Z   pythonLocation: /opt/hostedtoolcache/Python/3.11.11/x64
2025-02-17T05:24:09.9003784Z   PKG_CONFIG_PATH: /opt/hostedtoolcache/Python/3.11.11/x64/lib/pkgconfig
2025-02-17T05:24:09.9004504Z   Python_ROOT_DIR: /opt/hostedtoolcache/Python/3.11.11/x64
2025-02-17T05:24:09.9005163Z   Python2_ROOT_DIR: /opt/hostedtoolcache/Python/3.11.11/x64
2025-02-17T05:24:09.9005843Z   Python3_ROOT_DIR: /opt/hostedtoolcache/Python/3.11.11/x64
2025-02-17T05:24:09.9006515Z   LD_LIBRARY_PATH: /opt/hostedtoolcache/Python/3.11.11/x64/lib
2025-02-17T05:24:09.9007071Z ##[endgroup]
2025-02-17T05:24:10.4319557Z 2025-02-17 05:24:10,431 - project    - INFO     - Creating PDF
2025-02-17T05:24:10.4325373Z 2025-02-17 05:24:10,432 - project    - INFO     - pandoc --pdf-engine=xelatex --resource-path=docs -i datasheet.md -o datasheet.pdf --from gfm+raw_attribute+smart+attributes
2025-02-17T05:24:13.4394655Z ##[group]Run actions/upload-artifact@v4
2025-02-17T05:24:13.4394923Z with:
2025-02-17T05:24:13.4395099Z   name: PDF
2025-02-17T05:24:13.4395288Z   path: datasheet.pdf
2025-02-17T05:24:13.4395500Z   if-no-files-found: warn
2025-02-17T05:24:13.4395721Z   compression-level: 6
2025-02-17T05:24:13.4395927Z   overwrite: false
2025-02-17T05:24:13.4396133Z   include-hidden-files: false
2025-02-17T05:24:13.4396353Z env:
2025-02-17T05:24:13.4396766Z   pythonLocation: /opt/hostedtoolcache/Python/3.11.11/x64
2025-02-17T05:24:13.4397181Z   PKG_CONFIG_PATH: /opt/hostedtoolcache/Python/3.11.11/x64/lib/pkgconfig
2025-02-17T05:24:13.4397581Z   Python_ROOT_DIR: /opt/hostedtoolcache/Python/3.11.11/x64
2025-02-17T05:24:13.4397932Z   Python2_ROOT_DIR: /opt/hostedtoolcache/Python/3.11.11/x64
2025-02-17T05:24:13.4398288Z   Python3_ROOT_DIR: /opt/hostedtoolcache/Python/3.11.11/x64
2025-02-17T05:24:13.4398642Z   LD_LIBRARY_PATH: /opt/hostedtoolcache/Python/3.11.11/x64/lib
2025-02-17T05:24:13.4398936Z ##[endgroup]
2025-02-17T05:24:13.6534704Z With the provided path, there will be 1 file uploaded
2025-02-17T05:24:13.6539493Z Artifact name is valid!
2025-02-17T05:24:13.6540403Z Root directory input is valid!
2025-02-17T05:24:13.9376694Z Beginning upload of artifact content to blob storage
2025-02-17T05:24:14.2309225Z Uploaded bytes 12327
2025-02-17T05:24:14.3065203Z Finished uploading artifact content to blob storage!
2025-02-17T05:24:14.3068001Z SHA256 hash of uploaded artifact zip is f0b18ee4b8539fc6f4c20d707295468a7bb27e1d005dca6155e8e4ce838c494f
2025-02-17T05:24:14.3069492Z Finalizing artifact upload
2025-02-17T05:24:14.4315469Z Artifact PDF.zip successfully finalized. Artifact ID 2601045013
2025-02-17T05:24:14.4316563Z Artifact PDF has been successfully uploaded! Final size is 12327 bytes. Artifact ID is 2601045013
2025-02-17T05:24:14.4326293Z Artifact download URL: https://github.com/tatzelbrumm/tt10-analog-tatzeltapeout/actions/runs/13363452471/artifacts/2601045013
2025-02-17T05:24:14.4468751Z Post job cleanup.
2025-02-17T05:24:14.4516193Z Post job cleanup.
2025-02-17T05:24:14.6069441Z Cache hit occurred on the primary key setup-python-Linux-x64-24.04-Ubuntu-python-3.11.11-pip-e8de825a00f961a0a99504e206c71b458cd3b0023a470958a6778409995c069a, not saving cache.
2025-02-17T05:24:14.6159089Z Post job cleanup.
2025-02-17T05:24:14.7133815Z [command]/usr/bin/git version
2025-02-17T05:24:14.7173376Z git version 2.48.1
2025-02-17T05:24:14.7215715Z Temporarily overriding HOME='/home/runner/work/_temp/657a725a-c558-4c70-ab72-7c8bd08cd818' before making global git config changes
2025-02-17T05:24:14.7217038Z Adding repository directory to the temporary git global config as a safe directory
2025-02-17T05:24:14.7228554Z [command]/usr/bin/git config --global --add safe.directory /home/runner/work/tt10-analog-tatzeltapeout/tt10-analog-tatzeltapeout/tt
2025-02-17T05:24:14.7264245Z [command]/usr/bin/git config --local --name-only --get-regexp core\.sshCommand
2025-02-17T05:24:14.7297209Z [command]/usr/bin/git submodule foreach --recursive sh -c "git config --local --name-only --get-regexp 'core\.sshCommand' && git config --local --unset-all 'core.sshCommand' || :"
2025-02-17T05:24:14.7539989Z [command]/usr/bin/git config --local --name-only --get-regexp http\.https\:\/\/github\.com\/\.extraheader
2025-02-17T05:24:14.7562068Z http.https://github.com/.extraheader
2025-02-17T05:24:14.7574451Z [command]/usr/bin/git config --local --unset-all http.https://github.com/.extraheader
2025-02-17T05:24:14.7605460Z [command]/usr/bin/git submodule foreach --recursive sh -c "git config --local --name-only --get-regexp 'http\.https\:\/\/github\.com\/\.extraheader' && git config --local --unset-all 'http.https://github.com/.extraheader' || :"
2025-02-17T05:24:14.7960043Z Post job cleanup.
2025-02-17T05:24:14.8887994Z [command]/usr/bin/git version
2025-02-17T05:24:14.8924632Z git version 2.48.1
2025-02-17T05:24:14.8969238Z Temporarily overriding HOME='/home/runner/work/_temp/54cb1d5a-0853-4100-a7f4-e36ad1bc6118' before making global git config changes
2025-02-17T05:24:14.8970567Z Adding repository directory to the temporary git global config as a safe directory
2025-02-17T05:24:14.8976188Z [command]/usr/bin/git config --global --add safe.directory /home/runner/work/tt10-analog-tatzeltapeout/tt10-analog-tatzeltapeout
2025-02-17T05:24:14.9015161Z [command]/usr/bin/git config --local --name-only --get-regexp core\.sshCommand
2025-02-17T05:24:14.9048787Z [command]/usr/bin/git submodule foreach --recursive sh -c "git config --local --name-only --get-regexp 'core\.sshCommand' && git config --local --unset-all 'core.sshCommand' || :"
2025-02-17T05:24:14.9287561Z [command]/usr/bin/git config --local --name-only --get-regexp http\.https\:\/\/github\.com\/\.extraheader
2025-02-17T05:24:14.9308792Z http.https://github.com/.extraheader
2025-02-17T05:24:14.9321376Z [command]/usr/bin/git config --local --unset-all http.https://github.com/.extraheader
2025-02-17T05:24:14.9353195Z [command]/usr/bin/git submodule foreach --recursive sh -c "git config --local --name-only --get-regexp 'http\.https\:\/\/github\.com\/\.extraheader' && git config --local --unset-all 'http.https://github.com/.extraheader' || :"
2025-02-17T05:24:14.9688756Z Cleaning up orphan processes
