2025-02-16T18:16:25.4333366Z Current runner version: '2.322.0'
2025-02-16T18:16:25.4358924Z ##[group]Operating System
2025-02-16T18:16:25.4359661Z Ubuntu
2025-02-16T18:16:25.4360430Z 24.04.1
2025-02-16T18:16:25.4360977Z LTS
2025-02-16T18:16:25.4361513Z ##[endgroup]
2025-02-16T18:16:25.4362076Z ##[group]Runner Image
2025-02-16T18:16:25.4362617Z Image: ubuntu-24.04
2025-02-16T18:16:25.4363207Z Version: 20250209.1.0
2025-02-16T18:16:25.4364272Z Included Software: https://github.com/actions/runner-images/blob/ubuntu24/20250209.1/images/ubuntu/Ubuntu2404-Readme.md
2025-02-16T18:16:25.4365652Z Image Release: https://github.com/actions/runner-images/releases/tag/ubuntu24%2F20250209.1
2025-02-16T18:16:25.4366653Z ##[endgroup]
2025-02-16T18:16:25.4367230Z ##[group]Runner Image Provisioner
2025-02-16T18:16:25.4367808Z 2.0.422.1
2025-02-16T18:16:25.4368363Z ##[endgroup]
2025-02-16T18:16:25.4369430Z ##[group]GITHUB_TOKEN Permissions
2025-02-16T18:16:25.4371704Z Contents: read
2025-02-16T18:16:25.4372245Z Metadata: read
2025-02-16T18:16:25.4373044Z Packages: read
2025-02-16T18:16:25.4373626Z ##[endgroup]
2025-02-16T18:16:25.4376685Z Secret source: Actions
2025-02-16T18:16:25.4377817Z Prepare workflow directory
2025-02-16T18:16:25.4683746Z Prepare all required actions
2025-02-16T18:16:25.4724559Z Getting action download info
2025-02-16T18:16:25.7190695Z ##[group]Download immutable action package 'actions/checkout@v4'
2025-02-16T18:16:25.7191936Z Version: 4.2.2
2025-02-16T18:16:25.7192916Z Digest: sha256:ccb2698953eaebd21c7bf6268a94f9c26518a7e38e27e0b83c1fe1ad049819b1
2025-02-16T18:16:25.7194057Z Source commit SHA: 11bd71901bbe5b1630ceea73d27597364c9af683
2025-02-16T18:16:25.7194893Z ##[endgroup]
2025-02-16T18:16:25.8160669Z Download action repository 'mikefarah/yq@v4' (SHA:8bf425b4d1344db7cd469a8d10a390876e0c77fd)
2025-02-16T18:16:26.3854114Z Download action repository 'TinyTapeout/tt-gds-action@tt10' (SHA:e69ca5538a6a8ff9f7d327766a1d336285e3ee42)
2025-02-16T18:16:26.8384575Z Getting action download info
2025-02-16T18:16:27.0650349Z ##[group]Download immutable action package 'actions/upload-artifact@v4'
2025-02-16T18:16:27.0651533Z Version: 4.6.0
2025-02-16T18:16:27.0652598Z Digest: sha256:bf85474c8423f9cd48bd2caf3ce5adb1711e2dfdb055b040bd36b044e4290329
2025-02-16T18:16:27.0654133Z Source commit SHA: 65c4c4a1ddee5b72f698fdd19549f0f0fb45cf08
2025-02-16T18:16:27.0655385Z ##[endgroup]
2025-02-16T18:16:27.2992615Z Download action repository 'awalsh128/cache-apt-pkgs-action@v1.4.3' (SHA:5902b33ae29014e6ca012c5d8025d4346556bd40)
2025-02-16T18:16:27.8699074Z ##[group]Download immutable action package 'actions/setup-python@v5'
2025-02-16T18:16:27.8701107Z Version: 5.4.0
2025-02-16T18:16:27.8702690Z Digest: sha256:6003df952c8106bcd378d2ba997eef202da924317a57269dfa72449b135adb7f
2025-02-16T18:16:27.8704850Z Source commit SHA: 42375524e23c412d93fb67b49958b491fce71c38
2025-02-16T18:16:27.8706356Z ##[endgroup]
2025-02-16T18:16:28.2000027Z Getting action download info
2025-02-16T18:16:28.3898197Z ##[group]Download immutable action package 'actions/cache@v4'
2025-02-16T18:16:28.3899635Z Version: 4.2.0
2025-02-16T18:16:28.3901184Z Digest: sha256:5bc11090595acbf82dbfb02747bf0bfd91544e869357fd3ac0eb41f509632110
2025-02-16T18:16:28.3903072Z Source commit SHA: 1bd1e32a3bdc45362d1e726936510720a7c30a57
2025-02-16T18:16:28.3904380Z ##[endgroup]
2025-02-16T18:16:28.6876485Z Complete job name: gds
2025-02-16T18:16:28.7367263Z ##[group]Pull down action image 'mikefarah/yq:4-githubaction'
2025-02-16T18:16:28.7563661Z ##[command]/usr/bin/docker pull mikefarah/yq:4-githubaction
2025-02-16T18:16:30.6209603Z 4-githubaction: Pulling from mikefarah/yq
2025-02-16T18:16:30.8761452Z 1f3e46996e29: Pulling fs layer
2025-02-16T18:16:30.8762106Z 67048b9be8fc: Pulling fs layer
2025-02-16T18:16:30.8762594Z e41e2357b13d: Pulling fs layer
2025-02-16T18:16:30.8763003Z 947107566089: Pulling fs layer
2025-02-16T18:16:30.8763403Z 3be10397fbe8: Pulling fs layer
2025-02-16T18:16:30.8763811Z f95ba98632ce: Pulling fs layer
2025-02-16T18:16:30.8764179Z 947107566089: Waiting
2025-02-16T18:16:30.8764529Z 3be10397fbe8: Waiting
2025-02-16T18:16:30.8765287Z f95ba98632ce: Waiting
2025-02-16T18:16:31.1477567Z e41e2357b13d: Verifying Checksum
2025-02-16T18:16:31.1478744Z e41e2357b13d: Download complete
2025-02-16T18:16:31.1613130Z 1f3e46996e29: Verifying Checksum
2025-02-16T18:16:31.1613590Z 1f3e46996e29: Download complete
2025-02-16T18:16:31.1643400Z 67048b9be8fc: Verifying Checksum
2025-02-16T18:16:31.1643960Z 67048b9be8fc: Download complete
2025-02-16T18:16:31.2705781Z 1f3e46996e29: Pull complete
2025-02-16T18:16:31.3482476Z 67048b9be8fc: Pull complete
2025-02-16T18:16:31.3590207Z e41e2357b13d: Pull complete
2025-02-16T18:16:31.4005539Z 947107566089: Download complete
2025-02-16T18:16:31.4126896Z 947107566089: Pull complete
2025-02-16T18:16:31.4128150Z 3be10397fbe8: Verifying Checksum
2025-02-16T18:16:31.4128567Z 3be10397fbe8: Download complete
2025-02-16T18:16:31.4155362Z f95ba98632ce: Verifying Checksum
2025-02-16T18:16:31.4155894Z f95ba98632ce: Download complete
2025-02-16T18:16:31.4236590Z 3be10397fbe8: Pull complete
2025-02-16T18:16:31.4381717Z f95ba98632ce: Pull complete
2025-02-16T18:16:31.4430227Z Digest: sha256:2ca9d74f8d4dedcc4498726e9a471a9f4288efb0ff3abf4034a8214baf074e52
2025-02-16T18:16:31.4448604Z Status: Downloaded newer image for mikefarah/yq:4-githubaction
2025-02-16T18:16:31.4457722Z docker.io/mikefarah/yq:4-githubaction
2025-02-16T18:16:31.4479728Z ##[endgroup]
2025-02-16T18:16:31.4761360Z ##[group]Run actions/checkout@v4
2025-02-16T18:16:31.4761945Z with:
2025-02-16T18:16:31.4762145Z   submodules: recursive
2025-02-16T18:16:31.4762416Z   repository: tatzelbrumm/tt10-analog-tatzeltapeout
2025-02-16T18:16:31.4762868Z   token: ***
2025-02-16T18:16:31.4763058Z   ssh-strict: true
2025-02-16T18:16:31.4763248Z   ssh-user: git
2025-02-16T18:16:31.4763446Z   persist-credentials: true
2025-02-16T18:16:31.4763682Z   clean: true
2025-02-16T18:16:31.4763923Z   sparse-checkout-cone-mode: true
2025-02-16T18:16:31.4764162Z   fetch-depth: 1
2025-02-16T18:16:31.4764350Z   fetch-tags: false
2025-02-16T18:16:31.4764537Z   show-progress: true
2025-02-16T18:16:31.4764743Z   lfs: false
2025-02-16T18:16:31.4764925Z   set-safe-directory: true
2025-02-16T18:16:31.4765327Z ##[endgroup]
2025-02-16T18:16:31.6704791Z Syncing repository: tatzelbrumm/tt10-analog-tatzeltapeout
2025-02-16T18:16:31.6706124Z ##[group]Getting Git version info
2025-02-16T18:16:31.6706780Z Working directory is '/home/runner/work/tt10-analog-tatzeltapeout/tt10-analog-tatzeltapeout'
2025-02-16T18:16:31.6707877Z [command]/usr/bin/git version
2025-02-16T18:16:31.6754537Z git version 2.48.1
2025-02-16T18:16:31.6781758Z ##[endgroup]
2025-02-16T18:16:31.6801947Z Temporarily overriding HOME='/home/runner/work/_temp/7e8237b5-b2af-4385-a3f3-ee5f9c07f54c' before making global git config changes
2025-02-16T18:16:31.6803208Z Adding repository directory to the temporary git global config as a safe directory
2025-02-16T18:16:31.6807357Z [command]/usr/bin/git config --global --add safe.directory /home/runner/work/tt10-analog-tatzeltapeout/tt10-analog-tatzeltapeout
2025-02-16T18:16:31.6842726Z Deleting the contents of '/home/runner/work/tt10-analog-tatzeltapeout/tt10-analog-tatzeltapeout'
2025-02-16T18:16:31.6846018Z ##[group]Initializing the repository
2025-02-16T18:16:31.6850199Z [command]/usr/bin/git init /home/runner/work/tt10-analog-tatzeltapeout/tt10-analog-tatzeltapeout
2025-02-16T18:16:31.6914541Z hint: Using 'master' as the name for the initial branch. This default branch name
2025-02-16T18:16:31.6915362Z hint: is subject to change. To configure the initial branch name to use in all
2025-02-16T18:16:31.6915853Z hint: of your new repositories, which will suppress this warning, call:
2025-02-16T18:16:31.6916196Z hint:
2025-02-16T18:16:31.6916442Z hint: 	git config --global init.defaultBranch <name>
2025-02-16T18:16:31.6916822Z hint:
2025-02-16T18:16:31.6917088Z hint: Names commonly chosen instead of 'master' are 'main', 'trunk' and
2025-02-16T18:16:31.6917529Z hint: 'development'. The just-created branch can be renamed via this command:
2025-02-16T18:16:31.6917876Z hint:
2025-02-16T18:16:31.6918293Z hint: 	git branch -m <name>
2025-02-16T18:16:31.6919797Z Initialized empty Git repository in /home/runner/work/tt10-analog-tatzeltapeout/tt10-analog-tatzeltapeout/.git/
2025-02-16T18:16:31.6930864Z [command]/usr/bin/git remote add origin https://github.com/tatzelbrumm/tt10-analog-tatzeltapeout
2025-02-16T18:16:31.6962970Z ##[endgroup]
2025-02-16T18:16:31.6963579Z ##[group]Disabling automatic garbage collection
2025-02-16T18:16:31.6967556Z [command]/usr/bin/git config --local gc.auto 0
2025-02-16T18:16:31.6996733Z ##[endgroup]
2025-02-16T18:16:31.6997284Z ##[group]Setting up auth
2025-02-16T18:16:31.7004326Z [command]/usr/bin/git config --local --name-only --get-regexp core\.sshCommand
2025-02-16T18:16:31.7034963Z [command]/usr/bin/git submodule foreach --recursive sh -c "git config --local --name-only --get-regexp 'core\.sshCommand' && git config --local --unset-all 'core.sshCommand' || :"
2025-02-16T18:16:31.7318602Z [command]/usr/bin/git config --local --name-only --get-regexp http\.https\:\/\/github\.com\/\.extraheader
2025-02-16T18:16:31.7347995Z [command]/usr/bin/git submodule foreach --recursive sh -c "git config --local --name-only --get-regexp 'http\.https\:\/\/github\.com\/\.extraheader' && git config --local --unset-all 'http.https://github.com/.extraheader' || :"
2025-02-16T18:16:31.7574865Z [command]/usr/bin/git config --local http.https://github.com/.extraheader AUTHORIZATION: basic ***
2025-02-16T18:16:31.7633953Z ##[endgroup]
2025-02-16T18:16:31.7634673Z ##[group]Fetching the repository
2025-02-16T18:16:31.7642996Z [command]/usr/bin/git -c protocol.version=2 fetch --no-tags --prune --no-recurse-submodules --depth=1 origin +29e773f2075ec540edba80ef51cab0174657d4cb:refs/remotes/origin/main
2025-02-16T18:16:32.2555591Z From https://github.com/tatzelbrumm/tt10-analog-tatzeltapeout
2025-02-16T18:16:32.2558020Z  * [new ref]         29e773f2075ec540edba80ef51cab0174657d4cb -> origin/main
2025-02-16T18:16:32.2583670Z ##[endgroup]
2025-02-16T18:16:32.2584283Z ##[group]Determining the checkout info
2025-02-16T18:16:32.2586756Z ##[endgroup]
2025-02-16T18:16:32.2592642Z [command]/usr/bin/git sparse-checkout disable
2025-02-16T18:16:32.2679693Z [command]/usr/bin/git config --local --unset-all extensions.worktreeConfig
2025-02-16T18:16:32.2707892Z ##[group]Checking out the ref
2025-02-16T18:16:32.2712319Z [command]/usr/bin/git checkout --progress --force -B main refs/remotes/origin/main
2025-02-16T18:16:32.2779955Z Switched to a new branch 'main'
2025-02-16T18:16:32.2783296Z branch 'main' set up to track 'origin/main'.
2025-02-16T18:16:32.2788451Z ##[endgroup]
2025-02-16T18:16:32.2789056Z ##[group]Setting up auth for fetching submodules
2025-02-16T18:16:32.2795382Z [command]/usr/bin/git config --global http.https://github.com/.extraheader AUTHORIZATION: basic ***
2025-02-16T18:16:32.2831252Z [command]/usr/bin/git config --global --unset-all url.https://github.com/.insteadOf
2025-02-16T18:16:32.2862232Z [command]/usr/bin/git config --global --add url.https://github.com/.insteadOf git@github.com:
2025-02-16T18:16:32.2893215Z [command]/usr/bin/git config --global --add url.https://github.com/.insteadOf org-1518649@github.com:
2025-02-16T18:16:32.2918812Z ##[endgroup]
2025-02-16T18:16:32.2919384Z ##[group]Fetching submodules
2025-02-16T18:16:32.2923494Z [command]/usr/bin/git submodule sync --recursive
2025-02-16T18:16:32.3155056Z [command]/usr/bin/git -c protocol.version=2 submodule update --init --force --depth=1 --recursive
2025-02-16T18:16:32.3385947Z [command]/usr/bin/git submodule foreach --recursive git config --local gc.auto 0
2025-02-16T18:16:32.3614666Z ##[endgroup]
2025-02-16T18:16:32.3615059Z ##[group]Persisting credentials for submodules
2025-02-16T18:16:32.3621252Z [command]/usr/bin/git submodule foreach --recursive sh -c "git config --local --name-only --get-regexp 'url\.https\:\/\/github\.com\/\.insteadOf' && git config --local --unset-all 'url.https://github.com/.insteadOf' || :"
2025-02-16T18:16:32.3849631Z [command]/usr/bin/git submodule foreach --recursive sh -c "git config --local 'http.https://github.com/.extraheader' 'AUTHORIZATION: basic ***' && git config --local --show-origin --name-only --get-regexp remote.origin.url"
2025-02-16T18:16:32.4078872Z [command]/usr/bin/git submodule foreach --recursive git config --local --add 'url.https://github.com/.insteadOf' 'git@github.com:'
2025-02-16T18:16:32.4305291Z [command]/usr/bin/git submodule foreach --recursive git config --local --add 'url.https://github.com/.insteadOf' 'org-1518649@github.com:'
2025-02-16T18:16:32.4528355Z ##[endgroup]
2025-02-16T18:16:32.4565682Z [command]/usr/bin/git log -1 --format=%H
2025-02-16T18:16:32.4587980Z 29e773f2075ec540edba80ef51cab0174657d4cb
2025-02-16T18:16:32.4746066Z ##[group]Run mikefarah/yq@v4
2025-02-16T18:16:32.4746313Z with:
2025-02-16T18:16:32.4746597Z   cmd: echo TOP_MODULE=`yq '.project.top_module' info.yaml` > $GITHUB_OUTPUT
2025-02-16T18:16:32.4746931Z ##[endgroup]
2025-02-16T18:16:32.4844760Z ##[command]/usr/bin/docker run --name mikefarahyq4githubaction_5ac8db --label 13c326 --workdir /github/workspace --rm -e "INPUT_CMD" -e "HOME" -e "GITHUB_JOB" -e "GITHUB_REF" -e "GITHUB_SHA" -e "GITHUB_REPOSITORY" -e "GITHUB_REPOSITORY_OWNER" -e "GITHUB_REPOSITORY_OWNER_ID" -e "GITHUB_RUN_ID" -e "GITHUB_RUN_NUMBER" -e "GITHUB_RETENTION_DAYS" -e "GITHUB_RUN_ATTEMPT" -e "GITHUB_REPOSITORY_ID" -e "GITHUB_ACTOR_ID" -e "GITHUB_ACTOR" -e "GITHUB_TRIGGERING_ACTOR" -e "GITHUB_WORKFLOW" -e "GITHUB_HEAD_REF" -e "GITHUB_BASE_REF" -e "GITHUB_EVENT_NAME" -e "GITHUB_SERVER_URL" -e "GITHUB_API_URL" -e "GITHUB_GRAPHQL_URL" -e "GITHUB_REF_NAME" -e "GITHUB_REF_PROTECTED" -e "GITHUB_REF_TYPE" -e "GITHUB_WORKFLOW_REF" -e "GITHUB_WORKFLOW_SHA" -e "GITHUB_WORKSPACE" -e "GITHUB_ACTION" -e "GITHUB_EVENT_PATH" -e "GITHUB_ACTION_REPOSITORY" -e "GITHUB_ACTION_REF" -e "GITHUB_PATH" -e "GITHUB_ENV" -e "GITHUB_STEP_SUMMARY" -e "GITHUB_STATE" -e "GITHUB_OUTPUT" -e "RUNNER_OS" -e "RUNNER_ARCH" -e "RUNNER_NAME" -e "RUNNER_ENVIRONMENT" -e "RUNNER_TOOL_CACHE" -e "RUNNER_TEMP" -e "RUNNER_WORKSPACE" -e "ACTIONS_RUNTIME_URL" -e "ACTIONS_RUNTIME_TOKEN" -e "ACTIONS_CACHE_URL" -e "ACTIONS_RESULTS_URL" -e GITHUB_ACTIONS=true -e CI=true -v "/var/run/docker.sock":"/var/run/docker.sock" -v "/home/runner/work/_temp/_github_home":"/github/home" -v "/home/runner/work/_temp/_github_workflow":"/github/workflow" -v "/home/runner/work/_temp/_runner_file_commands":"/github/file_commands" -v "/home/runner/work/tt10-analog-tatzeltapeout/tt10-analog-tatzeltapeout":"/github/workspace" mikefarah/yq:4-githubaction  "echo TOP_MODULE=`yq '.project.top_module' info.yaml` > $GITHUB_OUTPUT"
2025-02-16T18:16:33.2535215Z ##[group]Run TinyTapeout/tt-gds-action/custom_gds@tt10
2025-02-16T18:16:33.2535724Z with:
2025-02-16T18:16:33.2536035Z   top_module: tt_um_tatzeltapeout
2025-02-16T18:16:33.2536318Z   gds_path: gds/tt_um_tatzeltapeout.gds
2025-02-16T18:16:33.2536601Z   lef_path: lef/tt_um_tatzeltapeout.lef
2025-02-16T18:16:33.2536853Z   verilog_path: src/project.v
2025-02-16T18:16:33.2537105Z   tools-repo: TinyTapeout/tt-support-tools
2025-02-16T18:16:33.2537362Z   tools-ref: tt10
2025-02-16T18:16:33.2537568Z ##[endgroup]
2025-02-16T18:16:33.2618812Z ##[group]Run mkdir -p tt_submission
2025-02-16T18:16:33.2619163Z [36;1mmkdir -p tt_submission[0m
2025-02-16T18:16:33.2619409Z [36;1mjq -n \[0m
2025-02-16T18:16:33.2619641Z [36;1m  --arg app "custom_gds action" \[0m
2025-02-16T18:16:33.2620314Z [36;1m  --arg repo "https://github.com/tatzelbrumm/tt10-analog-tatzeltapeout" \[0m
2025-02-16T18:16:33.2621040Z [36;1m  --arg commit "29e773f2075ec540edba80ef51cab0174657d4cb" \[0m
2025-02-16T18:16:33.2621629Z [36;1m  --arg workflow_url "https://github.com/tatzelbrumm/tt10-analog-tatzeltapeout/actions/runs/13357596664" \[0m
2025-02-16T18:16:33.2622195Z [36;1m  '{app: $app, repo: $repo, commit: $commit, workflow_url: $workflow_url}' \[0m
2025-02-16T18:16:33.2622556Z [36;1m  > tt_submission/commit_id.json[0m
2025-02-16T18:16:33.2682206Z shell: /usr/bin/bash --noprofile --norc -e -o pipefail {0}
2025-02-16T18:16:33.2682540Z ##[endgroup]
2025-02-16T18:16:33.3437176Z ##[group]Run wget https://github.com/htfab/klayout/releases/download/v0.29.11/klayout_0.29.11-1_amd64.deb
2025-02-16T18:16:33.3438095Z [36;1mwget https://github.com/htfab/klayout/releases/download/v0.29.11/klayout_0.29.11-1_amd64.deb[0m
2025-02-16T18:16:33.3438659Z [36;1msudo apt-get update && sudo apt-get install -y ./klayout_0.29.11-1_amd64.deb[0m
2025-02-16T18:16:33.3439030Z [36;1mpip install klayout==0.29.11[0m
2025-02-16T18:16:33.3493158Z shell: /usr/bin/bash --noprofile --norc -e -o pipefail {0}
2025-02-16T18:16:33.3493499Z ##[endgroup]
2025-02-16T18:16:33.4143821Z --2025-02-16 18:16:33--  https://github.com/htfab/klayout/releases/download/v0.29.11/klayout_0.29.11-1_amd64.deb
2025-02-16T18:16:33.4402079Z Resolving github.com (github.com)... 140.82.116.4
2025-02-16T18:16:33.4584764Z Connecting to github.com (github.com)|140.82.116.4|:443... connected.
2025-02-16T18:16:33.6253926Z HTTP request sent, awaiting response... 302 Found
2025-02-16T18:16:33.6257841Z Location: https://objects.githubusercontent.com/github-production-release-asset-2e65be/905016093/dbcc0ca6-02ff-4d06-8cae-343744c6a373?X-Amz-Algorithm=AWS4-HMAC-SHA256&X-Amz-Credential=releaseassetproduction%2F20250216%2Fus-east-1%2Fs3%2Faws4_request&X-Amz-Date=20250216T181633Z&X-Amz-Expires=300&X-Amz-Signature=f3da2efab6b44961da6d0611508b1782914b0265486a9890591b1d9c8ab76ad5&X-Amz-SignedHeaders=host&response-content-disposition=attachment%3B%20filename%3Dklayout_0.29.11-1_amd64.deb&response-content-type=application%2Foctet-stream [following]
2025-02-16T18:16:33.6265326Z --2025-02-16 18:16:33--  https://objects.githubusercontent.com/github-production-release-asset-2e65be/905016093/dbcc0ca6-02ff-4d06-8cae-343744c6a373?X-Amz-Algorithm=AWS4-HMAC-SHA256&X-Amz-Credential=releaseassetproduction%2F20250216%2Fus-east-1%2Fs3%2Faws4_request&X-Amz-Date=20250216T181633Z&X-Amz-Expires=300&X-Amz-Signature=f3da2efab6b44961da6d0611508b1782914b0265486a9890591b1d9c8ab76ad5&X-Amz-SignedHeaders=host&response-content-disposition=attachment%3B%20filename%3Dklayout_0.29.11-1_amd64.deb&response-content-type=application%2Foctet-stream
2025-02-16T18:16:33.6301742Z Resolving objects.githubusercontent.com (objects.githubusercontent.com)... 185.199.109.133, 185.199.110.133, 185.199.111.133, ...
2025-02-16T18:16:33.6326306Z Connecting to objects.githubusercontent.com (objects.githubusercontent.com)|185.199.109.133|:443... connected.
2025-02-16T18:16:34.0151965Z HTTP request sent, awaiting response... 200 OK
2025-02-16T18:16:34.0152758Z Length: 63179420 (60M) [application/octet-stream]
2025-02-16T18:16:34.0154475Z Saving to: ‘klayout_0.29.11-1_amd64.deb’
2025-02-16T18:16:34.0190516Z 
2025-02-16T18:16:34.0199534Z      0K .......... .......... .......... .......... ..........  0% 10.7M 6s
2025-02-16T18:16:34.0208924Z     50K .......... .......... .......... .......... ..........  0% 49.8M 3s
2025-02-16T18:16:34.0212292Z    100K .......... .......... .......... .......... ..........  0%  142M 2s
2025-02-16T18:16:34.0215576Z    150K .......... .......... .......... .......... ..........  0%  150M 2s
2025-02-16T18:16:34.0218382Z    200K .......... .......... .......... .......... ..........  0%  182M 2s
2025-02-16T18:16:34.0220843Z    250K .......... .......... .......... .......... ..........  0%  204M 1s
2025-02-16T18:16:34.0223046Z    300K .......... .......... .......... .......... ..........  0%  266M 1s
2025-02-16T18:16:34.0225775Z    350K .......... .......... .......... .......... ..........  0%  143M 1s
2025-02-16T18:16:34.0228164Z    400K .......... .......... .......... .......... ..........  0%  209M 1s
2025-02-16T18:16:34.0230679Z    450K .......... .......... .......... .......... ..........  0%  309M 1s
2025-02-16T18:16:34.0231374Z    500K .......... .......... .......... .......... ..........  0%  273M 1s
2025-02-16T18:16:34.0233682Z    550K .......... .......... .......... .......... ..........  0%  325M 1s
2025-02-16T18:16:34.0236870Z    600K .......... .......... .......... .......... ..........  1%  295M 1s
2025-02-16T18:16:34.0237499Z    650K .......... .......... .......... .......... ..........  1%  471M 1s
2025-02-16T18:16:34.0238842Z    700K .......... .......... .......... .......... ..........  1%  277M 1s
2025-02-16T18:16:34.0240225Z    750K .......... .......... .......... .......... ..........  1%  200M 1s
2025-02-16T18:16:34.0241740Z    800K .......... .......... .......... .......... ..........  1%  252M 1s
2025-02-16T18:16:34.0243524Z    850K .......... .......... .......... .......... ..........  1%  296M 1s
2025-02-16T18:16:34.0245270Z    900K .......... .......... .......... .......... ..........  1%  268M 1s
2025-02-16T18:16:34.0247071Z    950K .......... .......... .......... .......... ..........  1%  305M 1s
2025-02-16T18:16:34.0250010Z   1000K .......... .......... .......... .......... ..........  1%  281M 1s
2025-02-16T18:16:34.0250805Z   1050K .......... .......... .......... .......... ..........  1%  283M 1s
2025-02-16T18:16:34.0254409Z   1100K .......... .......... .......... .......... ..........  1%  242M 1s
2025-02-16T18:16:34.0255003Z   1150K .......... .......... .......... .......... ..........  1%  244M 1s
2025-02-16T18:16:34.0256057Z   1200K .......... .......... .......... .......... ..........  2%  271M 0s
2025-02-16T18:16:34.0258932Z   1250K .......... .......... .......... .......... ..........  2%  306M 0s
2025-02-16T18:16:34.0259511Z   1300K .......... .......... .......... .......... ..........  2%  292M 0s
2025-02-16T18:16:34.0261591Z   1350K .......... .......... .......... .......... ..........  2%  261M 0s
2025-02-16T18:16:34.0263956Z   1400K .......... .......... .......... .......... ..........  2%  288M 0s
2025-02-16T18:16:34.0264891Z   1450K .......... .......... .......... .......... ..........  2%  270M 0s
2025-02-16T18:16:34.0267162Z   1500K .......... .......... .......... .......... ..........  2%  294M 0s
2025-02-16T18:16:34.0268852Z   1550K .......... .......... .......... .......... ..........  2%  207M 0s
2025-02-16T18:16:34.0270942Z   1600K .......... .......... .......... .......... ..........  2%  303M 0s
2025-02-16T18:16:34.0272248Z   1650K .......... .......... .......... .......... ..........  2%  257M 0s
2025-02-16T18:16:34.0274151Z   1700K .......... .......... .......... .......... ..........  2%  309M 0s
2025-02-16T18:16:34.0275603Z   1750K .......... .......... .......... .......... ..........  2%  292M 0s
2025-02-16T18:16:34.0277460Z   1800K .......... .......... .......... .......... ..........  2%  297M 0s
2025-02-16T18:16:34.0279342Z   1850K .......... .......... .......... .......... ..........  3%  267M 0s
2025-02-16T18:16:34.0281884Z   1900K .......... .......... .......... .......... ..........  3%  261M 0s
2025-02-16T18:16:34.0298334Z   1950K .......... .......... .......... .......... ..........  3% 29.7M 0s
2025-02-16T18:16:34.0298922Z   2000K .......... .......... .......... .......... ..........  3%  306M 0s
2025-02-16T18:16:34.0300889Z   2050K .......... .......... .......... .......... ..........  3%  279M 0s
2025-02-16T18:16:34.0302557Z   2100K .......... .......... .......... .......... ..........  3%  257M 0s
2025-02-16T18:16:34.0304352Z   2150K .......... .......... .......... .......... ..........  3%  281M 0s
2025-02-16T18:16:34.0306157Z   2200K .......... .......... .......... .......... ..........  3%  296M 0s
2025-02-16T18:16:34.0307821Z   2250K .......... .......... .......... .......... ..........  3%  284M 0s
2025-02-16T18:16:34.0310408Z   2300K .......... .......... .......... .......... ..........  3%  273M 0s
2025-02-16T18:16:34.0313209Z   2350K .......... .......... .......... .......... ..........  3%  205M 0s
2025-02-16T18:16:34.0314393Z   2400K .......... .......... .......... .......... ..........  3%  276M 0s
2025-02-16T18:16:34.0316070Z   2450K .......... .......... .......... .......... ..........  4%  269M 0s
2025-02-16T18:16:34.0317209Z   2500K .......... .......... .......... .......... ..........  4%  280M 0s
2025-02-16T18:16:34.0319012Z   2550K .......... .......... .......... .......... ..........  4%  289M 0s
2025-02-16T18:16:34.0321271Z   2600K .......... .......... .......... .......... ..........  4%  289M 0s
2025-02-16T18:16:34.0322662Z   2650K .......... .......... .......... .......... ..........  4%  242M 0s
2025-02-16T18:16:34.0325427Z   2700K .......... .......... .......... .......... ..........  4%  302M 0s
2025-02-16T18:16:34.0326423Z   2750K .......... .......... .......... .......... ..........  4%  213M 0s
2025-02-16T18:16:34.0330268Z   2800K .......... .......... .......... .......... ..........  4%  310M 0s
2025-02-16T18:16:34.0330856Z   2850K .......... .......... .......... .......... ..........  4%  311M 0s
2025-02-16T18:16:34.0331949Z   2900K .......... .......... .......... .......... ..........  4%  255M 0s
2025-02-16T18:16:34.0334742Z   2950K .......... .......... .......... .......... ..........  4%  316M 0s
2025-02-16T18:16:34.0335313Z   3000K .......... .......... .......... .......... ..........  4%  296M 0s
2025-02-16T18:16:34.0336517Z   3050K .......... .......... .......... .......... ..........  5%  290M 0s
2025-02-16T18:16:34.0339917Z   3100K .......... .......... .......... .......... ..........  5%  301M 0s
2025-02-16T18:16:34.0341905Z   3150K .......... .......... .......... .......... ..........  5%  227M 0s
2025-02-16T18:16:34.0342479Z   3200K .......... .......... .......... .......... ..........  5%  241M 0s
2025-02-16T18:16:34.0343911Z   3250K .......... .......... .......... .......... ..........  5%  281M 0s
2025-02-16T18:16:34.0347206Z   3300K .......... .......... .......... .......... ..........  5%  301M 0s
2025-02-16T18:16:34.0347810Z   3350K .......... .......... .......... .......... ..........  5%  306M 0s
2025-02-16T18:16:34.0350594Z   3400K .......... .......... .......... .......... ..........  5%  283M 0s
2025-02-16T18:16:34.0351187Z   3450K .......... .......... .......... .......... ..........  5%  280M 0s
2025-02-16T18:16:34.0355071Z   3500K .......... .......... .......... .......... ..........  5%  243M 0s
2025-02-16T18:16:34.0355643Z   3550K .......... .......... .......... .......... ..........  5%  239M 0s
2025-02-16T18:16:34.0356223Z   3600K .......... .......... .......... .......... ..........  5%  298M 0s
2025-02-16T18:16:34.0358469Z   3650K .......... .......... .......... .......... ..........  5%  296M 0s
2025-02-16T18:16:34.0359845Z   3700K .......... .......... .......... .......... ..........  6%  267M 0s
2025-02-16T18:16:34.0361993Z   3750K .......... .......... .......... .......... ..........  6%  264M 0s
2025-02-16T18:16:34.0364360Z   3800K .......... .......... .......... .......... ..........  6%  285M 0s
2025-02-16T18:16:34.0365595Z   3850K .......... .......... .......... .......... ..........  6%  249M 0s
2025-02-16T18:16:34.0370402Z   3900K .......... .......... .......... .......... ..........  6%  298M 0s
2025-02-16T18:16:34.0371060Z   3950K .......... .......... .......... .......... ..........  6%  213M 0s
2025-02-16T18:16:34.0372590Z   4000K .......... .......... .......... .......... ..........  6%  218M 0s
2025-02-16T18:16:34.0373869Z   4050K .......... .......... .......... .......... ..........  6%  270M 0s
2025-02-16T18:16:34.0375156Z   4100K .......... .......... .......... .......... ..........  6%  282M 0s
2025-02-16T18:16:34.0376996Z   4150K .......... .......... .......... .......... ..........  6%  254M 0s
2025-02-16T18:16:34.0378987Z   4200K .......... .......... .......... .......... ..........  6%  298M 0s
2025-02-16T18:16:34.0380648Z   4250K .......... .......... .......... .......... ..........  6%  282M 0s
2025-02-16T18:16:34.0382919Z   4300K .......... .......... .......... .......... ..........  7%  263M 0s
2025-02-16T18:16:34.0384176Z   4350K .......... .......... .......... .......... ..........  7%  238M 0s
2025-02-16T18:16:34.0386169Z   4400K .......... .......... .......... .......... ..........  7%  307M 0s
2025-02-16T18:16:34.0387464Z   4450K .......... .......... .......... .......... ..........  7%  293M 0s
2025-02-16T18:16:34.0389437Z   4500K .......... .......... .......... .......... ..........  7%  288M 0s
2025-02-16T18:16:34.0391074Z   4550K .......... .......... .......... .......... ..........  7%  284M 0s
2025-02-16T18:16:34.0392688Z   4600K .......... .......... .......... .......... ..........  7%  281M 0s
2025-02-16T18:16:34.0394608Z   4650K .......... .......... .......... .......... ..........  7%  303M 0s
2025-02-16T18:16:34.0397037Z   4700K .......... .......... .......... .......... ..........  7%  286M 0s
2025-02-16T18:16:34.0398713Z   4750K .......... .......... .......... .......... ..........  7%  214M 0s
2025-02-16T18:16:34.0400025Z   4800K .......... .......... .......... .......... ..........  7%  272M 0s
2025-02-16T18:16:34.0402182Z   4850K .......... .......... .......... .......... ..........  7%  258M 0s
2025-02-16T18:16:34.0403640Z   4900K .......... .......... .......... .......... ..........  8%  298M 0s
2025-02-16T18:16:34.0405454Z   4950K .......... .......... .......... .......... ..........  8%  306M 0s
2025-02-16T18:16:34.0407080Z   5000K .......... .......... .......... .......... ..........  8%  290M 0s
2025-02-16T18:16:34.0408764Z   5050K .......... .......... .......... .......... ..........  8%  291M 0s
2025-02-16T18:16:34.0411145Z   5100K .......... .......... .......... .......... ..........  8%  296M 0s
2025-02-16T18:16:34.0412442Z   5150K .......... .......... .......... .......... ..........  8%  209M 0s
2025-02-16T18:16:34.0437354Z   5200K .......... .......... .......... .......... ..........  8% 20.2M 0s
2025-02-16T18:16:34.0438991Z   5250K .......... .......... .......... .......... ..........  8%  217M 0s
2025-02-16T18:16:34.0441000Z   5300K .......... .......... .......... .......... ..........  8%  302M 0s
2025-02-16T18:16:34.0466127Z   5350K .......... .......... .......... .......... ..........  8% 19.6M 0s
2025-02-16T18:16:34.0470668Z   5400K .......... .......... .......... .......... ..........  8%  117M 0s
2025-02-16T18:16:34.0473048Z   5450K .......... .......... .......... .......... ..........  8%  226M 0s
2025-02-16T18:16:34.0476473Z   5500K .......... .......... .......... .......... ..........  8%  198M 0s
2025-02-16T18:16:34.0477073Z   5550K .......... .......... .......... .......... ..........  9%  224M 0s
2025-02-16T18:16:34.0478566Z   5600K .......... .......... .......... .......... ..........  9%  284M 0s
2025-02-16T18:16:34.0480342Z   5650K .......... .......... .......... .......... ..........  9%  276M 0s
2025-02-16T18:16:34.0482169Z   5700K .......... .......... .......... .......... ..........  9%  245M 0s
2025-02-16T18:16:34.0483935Z   5750K .......... .......... .......... .......... ..........  9%  263M 0s
2025-02-16T18:16:34.0486428Z   5800K .......... .......... .......... .......... ..........  9%  281M 0s
2025-02-16T18:16:34.0487786Z   5850K .......... .......... .......... .......... ..........  9%  273M 0s
2025-02-16T18:16:34.0490820Z   5900K .......... .......... .......... .......... ..........  9%  269M 0s
2025-02-16T18:16:34.0491935Z   5950K .......... .......... .......... .......... ..........  9%  184M 0s
2025-02-16T18:16:34.0493552Z   6000K .......... .......... .......... .......... ..........  9%  295M 0s
2025-02-16T18:16:34.0495862Z   6050K .......... .......... .......... .......... ..........  9%  297M 0s
2025-02-16T18:16:34.0497120Z   6100K .......... .......... .......... .......... ..........  9%  267M 0s
2025-02-16T18:16:34.0499029Z   6150K .......... .......... .......... .......... .......... 10%  254M 0s
2025-02-16T18:16:34.0500946Z   6200K .......... .......... .......... .......... .......... 10%  285M 0s
2025-02-16T18:16:34.0504169Z   6250K .......... .......... .......... .......... .......... 10%  191M 0s
2025-02-16T18:16:34.0505592Z   6300K .......... .......... .......... .......... .......... 10%  217M 0s
2025-02-16T18:16:34.0507410Z   6350K .......... .......... .......... .......... .......... 10%  253M 0s
2025-02-16T18:16:34.0513089Z   6400K .......... .......... .......... .......... .......... 10%  106M 0s
2025-02-16T18:16:34.0514771Z   6450K .......... .......... .......... .......... .......... 10%  243M 0s
2025-02-16T18:16:34.0516601Z   6500K .......... .......... .......... .......... .......... 10%  257M 0s
2025-02-16T18:16:34.0517729Z   6550K .......... .......... .......... .......... .......... 10%  288M 0s
2025-02-16T18:16:34.0521631Z   6600K .......... .......... .......... .......... .......... 10%  133M 0s
2025-02-16T18:16:34.0523843Z   6650K .......... .......... .......... .......... .......... 10%  289M 0s
2025-02-16T18:16:34.0526128Z   6700K .......... .......... .......... .......... .......... 10%  260M 0s
2025-02-16T18:16:34.0527383Z   6750K .......... .......... .......... .......... .......... 11%  206M 0s
2025-02-16T18:16:34.0531695Z   6800K .......... .......... .......... .......... .......... 11%  120M 0s
2025-02-16T18:16:34.0580417Z   6850K .......... .......... .......... .......... .......... 11%  212M 0s
2025-02-16T18:16:34.0581601Z   6900K .......... .......... .......... .......... .......... 11%  259M 0s
2025-02-16T18:16:34.0582179Z   6950K .......... .......... .......... .......... .......... 11%  268M 0s
2025-02-16T18:16:34.0583571Z   7000K .......... .......... .......... .......... .......... 11%  340M 0s
2025-02-16T18:16:34.0584168Z   7050K .......... .......... .......... .......... .......... 11%  322M 0s
2025-02-16T18:16:34.0585188Z   7100K .......... .......... .......... .......... .......... 11%  295M 0s
2025-02-16T18:16:34.0586247Z   7150K .......... .......... .......... .......... .......... 11%  236M 0s
2025-02-16T18:16:34.0587395Z   7200K .......... .......... .......... .......... .......... 11%  352M 0s
2025-02-16T18:16:34.0587987Z   7250K .......... .......... .......... .......... .......... 11%  331M 0s
2025-02-16T18:16:34.0589718Z   7300K .......... .......... .......... .......... .......... 11%  323M 0s
2025-02-16T18:16:34.0590987Z   7350K .......... .......... .......... .......... .......... 11%  371M 0s
2025-02-16T18:16:34.0591559Z   7400K .......... .......... .......... .......... .......... 12%  205M 0s
2025-02-16T18:16:34.0592415Z   7450K .......... .......... .......... .......... .......... 12%  356M 0s
2025-02-16T18:16:34.0593222Z   7500K .......... .......... .......... .......... .......... 12%  369M 0s
2025-02-16T18:16:34.0593808Z   7550K .......... .......... .......... .......... .......... 12%  174M 0s
2025-02-16T18:16:34.0594364Z   7600K .......... .......... .......... .......... .......... 12%  306M 0s
2025-02-16T18:16:34.0596048Z   7650K .......... .......... .......... .......... .......... 12%  347M 0s
2025-02-16T18:16:34.0596996Z   7700K .......... .......... .......... .......... .......... 12%  245M 0s
2025-02-16T18:16:34.0597774Z   7750K .......... .......... .......... .......... .......... 12%  318M 0s
2025-02-16T18:16:34.0598357Z   7800K .......... .......... .......... .......... .......... 12%  304M 0s
2025-02-16T18:16:34.0599880Z   7850K .......... .......... .......... .......... .......... 12%  314M 0s
2025-02-16T18:16:34.0600620Z   7900K .......... .......... .......... .......... .......... 12%  346M 0s
2025-02-16T18:16:34.0601177Z   7950K .......... .......... .......... .......... .......... 12%  245M 0s
2025-02-16T18:16:34.0601752Z   8000K .......... .......... .......... .......... .......... 13%  292M 0s
2025-02-16T18:16:34.0603485Z   8050K .......... .......... .......... .......... .......... 13%  334M 0s
2025-02-16T18:16:34.0604065Z   8100K .......... .......... .......... .......... .......... 13%  352M 0s
2025-02-16T18:16:34.0604620Z   8150K .......... .......... .......... .......... .......... 13%  336M 0s
2025-02-16T18:16:34.0605178Z   8200K .......... .......... .......... .......... .......... 13%  324M 0s
2025-02-16T18:16:34.0605765Z   8250K .......... .......... .......... .......... .......... 13%  316M 0s
2025-02-16T18:16:34.0608003Z   8300K .......... .......... .......... .......... .......... 13%  247M 0s
2025-02-16T18:16:34.0608587Z   8350K .......... .......... .......... .......... .......... 13%  166M 0s
2025-02-16T18:16:34.0609147Z   8400K .......... .......... .......... .......... .......... 13%  281M 0s
2025-02-16T18:16:34.0609712Z   8450K .......... .......... .......... .......... .......... 13%  270M 0s
2025-02-16T18:16:34.0610655Z   8500K .......... .......... .......... .......... .......... 13%  257M 0s
2025-02-16T18:16:34.0612938Z   8550K .......... .......... .......... .......... .......... 13%  236M 0s
2025-02-16T18:16:34.0613513Z   8600K .......... .......... .......... .......... .......... 14%  271M 0s
2025-02-16T18:16:34.0615238Z   8650K .......... .......... .......... .......... .......... 14%  288M 0s
2025-02-16T18:16:34.0615811Z   8700K .......... .......... .......... .......... .......... 14%  260M 0s
2025-02-16T18:16:34.0616370Z   8750K .......... .......... .......... .......... .......... 14%  209M 0s
2025-02-16T18:16:34.0616932Z   8800K .......... .......... .......... .......... .......... 14%  244M 0s
2025-02-16T18:16:34.0617486Z   8850K .......... .......... .......... .......... .......... 14%  290M 0s
2025-02-16T18:16:34.0619712Z   8900K .......... .......... .......... .......... .......... 14%  273M 0s
2025-02-16T18:16:34.0620488Z   8950K .......... .......... .......... .......... .......... 14%  291M 0s
2025-02-16T18:16:34.0621069Z   9000K .......... .......... .......... .......... .......... 14%  257M 0s
2025-02-16T18:16:34.0623048Z   9050K .......... .......... .......... .......... .......... 14%  298M 0s
2025-02-16T18:16:34.0623627Z   9100K .......... .......... .......... .......... .......... 14%  257M 0s
2025-02-16T18:16:34.0624179Z   9150K .......... .......... .......... .......... .......... 14%  197M 0s
2025-02-16T18:16:34.0624764Z   9200K .......... .......... .......... .......... .......... 14%  270M 0s
2025-02-16T18:16:34.0627137Z   9250K .......... .......... .......... .......... .......... 15%  284M 0s
2025-02-16T18:16:34.0627725Z   9300K .......... .......... .......... .......... .......... 15%  274M 0s
2025-02-16T18:16:34.0628314Z   9350K .......... .......... .......... .......... .......... 15%  246M 0s
2025-02-16T18:16:34.0628878Z   9400K .......... .......... .......... .......... .......... 15%  257M 0s
2025-02-16T18:16:34.0629430Z   9450K .......... .......... .......... .......... .......... 15%  225M 0s
2025-02-16T18:16:34.0630195Z   9500K .......... .......... .......... .......... .......... 15%  262M 0s
2025-02-16T18:16:34.0630779Z   9550K .......... .......... .......... .......... .......... 15%  254M 0s
2025-02-16T18:16:34.0631904Z   9600K .......... .......... .......... .......... .......... 15%  263M 0s
2025-02-16T18:16:34.0633824Z   9650K .......... .......... .......... .......... .......... 15%  297M 0s
2025-02-16T18:16:34.0636174Z   9700K .......... .......... .......... .......... .......... 15%  222M 0s
2025-02-16T18:16:34.0637384Z   9750K .......... .......... .......... .......... .......... 15%  300M 0s
2025-02-16T18:16:34.0639437Z   9800K .......... .......... .......... .......... .......... 15%  299M 0s
2025-02-16T18:16:34.0640898Z   9850K .......... .......... .......... .......... .......... 16%  297M 0s
2025-02-16T18:16:34.0643175Z   9900K .......... .......... .......... .......... .......... 16%  264M 0s
2025-02-16T18:16:34.0644500Z   9950K .......... .......... .......... .......... .......... 16%  230M 0s
2025-02-16T18:16:34.0646362Z  10000K .......... .......... .......... .......... .......... 16%  307M 0s
2025-02-16T18:16:34.0647776Z  10050K .......... .......... .......... .......... .......... 16%  293M 0s
2025-02-16T18:16:34.0649786Z  10100K .......... .......... .......... .......... .......... 16%  301M 0s
2025-02-16T18:16:34.0651414Z  10150K .......... .......... .......... .......... .......... 16%  268M 0s
2025-02-16T18:16:34.1338658Z  10200K .......... .......... .......... .......... .......... 16%  731K 1s
2025-02-16T18:16:34.1339388Z  10250K .......... .......... .......... .......... .......... 16%  194M 1s
2025-02-16T18:16:34.1341074Z  10300K .......... .......... .......... .......... .......... 16%  178M 1s
2025-02-16T18:16:34.1343853Z  10350K .......... .......... .......... .......... .......... 16%  277M 1s
2025-02-16T18:16:34.1344633Z  10400K .......... .......... .......... .......... .......... 16%  269M 1s
2025-02-16T18:16:34.1346065Z  10450K .......... .......... .......... .......... .......... 17%  299M 1s
2025-02-16T18:16:34.1348109Z  10500K .......... .......... .......... .......... .......... 17%  291M 1s
2025-02-16T18:16:34.1351914Z  10550K .......... .......... .......... .......... .......... 17%  272M 1s
2025-02-16T18:16:34.1352508Z  10600K .......... .......... .......... .......... .......... 17%  268M 1s
2025-02-16T18:16:34.1353339Z  10650K .......... .......... .......... .......... .......... 17%  278M 1s
2025-02-16T18:16:34.1355730Z  10700K .......... .......... .......... .......... .......... 17%  194M 1s
2025-02-16T18:16:34.1357728Z  10750K .......... .......... .......... .......... .......... 17%  289M 1s
2025-02-16T18:16:34.1360478Z  10800K .......... .......... .......... .......... .......... 17%  280M 1s
2025-02-16T18:16:34.1361210Z  10850K .......... .......... .......... .......... .......... 17%  250M 1s
2025-02-16T18:16:34.1365102Z  10900K .......... .......... .......... .......... .......... 17%  277M 1s
2025-02-16T18:16:34.1365707Z  10950K .......... .......... .......... .......... .......... 17%  298M 1s
2025-02-16T18:16:34.1366449Z  11000K .......... .......... .......... .......... .......... 17%  271M 1s
2025-02-16T18:16:34.1369299Z  11050K .......... .......... .......... .......... .......... 17%  243M 1s
2025-02-16T18:16:34.1370336Z  11100K .......... .......... .......... .......... .......... 18%  280M 1s
2025-02-16T18:16:34.1372386Z  11150K .......... .......... .......... .......... .......... 18%  256M 1s
2025-02-16T18:16:34.1374828Z  11200K .......... .......... .......... .......... .......... 18%  217M 1s
2025-02-16T18:16:34.1375935Z  11250K .......... .......... .......... .......... .......... 18%  281M 1s
2025-02-16T18:16:34.1377915Z  11300K .......... .......... .......... .......... .......... 18%  300M 1s
2025-02-16T18:16:34.1381481Z  11350K .......... .......... .......... .......... .......... 18%  294M 1s
2025-02-16T18:16:34.1382085Z  11400K .......... .......... .......... .......... .......... 18%  256M 1s
2025-02-16T18:16:34.1383074Z  11450K .......... .......... .......... .......... .......... 18%  282M 1s
2025-02-16T18:16:34.1385318Z  11500K .......... .......... .......... .......... .......... 18%  224M 1s
2025-02-16T18:16:34.1386887Z  11550K .......... .......... .......... .......... .......... 18%  306M 1s
2025-02-16T18:16:34.1389305Z  11600K .......... .......... .......... .......... .......... 18%  247M 1s
2025-02-16T18:16:34.1391314Z  11650K .......... .......... .......... .......... .......... 18%  286M 1s
2025-02-16T18:16:34.1392642Z  11700K .......... .......... .......... .......... .......... 19%  272M 1s
2025-02-16T18:16:34.1394013Z  11750K .......... .......... .......... .......... .......... 19%  278M 1s
2025-02-16T18:16:34.1395947Z  11800K .......... .......... .......... .......... .......... 19%  271M 1s
2025-02-16T18:16:34.1398469Z  11850K .......... .......... .......... .......... .......... 19%  286M 1s
2025-02-16T18:16:34.1399520Z  11900K .......... .......... .......... .......... .......... 19%  231M 1s
2025-02-16T18:16:34.1401622Z  11950K .......... .......... .......... .......... .......... 19%  247M 1s
2025-02-16T18:16:34.1403429Z  12000K .......... .......... .......... .......... .......... 19%  285M 1s
2025-02-16T18:16:34.1406442Z  12050K .......... .......... .......... .......... .......... 19%  301M 1s
2025-02-16T18:16:34.1407033Z  12100K .......... .......... .......... .......... .......... 19%  307M 1s
2025-02-16T18:16:34.1408203Z  12150K .......... .......... .......... .......... .......... 19%  301M 1s
2025-02-16T18:16:34.1410961Z  12200K .......... .......... .......... .......... .......... 19%  298M 1s
2025-02-16T18:16:34.1412041Z  12250K .......... .......... .......... .......... .......... 19%  234M 1s
2025-02-16T18:16:34.1414298Z  12300K .......... .......... .......... .......... .......... 20%  224M 1s
2025-02-16T18:16:34.1416378Z  12350K .......... .......... .......... .......... .......... 20%  233M 1s
2025-02-16T18:16:34.1417775Z  12400K .......... .......... .......... .......... .......... 20%  284M 1s
2025-02-16T18:16:34.1420391Z  12450K .......... .......... .......... .......... .......... 20%  309M 0s
2025-02-16T18:16:34.1421707Z  12500K .......... .......... .......... .......... .......... 20%  243M 0s
2025-02-16T18:16:34.1423320Z  12550K .......... .......... .......... .......... .......... 20%  278M 0s
2025-02-16T18:16:34.1425036Z  12600K .......... .......... .......... .......... .......... 20%  284M 0s
2025-02-16T18:16:34.1426818Z  12650K .......... .......... .......... .......... .......... 20%  311M 0s
2025-02-16T18:16:34.1428923Z  12700K .......... .......... .......... .......... .......... 20%  228M 0s
2025-02-16T18:16:34.1430702Z  12750K .......... .......... .......... .......... .......... 20%  277M 0s
2025-02-16T18:16:34.1432481Z  12800K .......... .......... .......... .......... .......... 20%  262M 0s
2025-02-16T18:16:34.1434856Z  12850K .......... .......... .......... .......... .......... 20%  287M 0s
2025-02-16T18:16:34.1435959Z  12900K .......... .......... .......... .......... .......... 20%  257M 0s
2025-02-16T18:16:34.1437923Z  12950K .......... .......... .......... .......... .......... 21%  292M 0s
2025-02-16T18:16:34.1439831Z  13000K .......... .......... .......... .......... .......... 21%  276M 0s
2025-02-16T18:16:34.1441664Z  13050K .......... .......... .......... .......... .......... 21%  242M 0s
2025-02-16T18:16:34.1443664Z  13100K .......... .......... .......... .......... .......... 21%  211M 0s
2025-02-16T18:16:34.1445510Z  13150K .......... .......... .......... .......... .......... 21%  298M 0s
2025-02-16T18:16:34.1447000Z  13200K .......... .......... .......... .......... .......... 21%  286M 0s
2025-02-16T18:16:34.1448684Z  13250K .......... .......... .......... .......... .......... 21%  300M 0s
2025-02-16T18:16:34.1450926Z  13300K .......... .......... .......... .......... .......... 21%  295M 0s
2025-02-16T18:16:34.1452095Z  13350K .......... .......... .......... .......... .......... 21%  264M 0s
2025-02-16T18:16:34.1454358Z  13400K .......... .......... .......... .......... .......... 21%  318M 0s
2025-02-16T18:16:34.1456545Z  13450K .......... .......... .......... .......... .......... 21%  292M 0s
2025-02-16T18:16:34.1457316Z  13500K .......... .......... .......... .......... .......... 21%  223M 0s
2025-02-16T18:16:34.1458954Z  13550K .......... .......... .......... .......... .......... 22%  334M 0s
2025-02-16T18:16:34.1461992Z  13600K .......... .......... .......... .......... .......... 22%  311M 0s
2025-02-16T18:16:34.1462578Z  13650K .......... .......... .......... .......... .......... 22%  234M 0s
2025-02-16T18:16:34.1464214Z  13700K .......... .......... .......... .......... .......... 22%  321M 0s
2025-02-16T18:16:34.1466958Z  13750K .......... .......... .......... .......... .......... 22%  289M 0s
2025-02-16T18:16:34.1467569Z  13800K .......... .......... .......... .......... .......... 22%  280M 0s
2025-02-16T18:16:34.1470294Z  13850K .......... .......... .......... .......... .......... 22%  290M 0s
2025-02-16T18:16:34.1471610Z  13900K .......... .......... .......... .......... .......... 22%  200M 0s
2025-02-16T18:16:34.1474527Z  13950K .......... .......... .......... .......... .......... 22%  322M 0s
2025-02-16T18:16:34.1475077Z  14000K .......... .......... .......... .......... .......... 22%  280M 0s
2025-02-16T18:16:34.1476562Z  14050K .......... .......... .......... .......... .......... 22%  307M 0s
2025-02-16T18:16:34.1478765Z  14100K .......... .......... .......... .......... .......... 22%  303M 0s
2025-02-16T18:16:34.1479789Z  14150K .......... .......... .......... .......... .......... 23%  291M 0s
2025-02-16T18:16:34.1481651Z  14200K .......... .......... .......... .......... .......... 23%  286M 0s
2025-02-16T18:16:34.1483565Z  14250K .......... .......... .......... .......... .......... 23%  291M 0s
2025-02-16T18:16:34.1485413Z  14300K .......... .......... .......... .......... .......... 23%  227M 0s
2025-02-16T18:16:34.1486647Z  14350K .......... .......... .......... .......... .......... 23%  372M 0s
2025-02-16T18:16:34.1488672Z  14400K .......... .......... .......... .......... .......... 23%  252M 0s
2025-02-16T18:16:34.1491751Z  14450K .......... .......... .......... .......... .......... 23%  319M 0s
2025-02-16T18:16:34.1492313Z  14500K .......... .......... .......... .......... .......... 23%  257M 0s
2025-02-16T18:16:34.1493840Z  14550K .......... .......... .......... .......... .......... 23%  298M 0s
2025-02-16T18:16:34.1496101Z  14600K .......... .......... .......... .......... .......... 23%  284M 0s
2025-02-16T18:16:34.1497071Z  14650K .......... .......... .......... .......... .......... 23%  286M 0s
2025-02-16T18:16:34.1499071Z  14700K .......... .......... .......... .......... .......... 23%  250M 0s
2025-02-16T18:16:34.1502410Z  14750K .......... .......... .......... .......... .......... 23%  321M 0s
2025-02-16T18:16:34.1503018Z  14800K .......... .......... .......... .......... .......... 24%  276M 0s
2025-02-16T18:16:34.1503911Z  14850K .......... .......... .......... .......... .......... 24%  294M 0s
2025-02-16T18:16:34.1506056Z  14900K .......... .......... .......... .......... .......... 24%  295M 0s
2025-02-16T18:16:34.1507243Z  14950K .......... .......... .......... .......... .......... 24%  294M 0s
2025-02-16T18:16:34.1510658Z  15000K .......... .......... .......... .......... .......... 24%  327M 0s
2025-02-16T18:16:34.1511217Z  15050K .......... .......... .......... .......... .......... 24%  288M 0s
2025-02-16T18:16:34.1512756Z  15100K .......... .......... .......... .......... .......... 24%  217M 0s
2025-02-16T18:16:34.1515233Z  15150K .......... .......... .......... .......... .......... 24%  308M 0s
2025-02-16T18:16:34.1515967Z  15200K .......... .......... .......... .......... .......... 24%  278M 0s
2025-02-16T18:16:34.1517591Z  15250K .......... .......... .......... .......... .......... 24%  335M 0s
2025-02-16T18:16:34.1519686Z  15300K .......... .......... .......... .......... .......... 24%  309M 0s
2025-02-16T18:16:34.1520972Z  15350K .......... .......... .......... .......... .......... 24%  272M 0s
2025-02-16T18:16:34.1524136Z  15400K .......... .......... .......... .......... .......... 25%  306M 0s
2025-02-16T18:16:34.1524690Z  15450K .......... .......... .......... .......... .......... 25%  303M 0s
2025-02-16T18:16:34.1526264Z  15500K .......... .......... .......... .......... .......... 25%  235M 0s
2025-02-16T18:16:34.1529084Z  15550K .......... .......... .......... .......... .......... 25%  303M 0s
2025-02-16T18:16:34.1529645Z  15600K .......... .......... .......... .......... .......... 25%  301M 0s
2025-02-16T18:16:34.1531056Z  15650K .......... .......... .......... .......... .......... 25%  301M 0s
2025-02-16T18:16:34.1533646Z  15700K .......... .......... .......... .......... .......... 25%  308M 0s
2025-02-16T18:16:34.1534225Z  15750K .......... .......... .......... .......... .......... 25%  293M 0s
2025-02-16T18:16:34.1537311Z  15800K .......... .......... .......... .......... .......... 25%  325M 0s
2025-02-16T18:16:34.1537850Z  15850K .......... .......... .......... .......... .......... 25%  285M 0s
2025-02-16T18:16:34.1539615Z  15900K .......... .......... .......... .......... .......... 25%  235M 0s
2025-02-16T18:16:34.1541845Z  15950K .......... .......... .......... .......... .......... 25%  280M 0s
2025-02-16T18:16:34.1542963Z  16000K .......... .......... .......... .......... .......... 26%  293M 0s
2025-02-16T18:16:34.1546119Z  16050K .......... .......... .......... .......... .......... 26%  329M 0s
2025-02-16T18:16:34.1546671Z  16100K .......... .......... .......... .......... .......... 26%  297M 0s
2025-02-16T18:16:34.1547709Z  16150K .......... .......... .......... .......... .......... 26%  299M 0s
2025-02-16T18:16:34.1550673Z  16200K .......... .......... .......... .......... .......... 26%  330M 0s
2025-02-16T18:16:34.1551219Z  16250K .......... .......... .......... .......... .......... 26%  264M 0s
2025-02-16T18:16:34.1553229Z  16300K .......... .......... .......... .......... .......... 26%  237M 0s
2025-02-16T18:16:34.1555348Z  16350K .......... .......... .......... .......... .......... 26%  302M 0s
2025-02-16T18:16:34.1556409Z  16400K .......... .......... .......... .......... .......... 26%  283M 0s
2025-02-16T18:16:34.1559522Z  16450K .......... .......... .......... .......... .......... 26%  323M 0s
2025-02-16T18:16:34.1560211Z  16500K .......... .......... .......... .......... .......... 26%  291M 0s
2025-02-16T18:16:34.1563351Z  16550K .......... .......... .......... .......... .......... 26%  272M 0s
2025-02-16T18:16:34.1563900Z  16600K .......... .......... .......... .......... .......... 26%  303M 0s
2025-02-16T18:16:34.1564837Z  16650K .......... .......... .......... .......... .......... 27%  282M 0s
2025-02-16T18:16:34.1567932Z  16700K .......... .......... .......... .......... .......... 27%  230M 0s
2025-02-16T18:16:34.1568656Z  16750K .......... .......... .......... .......... .......... 27%  277M 0s
2025-02-16T18:16:34.1570384Z  16800K .......... .......... .......... .......... .......... 27%  327M 0s
2025-02-16T18:16:34.1573308Z  16850K .......... .......... .......... .......... .......... 27%  282M 0s
2025-02-16T18:16:34.1573862Z  16900K .......... .......... .......... .......... .......... 27%  282M 0s
2025-02-16T18:16:34.1576503Z  16950K .......... .......... .......... .......... .......... 27%  303M 0s
2025-02-16T18:16:34.1577109Z  17000K .......... .......... .......... .......... .......... 27%  295M 0s
2025-02-16T18:16:34.1578771Z  17050K .......... .......... .......... .......... .......... 27%  290M 0s
2025-02-16T18:16:34.1581464Z  17100K .......... .......... .......... .......... .......... 27%  208M 0s
2025-02-16T18:16:34.1582769Z  17150K .......... .......... .......... .......... .......... 27%  266M 0s
2025-02-16T18:16:34.1585577Z  17200K .......... .......... .......... .......... .......... 27%  325M 0s
2025-02-16T18:16:34.1586125Z  17250K .......... .......... .......... .......... .......... 28%  308M 0s
2025-02-16T18:16:34.1587421Z  17300K .......... .......... .......... .......... .......... 28%  305M 0s
2025-02-16T18:16:34.1590534Z  17350K .......... .......... .......... .......... .......... 28%  328M 0s
2025-02-16T18:16:34.1591086Z  17400K .......... .......... .......... .......... .......... 28%  258M 0s
2025-02-16T18:16:34.1594271Z  17450K .......... .......... .......... .......... .......... 28%  303M 0s
2025-02-16T18:16:34.1596085Z  17500K .......... .......... .......... .......... .......... 28%  147M 0s
2025-02-16T18:16:34.1599172Z  17550K .......... .......... .......... .......... .......... 28%  315M 0s
2025-02-16T18:16:34.1599777Z  17600K .......... .......... .......... .......... .......... 28%  313M 0s
2025-02-16T18:16:34.1600810Z  17650K .......... .......... .......... .......... .......... 28%  282M 0s
2025-02-16T18:16:34.1603678Z  17700K .......... .......... .......... .......... .......... 28%  279M 0s
2025-02-16T18:16:34.1604494Z  17750K .......... .......... .......... .......... .......... 28%  225M 0s
2025-02-16T18:16:34.1606562Z  17800K .......... .......... .......... .......... .......... 28%  308M 0s
2025-02-16T18:16:34.1607928Z  17850K .......... .......... .......... .......... .......... 29%  286M 0s
2025-02-16T18:16:34.1610386Z  17900K .......... .......... .......... .......... .......... 29%  219M 0s
2025-02-16T18:16:34.1611981Z  17950K .......... .......... .......... .......... .......... 29%  271M 0s
2025-02-16T18:16:34.1613504Z  18000K .......... .......... .......... .......... .......... 29%  318M 0s
2025-02-16T18:16:34.1615042Z  18050K .......... .......... .......... .......... .......... 29%  318M 0s
2025-02-16T18:16:34.1616614Z  18100K .......... .......... .......... .......... .......... 29%  313M 0s
2025-02-16T18:16:34.1618170Z  18150K .......... .......... .......... .......... .......... 29%  318M 0s
2025-02-16T18:16:34.1620202Z  18200K .......... .......... .......... .......... .......... 29%  250M 0s
2025-02-16T18:16:34.1621548Z  18250K .......... .......... .......... .......... .......... 29%  292M 0s
2025-02-16T18:16:34.1623546Z  18300K .......... .......... .......... .......... .......... 29%  274M 0s
2025-02-16T18:16:34.1625064Z  18350K .......... .......... .......... .......... .......... 29%  314M 0s
2025-02-16T18:16:34.1626584Z  18400K .......... .......... .......... .......... .......... 29%  325M 0s
2025-02-16T18:16:34.1628090Z  18450K .......... .......... .......... .......... .......... 29%  323M 0s
2025-02-16T18:16:34.1629681Z  18500K .......... .......... .......... .......... .......... 30%  315M 0s
2025-02-16T18:16:34.1631455Z  18550K .......... .......... .......... .......... .......... 30%  277M 0s
2025-02-16T18:16:34.1633283Z  18600K .......... .......... .......... .......... .......... 30%  259M 0s
2025-02-16T18:16:34.1634768Z  18650K .......... .......... .......... .......... .......... 30%  353M 0s
2025-02-16T18:16:34.1636697Z  18700K .......... .......... .......... .......... .......... 30%  243M 0s
2025-02-16T18:16:34.1638129Z  18750K .......... .......... .......... .......... .......... 30%  322M 0s
2025-02-16T18:16:34.1639704Z  18800K .......... .......... .......... .......... .......... 30%  321M 0s
2025-02-16T18:16:34.1641462Z  18850K .......... .......... .......... .......... .......... 30%  284M 0s
2025-02-16T18:16:34.1642975Z  18900K .......... .......... .......... .......... .......... 30%  320M 0s
2025-02-16T18:16:34.1644526Z  18950K .......... .......... .......... .......... .......... 30%  323M 0s
2025-02-16T18:16:34.1646071Z  19000K .......... .......... .......... .......... .......... 30%  317M 0s
2025-02-16T18:16:34.1647634Z  19050K .......... .......... .......... .......... .......... 30%  317M 0s
2025-02-16T18:16:34.1649563Z  19100K .......... .......... .......... .......... .......... 31%  241M 0s
2025-02-16T18:16:34.1651273Z  19150K .......... .......... .......... .......... .......... 31%  294M 0s
2025-02-16T18:16:34.1652763Z  19200K .......... .......... .......... .......... .......... 31%  318M 0s
2025-02-16T18:16:34.1654319Z  19250K .......... .......... .......... .......... .......... 31%  328M 0s
2025-02-16T18:16:34.1655822Z  19300K .......... .......... .......... .......... .......... 31%  316M 0s
2025-02-16T18:16:34.1657331Z  19350K .......... .......... .......... .......... .......... 31%  323M 0s
2025-02-16T18:16:34.1659157Z  19400K .......... .......... .......... .......... .......... 31%  311M 0s
2025-02-16T18:16:34.1660983Z  19450K .......... .......... .......... .......... .......... 31%  309M 0s
2025-02-16T18:16:34.1662724Z  19500K .......... .......... .......... .......... .......... 31%  218M 0s
2025-02-16T18:16:34.1664230Z  19550K .......... .......... .......... .......... .......... 31%  320M 0s
2025-02-16T18:16:34.1665749Z  19600K .......... .......... .......... .......... .......... 31%  321M 0s
2025-02-16T18:16:34.1667300Z  19650K .......... .......... .......... .......... .......... 31%  315M 0s
2025-02-16T18:16:34.1668826Z  19700K .......... .......... .......... .......... .......... 32%  321M 0s
2025-02-16T18:16:34.1670360Z  19750K .......... .......... .......... .......... .......... 32%  319M 0s
2025-02-16T18:16:34.1672083Z  19800K .......... .......... .......... .......... .......... 32%  294M 0s
2025-02-16T18:16:34.1673647Z  19850K .......... .......... .......... .......... .......... 32%  316M 0s
2025-02-16T18:16:34.1675587Z  19900K .......... .......... .......... .......... .......... 32%  239M 0s
2025-02-16T18:16:34.1677119Z  19950K .......... .......... .......... .......... .......... 32%  323M 0s
2025-02-16T18:16:34.1678634Z  20000K .......... .......... .......... .......... .......... 32%  320M 0s
2025-02-16T18:16:34.1680326Z  20050K .......... .......... .......... .......... .......... 32%  317M 0s
2025-02-16T18:16:34.1681914Z  20100K .......... .......... .......... .......... .......... 32%  283M 0s
2025-02-16T18:16:34.1683460Z  20150K .......... .......... .......... .......... .......... 32%  322M 0s
2025-02-16T18:16:34.1684940Z  20200K .......... .......... .......... .......... .......... 32%  310M 0s
2025-02-16T18:16:34.1686587Z  20250K .......... .......... .......... .......... .......... 32%  323M 0s
2025-02-16T18:16:34.1688476Z  20300K .......... .......... .......... .......... .......... 32%  245M 0s
2025-02-16T18:16:34.1690011Z  20350K .......... .......... .......... .......... .......... 33%  322M 0s
2025-02-16T18:16:34.1691731Z  20400K .......... .......... .......... .......... .......... 33%  287M 0s
2025-02-16T18:16:34.2281312Z  20450K .......... .......... .......... .......... .......... 33%  849K 0s
2025-02-16T18:16:34.2283805Z  20500K .......... .......... .......... .......... .......... 33%  166M 0s
2025-02-16T18:16:34.2290197Z  20550K .......... .......... .......... .......... .......... 33% 98.0M 0s
2025-02-16T18:16:34.2290898Z  20600K .......... .......... .......... .......... .......... 33%  237M 0s
2025-02-16T18:16:34.2293143Z  20650K .......... .......... .......... .......... .......... 33%  240M 0s
2025-02-16T18:16:34.2295976Z  20700K .......... .......... .......... .......... .......... 33%  143M 0s
2025-02-16T18:16:34.2297589Z  20750K .......... .......... .......... .......... .......... 33%  302M 0s
2025-02-16T18:16:34.2299050Z  20800K .......... .......... .......... .......... .......... 33%  325M 0s
2025-02-16T18:16:34.2306789Z  20850K .......... .......... .......... .......... .......... 33% 70.7M 0s
2025-02-16T18:16:34.2307730Z  20900K .......... .......... .......... .......... .......... 33%  270M 0s
2025-02-16T18:16:34.2310331Z  20950K .......... .......... .......... .......... .......... 34%  294M 0s
2025-02-16T18:16:34.2311399Z  21000K .......... .......... .......... .......... .......... 34%  248M 0s
2025-02-16T18:16:34.2313479Z  21050K .......... .......... .......... .......... .......... 34%  318M 0s
2025-02-16T18:16:34.2316720Z  21100K .......... .......... .......... .......... .......... 34%  245M 0s
2025-02-16T18:16:34.2317263Z  21150K .......... .......... .......... .......... .......... 34%  305M 0s
2025-02-16T18:16:34.2318197Z  21200K .......... .......... .......... .......... .......... 34%  287M 0s
2025-02-16T18:16:34.2319744Z  21250K .......... .......... .......... .......... .......... 34%  328M 0s
2025-02-16T18:16:34.2321488Z  21300K .......... .......... .......... .......... .......... 34%  283M 0s
2025-02-16T18:16:34.2324375Z  21350K .......... .......... .......... .......... .......... 34%  322M 0s
2025-02-16T18:16:34.2325209Z  21400K .......... .......... .......... .......... .......... 34%  301M 0s
2025-02-16T18:16:34.2326889Z  21450K .......... .......... .......... .......... .......... 34%  287M 0s
2025-02-16T18:16:34.2328180Z  21500K .......... .......... .......... .......... .......... 34%  240M 0s
2025-02-16T18:16:34.2331191Z  21550K .......... .......... .......... .......... .......... 35%  238M 0s
2025-02-16T18:16:34.2332256Z  21600K .......... .......... .......... .......... .......... 35%  245M 0s
2025-02-16T18:16:34.2333875Z  21650K .......... .......... .......... .......... .......... 35%  333M 0s
2025-02-16T18:16:34.2335518Z  21700K .......... .......... .......... .......... .......... 35%  314M 0s
2025-02-16T18:16:34.2337151Z  21750K .......... .......... .......... .......... .......... 35%  292M 0s
2025-02-16T18:16:34.2338729Z  21800K .......... .......... .......... .......... .......... 35%  314M 0s
2025-02-16T18:16:34.2347543Z  21850K .......... .......... .......... .......... .......... 35%  239M 0s
2025-02-16T18:16:34.2348107Z  21900K .......... .......... .......... .......... .......... 35% 64.5M 0s
2025-02-16T18:16:34.2349859Z  21950K .......... .......... .......... .......... .......... 35%  314M 0s
2025-02-16T18:16:34.2351685Z  22000K .......... .......... .......... .......... .......... 35%  263M 0s
2025-02-16T18:16:34.2353409Z  22050K .......... .......... .......... .......... .......... 35%  308M 0s
2025-02-16T18:16:34.2354867Z  22100K .......... .......... .......... .......... .......... 35%  298M 0s
2025-02-16T18:16:34.2356642Z  22150K .......... .......... .......... .......... .......... 35%  331M 0s
2025-02-16T18:16:34.2413966Z  22200K .......... .......... .......... .......... .......... 36% 8.52M 0s
2025-02-16T18:16:34.2416408Z  22250K .......... .......... .......... .......... .......... 36%  252M 0s
2025-02-16T18:16:34.2420624Z  22300K .......... .......... .......... .......... .......... 36%  104M 0s
2025-02-16T18:16:34.2423120Z  22350K .......... .......... .......... .......... .......... 36%  174M 0s
2025-02-16T18:16:34.2425248Z  22400K .......... .......... .......... .......... .......... 36%  236M 0s
2025-02-16T18:16:34.2431404Z  22450K .......... .......... .......... .......... .......... 36% 83.8M 0s
2025-02-16T18:16:34.2432939Z  22500K .......... .......... .......... .......... .......... 36%  260M 0s
2025-02-16T18:16:34.2435326Z  22550K .......... .......... .......... .......... .......... 36%  212M 0s
2025-02-16T18:16:34.2436866Z  22600K .......... .......... .......... .......... .......... 36%  312M 0s
2025-02-16T18:16:34.2452309Z  22650K .......... .......... .......... .......... .......... 36% 33.1M 0s
2025-02-16T18:16:34.2453816Z  22700K .......... .......... .......... .......... .......... 36%  210M 0s
2025-02-16T18:16:34.2455675Z  22750K .......... .......... .......... .......... .......... 36%  274M 0s
2025-02-16T18:16:34.2457870Z  22800K .......... .......... .......... .......... .......... 37%  230M 0s
2025-02-16T18:16:34.2459749Z  22850K .......... .......... .......... .......... .......... 37%  291M 0s
2025-02-16T18:16:34.2461157Z  22900K .......... .......... .......... .......... .......... 37%  276M 0s
2025-02-16T18:16:34.2463268Z  22950K .......... .......... .......... .......... .......... 37%  254M 0s
2025-02-16T18:16:34.2465874Z  23000K .......... .......... .......... .......... .......... 37%  185M 0s
2025-02-16T18:16:34.2473095Z  23050K .......... .......... .......... .......... .......... 37% 71.5M 0s
2025-02-16T18:16:34.2474757Z  23100K .......... .......... .......... .......... .......... 37%  232M 0s
2025-02-16T18:16:34.2476660Z  23150K .......... .......... .......... .......... .......... 37%  247M 0s
2025-02-16T18:16:34.2479298Z  23200K .......... .......... .......... .......... .......... 37%  323M 0s
2025-02-16T18:16:34.2479897Z  23250K .......... .......... .......... .......... .......... 37%  282M 0s
2025-02-16T18:16:34.2481658Z  23300K .......... .......... .......... .......... .......... 37%  291M 0s
2025-02-16T18:16:34.2483476Z  23350K .......... .......... .......... .......... .......... 37%  313M 0s
2025-02-16T18:16:34.2486844Z  23400K .......... .......... .......... .......... .......... 38%  145M 0s
2025-02-16T18:16:34.2488980Z  23450K .......... .......... .......... .......... .......... 38%  278M 0s
2025-02-16T18:16:34.2490508Z  23500K .......... .......... .......... .......... .......... 38%  224M 0s
2025-02-16T18:16:34.2493260Z  23550K .......... .......... .......... .......... .......... 38%  195M 0s
2025-02-16T18:16:34.2494642Z  23600K .......... .......... .......... .......... .......... 38%  271M 0s
2025-02-16T18:16:34.2496621Z  23650K .......... .......... .......... .......... .......... 38%  301M 0s
2025-02-16T18:16:34.2499568Z  23700K .......... .......... .......... .......... .......... 38%  289M 0s
2025-02-16T18:16:34.2500318Z  23750K .......... .......... .......... .......... .......... 38%  293M 0s
2025-02-16T18:16:34.2501694Z  23800K .......... .......... .......... .......... .......... 38%  250M 0s
2025-02-16T18:16:34.2503969Z  23850K .......... .......... .......... .......... .......... 38%  304M 0s
2025-02-16T18:16:34.2506478Z  23900K .......... .......... .......... .......... .......... 38%  174M 0s
2025-02-16T18:16:34.2507828Z  23950K .......... .......... .......... .......... .......... 38%  266M 0s
2025-02-16T18:16:34.2509547Z  24000K .......... .......... .......... .......... .......... 38%  308M 0s
2025-02-16T18:16:34.2513478Z  24050K .......... .......... .......... .......... .......... 39%  273M 0s
2025-02-16T18:16:34.2514286Z  24100K .......... .......... .......... .......... .......... 39%  187M 0s
2025-02-16T18:16:34.2515643Z  24150K .......... .......... .......... .......... .......... 39%  283M 0s
2025-02-16T18:16:34.2517397Z  24200K .......... .......... .......... .......... .......... 39%  300M 0s
2025-02-16T18:16:34.2520521Z  24250K .......... .......... .......... .......... .......... 39%  209M 0s
2025-02-16T18:16:34.2522398Z  24300K .......... .......... .......... .......... .......... 39%  182M 0s
2025-02-16T18:16:34.2523856Z  24350K .......... .......... .......... .......... .......... 39%  286M 0s
2025-02-16T18:16:34.2526633Z  24400K .......... .......... .......... .......... .......... 39%  303M 0s
2025-02-16T18:16:34.2527358Z  24450K .......... .......... .......... .......... .......... 39%  268M 0s
2025-02-16T18:16:34.2529249Z  24500K .......... .......... .......... .......... .......... 39%  301M 0s
2025-02-16T18:16:34.2531096Z  24550K .......... .......... .......... .......... .......... 39%  289M 0s
2025-02-16T18:16:34.2533546Z  24600K .......... .......... .......... .......... .......... 39%  251M 0s
2025-02-16T18:16:34.2535045Z  24650K .......... .......... .......... .......... .......... 40%  262M 0s
2025-02-16T18:16:34.2536759Z  24700K .......... .......... .......... .......... .......... 40%  226M 0s
2025-02-16T18:16:34.2540299Z  24750K .......... .......... .......... .......... .......... 40%  299M 0s
2025-02-16T18:16:34.2540897Z  24800K .......... .......... .......... .......... .......... 40%  222M 0s
2025-02-16T18:16:34.2542618Z  24850K .......... .......... .......... .......... .......... 40%  250M 0s
2025-02-16T18:16:34.2544137Z  24900K .......... .......... .......... .......... .......... 40%  294M 0s
2025-02-16T18:16:34.2547156Z  24950K .......... .......... .......... .......... .......... 40%  250M 0s
2025-02-16T18:16:34.2547959Z  25000K .......... .......... .......... .......... .......... 40%  264M 0s
2025-02-16T18:16:34.2549955Z  25050K .......... .......... .......... .......... .......... 40%  312M 0s
2025-02-16T18:16:34.2551396Z  25100K .......... .......... .......... .......... .......... 40%  240M 0s
2025-02-16T18:16:34.2554143Z  25150K .......... .......... .......... .......... .......... 40%  207M 0s
2025-02-16T18:16:34.2555388Z  25200K .......... .......... .......... .......... .......... 40%  295M 0s
2025-02-16T18:16:34.2557658Z  25250K .......... .......... .......... .......... .......... 41%  343M 0s
2025-02-16T18:16:34.2560458Z  25300K .......... .......... .......... .......... .......... 41%  155M 0s
2025-02-16T18:16:34.2562001Z  25350K .......... .......... .......... .......... .......... 41%  252M 0s
2025-02-16T18:16:34.2563716Z  25400K .......... .......... .......... .......... .......... 41%  311M 0s
2025-02-16T18:16:34.2566646Z  25450K .......... .......... .......... .......... .......... 41%  334M 0s
2025-02-16T18:16:34.2567496Z  25500K .......... .......... .......... .......... .......... 41%  201M 0s
2025-02-16T18:16:34.2569086Z  25550K .......... .......... .......... .......... .......... 41%  317M 0s
2025-02-16T18:16:34.2570703Z  25600K .......... .......... .......... .......... .......... 41%  341M 0s
2025-02-16T18:16:34.2572985Z  25650K .......... .......... .......... .......... .......... 41%  207M 0s
2025-02-16T18:16:34.2574829Z  25700K .......... .......... .......... .......... .......... 41%  262M 0s
2025-02-16T18:16:34.2576066Z  25750K .......... .......... .......... .......... .......... 41%  342M 0s
2025-02-16T18:16:34.2577803Z  25800K .......... .......... .......... .......... .......... 41%  320M 0s
2025-02-16T18:16:34.2581209Z  25850K .......... .......... .......... .......... .......... 41%  210M 0s
2025-02-16T18:16:34.2582636Z  25900K .......... .......... .......... .......... .......... 42%  180M 0s
2025-02-16T18:16:34.2584716Z  25950K .......... .......... .......... .......... .......... 42%  303M 0s
2025-02-16T18:16:34.2587132Z  26000K .......... .......... .......... .......... .......... 42%  266M 0s
2025-02-16T18:16:34.2588182Z  26050K .......... .......... .......... .......... .......... 42%  249M 0s
2025-02-16T18:16:34.2589883Z  26100K .......... .......... .......... .......... .......... 42%  298M 0s
2025-02-16T18:16:34.2593144Z  26150K .......... .......... .......... .......... .......... 42%  267M 0s
2025-02-16T18:16:34.2593727Z  26200K .......... .......... .......... .......... .......... 42%  307M 0s
2025-02-16T18:16:34.2595618Z  26250K .......... .......... .......... .......... .......... 42%  291M 0s
2025-02-16T18:16:34.2597013Z  26300K .......... .......... .......... .......... .......... 42%  215M 0s
2025-02-16T18:16:34.2599829Z  26350K .......... .......... .......... .......... .......... 42%  247M 0s
2025-02-16T18:16:34.2601031Z  26400K .......... .......... .......... .......... .......... 42%  250M 0s
2025-02-16T18:16:34.2602959Z  26450K .......... .......... .......... .......... .......... 42%  291M 0s
2025-02-16T18:16:34.2604617Z  26500K .......... .......... .......... .......... .......... 43%  289M 0s
2025-02-16T18:16:34.2608337Z  26550K .......... .......... .......... .......... .......... 43%  135M 0s
2025-02-16T18:16:34.2610027Z  26600K .......... .......... .......... .......... .......... 43%  270M 0s
2025-02-16T18:16:34.2612893Z  26650K .......... .......... .......... .......... .......... 43%  251M 0s
2025-02-16T18:16:34.2614228Z  26700K .......... .......... .......... .......... .......... 43%  193M 0s
2025-02-16T18:16:34.2617382Z  26750K .......... .......... .......... .......... .......... 43%  298M 0s
2025-02-16T18:16:34.2617966Z  26800K .......... .......... .......... .......... .......... 43%  288M 0s
2025-02-16T18:16:34.2619399Z  26850K .......... .......... .......... .......... .......... 43%  277M 0s
2025-02-16T18:16:34.2622035Z  26900K .......... .......... .......... .......... .......... 43%  261M 0s
2025-02-16T18:16:34.2623346Z  26950K .......... .......... .......... .......... .......... 43%  243M 0s
2025-02-16T18:16:34.2625995Z  27000K .......... .......... .......... .......... .......... 43%  290M 0s
2025-02-16T18:16:34.2627294Z  27050K .......... .......... .......... .......... .......... 43%  275M 0s
2025-02-16T18:16:34.2631273Z  27100K .......... .......... .......... .......... .......... 44%  220M 0s
2025-02-16T18:16:34.2631873Z  27150K .......... .......... .......... .......... .......... 44%  298M 0s
2025-02-16T18:16:34.2632636Z  27200K .......... .......... .......... .......... .......... 44%  238M 0s
2025-02-16T18:16:34.2635800Z  27250K .......... .......... .......... .......... .......... 44%  291M 0s
2025-02-16T18:16:34.2636390Z  27300K .......... .......... .......... .......... .......... 44%  275M 0s
2025-02-16T18:16:34.2639933Z  27350K .......... .......... .......... .......... .......... 44%  271M 0s
2025-02-16T18:16:34.2640687Z  27400K .......... .......... .......... .......... .......... 44%  289M 0s
2025-02-16T18:16:34.2641998Z  27450K .......... .......... .......... .......... .......... 44%  258M 0s
2025-02-16T18:16:34.2644388Z  27500K .......... .......... .......... .......... .......... 44%  217M 0s
2025-02-16T18:16:34.2645552Z  27550K .......... .......... .......... .......... .......... 44%  257M 0s
2025-02-16T18:16:34.2648121Z  27600K .......... .......... .......... .......... .......... 44%  291M 0s
2025-02-16T18:16:34.2649080Z  27650K .......... .......... .......... .......... .......... 44%  271M 0s
2025-02-16T18:16:34.2652912Z  27700K .......... .......... .......... .......... .......... 44%  269M 0s
2025-02-16T18:16:34.2653527Z  27750K .......... .......... .......... .......... .......... 45%  265M 0s
2025-02-16T18:16:34.2654654Z  27800K .......... .......... .......... .......... .......... 45%  285M 0s
2025-02-16T18:16:34.2656974Z  27850K .......... .......... .......... .......... .......... 45%  262M 0s
2025-02-16T18:16:34.2658289Z  27900K .......... .......... .......... .......... .......... 45%  236M 0s
2025-02-16T18:16:34.2660451Z  27950K .......... .......... .......... .......... .......... 45%  301M 0s
2025-02-16T18:16:34.2661860Z  28000K .......... .......... .......... .......... .......... 45%  263M 0s
2025-02-16T18:16:34.2664005Z  28050K .......... .......... .......... .......... .......... 45%  342M 0s
2025-02-16T18:16:34.2665304Z  28100K .......... .......... .......... .......... .......... 45%  233M 0s
2025-02-16T18:16:34.2667133Z  28150K .......... .......... .......... .......... .......... 45%  299M 0s
2025-02-16T18:16:34.2668637Z  28200K .......... .......... .......... .......... .......... 45%  293M 0s
2025-02-16T18:16:34.2671019Z  28250K .......... .......... .......... .......... .......... 45%  342M 0s
2025-02-16T18:16:34.2672797Z  28300K .......... .......... .......... .......... .......... 45%  180M 0s
2025-02-16T18:16:34.2674470Z  28350K .......... .......... .......... .......... .......... 46%  291M 0s
2025-02-16T18:16:34.2677707Z  28400K .......... .......... .......... .......... .......... 46%  287M 0s
2025-02-16T18:16:34.2678568Z  28450K .......... .......... .......... .......... .......... 46%  306M 0s
2025-02-16T18:16:34.2679683Z  28500K .......... .......... .......... .......... .......... 46%  269M 0s
2025-02-16T18:16:34.2681659Z  28550K .......... .......... .......... .......... .......... 46%  254M 0s
2025-02-16T18:16:34.2683768Z  28600K .......... .......... .......... .......... .......... 46%  281M 0s
2025-02-16T18:16:34.2686878Z  28650K .......... .......... .......... .......... .......... 46%  250M 0s
2025-02-16T18:16:34.2687903Z  28700K .......... .......... .......... .......... .......... 46%  221M 0s
2025-02-16T18:16:34.2689244Z  28750K .......... .......... .......... .......... .......... 46%  266M 0s
2025-02-16T18:16:34.2691213Z  28800K .......... .......... .......... .......... .......... 46%  270M 0s
2025-02-16T18:16:34.2693034Z  28850K .......... .......... .......... .......... .......... 46%  266M 0s
2025-02-16T18:16:34.2696963Z  28900K .......... .......... .......... .......... .......... 46%  294M 0s
2025-02-16T18:16:34.2697545Z  28950K .......... .......... .......... .......... .......... 47%  297M 0s
2025-02-16T18:16:34.2698418Z  29000K .......... .......... .......... .......... .......... 47%  267M 0s
2025-02-16T18:16:34.2700725Z  29050K .......... .......... .......... .......... .......... 47%  267M 0s
2025-02-16T18:16:34.2702491Z  29100K .......... .......... .......... .......... .......... 47%  185M 0s
2025-02-16T18:16:34.2704212Z  29150K .......... .......... .......... .......... .......... 47%  284M 0s
2025-02-16T18:16:34.2706345Z  29200K .......... .......... .......... .......... .......... 47%  290M 0s
2025-02-16T18:16:34.2707650Z  29250K .......... .......... .......... .......... .......... 47%  288M 0s
2025-02-16T18:16:34.2709533Z  29300K .......... .......... .......... .......... .......... 47%  301M 0s
2025-02-16T18:16:34.2711721Z  29350K .......... .......... .......... .......... .......... 47%  229M 0s
2025-02-16T18:16:34.2713195Z  29400K .......... .......... .......... .......... .......... 47%  287M 0s
2025-02-16T18:16:34.2715416Z  29450K .......... .......... .......... .......... .......... 47%  304M 0s
2025-02-16T18:16:34.2716726Z  29500K .......... .......... .......... .......... .......... 47%  235M 0s
2025-02-16T18:16:34.2729174Z  29550K .......... .......... .......... .......... .......... 47% 40.1M 0s
2025-02-16T18:16:34.2732344Z  29600K .......... .......... .......... .......... .......... 48%  161M 0s
2025-02-16T18:16:34.2739297Z  29650K .......... .......... .......... .......... .......... 48% 70.1M 0s
2025-02-16T18:16:34.2743384Z  29700K .......... .......... .......... .......... .......... 48%  121M 0s
2025-02-16T18:16:34.2746944Z  29750K .......... .......... .......... .......... .......... 48%  134M 0s
2025-02-16T18:16:34.2772013Z  29800K .......... .......... .......... .......... .......... 48% 19.6M 0s
2025-02-16T18:16:34.2774163Z  29850K .......... .......... .......... .......... .......... 48%  257M 0s
2025-02-16T18:16:34.2776943Z  29900K .......... .......... .......... .......... .......... 48%  230M 0s
2025-02-16T18:16:34.2777740Z  29950K .......... .......... .......... .......... .......... 48%  280M 0s
2025-02-16T18:16:34.2781270Z  30000K .......... .......... .......... .......... .......... 48%  272M 0s
2025-02-16T18:16:34.2781851Z  30050K .......... .......... .......... .......... .......... 48%  306M 0s
2025-02-16T18:16:34.2782631Z  30100K .......... .......... .......... .......... .......... 48%  250M 0s
2025-02-16T18:16:34.2784519Z  30150K .......... .......... .......... .......... .......... 48%  297M 0s
2025-02-16T18:16:34.2787510Z  30200K .......... .......... .......... .......... .......... 49%  282M 0s
2025-02-16T18:16:34.2788363Z  30250K .......... .......... .......... .......... .......... 49%  272M 0s
2025-02-16T18:16:34.2791601Z  30300K .......... .......... .......... .......... .......... 49%  214M 0s
2025-02-16T18:16:34.2792203Z  30350K .......... .......... .......... .......... .......... 49%  242M 0s
2025-02-16T18:16:34.2793932Z  30400K .......... .......... .......... .......... .......... 49%  288M 0s
2025-02-16T18:16:34.2795418Z  30450K .......... .......... .......... .......... .......... 49%  295M 0s
2025-02-16T18:16:34.2797343Z  30500K .......... .......... .......... .......... .......... 49%  309M 0s
2025-02-16T18:16:34.2798787Z  30550K .......... .......... .......... .......... .......... 49%  284M 0s
2025-02-16T18:16:34.2800787Z  30600K .......... .......... .......... .......... .......... 49%  301M 0s
2025-02-16T18:16:34.2802800Z  30650K .......... .......... .......... .......... .......... 49%  264M 0s
2025-02-16T18:16:34.3486328Z  30700K .......... .......... .......... .......... .......... 49%  731K 0s
2025-02-16T18:16:34.3488355Z  30750K .......... .......... .......... .......... .......... 49%  224M 0s
2025-02-16T18:16:34.3489739Z  30800K .......... .......... .......... .......... .......... 50%  325M 0s
2025-02-16T18:16:34.3494343Z  30850K .......... .......... .......... .......... .......... 50%  110M 0s
2025-02-16T18:16:34.3495591Z  30900K .......... .......... .......... .......... .......... 50%  348M 0s
2025-02-16T18:16:34.3497272Z  30950K .......... .......... .......... .......... .......... 50%  332M 0s
2025-02-16T18:16:34.3500783Z  31000K .......... .......... .......... .......... .......... 50%  152M 0s
2025-02-16T18:16:34.3502747Z  31050K .......... .......... .......... .......... .......... 50%  254M 0s
2025-02-16T18:16:34.3504025Z  31100K .......... .......... .......... .......... .......... 50%  269M 0s
2025-02-16T18:16:34.3505918Z  31150K .......... .......... .......... .......... .......... 50%  318M 0s
2025-02-16T18:16:34.3507618Z  31200K .......... .......... .......... .......... .......... 50%  262M 0s
2025-02-16T18:16:34.3509123Z  31250K .......... .......... .......... .......... .......... 50%  298M 0s
2025-02-16T18:16:34.3510801Z  31300K .......... .......... .......... .......... .......... 50%  347M 0s
2025-02-16T18:16:34.3513379Z  31350K .......... .......... .......... .......... .......... 50%  186M 0s
2025-02-16T18:16:34.3515199Z  31400K .......... .......... .......... .......... .......... 50%  261M 0s
2025-02-16T18:16:34.3516878Z  31450K .......... .......... .......... .......... .......... 51%  348M 0s
2025-02-16T18:16:34.3518297Z  31500K .......... .......... .......... .......... .......... 51%  265M 0s
2025-02-16T18:16:34.3521789Z  31550K .......... .......... .......... .......... .......... 51%  152M 0s
2025-02-16T18:16:34.3523118Z  31600K .......... .......... .......... .......... .......... 51%  297M 0s
2025-02-16T18:16:34.3525055Z  31650K .......... .......... .......... .......... .......... 51%  308M 0s
2025-02-16T18:16:34.3528691Z  31700K .......... .......... .......... .......... .......... 51%  170M 0s
2025-02-16T18:16:34.3529643Z  31750K .......... .......... .......... .......... .......... 51%  255M 0s
2025-02-16T18:16:34.3531732Z  31800K .......... .......... .......... .......... .......... 51%  254M 0s
2025-02-16T18:16:34.3535828Z  31850K .......... .......... .......... .......... .......... 51%  290M 0s
2025-02-16T18:16:34.3536647Z  31900K .......... .......... .......... .......... .......... 51%  154M 0s
2025-02-16T18:16:34.3538071Z  31950K .......... .......... .......... .......... .......... 51%  276M 0s
2025-02-16T18:16:34.3540279Z  32000K .......... .......... .......... .......... .......... 51%  300M 0s
2025-02-16T18:16:34.3543484Z  32050K .......... .......... .......... .......... .......... 52%  141M 0s
2025-02-16T18:16:34.3544931Z  32100K .......... .......... .......... .......... .......... 52%  274M 0s
2025-02-16T18:16:34.3546834Z  32150K .......... .......... .......... .......... .......... 52%  311M 0s
2025-02-16T18:16:34.3550364Z  32200K .......... .......... .......... .......... .......... 52%  278M 0s
2025-02-16T18:16:34.3551832Z  32250K .......... .......... .......... .......... .......... 52%  169M 0s
2025-02-16T18:16:34.3553299Z  32300K .......... .......... .......... .......... .......... 52%  224M 0s
2025-02-16T18:16:34.3555118Z  32350K .......... .......... .......... .......... .......... 52%  302M 0s
2025-02-16T18:16:34.3558680Z  32400K .......... .......... .......... .......... .......... 52%  143M 0s
2025-02-16T18:16:34.3560292Z  32450K .......... .......... .......... .......... .......... 52%  279M 0s
2025-02-16T18:16:34.3564028Z  32500K .......... .......... .......... .......... .......... 52%  266M 0s
2025-02-16T18:16:34.3564635Z  32550K .......... .......... .......... .......... .......... 52%  290M 0s
2025-02-16T18:16:34.3565631Z  32600K .......... .......... .......... .......... .......... 52%  262M 0s
2025-02-16T18:16:34.3569370Z  32650K .......... .......... .......... .......... .......... 52%  299M 0s
2025-02-16T18:16:34.3569942Z  32700K .......... .......... .......... .......... .......... 53%  274M 0s
2025-02-16T18:16:34.3571263Z  32750K .......... .......... .......... .......... .......... 53%  206M 0s
2025-02-16T18:16:34.3573518Z  32800K .......... .......... .......... .......... .......... 53%  270M 0s
2025-02-16T18:16:34.3574866Z  32850K .......... .......... .......... .......... .......... 53%  273M 0s
2025-02-16T18:16:34.3578117Z  32900K .......... .......... .......... .......... .......... 53%  302M 0s
2025-02-16T18:16:34.3578694Z  32950K .......... .......... .......... .......... .......... 53%  302M 0s
2025-02-16T18:16:34.3579868Z  33000K .......... .......... .......... .......... .......... 53%  290M 0s
2025-02-16T18:16:34.3583469Z  33050K .......... .......... .......... .......... .......... 53%  270M 0s
2025-02-16T18:16:34.3584223Z  33100K .......... .......... .......... .......... .......... 53%  217M 0s
2025-02-16T18:16:34.3587380Z  33150K .......... .......... .......... .......... .......... 53%  285M 0s
2025-02-16T18:16:34.3587951Z  33200K .......... .......... .......... .......... .......... 53%  312M 0s
2025-02-16T18:16:34.3588973Z  33250K .......... .......... .......... .......... .......... 53%  282M 0s
2025-02-16T18:16:34.3592239Z  33300K .......... .......... .......... .......... .......... 54%  296M 0s
2025-02-16T18:16:34.3592837Z  33350K .......... .......... .......... .......... .......... 54%  268M 0s
2025-02-16T18:16:34.3594170Z  33400K .......... .......... .......... .......... .......... 54%  282M 0s
2025-02-16T18:16:34.3596506Z  33450K .......... .......... .......... .......... .......... 54%  298M 0s
2025-02-16T18:16:34.3598146Z  33500K .......... .......... .......... .......... .......... 54%  207M 0s
2025-02-16T18:16:34.3601050Z  33550K .......... .......... .......... .......... .......... 54%  368M 0s
2025-02-16T18:16:34.3601869Z  33600K .......... .......... .......... .......... .......... 54%  192M 0s
2025-02-16T18:16:34.3605616Z  33650K .......... .......... .......... .......... .......... 54%  306M 0s
2025-02-16T18:16:34.3606229Z  33700K .......... .......... .......... .......... .......... 54%  290M 0s
2025-02-16T18:16:34.3607183Z  33750K .......... .......... .......... .......... .......... 54%  265M 0s
2025-02-16T18:16:34.3609768Z  33800K .......... .......... .......... .......... .......... 54%  275M 0s
2025-02-16T18:16:34.3611444Z  33850K .......... .......... .......... .......... .......... 54%  272M 0s
2025-02-16T18:16:34.3614067Z  33900K .......... .......... .......... .......... .......... 55%  199M 0s
2025-02-16T18:16:34.3614669Z  33950K .......... .......... .......... .......... .......... 55%  300M 0s
2025-02-16T18:16:34.3618503Z  34000K .......... .......... .......... .......... .......... 55%  262M 0s
2025-02-16T18:16:34.3619121Z  34050K .......... .......... .......... .......... .......... 55%  289M 0s
2025-02-16T18:16:34.3620320Z  34100K .......... .......... .......... .......... .......... 55%  273M 0s
2025-02-16T18:16:34.3622992Z  34150K .......... .......... .......... .......... .......... 55%  251M 0s
2025-02-16T18:16:34.3624012Z  34200K .......... .......... .......... .......... .......... 55%  270M 0s
2025-02-16T18:16:34.3627976Z  34250K .......... .......... .......... .......... .......... 55%  295M 0s
2025-02-16T18:16:34.3628554Z  34300K .......... .......... .......... .......... .......... 55%  228M 0s
2025-02-16T18:16:34.3629360Z  34350K .......... .......... .......... .......... .......... 55%  271M 0s
2025-02-16T18:16:34.3632122Z  34400K .......... .......... .......... .......... .......... 55%  265M 0s
2025-02-16T18:16:34.3633004Z  34450K .......... .......... .......... .......... .......... 55%  266M 0s
2025-02-16T18:16:34.3636755Z  34500K .......... .......... .......... .......... .......... 55%  299M 0s
2025-02-16T18:16:34.3637370Z  34550K .......... .......... .......... .......... .......... 56%  277M 0s
2025-02-16T18:16:34.3638711Z  34600K .......... .......... .......... .......... .......... 56%  218M 0s
2025-02-16T18:16:34.3641193Z  34650K .......... .......... .......... .......... .......... 56%  336M 0s
2025-02-16T18:16:34.3642711Z  34700K .......... .......... .......... .......... .......... 56%  189M 0s
2025-02-16T18:16:34.3645143Z  34750K .......... .......... .......... .......... .......... 56%  286M 0s
2025-02-16T18:16:34.3646217Z  34800K .......... .......... .......... .......... .......... 56%  277M 0s
2025-02-16T18:16:34.3649121Z  34850K .......... .......... .......... .......... .......... 56%  297M 0s
2025-02-16T18:16:34.3650275Z  34900K .......... .......... .......... .......... .......... 56%  234M 0s
2025-02-16T18:16:34.3653918Z  34950K .......... .......... .......... .......... .......... 56%  261M 0s
2025-02-16T18:16:34.3654488Z  35000K .......... .......... .......... .......... .......... 56%  297M 0s
2025-02-16T18:16:34.3655846Z  35050K .......... .......... .......... .......... .......... 56%  289M 0s
2025-02-16T18:16:34.3658095Z  35100K .......... .......... .......... .......... .......... 56%  218M 0s
2025-02-16T18:16:34.3659283Z  35150K .......... .......... .......... .......... .......... 57%  253M 0s
2025-02-16T18:16:34.3662350Z  35200K .......... .......... .......... .......... .......... 57%  276M 0s
2025-02-16T18:16:34.3662939Z  35250K .......... .......... .......... .......... .......... 57%  273M 0s
2025-02-16T18:16:34.3666441Z  35300K .......... .......... .......... .......... .......... 57%  292M 0s
2025-02-16T18:16:34.3667034Z  35350K .......... .......... .......... .......... .......... 57%  280M 0s
2025-02-16T18:16:34.3668320Z  35400K .......... .......... .......... .......... .......... 57%  257M 0s
2025-02-16T18:16:34.3671402Z  35450K .......... .......... .......... .......... .......... 57%  292M 0s
2025-02-16T18:16:34.3672407Z  35500K .......... .......... .......... .......... .......... 57%  191M 0s
2025-02-16T18:16:34.3675098Z  35550K .......... .......... .......... .......... .......... 57%  292M 0s
2025-02-16T18:16:34.3675712Z  35600K .......... .......... .......... .......... .......... 57%  290M 0s
2025-02-16T18:16:34.3679427Z  35650K .......... .......... .......... .......... .......... 57%  294M 0s
2025-02-16T18:16:34.3680001Z  35700K .......... .......... .......... .......... .......... 57%  296M 0s
2025-02-16T18:16:34.3681109Z  35750K .......... .......... .......... .......... .......... 58%  267M 0s
2025-02-16T18:16:34.3683908Z  35800K .......... .......... .......... .......... .......... 58%  255M 0s
2025-02-16T18:16:34.3685179Z  35850K .......... .......... .......... .......... .......... 58%  276M 0s
2025-02-16T18:16:34.3687866Z  35900K .......... .......... .......... .......... .......... 58%  222M 0s
2025-02-16T18:16:34.3688595Z  35950K .......... .......... .......... .......... .......... 58%  266M 0s
2025-02-16T18:16:34.3692328Z  36000K .......... .......... .......... .......... .......... 58%  295M 0s
2025-02-16T18:16:34.3692924Z  36050K .......... .......... .......... .......... .......... 58%  276M 0s
2025-02-16T18:16:34.3693966Z  36100K .......... .......... .......... .......... .......... 58%  274M 0s
2025-02-16T18:16:34.3696388Z  36150K .......... .......... .......... .......... .......... 58%  278M 0s
2025-02-16T18:16:34.3697544Z  36200K .......... .......... .......... .......... .......... 58%  268M 0s
2025-02-16T18:16:34.3700814Z  36250K .......... .......... .......... .......... .......... 58%  295M 0s
2025-02-16T18:16:34.3701588Z  36300K .......... .......... .......... .......... .......... 58%  189M 0s
2025-02-16T18:16:34.3705216Z  36350K .......... .......... .......... .......... .......... 58%  290M 0s
2025-02-16T18:16:34.3705791Z  36400K .......... .......... .......... .......... .......... 59%  304M 0s
2025-02-16T18:16:34.3706741Z  36450K .......... .......... .......... .......... .......... 59%  280M 0s
2025-02-16T18:16:34.3708977Z  36500K .......... .......... .......... .......... .......... 59%  275M 0s
2025-02-16T18:16:34.3710690Z  36550K .......... .......... .......... .......... .......... 59%  251M 0s
2025-02-16T18:16:34.3713278Z  36600K .......... .......... .......... .......... .......... 59%  249M 0s
2025-02-16T18:16:34.3715012Z  36650K .......... .......... .......... .......... .......... 59%  257M 0s
2025-02-16T18:16:34.3717324Z  36700K .......... .......... .......... .......... .......... 59%  217M 0s
2025-02-16T18:16:34.3718418Z  36750K .......... .......... .......... .......... .......... 59%  258M 0s
2025-02-16T18:16:34.3720458Z  36800K .......... .......... .......... .......... .......... 59%  298M 0s
2025-02-16T18:16:34.3722953Z  36850K .......... .......... .......... .......... .......... 59%  240M 0s
2025-02-16T18:16:34.3724064Z  36900K .......... .......... .......... .......... .......... 59%  257M 0s
2025-02-16T18:16:34.3727359Z  36950K .......... .......... .......... .......... .......... 59%  291M 0s
2025-02-16T18:16:34.3728106Z  37000K .......... .......... .......... .......... .......... 60%  258M 0s
2025-02-16T18:16:34.3732112Z  37050K .......... .......... .......... .......... .......... 60%  266M 0s
2025-02-16T18:16:34.3732678Z  37100K .......... .......... .......... .......... .......... 60%  205M 0s
2025-02-16T18:16:34.3733777Z  37150K .......... .......... .......... .......... .......... 60%  244M 0s
2025-02-16T18:16:34.3736281Z  37200K .......... .......... .......... .......... .......... 60%  265M 0s
2025-02-16T18:16:34.3737531Z  37250K .......... .......... .......... .......... .......... 60%  264M 0s
2025-02-16T18:16:34.3740826Z  37300K .......... .......... .......... .......... .......... 60%  300M 0s
2025-02-16T18:16:34.3741403Z  37350K .......... .......... .......... .......... .......... 60%  258M 0s
2025-02-16T18:16:34.3744917Z  37400K .......... .......... .......... .......... .......... 60%  265M 0s
2025-02-16T18:16:34.3745550Z  37450K .......... .......... .......... .......... .......... 60%  263M 0s
2025-02-16T18:16:34.3748830Z  37500K .......... .......... .......... .......... .......... 60%  207M 0s
2025-02-16T18:16:34.3749453Z  37550K .......... .......... .......... .......... .......... 60%  278M 0s
2025-02-16T18:16:34.3750906Z  37600K .......... .......... .......... .......... .......... 61%  245M 0s
2025-02-16T18:16:34.3753552Z  37650K .......... .......... .......... .......... .......... 61%  273M 0s
2025-02-16T18:16:34.3754550Z  37700K .......... .......... .......... .......... .......... 61%  255M 0s
2025-02-16T18:16:34.3756219Z  37750K .......... .......... .......... .......... .......... 61%  316M 0s
2025-02-16T18:16:34.3758524Z  37800K .......... .......... .......... .......... .......... 61%  247M 0s
2025-02-16T18:16:34.3762117Z  37850K .......... .......... .......... .......... .......... 61%  280M 0s
2025-02-16T18:16:34.3762703Z  37900K .......... .......... .......... .......... .......... 61%  203M 0s
2025-02-16T18:16:34.3765523Z  37950K .......... .......... .......... .......... .......... 61%  266M 0s
2025-02-16T18:16:34.3766128Z  38000K .......... .......... .......... .......... .......... 61%  268M 0s
2025-02-16T18:16:34.3767847Z  38050K .......... .......... .......... .......... .......... 61%  269M 0s
2025-02-16T18:16:34.3769740Z  38100K .......... .......... .......... .......... .......... 61%  289M 0s
2025-02-16T18:16:34.3771354Z  38150K .......... .......... .......... .......... .......... 61%  265M 0s
2025-02-16T18:16:34.3773216Z  38200K .......... .......... .......... .......... .......... 61%  289M 0s
2025-02-16T18:16:34.3775438Z  38250K .......... .......... .......... .......... .......... 62%  283M 0s
2025-02-16T18:16:34.3776684Z  38300K .......... .......... .......... .......... .......... 62%  232M 0s
2025-02-16T18:16:34.3778518Z  38350K .......... .......... .......... .......... .......... 62%  299M 0s
2025-02-16T18:16:34.3780313Z  38400K .......... .......... .......... .......... .......... 62%  291M 0s
2025-02-16T18:16:34.3782260Z  38450K .......... .......... .......... .......... .......... 62%  262M 0s
2025-02-16T18:16:34.3784129Z  38500K .......... .......... .......... .......... .......... 62%  272M 0s
2025-02-16T18:16:34.3785465Z  38550K .......... .......... .......... .......... .......... 62%  295M 0s
2025-02-16T18:16:34.3787391Z  38600K .......... .......... .......... .......... .......... 62%  290M 0s
2025-02-16T18:16:34.3789512Z  38650K .......... .......... .......... .......... .......... 62%  284M 0s
2025-02-16T18:16:34.3791193Z  38700K .......... .......... .......... .......... .......... 62%  207M 0s
2025-02-16T18:16:34.3793141Z  38750K .......... .......... .......... .......... .......... 62%  281M 0s
2025-02-16T18:16:34.3794555Z  38800K .......... .......... .......... .......... .......... 62%  284M 0s
2025-02-16T18:16:34.3796450Z  38850K .......... .......... .......... .......... .......... 63%  301M 0s
2025-02-16T18:16:34.3798192Z  38900K .......... .......... .......... .......... .......... 63%  280M 0s
2025-02-16T18:16:34.3799954Z  38950K .......... .......... .......... .......... .......... 63%  284M 0s
2025-02-16T18:16:34.3801924Z  39000K .......... .......... .......... .......... .......... 63%  255M 0s
2025-02-16T18:16:34.3804026Z  39050K .......... .......... .......... .......... .......... 63%  287M 0s
2025-02-16T18:16:34.3805424Z  39100K .......... .......... .......... .......... .......... 63%  222M 0s
2025-02-16T18:16:34.3807350Z  39150K .......... .......... .......... .......... .......... 63%  291M 0s
2025-02-16T18:16:34.3808816Z  39200K .......... .......... .......... .......... .......... 63%  281M 0s
2025-02-16T18:16:34.3811489Z  39250K .......... .......... .......... .......... .......... 63%  303M 0s
2025-02-16T18:16:34.3812364Z  39300K .......... .......... .......... .......... .......... 63%  254M 0s
2025-02-16T18:16:34.3814458Z  39350K .......... .......... .......... .......... .......... 63%  296M 0s
2025-02-16T18:16:34.3815796Z  39400K .......... .......... .......... .......... .......... 63%  296M 0s
2025-02-16T18:16:34.3818065Z  39450K .......... .......... .......... .......... .......... 64%  298M 0s
2025-02-16T18:16:34.3819467Z  39500K .......... .......... .......... .......... .......... 64%  226M 0s
2025-02-16T18:16:34.3821560Z  39550K .......... .......... .......... .......... .......... 64%  267M 0s
2025-02-16T18:16:34.3823046Z  39600K .......... .......... .......... .......... .......... 64%  280M 0s
2025-02-16T18:16:34.3825060Z  39650K .......... .......... .......... .......... .......... 64%  301M 0s
2025-02-16T18:16:34.3826531Z  39700K .......... .......... .......... .......... .......... 64%  275M 0s
2025-02-16T18:16:34.3828494Z  39750K .......... .......... .......... .......... .......... 64%  297M 0s
2025-02-16T18:16:34.3829904Z  39800K .......... .......... .......... .......... .......... 64%  291M 0s
2025-02-16T18:16:34.3832359Z  39850K .......... .......... .......... .......... .......... 64%  257M 0s
2025-02-16T18:16:34.3833775Z  39900K .......... .......... .......... .......... .......... 64%  228M 0s
2025-02-16T18:16:34.3835829Z  39950K .......... .......... .......... .......... .......... 64%  297M 0s
2025-02-16T18:16:34.3837452Z  40000K .......... .......... .......... .......... .......... 64%  286M 0s
2025-02-16T18:16:34.3838964Z  40050K .......... .......... .......... .......... .......... 64%  292M 0s
2025-02-16T18:16:34.3840764Z  40100K .......... .......... .......... .......... .......... 65%  293M 0s
2025-02-16T18:16:34.3843029Z  40150K .......... .......... .......... .......... .......... 65%  265M 0s
2025-02-16T18:16:34.3844218Z  40200K .......... .......... .......... .......... .......... 65%  288M 0s
2025-02-16T18:16:34.3846444Z  40250K .......... .......... .......... .......... .......... 65%  292M 0s
2025-02-16T18:16:34.3848017Z  40300K .......... .......... .......... .......... .......... 65%  219M 0s
2025-02-16T18:16:34.3849610Z  40350K .......... .......... .......... .......... .......... 65%  292M 0s
2025-02-16T18:16:34.3851702Z  40400K .......... .......... .......... .......... .......... 65%  269M 0s
2025-02-16T18:16:34.3853364Z  40450K .......... .......... .......... .......... .......... 65%  275M 0s
2025-02-16T18:16:34.3855135Z  40500K .......... .......... .......... .......... .......... 65%  287M 0s
2025-02-16T18:16:34.3856890Z  40550K .......... .......... .......... .......... .......... 65%  293M 0s
2025-02-16T18:16:34.3858477Z  40600K .......... .......... .......... .......... .......... 65%  277M 0s
2025-02-16T18:16:34.3860990Z  40650K .......... .......... .......... .......... .......... 65%  288M 0s
2025-02-16T18:16:34.3862601Z  40700K .......... .......... .......... .......... .......... 66%  197M 0s
2025-02-16T18:16:34.3864292Z  40750K .......... .......... .......... .......... .......... 66%  283M 0s
2025-02-16T18:16:34.3866005Z  40800K .......... .......... .......... .......... .......... 66%  290M 0s
2025-02-16T18:16:34.3868017Z  40850K .......... .......... .......... .......... .......... 66%  294M 0s
2025-02-16T18:16:34.3890599Z  40900K .......... .......... .......... .......... .......... 66%  279M 0s
2025-02-16T18:16:34.4479474Z  40950K .......... .......... .......... .......... .......... 66%  821K 0s
2025-02-16T18:16:34.4482937Z  41000K .......... .......... .......... .......... .......... 66%  207M 0s
2025-02-16T18:16:34.4484024Z  41050K .......... .......... .......... .......... .......... 66%  174M 0s
2025-02-16T18:16:34.4486871Z  41100K .......... .......... .......... .......... .......... 66%  248M 0s
2025-02-16T18:16:34.4488645Z  41150K .......... .......... .......... .......... .......... 66%  173M 0s
2025-02-16T18:16:34.4492169Z  41200K .......... .......... .......... .......... .......... 66%  246M 0s
2025-02-16T18:16:34.4492802Z  41250K .......... .......... .......... .......... .......... 66%  229M 0s
2025-02-16T18:16:34.4494725Z  41300K .......... .......... .......... .......... .......... 67%  277M 0s
2025-02-16T18:16:34.4498572Z  41350K .......... .......... .......... .......... .......... 67%  130M 0s
2025-02-16T18:16:34.4501899Z  41400K .......... .......... .......... .......... .......... 67%  260M 0s
2025-02-16T18:16:34.4502674Z  41450K .......... .......... .......... .......... .......... 67%  204M 0s
2025-02-16T18:16:34.4505847Z  41500K .......... .......... .......... .......... .......... 67%  246M 0s
2025-02-16T18:16:34.4507239Z  41550K .......... .......... .......... .......... .......... 67%  180M 0s
2025-02-16T18:16:34.4510657Z  41600K .......... .......... .......... .......... .......... 67%  244M 0s
2025-02-16T18:16:34.4511550Z  41650K .......... .......... .......... .......... .......... 67%  231M 0s
2025-02-16T18:16:34.4514956Z  41700K .......... .......... .......... .......... .......... 67%  230M 0s
2025-02-16T18:16:34.4515406Z  41750K .......... .......... .......... .......... .......... 67%  403M 0s
2025-02-16T18:16:34.4515994Z  41800K .......... .......... .......... .......... .......... 67%  357M 0s
2025-02-16T18:16:34.4517710Z  41850K .......... .......... .......... .......... .......... 67%  316M 0s
2025-02-16T18:16:34.4519939Z  41900K .......... .......... .......... .......... .......... 67%  355M 0s
2025-02-16T18:16:34.4520996Z  41950K .......... .......... .......... .......... .......... 68%  250M 0s
2025-02-16T18:16:34.4522687Z  42000K .......... .......... .......... .......... .......... 68%  285M 0s
2025-02-16T18:16:34.4525549Z  42050K .......... .......... .......... .......... .......... 68%  300M 0s
2025-02-16T18:16:34.4526220Z  42100K .......... .......... .......... .......... .......... 68%  351M 0s
2025-02-16T18:16:34.4527461Z  42150K .......... .......... .......... .......... .......... 68%  284M 0s
2025-02-16T18:16:34.4529271Z  42200K .......... .......... .......... .......... .......... 68%  297M 0s
2025-02-16T18:16:34.4530924Z  42250K .......... .......... .......... .......... .......... 68%  261M 0s
2025-02-16T18:16:34.4533427Z  42300K .......... .......... .......... .......... .......... 68%  254M 0s
2025-02-16T18:16:34.4534745Z  42350K .......... .......... .......... .......... .......... 68%  243M 0s
2025-02-16T18:16:34.4536610Z  42400K .......... .......... .......... .......... .......... 68%  278M 0s
2025-02-16T18:16:34.4538366Z  42450K .......... .......... .......... .......... .......... 68%  298M 0s
2025-02-16T18:16:34.4541517Z  42500K .......... .......... .......... .......... .......... 68%  353M 0s
2025-02-16T18:16:34.4541981Z  42550K .......... .......... .......... .......... .......... 69%  288M 0s
2025-02-16T18:16:34.4542846Z  42600K .......... .......... .......... .......... .......... 69%  304M 0s
2025-02-16T18:16:34.4545641Z  42650K .......... .......... .......... .......... .......... 69%  329M 0s
2025-02-16T18:16:34.4546172Z  42700K .......... .......... .......... .......... .......... 69%  393M 0s
2025-02-16T18:16:34.4547787Z  42750K .......... .......... .......... .......... .......... 69%  236M 0s
2025-02-16T18:16:34.4550360Z  42800K .......... .......... .......... .......... .......... 69%  361M 0s
2025-02-16T18:16:34.4551088Z  42850K .......... .......... .......... .......... .......... 69%  360M 0s
2025-02-16T18:16:34.4553221Z  42900K .......... .......... .......... .......... .......... 69%  274M 0s
2025-02-16T18:16:34.4553738Z  42950K .......... .......... .......... .......... .......... 69%  346M 0s
2025-02-16T18:16:34.4555214Z  43000K .......... .......... .......... .......... .......... 69%  285M 0s
2025-02-16T18:16:34.4557722Z  43050K .......... .......... .......... .......... .......... 69%  342M 0s
2025-02-16T18:16:34.4558634Z  43100K .......... .......... .......... .......... .......... 69%  349M 0s
2025-02-16T18:16:34.4560771Z  43150K .......... .......... .......... .......... .......... 70%  240M 0s
2025-02-16T18:16:34.4562654Z  43200K .......... .......... .......... .......... .......... 70%  284M 0s
2025-02-16T18:16:34.4563466Z  43250K .......... .......... .......... .......... .......... 70%  288M 0s
2025-02-16T18:16:34.4565016Z  43300K .......... .......... .......... .......... .......... 70%  333M 0s
2025-02-16T18:16:34.4566406Z  43350K .......... .......... .......... .......... .......... 70%  352M 0s
2025-02-16T18:16:34.4567880Z  43400K .......... .......... .......... .......... .......... 70%  339M 0s
2025-02-16T18:16:34.4569260Z  43450K .......... .......... .......... .......... .......... 70%  340M 0s
2025-02-16T18:16:34.4571405Z  43500K .......... .......... .......... .......... .......... 70%  301M 0s
2025-02-16T18:16:34.4572636Z  43550K .......... .......... .......... .......... .......... 70%  267M 0s
2025-02-16T18:16:34.4574066Z  43600K .......... .......... .......... .......... .......... 70%  341M 0s
2025-02-16T18:16:34.4575660Z  43650K .......... .......... .......... .......... .......... 70%  347M 0s
2025-02-16T18:16:34.4576872Z  43700K .......... .......... .......... .......... .......... 70%  351M 0s
2025-02-16T18:16:34.4578434Z  43750K .......... .......... .......... .......... .......... 70%  341M 0s
2025-02-16T18:16:34.4580547Z  43800K .......... .......... .......... .......... .......... 71%  345M 0s
2025-02-16T18:16:34.4581644Z  43850K .......... .......... .......... .......... .......... 71%  265M 0s
2025-02-16T18:16:34.4583546Z  43900K .......... .......... .......... .......... .......... 71%  318M 0s
2025-02-16T18:16:34.4585225Z  43950K .......... .......... .......... .......... .......... 71%  255M 0s
2025-02-16T18:16:34.4586450Z  44000K .......... .......... .......... .......... .......... 71%  345M 0s
2025-02-16T18:16:34.4587978Z  44050K .......... .......... .......... .......... .......... 71%  322M 0s
2025-02-16T18:16:34.4590292Z  44100K .......... .......... .......... .......... .......... 71%  311M 0s
2025-02-16T18:16:34.4591535Z  44150K .......... .......... .......... .......... .......... 71%  270M 0s
2025-02-16T18:16:34.4593283Z  44200K .......... .......... .......... .......... .......... 71%  287M 0s
2025-02-16T18:16:34.4594726Z  44250K .......... .......... .......... .......... .......... 71%  317M 0s
2025-02-16T18:16:34.4596859Z  44300K .......... .......... .......... .......... .......... 71%  300M 0s
2025-02-16T18:16:34.4597967Z  44350K .......... .......... .......... .......... .......... 71%  280M 0s
2025-02-16T18:16:34.4599610Z  44400K .......... .......... .......... .......... .......... 72%  336M 0s
2025-02-16T18:16:34.4601385Z  44450K .......... .......... .......... .......... .......... 72%  299M 0s
2025-02-16T18:16:34.4602614Z  44500K .......... .......... .......... .......... .......... 72%  316M 0s
2025-02-16T18:16:34.4605627Z  44550K .......... .......... .......... .......... .......... 72%  309M 0s
2025-02-16T18:16:34.4606383Z  44600K .......... .......... .......... .......... .......... 72%  329M 0s
2025-02-16T18:16:34.4607323Z  44650K .......... .......... .......... .......... .......... 72%  305M 0s
2025-02-16T18:16:34.4609764Z  44700K .......... .......... .......... .......... .......... 72%  321M 0s
2025-02-16T18:16:34.4611571Z  44750K .......... .......... .......... .......... .......... 72%  213M 0s
2025-02-16T18:16:34.4612937Z  44800K .......... .......... .......... .......... .......... 72%  318M 0s
2025-02-16T18:16:34.4615284Z  44850K .......... .......... .......... .......... .......... 72%  319M 0s
2025-02-16T18:16:34.4615755Z  44900K .......... .......... .......... .......... .......... 72%  311M 0s
2025-02-16T18:16:34.4618365Z  44950K .......... .......... .......... .......... .......... 72%  299M 0s
2025-02-16T18:16:34.4619161Z  45000K .......... .......... .......... .......... .......... 73%  290M 0s
2025-02-16T18:16:34.4621134Z  45050K .......... .......... .......... .......... .......... 73%  256M 0s
2025-02-16T18:16:34.4623517Z  45100K .......... .......... .......... .......... .......... 73%  292M 0s
2025-02-16T18:16:34.4624951Z  45150K .......... .......... .......... .......... .......... 73%  210M 0s
2025-02-16T18:16:34.4626588Z  45200K .......... .......... .......... .......... .......... 73%  325M 0s
2025-02-16T18:16:34.4628710Z  45250K .......... .......... .......... .......... .......... 73%  297M 0s
2025-02-16T18:16:34.4629882Z  45300K .......... .......... .......... .......... .......... 73%  281M 0s
2025-02-16T18:16:34.4632575Z  45350K .......... .......... .......... .......... .......... 73%  198M 0s
2025-02-16T18:16:34.4634088Z  45400K .......... .......... .......... .......... .......... 73%  312M 0s
2025-02-16T18:16:34.4638625Z  45450K .......... .......... .......... .......... .......... 73%  111M 0s
2025-02-16T18:16:34.4640792Z  45500K .......... .......... .......... .......... .......... 73%  294M 0s
2025-02-16T18:16:34.4642759Z  45550K .......... .......... .......... .......... .......... 73%  196M 0s
2025-02-16T18:16:34.4644166Z  45600K .......... .......... .......... .......... .......... 73%  290M 0s
2025-02-16T18:16:34.4646028Z  45650K .......... .......... .......... .......... .......... 74%  302M 0s
2025-02-16T18:16:34.4647231Z  45700K .......... .......... .......... .......... .......... 74%  332M 0s
2025-02-16T18:16:34.4648743Z  45750K .......... .......... .......... .......... .......... 74%  331M 0s
2025-02-16T18:16:34.4650517Z  45800K .......... .......... .......... .......... .......... 74%  301M 0s
2025-02-16T18:16:34.4652160Z  45850K .......... .......... .......... .......... .......... 74%  296M 0s
2025-02-16T18:16:34.4654645Z  45900K .......... .......... .......... .......... .......... 74%  310M 0s
2025-02-16T18:16:34.4655532Z  45950K .......... .......... .......... .......... .......... 74%  237M 0s
2025-02-16T18:16:34.4658796Z  46000K .......... .......... .......... .......... .......... 74%  195M 0s
2025-02-16T18:16:34.4659586Z  46050K .......... .......... .......... .......... .......... 74%  320M 0s
2025-02-16T18:16:34.4661399Z  46100K .......... .......... .......... .......... .......... 74%  284M 0s
2025-02-16T18:16:34.4662894Z  46150K .......... .......... .......... .......... .......... 74%  317M 0s
2025-02-16T18:16:34.4665330Z  46200K .......... .......... .......... .......... .......... 74%  249M 0s
2025-02-16T18:16:34.4666453Z  46250K .......... .......... .......... .......... .......... 75%  288M 0s
2025-02-16T18:16:34.4669371Z  46300K .......... .......... .......... .......... .......... 75%  234M 0s
2025-02-16T18:16:34.4670980Z  46350K .......... .......... .......... .......... .......... 75%  247M 0s
2025-02-16T18:16:34.4673027Z  46400K .......... .......... .......... .......... .......... 75%  247M 0s
2025-02-16T18:16:34.4674031Z  46450K .......... .......... .......... .......... .......... 75%  320M 0s
2025-02-16T18:16:34.4676034Z  46500K .......... .......... .......... .......... .......... 75%  335M 0s
2025-02-16T18:16:34.4677233Z  46550K .......... .......... .......... .......... .......... 75%  298M 0s
2025-02-16T18:16:34.4678801Z  46600K .......... .......... .......... .......... .......... 75%  317M 0s
2025-02-16T18:16:34.4681225Z  46650K .......... .......... .......... .......... .......... 75%  303M 0s
2025-02-16T18:16:34.4682918Z  46700K .......... .......... .......... .......... .......... 75%  269M 0s
2025-02-16T18:16:34.4685370Z  46750K .......... .......... .......... .......... .......... 75%  237M 0s
2025-02-16T18:16:34.4686835Z  46800K .......... .......... .......... .......... .......... 75%  203M 0s
2025-02-16T18:16:34.4688258Z  46850K .......... .......... .......... .......... .......... 76%  305M 0s
2025-02-16T18:16:34.4694510Z  46900K .......... .......... .......... .......... .......... 76% 80.7M 0s
2025-02-16T18:16:34.4695947Z  46950K .......... .......... .......... .......... .......... 76%  311M 0s
2025-02-16T18:16:34.4698334Z  47000K .......... .......... .......... .......... .......... 76%  324M 0s
2025-02-16T18:16:34.4698939Z  47050K .......... .......... .......... .......... .......... 76%  316M 0s
2025-02-16T18:16:34.4702950Z  47100K .......... .......... .......... .......... .......... 76%  310M 0s
2025-02-16T18:16:34.4703506Z  47150K .......... .......... .......... .......... .......... 76%  203M 0s
2025-02-16T18:16:34.4704586Z  47200K .......... .......... .......... .......... .......... 76%  282M 0s
2025-02-16T18:16:34.4707744Z  47250K .......... .......... .......... .......... .......... 76%  338M 0s
2025-02-16T18:16:34.4708317Z  47300K .......... .......... .......... .......... .......... 76%  313M 0s
2025-02-16T18:16:34.4709302Z  47350K .......... .......... .......... .......... .......... 76%  292M 0s
2025-02-16T18:16:34.4712554Z  47400K .......... .......... .......... .......... .......... 76%  299M 0s
2025-02-16T18:16:34.4713105Z  47450K .......... .......... .......... .......... .......... 76%  319M 0s
2025-02-16T18:16:34.4714383Z  47500K .......... .......... .......... .......... .......... 77%  344M 0s
2025-02-16T18:16:34.4717310Z  47550K .......... .......... .......... .......... .......... 77%  253M 0s
2025-02-16T18:16:34.4717861Z  47600K .......... .......... .......... .......... .......... 77%  346M 0s
2025-02-16T18:16:34.4718589Z  47650K .......... .......... .......... .......... .......... 77%  344M 0s
2025-02-16T18:16:34.4721922Z  47700K .......... .......... .......... .......... .......... 77%  339M 0s
2025-02-16T18:16:34.4722488Z  47750K .......... .......... .......... .......... .......... 77%  266M 0s
2025-02-16T18:16:34.4723660Z  47800K .......... .......... .......... .......... .......... 77%  310M 0s
2025-02-16T18:16:34.4726674Z  47850K .......... .......... .......... .......... .......... 77%  318M 0s
2025-02-16T18:16:34.4727249Z  47900K .......... .......... .......... .......... .......... 77%  335M 0s
2025-02-16T18:16:34.4728654Z  47950K .......... .......... .......... .......... .......... 77%  227M 0s
2025-02-16T18:16:34.4731256Z  48000K .......... .......... .......... .......... .......... 77%  331M 0s
2025-02-16T18:16:34.4731814Z  48050K .......... .......... .......... .......... .......... 77%  302M 0s
2025-02-16T18:16:34.4733424Z  48100K .......... .......... .......... .......... .......... 78%  308M 0s
2025-02-16T18:16:34.4735936Z  48150K .......... .......... .......... .......... .......... 78%  333M 0s
2025-02-16T18:16:34.4736506Z  48200K .......... .......... .......... .......... .......... 78%  325M 0s
2025-02-16T18:16:34.4738122Z  48250K .......... .......... .......... .......... .......... 78%  298M 0s
2025-02-16T18:16:34.4740385Z  48300K .......... .......... .......... .......... .......... 78%  314M 0s
2025-02-16T18:16:34.4742085Z  48350K .......... .......... .......... .......... .......... 78%  195M 0s
2025-02-16T18:16:34.4744332Z  48400K .......... .......... .......... .......... .......... 78%  322M 0s
2025-02-16T18:16:34.4745696Z  48450K .......... .......... .......... .......... .......... 78%  279M 0s
2025-02-16T18:16:34.4747011Z  48500K .......... .......... .......... .......... .......... 78%  300M 0s
2025-02-16T18:16:34.4749490Z  48550K .......... .......... .......... .......... .......... 78%  306M 0s
2025-02-16T18:16:34.4750294Z  48600K .......... .......... .......... .......... .......... 78%  304M 0s
2025-02-16T18:16:34.4753289Z  48650K .......... .......... .......... .......... .......... 78%  283M 0s
2025-02-16T18:16:34.4754186Z  48700K .......... .......... .......... .......... .......... 79%  299M 0s
2025-02-16T18:16:34.4755776Z  48750K .......... .......... .......... .......... .......... 79%  224M 0s
2025-02-16T18:16:34.4757231Z  48800K .......... .......... .......... .......... .......... 79%  300M 0s
2025-02-16T18:16:34.4758747Z  48850K .......... .......... .......... .......... .......... 79%  327M 0s
2025-02-16T18:16:34.4761108Z  48900K .......... .......... .......... .......... .......... 79%  306M 0s
2025-02-16T18:16:34.4762220Z  48950K .......... .......... .......... .......... .......... 79%  260M 0s
2025-02-16T18:16:34.4765214Z  49000K .......... .......... .......... .......... .......... 79%  324M 0s
2025-02-16T18:16:34.4765804Z  49050K .......... .......... .......... .......... .......... 79%  322M 0s
2025-02-16T18:16:34.4767625Z  49100K .......... .......... .......... .......... .......... 79%  283M 0s
2025-02-16T18:16:34.4770349Z  49150K .......... .......... .......... .......... .......... 79%  238M 0s
2025-02-16T18:16:34.4770800Z  49200K .......... .......... .......... .......... .......... 79%  266M 0s
2025-02-16T18:16:34.4772624Z  49250K .......... .......... .......... .......... .......... 79%  294M 0s
2025-02-16T18:16:34.4774783Z  49300K .......... .......... .......... .......... .......... 79%  318M 0s
2025-02-16T18:16:34.4776075Z  49350K .......... .......... .......... .......... .......... 80%  296M 0s
2025-02-16T18:16:34.4777733Z  49400K .......... .......... .......... .......... .......... 80%  241M 0s
2025-02-16T18:16:34.4779686Z  49450K .......... .......... .......... .......... .......... 80%  316M 0s
2025-02-16T18:16:34.4781410Z  49500K .......... .......... .......... .......... .......... 80%  239M 0s
2025-02-16T18:16:34.4782827Z  49550K .......... .......... .......... .......... .......... 80%  322M 0s
2025-02-16T18:16:34.4784461Z  49600K .......... .......... .......... .......... .......... 80%  311M 0s
2025-02-16T18:16:34.4787080Z  49650K .......... .......... .......... .......... .......... 80%  250M 0s
2025-02-16T18:16:34.4787871Z  49700K .......... .......... .......... .......... .......... 80%  318M 0s
2025-02-16T18:16:34.4789648Z  49750K .......... .......... .......... .......... .......... 80%  329M 0s
2025-02-16T18:16:34.4791436Z  49800K .......... .......... .......... .......... .......... 80%  255M 0s
2025-02-16T18:16:34.4793333Z  49850K .......... .......... .......... .......... .......... 80%  292M 0s
2025-02-16T18:16:34.4795426Z  49900K .......... .......... .......... .......... .......... 80%  284M 0s
2025-02-16T18:16:34.4796808Z  49950K .......... .......... .......... .......... .......... 81%  222M 0s
2025-02-16T18:16:34.4799111Z  50000K .......... .......... .......... .......... .......... 81%  341M 0s
2025-02-16T18:16:34.4799774Z  50050K .......... .......... .......... .......... .......... 81%  298M 0s
2025-02-16T18:16:34.4801531Z  50100K .......... .......... .......... .......... .......... 81%  280M 0s
2025-02-16T18:16:34.4803154Z  50150K .......... .......... .......... .......... .......... 81%  324M 0s
2025-02-16T18:16:34.4805088Z  50200K .......... .......... .......... .......... .......... 81%  295M 0s
2025-02-16T18:16:34.4806699Z  50250K .......... .......... .......... .......... .......... 81%  312M 0s
2025-02-16T18:16:34.4808536Z  50300K .......... .......... .......... .......... .......... 81%  320M 0s
2025-02-16T18:16:34.4809859Z  50350K .......... .......... .......... .......... .......... 81%  255M 0s
2025-02-16T18:16:34.4811849Z  50400K .......... .......... .......... .......... .......... 81%  330M 0s
2025-02-16T18:16:34.4813122Z  50450K .......... .......... .......... .......... .......... 81%  265M 0s
2025-02-16T18:16:34.4814691Z  50500K .......... .......... .......... .......... .......... 81%  335M 0s
2025-02-16T18:16:34.4815911Z  50550K .......... .......... .......... .......... .......... 82%  378M 0s
2025-02-16T18:16:34.4817499Z  50600K .......... .......... .......... .......... .......... 82%  326M 0s
2025-02-16T18:16:34.4819283Z  50650K .......... .......... .......... .......... .......... 82%  353M 0s
2025-02-16T18:16:34.4821319Z  50700K .......... .......... .......... .......... .......... 82%  316M 0s
2025-02-16T18:16:34.4822607Z  50750K .......... .......... .......... .......... .......... 82%  213M 0s
2025-02-16T18:16:34.4824896Z  50800K .......... .......... .......... .......... .......... 82%  234M 0s
2025-02-16T18:16:34.4827076Z  50850K .......... .......... .......... .......... .......... 82%  236M 0s
2025-02-16T18:16:34.4828505Z  50900K .......... .......... .......... .......... .......... 82%  371M 0s
2025-02-16T18:16:34.4831063Z  50950K .......... .......... .......... .......... .......... 82%  234M 0s
2025-02-16T18:16:34.4832087Z  51000K .......... .......... .......... .......... .......... 82%  280M 0s
2025-02-16T18:16:34.4836805Z  51050K .......... .......... .......... .......... .......... 82%  109M 0s
2025-02-16T18:16:34.4838053Z  51100K .......... .......... .......... .......... .......... 82%  313M 0s
2025-02-16T18:16:34.5545580Z  51150K .......... .......... .......... .......... .......... 82%  269M 0s
2025-02-16T18:16:34.5547292Z  51200K .......... .......... .......... .......... .......... 83%  708K 0s
2025-02-16T18:16:34.5548162Z  51250K .......... .......... .......... .......... .......... 83%  264M 0s
2025-02-16T18:16:34.5550421Z  51300K .......... .......... .......... .......... .......... 83%  311M 0s
2025-02-16T18:16:34.5551675Z  51350K .......... .......... .......... .......... .......... 83%  261M 0s
2025-02-16T18:16:34.5553163Z  51400K .......... .......... .......... .......... .......... 83%  327M 0s
2025-02-16T18:16:34.5556276Z  51450K .......... .......... .......... .......... .......... 83%  173M 0s
2025-02-16T18:16:34.5559432Z  51500K .......... .......... .......... .......... .......... 83%  305M 0s
2025-02-16T18:16:34.5559988Z  51550K .......... .......... .......... .......... .......... 83%  270M 0s
2025-02-16T18:16:34.5561181Z  51600K .......... .......... .......... .......... .......... 83%  276M 0s
2025-02-16T18:16:34.5564273Z  51650K .......... .......... .......... .......... .......... 83%  320M 0s
2025-02-16T18:16:34.5564821Z  51700K .......... .......... .......... .......... .......... 83%  346M 0s
2025-02-16T18:16:34.5565649Z  51750K .......... .......... .......... .......... .......... 83%  328M 0s
2025-02-16T18:16:34.5568657Z  51800K .......... .......... .......... .......... .......... 84%  325M 0s
2025-02-16T18:16:34.5569220Z  51850K .......... .......... .......... .......... .......... 84%  353M 0s
2025-02-16T18:16:34.5570189Z  51900K .......... .......... .......... .......... .......... 84%  315M 0s
2025-02-16T18:16:34.5572988Z  51950K .......... .......... .......... .......... .......... 84%  227M 0s
2025-02-16T18:16:34.5574042Z  52000K .......... .......... .......... .......... .......... 84%  256M 0s
2025-02-16T18:16:34.5577137Z  52050K .......... .......... .......... .......... .......... 84%  334M 0s
2025-02-16T18:16:34.5577730Z  52100K .......... .......... .......... .......... .......... 84%  295M 0s
2025-02-16T18:16:34.5578915Z  52150K .......... .......... .......... .......... .......... 84%  282M 0s
2025-02-16T18:16:34.5582327Z  52200K .......... .......... .......... .......... .......... 84%  333M 0s
2025-02-16T18:16:34.5582893Z  52250K .......... .......... .......... .......... .......... 84%  296M 0s
2025-02-16T18:16:34.5583781Z  52300K .......... .......... .......... .......... .......... 84%  308M 0s
2025-02-16T18:16:34.5586960Z  52350K .......... .......... .......... .......... .......... 84%  244M 0s
2025-02-16T18:16:34.5587525Z  52400K .......... .......... .......... .......... .......... 85%  340M 0s
2025-02-16T18:16:34.5588705Z  52450K .......... .......... .......... .......... .......... 85%  298M 0s
2025-02-16T18:16:34.5591728Z  52500K .......... .......... .......... .......... .......... 85%  329M 0s
2025-02-16T18:16:34.5592300Z  52550K .......... .......... .......... .......... .......... 85%  282M 0s
2025-02-16T18:16:34.5595445Z  52600K .......... .......... .......... .......... .......... 85%  295M 0s
2025-02-16T18:16:34.5596079Z  52650K .......... .......... .......... .......... .......... 85%  307M 0s
2025-02-16T18:16:34.5596981Z  52700K .......... .......... .......... .......... .......... 85%  277M 0s
2025-02-16T18:16:34.5600719Z  52750K .......... .......... .......... .......... .......... 85%  247M 0s
2025-02-16T18:16:34.5601290Z  52800K .......... .......... .......... .......... .......... 85%  254M 0s
2025-02-16T18:16:34.5602440Z  52850K .......... .......... .......... .......... .......... 85%  296M 0s
2025-02-16T18:16:34.5604724Z  52900K .......... .......... .......... .......... .......... 85%  334M 0s
2025-02-16T18:16:34.5605821Z  52950K .......... .......... .......... .......... .......... 85%  262M 0s
2025-02-16T18:16:34.5608994Z  53000K .......... .......... .......... .......... .......... 85%  334M 0s
2025-02-16T18:16:34.5609549Z  53050K .......... .......... .......... .......... .......... 86%  285M 0s
2025-02-16T18:16:34.5610903Z  53100K .......... .......... .......... .......... .......... 86%  269M 0s
2025-02-16T18:16:34.5613603Z  53150K .......... .......... .......... .......... .......... 86%  252M 0s
2025-02-16T18:16:34.5614357Z  53200K .......... .......... .......... .......... .......... 86%  296M 0s
2025-02-16T18:16:34.5615968Z  53250K .......... .......... .......... .......... .......... 86%  325M 0s
2025-02-16T18:16:34.5617228Z  53300K .......... .......... .......... .......... .......... 86%  340M 0s
2025-02-16T18:16:34.5619239Z  53350K .......... .......... .......... .......... .......... 86%  289M 0s
2025-02-16T18:16:34.5620747Z  53400K .......... .......... .......... .......... .......... 86%  320M 0s
2025-02-16T18:16:34.5622809Z  53450K .......... .......... .......... .......... .......... 86%  293M 0s
2025-02-16T18:16:34.5624133Z  53500K .......... .......... .......... .......... .......... 86%  302M 0s
2025-02-16T18:16:34.5626010Z  53550K .......... .......... .......... .......... .......... 86%  244M 0s
2025-02-16T18:16:34.5627459Z  53600K .......... .......... .......... .......... .......... 86%  293M 0s
2025-02-16T18:16:34.5629240Z  53650K .......... .......... .......... .......... .......... 87%  311M 0s
2025-02-16T18:16:34.5630791Z  53700K .......... .......... .......... .......... .......... 87%  310M 0s
2025-02-16T18:16:34.5632869Z  53750K .......... .......... .......... .......... .......... 87%  251M 0s
2025-02-16T18:16:34.5634206Z  53800K .......... .......... .......... .......... .......... 87%  307M 0s
2025-02-16T18:16:34.5636003Z  53850K .......... .......... .......... .......... .......... 87%  307M 0s
2025-02-16T18:16:34.5637773Z  53900K .......... .......... .......... .......... .......... 87%  280M 0s
2025-02-16T18:16:34.5639761Z  53950K .......... .......... .......... .......... .......... 87%  245M 0s
2025-02-16T18:16:34.5641893Z  54000K .......... .......... .......... .......... .......... 87%  234M 0s
2025-02-16T18:16:34.5643142Z  54050K .......... .......... .......... .......... .......... 87%  300M 0s
2025-02-16T18:16:34.5644813Z  54100K .......... .......... .......... .......... .......... 87%  331M 0s
2025-02-16T18:16:34.5646674Z  54150K .......... .......... .......... .......... .......... 87%  275M 0s
2025-02-16T18:16:34.5647947Z  54200K .......... .......... .......... .......... .......... 87%  330M 0s
2025-02-16T18:16:34.5650341Z  54250K .......... .......... .......... .......... .......... 88%  252M 0s
2025-02-16T18:16:34.5651697Z  54300K .......... .......... .......... .......... .......... 88%  258M 0s
2025-02-16T18:16:34.5653430Z  54350K .......... .......... .......... .......... .......... 88%  317M 0s
2025-02-16T18:16:34.5654998Z  54400K .......... .......... .......... .......... .......... 88%  314M 0s
2025-02-16T18:16:34.5656732Z  54450K .......... .......... .......... .......... .......... 88%  277M 0s
2025-02-16T18:16:34.5658109Z  54500K .......... .......... .......... .......... .......... 88%  324M 0s
2025-02-16T18:16:34.5660318Z  54550K .......... .......... .......... .......... .......... 88%  294M 0s
2025-02-16T18:16:34.5661822Z  54600K .......... .......... .......... .......... .......... 88%  265M 0s
2025-02-16T18:16:34.5664405Z  54650K .......... .......... .......... .......... .......... 88%  314M 0s
2025-02-16T18:16:34.5664950Z  54700K .......... .......... .......... .......... .......... 88%  340M 0s
2025-02-16T18:16:34.5666867Z  54750K .......... .......... .......... .......... .......... 88%  231M 0s
2025-02-16T18:16:34.5669330Z  54800K .......... .......... .......... .......... .......... 88%  324M 0s
2025-02-16T18:16:34.5669885Z  54850K .......... .......... .......... .......... .......... 88%  331M 0s
2025-02-16T18:16:34.5673186Z  54900K .......... .......... .......... .......... .......... 89%  260M 0s
2025-02-16T18:16:34.5673764Z  54950K .......... .......... .......... .......... .......... 89%  283M 0s
2025-02-16T18:16:34.5674964Z  55000K .......... .......... .......... .......... .......... 89%  302M 0s
2025-02-16T18:16:34.5678118Z  55050K .......... .......... .......... .......... .......... 89%  335M 0s
2025-02-16T18:16:34.5678673Z  55100K .......... .......... .......... .......... .......... 89%  346M 0s
2025-02-16T18:16:34.5679749Z  55150K .......... .......... .......... .......... .......... 89%  247M 0s
2025-02-16T18:16:34.5682589Z  55200K .......... .......... .......... .......... .......... 89%  293M 0s
2025-02-16T18:16:34.5683232Z  55250K .......... .......... .......... .......... .......... 89%  270M 0s
2025-02-16T18:16:34.5684720Z  55300K .......... .......... .......... .......... .......... 89%  326M 0s
2025-02-16T18:16:34.5686326Z  55350K .......... .......... .......... .......... .......... 89%  338M 0s
2025-02-16T18:16:34.5688918Z  55400K .......... .......... .......... .......... .......... 89%  310M 0s
2025-02-16T18:16:34.5689460Z  55450K .......... .......... .......... .......... .......... 89%  335M 0s
2025-02-16T18:16:34.5692725Z  55500K .......... .......... .......... .......... .......... 90%  274M 0s
2025-02-16T18:16:34.5693320Z  55550K .......... .......... .......... .......... .......... 90%  213M 0s
2025-02-16T18:16:34.5695001Z  55600K .......... .......... .......... .......... .......... 90%  306M 0s
2025-02-16T18:16:34.5697561Z  55650K .......... .......... .......... .......... .......... 90%  321M 0s
2025-02-16T18:16:34.5698115Z  55700K .......... .......... .......... .......... .......... 90%  339M 0s
2025-02-16T18:16:34.5699701Z  55750K .......... .......... .......... .......... .......... 90%  286M 0s
2025-02-16T18:16:34.5702408Z  55800K .......... .......... .......... .......... .......... 90%  281M 0s
2025-02-16T18:16:34.5702965Z  55850K .......... .......... .......... .......... .......... 90%  310M 0s
2025-02-16T18:16:34.5704715Z  55900K .......... .......... .......... .......... .......... 90%  299M 0s
2025-02-16T18:16:34.5706623Z  55950K .......... .......... .......... .......... .......... 90%  226M 0s
2025-02-16T18:16:34.5708437Z  56000K .......... .......... .......... .......... .......... 90%  304M 0s
2025-02-16T18:16:34.5711317Z  56050K .......... .......... .......... .......... .......... 90%  321M 0s
2025-02-16T18:16:34.5711867Z  56100K .......... .......... .......... .......... .......... 91%  324M 0s
2025-02-16T18:16:34.5712898Z  56150K .......... .......... .......... .......... .......... 91%  310M 0s
2025-02-16T18:16:34.5714550Z  56200K .......... .......... .......... .......... .......... 91%  318M 0s
2025-02-16T18:16:34.5717244Z  56250K .......... .......... .......... .......... .......... 91%  328M 0s
2025-02-16T18:16:34.5717802Z  56300K .......... .......... .......... .......... .......... 91%  344M 0s
2025-02-16T18:16:34.5719565Z  56350K .......... .......... .......... .......... .......... 91%  233M 0s
2025-02-16T18:16:34.5721219Z  56400K .......... .......... .......... .......... .......... 91%  293M 0s
2025-02-16T18:16:34.5723415Z  56450K .......... .......... .......... .......... .......... 91%  323M 0s
2025-02-16T18:16:34.5724485Z  56500K .......... .......... .......... .......... .......... 91%  289M 0s
2025-02-16T18:16:34.5725799Z  56550K .......... .......... .......... .......... .......... 91%  331M 0s
2025-02-16T18:16:34.5728334Z  56600K .......... .......... .......... .......... .......... 91%  327M 0s
2025-02-16T18:16:34.5728989Z  56650K .......... .......... .......... .......... .......... 91%  290M 0s
2025-02-16T18:16:34.5732344Z  56700K .......... .......... .......... .......... .......... 91%  304M 0s
2025-02-16T18:16:34.5732968Z  56750K .......... .......... .......... .......... .......... 92%  203M 0s
2025-02-16T18:16:34.5734676Z  56800K .......... .......... .......... .......... .......... 92%  304M 0s
2025-02-16T18:16:34.5737254Z  56850K .......... .......... .......... .......... .......... 92%  324M 0s
2025-02-16T18:16:34.5737705Z  56900K .......... .......... .......... .......... .......... 92%  304M 0s
2025-02-16T18:16:34.5739533Z  56950K .......... .......... .......... .......... .......... 92%  285M 0s
2025-02-16T18:16:34.5741293Z  57000K .......... .......... .......... .......... .......... 92%  284M 0s
2025-02-16T18:16:34.5743785Z  57050K .......... .......... .......... .......... .......... 92%  314M 0s
2025-02-16T18:16:34.5744343Z  57100K .......... .......... .......... .......... .......... 92%  317M 0s
2025-02-16T18:16:34.5746446Z  57150K .......... .......... .......... .......... .......... 92%  229M 0s
2025-02-16T18:16:34.5748662Z  57200K .......... .......... .......... .......... .......... 92%  327M 0s
2025-02-16T18:16:34.5749529Z  57250K .......... .......... .......... .......... .......... 92%  296M 0s
2025-02-16T18:16:34.5752850Z  57300K .......... .......... .......... .......... .......... 92%  282M 0s
2025-02-16T18:16:34.5753428Z  57350K .......... .......... .......... .......... .......... 93%  301M 0s
2025-02-16T18:16:34.5754317Z  57400K .......... .......... .......... .......... .......... 93%  326M 0s
2025-02-16T18:16:34.5755996Z  57450K .......... .......... .......... .......... .......... 93%  318M 0s
2025-02-16T18:16:34.5758158Z  57500K .......... .......... .......... .......... .......... 93%  338M 0s
2025-02-16T18:16:34.5759642Z  57550K .......... .......... .......... .......... .......... 93%  223M 0s
2025-02-16T18:16:34.5762292Z  57600K .......... .......... .......... .......... .......... 93%  280M 0s
2025-02-16T18:16:34.5762837Z  57650K .......... .......... .......... .......... .......... 93%  299M 0s
2025-02-16T18:16:34.5764607Z  57700K .......... .......... .......... .......... .......... 93%  304M 0s
2025-02-16T18:16:34.5767143Z  57750K .......... .......... .......... .......... .......... 93%  316M 0s
2025-02-16T18:16:34.5767691Z  57800K .......... .......... .......... .......... .......... 93%  371M 0s
2025-02-16T18:16:34.5769348Z  57850K .......... .......... .......... .......... .......... 93%  268M 0s
2025-02-16T18:16:34.5771608Z  57900K .......... .......... .......... .......... .......... 93%  289M 0s
2025-02-16T18:16:34.5773220Z  57950K .......... .......... .......... .......... .......... 94%  212M 0s
2025-02-16T18:16:34.5775967Z  58000K .......... .......... .......... .......... .......... 94%  340M 0s
2025-02-16T18:16:34.5776506Z  58050K .......... .......... .......... .......... .......... 94%  370M 0s
2025-02-16T18:16:34.5777438Z  58100K .......... .......... .......... .......... .......... 94%  314M 0s
2025-02-16T18:16:34.5780349Z  58150K .......... .......... .......... .......... .......... 94%  333M 0s
2025-02-16T18:16:34.5780894Z  58200K .......... .......... .......... .......... .......... 94%  349M 0s
2025-02-16T18:16:34.5782483Z  58250K .......... .......... .......... .......... .......... 94%  254M 0s
2025-02-16T18:16:34.5784772Z  58300K .......... .......... .......... .......... .......... 94%  293M 0s
2025-02-16T18:16:34.5786125Z  58350K .......... .......... .......... .......... .......... 94%  228M 0s
2025-02-16T18:16:34.5789101Z  58400K .......... .......... .......... .......... .......... 94%  309M 0s
2025-02-16T18:16:34.5789879Z  58450K .......... .......... .......... .......... .......... 94%  272M 0s
2025-02-16T18:16:34.5793246Z  58500K .......... .......... .......... .......... .......... 94%  259M 0s
2025-02-16T18:16:34.5793838Z  58550K .......... .......... .......... .......... .......... 94%  300M 0s
2025-02-16T18:16:34.5794813Z  58600K .......... .......... .......... .......... .......... 95%  273M 0s
2025-02-16T18:16:34.5796454Z  58650K .......... .......... .......... .......... .......... 95%  327M 0s
2025-02-16T18:16:34.5799036Z  58700K .......... .......... .......... .......... .......... 95%  313M 0s
2025-02-16T18:16:34.5799925Z  58750K .......... .......... .......... .......... .......... 95%  225M 0s
2025-02-16T18:16:34.5801815Z  58800K .......... .......... .......... .......... .......... 95%  285M 0s
2025-02-16T18:16:34.5803129Z  58850K .......... .......... .......... .......... .......... 95%  318M 0s
2025-02-16T18:16:34.5805043Z  58900K .......... .......... .......... .......... .......... 95%  300M 0s
2025-02-16T18:16:34.5807817Z  58950K .......... .......... .......... .......... .......... 95%  320M 0s
2025-02-16T18:16:34.5808365Z  59000K .......... .......... .......... .......... .......... 95%  368M 0s
2025-02-16T18:16:34.5809275Z  59050K .......... .......... .......... .......... .......... 95%  319M 0s
2025-02-16T18:16:34.5811145Z  59100K .......... .......... .......... .......... .......... 95%  293M 0s
2025-02-16T18:16:34.5814676Z  59150K .......... .......... .......... .......... .......... 95%  236M 0s
2025-02-16T18:16:34.5815480Z  59200K .......... .......... .......... .......... .......... 96%  300M 0s
2025-02-16T18:16:34.5816308Z  59250K .......... .......... .......... .......... .......... 96%  285M 0s
2025-02-16T18:16:34.5819996Z  59300K .......... .......... .......... .......... .......... 96%  331M 0s
2025-02-16T18:16:34.5820579Z  59350K .......... .......... .......... .......... .......... 96%  306M 0s
2025-02-16T18:16:34.5821396Z  59400K .......... .......... .......... .......... .......... 96%  248M 0s
2025-02-16T18:16:34.5823034Z  59450K .......... .......... .......... .......... .......... 96%  328M 0s
2025-02-16T18:16:34.5824629Z  59500K .......... .......... .......... .......... .......... 96%  309M 0s
2025-02-16T18:16:34.5826463Z  59550K .......... .......... .......... .......... .......... 96%  248M 0s
2025-02-16T18:16:34.5827933Z  59600K .......... .......... .......... .......... .......... 96%  331M 0s
2025-02-16T18:16:34.5829351Z  59650K .......... .......... .......... .......... .......... 96%  334M 0s
2025-02-16T18:16:34.5831040Z  59700K .......... .......... .......... .......... .......... 96%  310M 0s
2025-02-16T18:16:34.5832479Z  59750K .......... .......... .......... .......... .......... 96%  322M 0s
2025-02-16T18:16:34.5834043Z  59800K .......... .......... .......... .......... .......... 97%  329M 0s
2025-02-16T18:16:34.5835606Z  59850K .......... .......... .......... .......... .......... 97%  327M 0s
2025-02-16T18:16:34.5837135Z  59900K .......... .......... .......... .......... .......... 97%  314M 0s
2025-02-16T18:16:34.5839072Z  59950K .......... .......... .......... .......... .......... 97%  242M 0s
2025-02-16T18:16:34.5840736Z  60000K .......... .......... .......... .......... .......... 97%  331M 0s
2025-02-16T18:16:34.5842241Z  60050K .......... .......... .......... .......... .......... 97%  287M 0s
2025-02-16T18:16:34.5843667Z  60100K .......... .......... .......... .......... .......... 97%  327M 0s
2025-02-16T18:16:34.5845213Z  60150K .......... .......... .......... .......... .......... 97%  335M 0s
2025-02-16T18:16:34.5846729Z  60200K .......... .......... .......... .......... .......... 97%  332M 0s
2025-02-16T18:16:34.5848337Z  60250K .......... .......... .......... .......... .......... 97%  322M 0s
2025-02-16T18:16:34.5849832Z  60300K .......... .......... .......... .......... .......... 97%  311M 0s
2025-02-16T18:16:34.5851938Z  60350K .......... .......... .......... .......... .......... 97%  224M 0s
2025-02-16T18:16:34.5853638Z  60400K .......... .......... .......... .......... .......... 97%  316M 0s
2025-02-16T18:16:34.5854817Z  60450K .......... .......... .......... .......... .......... 98%  331M 0s
2025-02-16T18:16:34.5856385Z  60500K .......... .......... .......... .......... .......... 98%  344M 0s
2025-02-16T18:16:34.5857827Z  60550K .......... .......... .......... .......... .......... 98%  328M 0s
2025-02-16T18:16:34.5859366Z  60600K .......... .......... .......... .......... .......... 98%  336M 0s
2025-02-16T18:16:34.5861071Z  60650K .......... .......... .......... .......... .......... 98%  300M 0s
2025-02-16T18:16:34.5862661Z  60700K .......... .......... .......... .......... .......... 98%  310M 0s
2025-02-16T18:16:34.5864528Z  60750K .......... .......... .......... .......... .......... 98%  241M 0s
2025-02-16T18:16:34.5865955Z  60800K .......... .......... .......... .......... .......... 98%  334M 0s
2025-02-16T18:16:34.5868210Z  60850K .......... .......... .......... .......... .......... 98%  296M 0s
2025-02-16T18:16:34.5868973Z  60900K .......... .......... .......... .......... .......... 98%  321M 0s
2025-02-16T18:16:34.5871258Z  60950K .......... .......... .......... .......... .......... 98%  242M 0s
2025-02-16T18:16:34.5872532Z  61000K .......... .......... .......... .......... .......... 98%  321M 0s
2025-02-16T18:16:34.5874160Z  61050K .......... .......... .......... .......... .......... 99%  363M 0s
2025-02-16T18:16:34.5875671Z  61100K .......... .......... .......... .......... .......... 99%  323M 0s
2025-02-16T18:16:34.5877632Z  61150K .......... .......... .......... .......... .......... 99%  243M 0s
2025-02-16T18:16:34.5878876Z  61200K .......... .......... .......... .......... .......... 99%  339M 0s
2025-02-16T18:16:34.5880639Z  61250K .......... .......... .......... .......... .......... 99%  340M 0s
2025-02-16T18:16:34.5882306Z  61300K .......... .......... .......... .......... .......... 99%  264M 0s
2025-02-16T18:16:34.5883845Z  61350K .......... .......... .......... .......... .......... 99%  326M 0s
2025-02-16T18:16:34.6434031Z  61400K .......... .......... .......... .......... .......... 99%  909K 0s
2025-02-16T18:16:34.6437846Z  61450K .......... .......... .......... .......... .......... 99%  121M 0s
2025-02-16T18:16:34.6441763Z  61500K .......... .......... .......... .......... .......... 99%  132M 0s
2025-02-16T18:16:34.6443590Z  61550K .......... .......... .......... .......... .......... 99%  215M 0s
2025-02-16T18:16:34.6444929Z  61600K .......... .......... .......... .......... .......... 99%  324M 0s
2025-02-16T18:16:34.6446249Z  61650K .......... .......... .......... .......... ........  100%  344M=0.6s
2025-02-16T18:16:34.6446654Z 
2025-02-16T18:16:34.6447413Z 2025-02-16 18:16:34 (95.7 MB/s) - ‘klayout_0.29.11-1_amd64.deb’ saved [63179420/63179420]
2025-02-16T18:16:34.6447809Z 
2025-02-16T18:16:34.7641300Z Get:1 file:/etc/apt/apt-mirrors.txt Mirrorlist [142 B]
2025-02-16T18:16:34.8134396Z Hit:2 http://azure.archive.ubuntu.com/ubuntu noble InRelease
2025-02-16T18:16:34.8135469Z Hit:6 https://packages.microsoft.com/repos/azure-cli noble InRelease
2025-02-16T18:16:34.8136371Z Get:7 https://packages.microsoft.com/ubuntu/24.04/prod noble InRelease [3600 B]
2025-02-16T18:16:34.8158779Z Get:3 http://azure.archive.ubuntu.com/ubuntu noble-updates InRelease [126 kB]
2025-02-16T18:16:34.8236242Z Get:4 http://azure.archive.ubuntu.com/ubuntu noble-backports InRelease [126 kB]
2025-02-16T18:16:34.8301470Z Get:5 http://azure.archive.ubuntu.com/ubuntu noble-security InRelease [126 kB]
2025-02-16T18:16:35.1248873Z Get:8 https://packages.microsoft.com/ubuntu/24.04/prod noble/main armhf Packages [6679 B]
2025-02-16T18:16:35.1479435Z Get:9 https://packages.microsoft.com/ubuntu/24.04/prod noble/main arm64 Packages [12.9 kB]
2025-02-16T18:16:35.1514046Z Get:10 https://packages.microsoft.com/ubuntu/24.04/prod noble/main amd64 Packages [21.0 kB]
2025-02-16T18:16:35.1724025Z Get:11 http://azure.archive.ubuntu.com/ubuntu noble-updates/main amd64 Packages [865 kB]
2025-02-16T18:16:35.1803470Z Get:12 http://azure.archive.ubuntu.com/ubuntu noble-updates/main amd64 Components [150 kB]
2025-02-16T18:16:35.1814758Z Get:13 http://azure.archive.ubuntu.com/ubuntu noble-updates/universe amd64 Packages [1014 kB]
2025-02-16T18:16:35.1883281Z Get:14 http://azure.archive.ubuntu.com/ubuntu noble-updates/universe amd64 Components [363 kB]
2025-02-16T18:16:35.1913029Z Get:15 http://azure.archive.ubuntu.com/ubuntu noble-updates/restricted amd64 Components [212 B]
2025-02-16T18:16:35.1923655Z Get:16 http://azure.archive.ubuntu.com/ubuntu noble-updates/multiverse amd64 Components [940 B]
2025-02-16T18:16:35.2266331Z Get:17 http://azure.archive.ubuntu.com/ubuntu noble-backports/main amd64 Components [208 B]
2025-02-16T18:16:35.2282165Z Get:18 http://azure.archive.ubuntu.com/ubuntu noble-backports/universe amd64 Components [17.6 kB]
2025-02-16T18:16:35.2293393Z Get:19 http://azure.archive.ubuntu.com/ubuntu noble-backports/restricted amd64 Components [216 B]
2025-02-16T18:16:35.2304573Z Get:20 http://azure.archive.ubuntu.com/ubuntu noble-backports/multiverse amd64 Components [212 B]
2025-02-16T18:16:35.3228578Z Get:21 http://azure.archive.ubuntu.com/ubuntu noble-security/main amd64 Packages [617 kB]
2025-02-16T18:16:35.3271452Z Get:22 http://azure.archive.ubuntu.com/ubuntu noble-security/main amd64 Components [9020 B]
2025-02-16T18:16:35.3281949Z Get:23 http://azure.archive.ubuntu.com/ubuntu noble-security/universe amd64 Packages [803 kB]
2025-02-16T18:16:35.3423297Z Get:24 http://azure.archive.ubuntu.com/ubuntu noble-security/universe amd64 Components [52.0 kB]
2025-02-16T18:16:35.3435377Z Get:25 http://azure.archive.ubuntu.com/ubuntu noble-security/restricted amd64 Components [212 B]
2025-02-16T18:16:35.3445887Z Get:26 http://azure.archive.ubuntu.com/ubuntu noble-security/multiverse amd64 Components [208 B]
2025-02-16T18:16:44.4698696Z Fetched 4317 kB in 1s (5024 kB/s)
2025-02-16T18:16:45.0756618Z Reading package lists...
2025-02-16T18:16:45.1291082Z Reading package lists...
2025-02-16T18:16:45.2685384Z Building dependency tree...
2025-02-16T18:16:45.2692591Z Reading state information...
2025-02-16T18:16:45.4003787Z The following additional packages will be installed:
2025-02-16T18:16:45.4004559Z   libasyncns0 libdouble-conversion3 libegl-mesa0 libegl1 libflac12t64
2025-02-16T18:16:45.4005398Z   libgit2-1.7 libhttp-parser2.9 libinput-bin libinput10 libmd4c0 libmp3lame0
2025-02-16T18:16:45.4006280Z   libmpg123-0t64 libmtdev1t64 libopus0 libpulse0 libqt5core5t64 libqt5dbus5t64
2025-02-16T18:16:45.4007279Z   libqt5designer5 libqt5gui5t64 libqt5multimedia5 libqt5multimediawidgets5
2025-02-16T18:16:45.4008195Z   libqt5network5t64 libqt5opengl5t64 libqt5printsupport5t64 libqt5qml5
2025-02-16T18:16:45.4009139Z   libqt5qmlmodels5 libqt5quick5 libqt5sql5-sqlite libqt5sql5t64 libqt5svg5
2025-02-16T18:16:45.4009908Z   libqt5waylandclient5 libqt5waylandcompositor5 libqt5widgets5t64
2025-02-16T18:16:45.4011136Z   libqt5xml5t64 libqt5xmlpatterns5 libsndfile1 libvorbisenc2 libwacom-common
2025-02-16T18:16:45.4012096Z   libwacom9 libxcb-icccm4 libxcb-image0 libxcb-keysyms1 libxcb-render-util0
2025-02-16T18:16:45.4012972Z   libxcb-shape0 libxcb-util1 libxcb-xinerama0 libxcb-xinput0 libxcb-xkb1
2025-02-16T18:16:45.4013771Z   libxkbcommon-x11-0 qt5-gtk-platformtheme qttranslations5-l10n qtwayland5
2025-02-16T18:16:45.4014585Z Suggested packages:
2025-02-16T18:16:45.4015042Z   opus-tools pulseaudio qgnomeplatform-qt5 qt5-image-formats-plugins
2025-02-16T18:16:45.4015580Z   qt5-qmltooling-plugins libwacom-bin
2025-02-16T18:16:45.4523613Z The following NEW packages will be installed:
2025-02-16T18:16:45.4524626Z   klayout libasyncns0 libdouble-conversion3 libegl-mesa0 libegl1 libflac12t64
2025-02-16T18:16:45.4525552Z   libgit2-1.7 libhttp-parser2.9 libinput-bin libinput10 libmd4c0 libmp3lame0
2025-02-16T18:16:45.4526538Z   libmpg123-0t64 libmtdev1t64 libopus0 libpulse0 libqt5core5t64 libqt5dbus5t64
2025-02-16T18:16:45.4527475Z   libqt5designer5 libqt5gui5t64 libqt5multimedia5 libqt5multimediawidgets5
2025-02-16T18:16:45.4528736Z   libqt5network5t64 libqt5opengl5t64 libqt5printsupport5t64 libqt5qml5
2025-02-16T18:16:45.4529616Z   libqt5qmlmodels5 libqt5quick5 libqt5sql5-sqlite libqt5sql5t64 libqt5svg5
2025-02-16T18:16:45.4530614Z   libqt5waylandclient5 libqt5waylandcompositor5 libqt5widgets5t64
2025-02-16T18:16:45.4531477Z   libqt5xml5t64 libqt5xmlpatterns5 libsndfile1 libvorbisenc2 libwacom-common
2025-02-16T18:16:45.4532354Z   libwacom9 libxcb-icccm4 libxcb-image0 libxcb-keysyms1 libxcb-render-util0
2025-02-16T18:16:45.4533253Z   libxcb-shape0 libxcb-util1 libxcb-xinerama0 libxcb-xinput0 libxcb-xkb1
2025-02-16T18:16:45.4534132Z   libxkbcommon-x11-0 qt5-gtk-platformtheme qttranslations5-l10n qtwayland5
2025-02-16T18:16:45.7389277Z 0 upgraded, 53 newly installed, 0 to remove and 22 not upgraded.
2025-02-16T18:16:45.7389975Z Need to get 23.2 MB/86.3 MB of archives.
2025-02-16T18:16:45.7390707Z After this operation, 301 MB of additional disk space will be used.
2025-02-16T18:16:45.7392184Z Get:1 /home/runner/work/tt10-analog-tatzeltapeout/tt10-analog-tatzeltapeout/klayout_0.29.11-1_amd64.deb klayout amd64 0.29.11-1 [63.2 MB]
2025-02-16T18:16:45.7393195Z Get:2 file:/etc/apt/apt-mirrors.txt Mirrorlist [142 B]
2025-02-16T18:16:45.9262933Z Get:3 http://azure.archive.ubuntu.com/ubuntu noble/universe amd64 libdouble-conversion3 amd64 3.3.0-1build1 [40.3 kB]
2025-02-16T18:16:46.1374912Z Get:4 http://azure.archive.ubuntu.com/ubuntu noble/universe amd64 libqt5core5t64 amd64 5.15.13+dfsg-1ubuntu1 [2011 kB]
2025-02-16T18:16:46.7094571Z Get:5 http://azure.archive.ubuntu.com/ubuntu noble-updates/main amd64 libegl-mesa0 amd64 24.2.8-1ubuntu1~24.04.1 [129 kB]
2025-02-16T18:16:46.7944726Z Get:6 http://azure.archive.ubuntu.com/ubuntu noble/main amd64 libegl1 amd64 1.7.0-1build1 [28.7 kB]
2025-02-16T18:16:46.8775849Z Get:7 http://azure.archive.ubuntu.com/ubuntu noble/main amd64 libmtdev1t64 amd64 1.1.6-1.1build1 [14.4 kB]
2025-02-16T18:16:46.9609498Z Get:8 http://azure.archive.ubuntu.com/ubuntu noble/main amd64 libwacom-common all 2.10.0-2 [63.4 kB]
2025-02-16T18:16:47.0462310Z Get:9 http://azure.archive.ubuntu.com/ubuntu noble/main amd64 libwacom9 amd64 2.10.0-2 [23.9 kB]
2025-02-16T18:16:47.1299790Z Get:10 http://azure.archive.ubuntu.com/ubuntu noble/main amd64 libinput-bin amd64 1.25.0-1ubuntu2 [22.2 kB]
2025-02-16T18:16:47.2201539Z Get:11 http://azure.archive.ubuntu.com/ubuntu noble/main amd64 libinput10 amd64 1.25.0-1ubuntu2 [133 kB]
2025-02-16T18:16:47.3044885Z Get:12 http://azure.archive.ubuntu.com/ubuntu noble/universe amd64 libmd4c0 amd64 0.4.8-1build1 [42.3 kB]
2025-02-16T18:16:47.3884439Z Get:13 http://azure.archive.ubuntu.com/ubuntu noble/universe amd64 libqt5dbus5t64 amd64 5.15.13+dfsg-1ubuntu1 [220 kB]
2025-02-16T18:16:47.4780705Z Get:14 http://azure.archive.ubuntu.com/ubuntu noble/universe amd64 libqt5network5t64 amd64 5.15.13+dfsg-1ubuntu1 [723 kB]
2025-02-16T18:16:47.6551279Z Get:15 http://azure.archive.ubuntu.com/ubuntu noble/main amd64 libxcb-icccm4 amd64 0.4.1-1.1build3 [10.8 kB]
2025-02-16T18:16:47.7385488Z Get:16 http://azure.archive.ubuntu.com/ubuntu noble/main amd64 libxcb-util1 amd64 0.4.0-1build3 [10.7 kB]
2025-02-16T18:16:47.8229029Z Get:17 http://azure.archive.ubuntu.com/ubuntu noble/main amd64 libxcb-image0 amd64 0.4.0-2build1 [10.8 kB]
2025-02-16T18:16:47.9064530Z Get:18 http://azure.archive.ubuntu.com/ubuntu noble/main amd64 libxcb-keysyms1 amd64 0.4.0-1build4 [7956 B]
2025-02-16T18:16:47.9903412Z Get:19 http://azure.archive.ubuntu.com/ubuntu noble/main amd64 libxcb-render-util0 amd64 0.3.9-1build4 [9608 B]
2025-02-16T18:16:48.0736953Z Get:20 http://azure.archive.ubuntu.com/ubuntu noble/main amd64 libxcb-shape0 amd64 1.15-1ubuntu2 [6100 B]
2025-02-16T18:16:48.1574685Z Get:21 http://azure.archive.ubuntu.com/ubuntu noble/main amd64 libxcb-xinerama0 amd64 1.15-1ubuntu2 [5410 B]
2025-02-16T18:16:48.2402779Z Get:22 http://azure.archive.ubuntu.com/ubuntu noble/main amd64 libxcb-xinput0 amd64 1.15-1ubuntu2 [33.2 kB]
2025-02-16T18:16:48.3240338Z Get:23 http://azure.archive.ubuntu.com/ubuntu noble/main amd64 libxcb-xkb1 amd64 1.15-1ubuntu2 [32.3 kB]
2025-02-16T18:16:48.4114842Z Get:24 http://azure.archive.ubuntu.com/ubuntu noble/main amd64 libxkbcommon-x11-0 amd64 1.6.0-1build1 [14.5 kB]
2025-02-16T18:16:48.4949650Z Get:25 http://azure.archive.ubuntu.com/ubuntu noble/universe amd64 libqt5gui5t64 amd64 5.15.13+dfsg-1ubuntu1 [3748 kB]
2025-02-16T18:16:48.9939126Z Get:26 http://azure.archive.ubuntu.com/ubuntu noble/universe amd64 libqt5widgets5t64 amd64 5.15.13+dfsg-1ubuntu1 [2561 kB]
2025-02-16T18:16:49.3455505Z Get:27 http://azure.archive.ubuntu.com/ubuntu noble/universe amd64 libqt5xml5t64 amd64 5.15.13+dfsg-1ubuntu1 [124 kB]
2025-02-16T18:16:49.4392722Z Get:28 http://azure.archive.ubuntu.com/ubuntu noble/universe amd64 libqt5designer5 amd64 5.15.13-1 [2824 kB]
2025-02-16T18:16:49.8839298Z Get:29 http://azure.archive.ubuntu.com/ubuntu noble/main amd64 libasyncns0 amd64 0.8-6build4 [11.3 kB]
2025-02-16T18:16:49.9683383Z Get:30 http://azure.archive.ubuntu.com/ubuntu noble/main amd64 libflac12t64 amd64 1.4.3+ds-2.1ubuntu2 [197 kB]
2025-02-16T18:16:50.0558511Z Get:31 http://azure.archive.ubuntu.com/ubuntu noble/main amd64 libmp3lame0 amd64 3.100-6build1 [142 kB]
2025-02-16T18:16:50.1432507Z Get:32 http://azure.archive.ubuntu.com/ubuntu noble-updates/main amd64 libmpg123-0t64 amd64 1.32.5-1ubuntu1.1 [169 kB]
2025-02-16T18:16:50.2290670Z Get:33 http://azure.archive.ubuntu.com/ubuntu noble/main amd64 libopus0 amd64 1.4-1build1 [208 kB]
2025-02-16T18:16:50.3203556Z Get:34 http://azure.archive.ubuntu.com/ubuntu noble/main amd64 libvorbisenc2 amd64 1.3.7-1build3 [80.8 kB]
2025-02-16T18:16:50.4086199Z Get:35 http://azure.archive.ubuntu.com/ubuntu noble/main amd64 libsndfile1 amd64 1.2.2-1ubuntu5 [208 kB]
2025-02-16T18:16:50.4986490Z Get:36 http://azure.archive.ubuntu.com/ubuntu noble-updates/main amd64 libpulse0 amd64 1:16.1+dfsg1-2ubuntu10.1 [292 kB]
2025-02-16T18:16:50.5920665Z Get:37 http://azure.archive.ubuntu.com/ubuntu noble/universe amd64 libqt5multimedia5 amd64 5.15.13-1 [310 kB]
2025-02-16T18:16:50.6872395Z Get:38 http://azure.archive.ubuntu.com/ubuntu noble/universe amd64 libqt5multimediawidgets5 amd64 5.15.13-1 [40.7 kB]
2025-02-16T18:16:50.7708062Z Get:39 http://azure.archive.ubuntu.com/ubuntu noble/universe amd64 libqt5opengl5t64 amd64 5.15.13+dfsg-1ubuntu1 [150 kB]
2025-02-16T18:16:50.8600928Z Get:40 http://azure.archive.ubuntu.com/ubuntu noble/universe amd64 libqt5printsupport5t64 amd64 5.15.13+dfsg-1ubuntu1 [208 kB]
2025-02-16T18:16:50.9481251Z Get:41 http://azure.archive.ubuntu.com/ubuntu noble/universe amd64 libqt5sql5t64 amd64 5.15.13+dfsg-1ubuntu1 [122 kB]
2025-02-16T18:16:51.0341726Z Get:42 http://azure.archive.ubuntu.com/ubuntu noble/universe amd64 libqt5svg5 amd64 5.15.13-1 [146 kB]
2025-02-16T18:16:51.1303906Z Get:43 http://azure.archive.ubuntu.com/ubuntu noble/universe amd64 libqt5xmlpatterns5 amd64 5.15.13-1 [899 kB]
2025-02-16T18:16:51.2319781Z Get:44 http://azure.archive.ubuntu.com/ubuntu noble/main amd64 libhttp-parser2.9 amd64 2.9.4-6build1 [22.3 kB]
2025-02-16T18:16:51.3154545Z Get:45 http://azure.archive.ubuntu.com/ubuntu noble/main amd64 libgit2-1.7 amd64 1.7.2+ds-1ubuntu3 [529 kB]
2025-02-16T18:16:51.4862099Z Get:46 http://azure.archive.ubuntu.com/ubuntu noble/universe amd64 libqt5qml5 amd64 5.15.13+dfsg-1 [1482 kB]
2025-02-16T18:16:51.7374576Z Get:47 http://azure.archive.ubuntu.com/ubuntu noble/universe amd64 libqt5qmlmodels5 amd64 5.15.13+dfsg-1 [203 kB]
2025-02-16T18:16:51.8286938Z Get:48 http://azure.archive.ubuntu.com/ubuntu noble/universe amd64 libqt5quick5 amd64 5.15.13+dfsg-1 [1736 kB]
2025-02-16T18:16:52.0851716Z Get:49 http://azure.archive.ubuntu.com/ubuntu noble/universe amd64 libqt5sql5-sqlite amd64 5.15.13+dfsg-1ubuntu1 [51.5 kB]
2025-02-16T18:16:52.1706984Z Get:50 http://azure.archive.ubuntu.com/ubuntu noble/universe amd64 libqt5waylandclient5 amd64 5.15.13-1 [405 kB]
2025-02-16T18:16:52.3359240Z Get:51 http://azure.archive.ubuntu.com/ubuntu noble/universe amd64 libqt5waylandcompositor5 amd64 5.15.13-1 [396 kB]
2025-02-16T18:16:52.5002139Z Get:52 http://azure.archive.ubuntu.com/ubuntu noble/universe amd64 qt5-gtk-platformtheme amd64 5.15.13+dfsg-1ubuntu1 [125 kB]
2025-02-16T18:16:52.5860894Z Get:53 http://azure.archive.ubuntu.com/ubuntu noble/universe amd64 qttranslations5-l10n all 5.15.13-1 [1964 kB]
2025-02-16T18:16:52.8630431Z Get:54 http://azure.archive.ubuntu.com/ubuntu noble/universe amd64 qtwayland5 amd64 5.15.13-1 [223 kB]
2025-02-16T18:16:53.1572485Z Fetched 23.2 MB in 7s (3127 kB/s)
2025-02-16T18:16:53.2054097Z Selecting previously unselected package libdouble-conversion3:amd64.
2025-02-16T18:16:53.2481657Z (Reading database ... 
2025-02-16T18:16:53.2482248Z (Reading database ... 5%
2025-02-16T18:16:53.2482715Z (Reading database ... 10%
2025-02-16T18:16:53.2483148Z (Reading database ... 15%
2025-02-16T18:16:53.2483580Z (Reading database ... 20%
2025-02-16T18:16:53.2483840Z (Reading database ... 25%
2025-02-16T18:16:53.2484092Z (Reading database ... 30%
2025-02-16T18:16:53.2484335Z (Reading database ... 35%
2025-02-16T18:16:53.2484578Z (Reading database ... 40%
2025-02-16T18:16:53.2484813Z (Reading database ... 45%
2025-02-16T18:16:53.2485059Z (Reading database ... 50%
2025-02-16T18:16:53.3390372Z (Reading database ... 55%
2025-02-16T18:16:53.6778803Z (Reading database ... 60%
2025-02-16T18:16:53.7407753Z (Reading database ... 65%
2025-02-16T18:16:53.8126599Z (Reading database ... 70%
2025-02-16T18:16:53.9071084Z (Reading database ... 75%
2025-02-16T18:16:54.3801418Z (Reading database ... 80%
2025-02-16T18:16:54.8886951Z (Reading database ... 85%
2025-02-16T18:16:55.4761126Z (Reading database ... 90%
2025-02-16T18:16:55.8687177Z (Reading database ... 95%
2025-02-16T18:16:55.8687908Z (Reading database ... 100%
2025-02-16T18:16:55.8688321Z (Reading database ... 220710 files and directories currently installed.)
2025-02-16T18:16:55.8732985Z Preparing to unpack .../00-libdouble-conversion3_3.3.0-1build1_amd64.deb ...
2025-02-16T18:16:55.8777005Z Unpacking libdouble-conversion3:amd64 (3.3.0-1build1) ...
2025-02-16T18:16:55.9059118Z Selecting previously unselected package libqt5core5t64:amd64.
2025-02-16T18:16:55.9192488Z Preparing to unpack .../01-libqt5core5t64_5.15.13+dfsg-1ubuntu1_amd64.deb ...
2025-02-16T18:16:55.9207189Z Unpacking libqt5core5t64:amd64 (5.15.13+dfsg-1ubuntu1) ...
2025-02-16T18:16:55.9777529Z Selecting previously unselected package libegl-mesa0:amd64.
2025-02-16T18:16:55.9911859Z Preparing to unpack .../02-libegl-mesa0_24.2.8-1ubuntu1~24.04.1_amd64.deb ...
2025-02-16T18:16:55.9937468Z Unpacking libegl-mesa0:amd64 (24.2.8-1ubuntu1~24.04.1) ...
2025-02-16T18:16:56.0197658Z Selecting previously unselected package libegl1:amd64.
2025-02-16T18:16:56.0330874Z Preparing to unpack .../03-libegl1_1.7.0-1build1_amd64.deb ...
2025-02-16T18:16:56.0347231Z Unpacking libegl1:amd64 (1.7.0-1build1) ...
2025-02-16T18:16:56.0606218Z Selecting previously unselected package libmtdev1t64:amd64.
2025-02-16T18:16:56.0740012Z Preparing to unpack .../04-libmtdev1t64_1.1.6-1.1build1_amd64.deb ...
2025-02-16T18:16:56.0752269Z Unpacking libmtdev1t64:amd64 (1.1.6-1.1build1) ...
2025-02-16T18:16:56.0979144Z Selecting previously unselected package libwacom-common.
2025-02-16T18:16:56.1113758Z Preparing to unpack .../05-libwacom-common_2.10.0-2_all.deb ...
2025-02-16T18:16:56.1127919Z Unpacking libwacom-common (2.10.0-2) ...
2025-02-16T18:16:56.2203262Z Selecting previously unselected package libwacom9:amd64.
2025-02-16T18:16:56.2338140Z Preparing to unpack .../06-libwacom9_2.10.0-2_amd64.deb ...
2025-02-16T18:16:56.2353298Z Unpacking libwacom9:amd64 (2.10.0-2) ...
2025-02-16T18:16:56.2589132Z Selecting previously unselected package libinput-bin.
2025-02-16T18:16:56.2722907Z Preparing to unpack .../07-libinput-bin_1.25.0-1ubuntu2_amd64.deb ...
2025-02-16T18:16:56.2731969Z Unpacking libinput-bin (1.25.0-1ubuntu2) ...
2025-02-16T18:16:56.3047109Z Selecting previously unselected package libinput10:amd64.
2025-02-16T18:16:56.3181544Z Preparing to unpack .../08-libinput10_1.25.0-1ubuntu2_amd64.deb ...
2025-02-16T18:16:56.3195847Z Unpacking libinput10:amd64 (1.25.0-1ubuntu2) ...
2025-02-16T18:16:56.3481637Z Selecting previously unselected package libmd4c0:amd64.
2025-02-16T18:16:56.3615444Z Preparing to unpack .../09-libmd4c0_0.4.8-1build1_amd64.deb ...
2025-02-16T18:16:56.3629608Z Unpacking libmd4c0:amd64 (0.4.8-1build1) ...
2025-02-16T18:16:56.3870652Z Selecting previously unselected package libqt5dbus5t64:amd64.
2025-02-16T18:16:56.4003289Z Preparing to unpack .../10-libqt5dbus5t64_5.15.13+dfsg-1ubuntu1_amd64.deb ...
2025-02-16T18:16:56.4015088Z Unpacking libqt5dbus5t64:amd64 (5.15.13+dfsg-1ubuntu1) ...
2025-02-16T18:16:56.4321391Z Selecting previously unselected package libqt5network5t64:amd64.
2025-02-16T18:16:56.4456698Z Preparing to unpack .../11-libqt5network5t64_5.15.13+dfsg-1ubuntu1_amd64.deb ...
2025-02-16T18:16:56.4469446Z Unpacking libqt5network5t64:amd64 (5.15.13+dfsg-1ubuntu1) ...
2025-02-16T18:16:56.4851160Z Selecting previously unselected package libxcb-icccm4:amd64.
2025-02-16T18:16:56.4984371Z Preparing to unpack .../12-libxcb-icccm4_0.4.1-1.1build3_amd64.deb ...
2025-02-16T18:16:56.5001792Z Unpacking libxcb-icccm4:amd64 (0.4.1-1.1build3) ...
2025-02-16T18:16:56.5243727Z Selecting previously unselected package libxcb-util1:amd64.
2025-02-16T18:16:56.5378509Z Preparing to unpack .../13-libxcb-util1_0.4.0-1build3_amd64.deb ...
2025-02-16T18:16:56.5388414Z Unpacking libxcb-util1:amd64 (0.4.0-1build3) ...
2025-02-16T18:16:56.5612146Z Selecting previously unselected package libxcb-image0:amd64.
2025-02-16T18:16:56.5746593Z Preparing to unpack .../14-libxcb-image0_0.4.0-2build1_amd64.deb ...
2025-02-16T18:16:56.5758772Z Unpacking libxcb-image0:amd64 (0.4.0-2build1) ...
2025-02-16T18:16:56.5976535Z Selecting previously unselected package libxcb-keysyms1:amd64.
2025-02-16T18:16:56.6109473Z Preparing to unpack .../15-libxcb-keysyms1_0.4.0-1build4_amd64.deb ...
2025-02-16T18:16:56.6125146Z Unpacking libxcb-keysyms1:amd64 (0.4.0-1build4) ...
2025-02-16T18:16:56.6378152Z Selecting previously unselected package libxcb-render-util0:amd64.
2025-02-16T18:16:56.6513386Z Preparing to unpack .../16-libxcb-render-util0_0.3.9-1build4_amd64.deb ...
2025-02-16T18:16:56.6526016Z Unpacking libxcb-render-util0:amd64 (0.3.9-1build4) ...
2025-02-16T18:16:56.6758882Z Selecting previously unselected package libxcb-shape0:amd64.
2025-02-16T18:16:56.6893113Z Preparing to unpack .../17-libxcb-shape0_1.15-1ubuntu2_amd64.deb ...
2025-02-16T18:16:56.6904113Z Unpacking libxcb-shape0:amd64 (1.15-1ubuntu2) ...
2025-02-16T18:16:56.7126935Z Selecting previously unselected package libxcb-xinerama0:amd64.
2025-02-16T18:16:56.7260962Z Preparing to unpack .../18-libxcb-xinerama0_1.15-1ubuntu2_amd64.deb ...
2025-02-16T18:16:56.7272582Z Unpacking libxcb-xinerama0:amd64 (1.15-1ubuntu2) ...
2025-02-16T18:16:56.7491653Z Selecting previously unselected package libxcb-xinput0:amd64.
2025-02-16T18:16:56.7625473Z Preparing to unpack .../19-libxcb-xinput0_1.15-1ubuntu2_amd64.deb ...
2025-02-16T18:16:56.7641985Z Unpacking libxcb-xinput0:amd64 (1.15-1ubuntu2) ...
2025-02-16T18:16:56.7875721Z Selecting previously unselected package libxcb-xkb1:amd64.
2025-02-16T18:16:56.8009727Z Preparing to unpack .../20-libxcb-xkb1_1.15-1ubuntu2_amd64.deb ...
2025-02-16T18:16:56.8021238Z Unpacking libxcb-xkb1:amd64 (1.15-1ubuntu2) ...
2025-02-16T18:16:56.8269849Z Selecting previously unselected package libxkbcommon-x11-0:amd64.
2025-02-16T18:16:56.8407829Z Preparing to unpack .../21-libxkbcommon-x11-0_1.6.0-1build1_amd64.deb ...
2025-02-16T18:16:56.8420634Z Unpacking libxkbcommon-x11-0:amd64 (1.6.0-1build1) ...
2025-02-16T18:16:56.8689740Z Selecting previously unselected package libqt5gui5t64:amd64.
2025-02-16T18:16:56.8827010Z Preparing to unpack .../22-libqt5gui5t64_5.15.13+dfsg-1ubuntu1_amd64.deb ...
2025-02-16T18:16:56.8840958Z Unpacking libqt5gui5t64:amd64 (5.15.13+dfsg-1ubuntu1) ...
2025-02-16T18:16:56.9600814Z Selecting previously unselected package libqt5widgets5t64:amd64.
2025-02-16T18:16:56.9736388Z Preparing to unpack .../23-libqt5widgets5t64_5.15.13+dfsg-1ubuntu1_amd64.deb ...
2025-02-16T18:16:56.9750976Z Unpacking libqt5widgets5t64:amd64 (5.15.13+dfsg-1ubuntu1) ...
2025-02-16T18:16:57.0329431Z Selecting previously unselected package libqt5xml5t64:amd64.
2025-02-16T18:16:57.0466200Z Preparing to unpack .../24-libqt5xml5t64_5.15.13+dfsg-1ubuntu1_amd64.deb ...
2025-02-16T18:16:57.0478007Z Unpacking libqt5xml5t64:amd64 (5.15.13+dfsg-1ubuntu1) ...
2025-02-16T18:16:57.0745320Z Selecting previously unselected package libqt5designer5:amd64.
2025-02-16T18:16:57.0882748Z Preparing to unpack .../25-libqt5designer5_5.15.13-1_amd64.deb ...
2025-02-16T18:16:57.0892607Z Unpacking libqt5designer5:amd64 (5.15.13-1) ...
2025-02-16T18:16:57.1354130Z Selecting previously unselected package libasyncns0:amd64.
2025-02-16T18:16:57.1487678Z Preparing to unpack .../26-libasyncns0_0.8-6build4_amd64.deb ...
2025-02-16T18:16:57.1498896Z Unpacking libasyncns0:amd64 (0.8-6build4) ...
2025-02-16T18:16:57.1730749Z Selecting previously unselected package libflac12t64:amd64.
2025-02-16T18:16:57.1865492Z Preparing to unpack .../27-libflac12t64_1.4.3+ds-2.1ubuntu2_amd64.deb ...
2025-02-16T18:16:57.1881719Z Unpacking libflac12t64:amd64 (1.4.3+ds-2.1ubuntu2) ...
2025-02-16T18:16:57.2155143Z Selecting previously unselected package libmp3lame0:amd64.
2025-02-16T18:16:57.2289633Z Preparing to unpack .../28-libmp3lame0_3.100-6build1_amd64.deb ...
2025-02-16T18:16:57.2299845Z Unpacking libmp3lame0:amd64 (3.100-6build1) ...
2025-02-16T18:16:57.2550743Z Selecting previously unselected package libmpg123-0t64:amd64.
2025-02-16T18:16:57.2684455Z Preparing to unpack .../29-libmpg123-0t64_1.32.5-1ubuntu1.1_amd64.deb ...
2025-02-16T18:16:57.2701139Z Unpacking libmpg123-0t64:amd64 (1.32.5-1ubuntu1.1) ...
2025-02-16T18:16:57.2988547Z Selecting previously unselected package libopus0:amd64.
2025-02-16T18:16:57.3122294Z Preparing to unpack .../30-libopus0_1.4-1build1_amd64.deb ...
2025-02-16T18:16:57.3132832Z Unpacking libopus0:amd64 (1.4-1build1) ...
2025-02-16T18:16:57.3389127Z Selecting previously unselected package libvorbisenc2:amd64.
2025-02-16T18:16:57.3522408Z Preparing to unpack .../31-libvorbisenc2_1.3.7-1build3_amd64.deb ...
2025-02-16T18:16:57.3536245Z Unpacking libvorbisenc2:amd64 (1.3.7-1build3) ...
2025-02-16T18:16:57.3802177Z Selecting previously unselected package libsndfile1:amd64.
2025-02-16T18:16:57.3934261Z Preparing to unpack .../32-libsndfile1_1.2.2-1ubuntu5_amd64.deb ...
2025-02-16T18:16:57.3945471Z Unpacking libsndfile1:amd64 (1.2.2-1ubuntu5) ...
2025-02-16T18:16:57.4220487Z Selecting previously unselected package libpulse0:amd64.
2025-02-16T18:16:57.4352832Z Preparing to unpack .../33-libpulse0_1%3a16.1+dfsg1-2ubuntu10.1_amd64.deb ...
2025-02-16T18:16:57.4663377Z Unpacking libpulse0:amd64 (1:16.1+dfsg1-2ubuntu10.1) ...
2025-02-16T18:16:57.4964044Z Selecting previously unselected package libqt5multimedia5:amd64.
2025-02-16T18:16:57.5096516Z Preparing to unpack .../34-libqt5multimedia5_5.15.13-1_amd64.deb ...
2025-02-16T18:16:57.5111714Z Unpacking libqt5multimedia5:amd64 (5.15.13-1) ...
2025-02-16T18:16:57.5397971Z Selecting previously unselected package libqt5multimediawidgets5:amd64.
2025-02-16T18:16:57.5530302Z Preparing to unpack .../35-libqt5multimediawidgets5_5.15.13-1_amd64.deb ...
2025-02-16T18:16:57.5542346Z Unpacking libqt5multimediawidgets5:amd64 (5.15.13-1) ...
2025-02-16T18:16:57.5801894Z Selecting previously unselected package libqt5opengl5t64:amd64.
2025-02-16T18:16:57.5934560Z Preparing to unpack .../36-libqt5opengl5t64_5.15.13+dfsg-1ubuntu1_amd64.deb ...
2025-02-16T18:16:57.5946375Z Unpacking libqt5opengl5t64:amd64 (5.15.13+dfsg-1ubuntu1) ...
2025-02-16T18:16:57.6220395Z Selecting previously unselected package libqt5printsupport5t64:amd64.
2025-02-16T18:16:57.6352540Z Preparing to unpack .../37-libqt5printsupport5t64_5.15.13+dfsg-1ubuntu1_amd64.deb ...
2025-02-16T18:16:57.6367302Z Unpacking libqt5printsupport5t64:amd64 (5.15.13+dfsg-1ubuntu1) ...
2025-02-16T18:16:57.6661093Z Selecting previously unselected package libqt5sql5t64:amd64.
2025-02-16T18:16:57.6793966Z Preparing to unpack .../38-libqt5sql5t64_5.15.13+dfsg-1ubuntu1_amd64.deb ...
2025-02-16T18:16:57.6806240Z Unpacking libqt5sql5t64:amd64 (5.15.13+dfsg-1ubuntu1) ...
2025-02-16T18:16:57.7057550Z Selecting previously unselected package libqt5svg5:amd64.
2025-02-16T18:16:57.7190895Z Preparing to unpack .../39-libqt5svg5_5.15.13-1_amd64.deb ...
2025-02-16T18:16:57.7203883Z Unpacking libqt5svg5:amd64 (5.15.13-1) ...
2025-02-16T18:16:57.7453830Z Selecting previously unselected package libqt5xmlpatterns5:amd64.
2025-02-16T18:16:57.7586488Z Preparing to unpack .../40-libqt5xmlpatterns5_5.15.13-1_amd64.deb ...
2025-02-16T18:16:57.7599403Z Unpacking libqt5xmlpatterns5:amd64 (5.15.13-1) ...
2025-02-16T18:16:57.7972163Z Selecting previously unselected package libhttp-parser2.9:amd64.
2025-02-16T18:16:57.8106715Z Preparing to unpack .../41-libhttp-parser2.9_2.9.4-6build1_amd64.deb ...
2025-02-16T18:16:57.8117738Z Unpacking libhttp-parser2.9:amd64 (2.9.4-6build1) ...
2025-02-16T18:16:57.8339216Z Selecting previously unselected package libgit2-1.7:amd64.
2025-02-16T18:16:57.8470876Z Preparing to unpack .../42-libgit2-1.7_1.7.2+ds-1ubuntu3_amd64.deb ...
2025-02-16T18:16:57.8481095Z Unpacking libgit2-1.7:amd64 (1.7.2+ds-1ubuntu3) ...
2025-02-16T18:16:57.8757740Z Selecting previously unselected package klayout.
2025-02-16T18:16:57.8891526Z Preparing to unpack .../43-klayout_0.29.11-1_amd64.deb ...
2025-02-16T18:16:57.8903000Z Unpacking klayout (0.29.11-1) ...
2025-02-16T18:16:58.7705233Z Selecting previously unselected package libqt5qml5:amd64.
2025-02-16T18:16:58.7839655Z Preparing to unpack .../44-libqt5qml5_5.15.13+dfsg-1_amd64.deb ...
2025-02-16T18:16:58.7900699Z Unpacking libqt5qml5:amd64 (5.15.13+dfsg-1) ...
2025-02-16T18:16:58.8503057Z Selecting previously unselected package libqt5qmlmodels5:amd64.
2025-02-16T18:16:58.8636492Z Preparing to unpack .../45-libqt5qmlmodels5_5.15.13+dfsg-1_amd64.deb ...
2025-02-16T18:16:58.8656503Z Unpacking libqt5qmlmodels5:amd64 (5.15.13+dfsg-1) ...
2025-02-16T18:16:58.8948297Z Selecting previously unselected package libqt5quick5:amd64.
2025-02-16T18:16:58.9082217Z Preparing to unpack .../46-libqt5quick5_5.15.13+dfsg-1_amd64.deb ...
2025-02-16T18:16:58.9098563Z Unpacking libqt5quick5:amd64 (5.15.13+dfsg-1) ...
2025-02-16T18:16:58.9578718Z Selecting previously unselected package libqt5sql5-sqlite:amd64.
2025-02-16T18:16:58.9712697Z Preparing to unpack .../47-libqt5sql5-sqlite_5.15.13+dfsg-1ubuntu1_amd64.deb ...
2025-02-16T18:16:58.9726056Z Unpacking libqt5sql5-sqlite:amd64 (5.15.13+dfsg-1ubuntu1) ...
2025-02-16T18:16:58.9988225Z Selecting previously unselected package libqt5waylandclient5:amd64.
2025-02-16T18:16:59.0123239Z Preparing to unpack .../48-libqt5waylandclient5_5.15.13-1_amd64.deb ...
2025-02-16T18:16:59.0139764Z Unpacking libqt5waylandclient5:amd64 (5.15.13-1) ...
2025-02-16T18:16:59.0466931Z Selecting previously unselected package libqt5waylandcompositor5:amd64.
2025-02-16T18:16:59.0600483Z Preparing to unpack .../49-libqt5waylandcompositor5_5.15.13-1_amd64.deb ...
2025-02-16T18:16:59.0612960Z Unpacking libqt5waylandcompositor5:amd64 (5.15.13-1) ...
2025-02-16T18:16:59.0908040Z Selecting previously unselected package qt5-gtk-platformtheme:amd64.
2025-02-16T18:16:59.1042018Z Preparing to unpack .../50-qt5-gtk-platformtheme_5.15.13+dfsg-1ubuntu1_amd64.deb ...
2025-02-16T18:16:59.1055506Z Unpacking qt5-gtk-platformtheme:amd64 (5.15.13+dfsg-1ubuntu1) ...
2025-02-16T18:16:59.1301304Z Selecting previously unselected package qttranslations5-l10n.
2025-02-16T18:16:59.1434798Z Preparing to unpack .../51-qttranslations5-l10n_5.15.13-1_all.deb ...
2025-02-16T18:16:59.1445560Z Unpacking qttranslations5-l10n (5.15.13-1) ...
2025-02-16T18:16:59.2711537Z Selecting previously unselected package qtwayland5:amd64.
2025-02-16T18:16:59.2849091Z Preparing to unpack .../52-qtwayland5_5.15.13-1_amd64.deb ...
2025-02-16T18:16:59.2863006Z Unpacking qtwayland5:amd64 (5.15.13-1) ...
2025-02-16T18:16:59.3458659Z Setting up libdouble-conversion3:amd64 (3.3.0-1build1) ...
2025-02-16T18:16:59.3534146Z Setting up libxcb-xinput0:amd64 (1.15-1ubuntu2) ...
2025-02-16T18:16:59.3565668Z Setting up libxcb-keysyms1:amd64 (0.4.0-1build4) ...
2025-02-16T18:16:59.3598796Z Setting up libxcb-shape0:amd64 (1.15-1ubuntu2) ...
2025-02-16T18:16:59.3632294Z Setting up libxcb-render-util0:amd64 (0.3.9-1build4) ...
2025-02-16T18:16:59.3661127Z Setting up libxcb-icccm4:amd64 (0.4.1-1.1build3) ...
2025-02-16T18:16:59.3688241Z Setting up libmpg123-0t64:amd64 (1.32.5-1ubuntu1.1) ...
2025-02-16T18:16:59.3720419Z Setting up libxcb-util1:amd64 (0.4.0-1build3) ...
2025-02-16T18:16:59.3753916Z Setting up libxcb-xkb1:amd64 (1.15-1ubuntu2) ...
2025-02-16T18:16:59.3787561Z Setting up libxcb-image0:amd64 (0.4.0-2build1) ...
2025-02-16T18:16:59.3826904Z Setting up libqt5core5t64:amd64 (5.15.13+dfsg-1ubuntu1) ...
2025-02-16T18:16:59.3866744Z Setting up libegl-mesa0:amd64 (24.2.8-1ubuntu1~24.04.1) ...
2025-02-16T18:16:59.3896988Z Setting up libxcb-xinerama0:amd64 (1.15-1ubuntu2) ...
2025-02-16T18:16:59.3938997Z Setting up qttranslations5-l10n (5.15.13-1) ...
2025-02-16T18:16:59.3973244Z Setting up libopus0:amd64 (1.4-1build1) ...
2025-02-16T18:16:59.4012167Z Setting up libxkbcommon-x11-0:amd64 (1.6.0-1build1) ...
2025-02-16T18:16:59.4054000Z Setting up libmtdev1t64:amd64 (1.1.6-1.1build1) ...
2025-02-16T18:16:59.4102228Z Setting up libasyncns0:amd64 (0.8-6build4) ...
2025-02-16T18:16:59.4134730Z Setting up libegl1:amd64 (1.7.0-1build1) ...
2025-02-16T18:16:59.4162571Z Setting up libqt5sql5t64:amd64 (5.15.13+dfsg-1ubuntu1) ...
2025-02-16T18:16:59.4191917Z Setting up libmd4c0:amd64 (0.4.8-1build1) ...
2025-02-16T18:16:59.4221235Z Setting up libflac12t64:amd64 (1.4.3+ds-2.1ubuntu2) ...
2025-02-16T18:16:59.4254625Z Setting up libmp3lame0:amd64 (3.100-6build1) ...
2025-02-16T18:16:59.4292109Z Setting up libhttp-parser2.9:amd64 (2.9.4-6build1) ...
2025-02-16T18:16:59.4327207Z Setting up libvorbisenc2:amd64 (1.3.7-1build3) ...
2025-02-16T18:16:59.4365544Z Setting up libwacom-common (2.10.0-2) ...
2025-02-16T18:16:59.4400307Z Setting up libqt5dbus5t64:amd64 (5.15.13+dfsg-1ubuntu1) ...
2025-02-16T18:16:59.4442794Z Setting up libqt5sql5-sqlite:amd64 (5.15.13+dfsg-1ubuntu1) ...
2025-02-16T18:16:59.4482972Z Setting up libwacom9:amd64 (2.10.0-2) ...
2025-02-16T18:16:59.4520618Z Setting up libqt5network5t64:amd64 (5.15.13+dfsg-1ubuntu1) ...
2025-02-16T18:16:59.4546805Z Setting up libqt5xml5t64:amd64 (5.15.13+dfsg-1ubuntu1) ...
2025-02-16T18:16:59.4605277Z Setting up libinput-bin (1.25.0-1ubuntu2) ...
2025-02-16T18:16:59.4635198Z Setting up libqt5qml5:amd64 (5.15.13+dfsg-1) ...
2025-02-16T18:16:59.4660973Z Setting up libgit2-1.7:amd64 (1.7.2+ds-1ubuntu3) ...
2025-02-16T18:16:59.4693425Z Setting up libsndfile1:amd64 (1.2.2-1ubuntu5) ...
2025-02-16T18:16:59.4734441Z Setting up libinput10:amd64 (1.25.0-1ubuntu2) ...
2025-02-16T18:16:59.4767383Z Setting up libqt5qmlmodels5:amd64 (5.15.13+dfsg-1) ...
2025-02-16T18:16:59.4798592Z Setting up libpulse0:amd64 (1:16.1+dfsg1-2ubuntu10.1) ...
2025-02-16T18:16:59.4884549Z Setting up libqt5xmlpatterns5:amd64 (5.15.13-1) ...
2025-02-16T18:16:59.4916828Z Setting up libqt5gui5t64:amd64 (5.15.13+dfsg-1ubuntu1) ...
2025-02-16T18:16:59.4963809Z Setting up libqt5quick5:amd64 (5.15.13+dfsg-1) ...
2025-02-16T18:16:59.4997928Z Setting up libqt5widgets5t64:amd64 (5.15.13+dfsg-1ubuntu1) ...
2025-02-16T18:16:59.5030589Z Setting up libqt5svg5:amd64 (5.15.13-1) ...
2025-02-16T18:16:59.5073116Z Setting up qt5-gtk-platformtheme:amd64 (5.15.13+dfsg-1ubuntu1) ...
2025-02-16T18:16:59.5119096Z Setting up libqt5waylandclient5:amd64 (5.15.13-1) ...
2025-02-16T18:16:59.5150535Z Setting up libqt5multimedia5:amd64 (5.15.13-1) ...
2025-02-16T18:16:59.5179173Z Setting up libqt5waylandcompositor5:amd64 (5.15.13-1) ...
2025-02-16T18:16:59.5223028Z Setting up libqt5multimediawidgets5:amd64 (5.15.13-1) ...
2025-02-16T18:16:59.5258587Z Setting up libqt5opengl5t64:amd64 (5.15.13+dfsg-1ubuntu1) ...
2025-02-16T18:16:59.5292687Z Setting up libqt5printsupport5t64:amd64 (5.15.13+dfsg-1ubuntu1) ...
2025-02-16T18:16:59.5327123Z Setting up libqt5designer5:amd64 (5.15.13-1) ...
2025-02-16T18:16:59.5364663Z Setting up qtwayland5:amd64 (5.15.13-1) ...
2025-02-16T18:16:59.5401701Z Setting up klayout (0.29.11-1) ...
2025-02-16T18:16:59.5466797Z Processing triggers for udev (255.4-1ubuntu8.5) ...
2025-02-16T18:17:00.3005791Z Processing triggers for libc-bin (2.39-0ubuntu8.4) ...
2025-02-16T18:17:07.0728033Z 
2025-02-16T18:17:07.0728505Z Running kernel seems to be up-to-date.
2025-02-16T18:17:07.0728788Z 
2025-02-16T18:17:07.0728908Z No services need to be restarted.
2025-02-16T18:17:07.0729121Z 
2025-02-16T18:17:07.0729242Z No containers need to be restarted.
2025-02-16T18:17:07.0729453Z 
2025-02-16T18:17:07.0729595Z No user sessions are running outdated binaries.
2025-02-16T18:17:07.0729860Z 
2025-02-16T18:17:07.0730341Z No VM guests are running outdated hypervisor (qemu) binaries on this host.
2025-02-16T18:17:10.4224277Z Defaulting to user installation because normal site-packages is not writeable
2025-02-16T18:17:12.2756582Z Collecting klayout==0.29.11
2025-02-16T18:17:12.3106034Z   Downloading klayout-0.29.11-cp312-cp312-manylinux_2_17_x86_64.manylinux2014_x86_64.whl.metadata (915 bytes)
2025-02-16T18:17:12.3889729Z Downloading klayout-0.29.11-cp312-cp312-manylinux_2_17_x86_64.manylinux2014_x86_64.whl (23.8 MB)
2025-02-16T18:17:12.8892310Z    ━━━━━━━━━━━━━━━━━━━━━━━━━━━━━━━━━━━━━━━━ 23.8/23.8 MB 64.3 MB/s eta 0:00:00
2025-02-16T18:17:13.2919692Z Installing collected packages: klayout
2025-02-16T18:17:13.6679065Z Successfully installed klayout-0.29.11
2025-02-16T18:17:13.7312166Z ##[group]Run cp gds/tt_um_tatzeltapeout.gds tt_submission/tt_um_tatzeltapeout.gds
2025-02-16T18:17:13.7313069Z [36;1mcp gds/tt_um_tatzeltapeout.gds tt_submission/tt_um_tatzeltapeout.gds[0m
2025-02-16T18:17:13.7313955Z [36;1mstrm2oas gds/tt_um_tatzeltapeout.gds tt_submission/tt_um_tatzeltapeout.oas[0m
2025-02-16T18:17:13.7315153Z [36;1mcp lef/tt_um_tatzeltapeout.lef tt_submission/tt_um_tatzeltapeout.lef[0m
2025-02-16T18:17:13.7315782Z [36;1m[0m
2025-02-16T18:17:13.7316161Z [36;1mtouch tt_submission/tt_um_tatzeltapeout.v[0m
2025-02-16T18:17:13.7316689Z [36;1mif [ -n "src/project.v" ]; then[0m
2025-02-16T18:17:13.7317252Z [36;1m  cp src/project.v tt_submission/tt_um_tatzeltapeout.v[0m
2025-02-16T18:17:13.7317779Z [36;1mfi[0m
2025-02-16T18:17:13.7396947Z shell: /usr/bin/bash --noprofile --norc -e -o pipefail {0}
2025-02-16T18:17:13.7397494Z ##[endgroup]
2025-02-16T18:17:13.7503891Z cp: cannot stat 'gds/tt_um_tatzeltapeout.gds': No such file or directory
2025-02-16T18:17:13.7516835Z ##[error]Process completed with exit code 1.
2025-02-16T18:17:13.7613801Z Post job cleanup.
2025-02-16T18:17:13.7656867Z Post job cleanup.
2025-02-16T18:17:13.8575370Z [command]/usr/bin/git version
2025-02-16T18:17:13.8613486Z git version 2.48.1
2025-02-16T18:17:13.8656982Z Temporarily overriding HOME='/home/runner/work/_temp/82c62a22-fab5-4490-9095-8e826ec83f41' before making global git config changes
2025-02-16T18:17:13.8658249Z Adding repository directory to the temporary git global config as a safe directory
2025-02-16T18:17:13.8670589Z [command]/usr/bin/git config --global --add safe.directory /home/runner/work/tt10-analog-tatzeltapeout/tt10-analog-tatzeltapeout
2025-02-16T18:17:13.8706049Z [command]/usr/bin/git config --local --name-only --get-regexp core\.sshCommand
2025-02-16T18:17:13.8738294Z [command]/usr/bin/git submodule foreach --recursive sh -c "git config --local --name-only --get-regexp 'core\.sshCommand' && git config --local --unset-all 'core.sshCommand' || :"
2025-02-16T18:17:13.8967032Z [command]/usr/bin/git config --local --name-only --get-regexp http\.https\:\/\/github\.com\/\.extraheader
2025-02-16T18:17:13.8987695Z http.https://github.com/.extraheader
2025-02-16T18:17:13.9000363Z [command]/usr/bin/git config --local --unset-all http.https://github.com/.extraheader
2025-02-16T18:17:13.9030235Z [command]/usr/bin/git submodule foreach --recursive sh -c "git config --local --name-only --get-regexp 'http\.https\:\/\/github\.com\/\.extraheader' && git config --local --unset-all 'http.https://github.com/.extraheader' || :"
2025-02-16T18:17:13.9364680Z Cleaning up orphan processes
