2025-02-16T15:46:54.3980368Z Current runner version: '2.322.0'
2025-02-16T15:46:54.4006822Z ##[group]Operating System
2025-02-16T15:46:54.4008241Z Ubuntu
2025-02-16T15:46:54.4008903Z 24.04.1
2025-02-16T15:46:54.4009447Z LTS
2025-02-16T15:46:54.4009984Z ##[endgroup]
2025-02-16T15:46:54.4010600Z ##[group]Runner Image
2025-02-16T15:46:54.4011274Z Image: ubuntu-24.04
2025-02-16T15:46:54.4011867Z Version: 20250209.1.0
2025-02-16T15:46:54.4013108Z Included Software: https://github.com/actions/runner-images/blob/ubuntu24/20250209.1/images/ubuntu/Ubuntu2404-Readme.md
2025-02-16T15:46:54.4014833Z Image Release: https://github.com/actions/runner-images/releases/tag/ubuntu24%2F20250209.1
2025-02-16T15:46:54.4015918Z ##[endgroup]
2025-02-16T15:46:54.4016570Z ##[group]Runner Image Provisioner
2025-02-16T15:46:54.4017259Z 2.0.422.1
2025-02-16T15:46:54.4018051Z ##[endgroup]
2025-02-16T15:46:54.4019393Z ##[group]GITHUB_TOKEN Permissions
2025-02-16T15:46:54.4021288Z Contents: read
2025-02-16T15:46:54.4022043Z Metadata: read
2025-02-16T15:46:54.4022816Z Packages: read
2025-02-16T15:46:54.4023525Z ##[endgroup]
2025-02-16T15:46:54.4026406Z Secret source: Actions
2025-02-16T15:46:54.4027148Z Prepare workflow directory
2025-02-16T15:46:54.4345047Z Prepare all required actions
2025-02-16T15:46:54.4384058Z Getting action download info
2025-02-16T15:46:54.6399070Z ##[group]Download immutable action package 'actions/checkout@v4'
2025-02-16T15:46:54.6400225Z Version: 4.2.2
2025-02-16T15:46:54.6401284Z Digest: sha256:ccb2698953eaebd21c7bf6268a94f9c26518a7e38e27e0b83c1fe1ad049819b1
2025-02-16T15:46:54.6402706Z Source commit SHA: 11bd71901bbe5b1630ceea73d27597364c9af683
2025-02-16T15:46:54.6403541Z ##[endgroup]
2025-02-16T15:46:54.7214581Z Download action repository 'mikefarah/yq@v4' (SHA:8bf425b4d1344db7cd469a8d10a390876e0c77fd)
2025-02-16T15:46:54.9478921Z Download action repository 'TinyTapeout/tt-gds-action@tt10' (SHA:e69ca5538a6a8ff9f7d327766a1d336285e3ee42)
2025-02-16T15:46:55.2031674Z Getting action download info
2025-02-16T15:46:55.3449009Z ##[group]Download immutable action package 'actions/upload-artifact@v4'
2025-02-16T15:46:55.3450426Z Version: 4.6.0
2025-02-16T15:46:55.3451698Z Digest: sha256:bf85474c8423f9cd48bd2caf3ce5adb1711e2dfdb055b040bd36b044e4290329
2025-02-16T15:46:55.3453438Z Source commit SHA: 65c4c4a1ddee5b72f698fdd19549f0f0fb45cf08
2025-02-16T15:46:55.3454574Z ##[endgroup]
2025-02-16T15:46:55.4599707Z Download action repository 'awalsh128/cache-apt-pkgs-action@v1.4.3' (SHA:5902b33ae29014e6ca012c5d8025d4346556bd40)
2025-02-16T15:46:55.6779635Z ##[group]Download immutable action package 'actions/setup-python@v5'
2025-02-16T15:46:55.6780529Z Version: 5.4.0
2025-02-16T15:46:55.6781324Z Digest: sha256:6003df952c8106bcd378d2ba997eef202da924317a57269dfa72449b135adb7f
2025-02-16T15:46:55.6782383Z Source commit SHA: 42375524e23c412d93fb67b49958b491fce71c38
2025-02-16T15:46:55.6783120Z ##[endgroup]
2025-02-16T15:46:55.8854850Z Getting action download info
2025-02-16T15:46:56.0190846Z ##[group]Download immutable action package 'actions/cache@v4'
2025-02-16T15:46:56.0192134Z Version: 4.2.0
2025-02-16T15:46:56.0193396Z Digest: sha256:5bc11090595acbf82dbfb02747bf0bfd91544e869357fd3ac0eb41f509632110
2025-02-16T15:46:56.0195092Z Source commit SHA: 1bd1e32a3bdc45362d1e726936510720a7c30a57
2025-02-16T15:46:56.0196278Z ##[endgroup]
2025-02-16T15:46:56.2283620Z Complete job name: gds
2025-02-16T15:46:56.2811970Z ##[group]Pull down action image 'mikefarah/yq:4-githubaction'
2025-02-16T15:46:56.3005547Z ##[command]/usr/bin/docker pull mikefarah/yq:4-githubaction
2025-02-16T15:46:56.6094419Z 4-githubaction: Pulling from mikefarah/yq
2025-02-16T15:46:56.6823754Z 1f3e46996e29: Pulling fs layer
2025-02-16T15:46:56.6826686Z 67048b9be8fc: Pulling fs layer
2025-02-16T15:46:56.6828993Z e41e2357b13d: Pulling fs layer
2025-02-16T15:46:56.6830169Z 947107566089: Pulling fs layer
2025-02-16T15:46:56.6831213Z 3be10397fbe8: Pulling fs layer
2025-02-16T15:46:56.6832263Z f95ba98632ce: Pulling fs layer
2025-02-16T15:46:56.6833355Z 947107566089: Waiting
2025-02-16T15:46:56.6834254Z 3be10397fbe8: Waiting
2025-02-16T15:46:56.6835470Z f95ba98632ce: Waiting
2025-02-16T15:46:56.7498766Z e41e2357b13d: Verifying Checksum
2025-02-16T15:46:56.7501327Z e41e2357b13d: Download complete
2025-02-16T15:46:56.7926780Z 67048b9be8fc: Verifying Checksum
2025-02-16T15:46:56.7928803Z 67048b9be8fc: Download complete
2025-02-16T15:46:56.8014024Z 1f3e46996e29: Download complete
2025-02-16T15:46:56.8272262Z 947107566089: Download complete
2025-02-16T15:46:56.8577614Z 3be10397fbe8: Verifying Checksum
2025-02-16T15:46:56.8579655Z 3be10397fbe8: Download complete
2025-02-16T15:46:56.8595779Z f95ba98632ce: Verifying Checksum
2025-02-16T15:46:56.9086396Z 1f3e46996e29: Pull complete
2025-02-16T15:46:56.9933131Z 67048b9be8fc: Pull complete
2025-02-16T15:46:57.0115407Z e41e2357b13d: Pull complete
2025-02-16T15:46:57.0251670Z 947107566089: Pull complete
2025-02-16T15:46:57.0354683Z 3be10397fbe8: Pull complete
2025-02-16T15:46:57.0451962Z f95ba98632ce: Pull complete
2025-02-16T15:46:57.0494172Z Digest: sha256:2ca9d74f8d4dedcc4498726e9a471a9f4288efb0ff3abf4034a8214baf074e52
2025-02-16T15:46:57.0509138Z Status: Downloaded newer image for mikefarah/yq:4-githubaction
2025-02-16T15:46:57.0518290Z docker.io/mikefarah/yq:4-githubaction
2025-02-16T15:46:57.0551549Z ##[endgroup]
2025-02-16T15:46:57.0950727Z ##[group]Run actions/checkout@v4
2025-02-16T15:46:57.0952080Z with:
2025-02-16T15:46:57.0952860Z   submodules: recursive
2025-02-16T15:46:57.0953908Z   repository: tatzelbrumm/tt10-analog-tatzeltapeout
2025-02-16T15:46:57.0955361Z   token: ***
2025-02-16T15:46:57.0956149Z   ssh-strict: true
2025-02-16T15:46:57.0956973Z   ssh-user: git
2025-02-16T15:46:57.0958061Z   persist-credentials: true
2025-02-16T15:46:57.0958985Z   clean: true
2025-02-16T15:46:57.0959834Z   sparse-checkout-cone-mode: true
2025-02-16T15:46:57.0960834Z   fetch-depth: 1
2025-02-16T15:46:57.0961643Z   fetch-tags: false
2025-02-16T15:46:57.0962477Z   show-progress: true
2025-02-16T15:46:57.0963305Z   lfs: false
2025-02-16T15:46:57.0964092Z   set-safe-directory: true
2025-02-16T15:46:57.0965288Z ##[endgroup]
2025-02-16T15:46:57.2919023Z Syncing repository: tatzelbrumm/tt10-analog-tatzeltapeout
2025-02-16T15:46:57.2923550Z ##[group]Getting Git version info
2025-02-16T15:46:57.2926723Z Working directory is '/home/runner/work/tt10-analog-tatzeltapeout/tt10-analog-tatzeltapeout'
2025-02-16T15:46:57.2930328Z [command]/usr/bin/git version
2025-02-16T15:46:57.2968523Z git version 2.48.1
2025-02-16T15:46:57.2998224Z ##[endgroup]
2025-02-16T15:46:57.3015090Z Temporarily overriding HOME='/home/runner/work/_temp/19587ed8-65ac-4554-a86a-e394e04166b3' before making global git config changes
2025-02-16T15:46:57.3020188Z Adding repository directory to the temporary git global config as a safe directory
2025-02-16T15:46:57.3032165Z [command]/usr/bin/git config --global --add safe.directory /home/runner/work/tt10-analog-tatzeltapeout/tt10-analog-tatzeltapeout
2025-02-16T15:46:57.3072730Z Deleting the contents of '/home/runner/work/tt10-analog-tatzeltapeout/tt10-analog-tatzeltapeout'
2025-02-16T15:46:57.3076754Z ##[group]Initializing the repository
2025-02-16T15:46:57.3081254Z [command]/usr/bin/git init /home/runner/work/tt10-analog-tatzeltapeout/tt10-analog-tatzeltapeout
2025-02-16T15:46:57.3143165Z hint: Using 'master' as the name for the initial branch. This default branch name
2025-02-16T15:46:57.3146063Z hint: is subject to change. To configure the initial branch name to use in all
2025-02-16T15:46:57.3149841Z hint: of your new repositories, which will suppress this warning, call:
2025-02-16T15:46:57.3151533Z hint:
2025-02-16T15:46:57.3152517Z hint: 	git config --global init.defaultBranch <name>
2025-02-16T15:46:57.3153763Z hint:
2025-02-16T15:46:57.3155459Z hint: Names commonly chosen instead of 'master' are 'main', 'trunk' and
2025-02-16T15:46:57.3157603Z hint: 'development'. The just-created branch can be renamed via this command:
2025-02-16T15:46:57.3159305Z hint:
2025-02-16T15:46:57.3160123Z hint: 	git branch -m <name>
2025-02-16T15:46:57.3162405Z Initialized empty Git repository in /home/runner/work/tt10-analog-tatzeltapeout/tt10-analog-tatzeltapeout/.git/
2025-02-16T15:46:57.3166221Z [command]/usr/bin/git remote add origin https://github.com/tatzelbrumm/tt10-analog-tatzeltapeout
2025-02-16T15:46:57.3198224Z ##[endgroup]
2025-02-16T15:46:57.3199727Z ##[group]Disabling automatic garbage collection
2025-02-16T15:46:57.3201663Z [command]/usr/bin/git config --local gc.auto 0
2025-02-16T15:46:57.3231435Z ##[endgroup]
2025-02-16T15:46:57.3232830Z ##[group]Setting up auth
2025-02-16T15:46:57.3237932Z [command]/usr/bin/git config --local --name-only --get-regexp core\.sshCommand
2025-02-16T15:46:57.3268609Z [command]/usr/bin/git submodule foreach --recursive sh -c "git config --local --name-only --get-regexp 'core\.sshCommand' && git config --local --unset-all 'core.sshCommand' || :"
2025-02-16T15:46:57.3576340Z [command]/usr/bin/git config --local --name-only --get-regexp http\.https\:\/\/github\.com\/\.extraheader
2025-02-16T15:46:57.3609161Z [command]/usr/bin/git submodule foreach --recursive sh -c "git config --local --name-only --get-regexp 'http\.https\:\/\/github\.com\/\.extraheader' && git config --local --unset-all 'http.https://github.com/.extraheader' || :"
2025-02-16T15:46:57.3849734Z [command]/usr/bin/git config --local http.https://github.com/.extraheader AUTHORIZATION: basic ***
2025-02-16T15:46:57.3888619Z ##[endgroup]
2025-02-16T15:46:57.3890380Z ##[group]Fetching the repository
2025-02-16T15:46:57.3898921Z [command]/usr/bin/git -c protocol.version=2 fetch --no-tags --prune --no-recurse-submodules --depth=1 origin +7c937c8a5bebe48744a1f6c4a7c9eefe1c962e80:refs/remotes/origin/1x2_3v3
2025-02-16T15:46:57.5940900Z From https://github.com/tatzelbrumm/tt10-analog-tatzeltapeout
2025-02-16T15:46:57.5945097Z  * [new ref]         7c937c8a5bebe48744a1f6c4a7c9eefe1c962e80 -> origin/1x2_3v3
2025-02-16T15:46:57.5974383Z ##[endgroup]
2025-02-16T15:46:57.5977185Z ##[group]Determining the checkout info
2025-02-16T15:46:57.5980103Z ##[endgroup]
2025-02-16T15:46:57.5981679Z [command]/usr/bin/git sparse-checkout disable
2025-02-16T15:46:57.6023001Z [command]/usr/bin/git config --local --unset-all extensions.worktreeConfig
2025-02-16T15:46:57.6055284Z ##[group]Checking out the ref
2025-02-16T15:46:57.6058684Z [command]/usr/bin/git checkout --progress --force -B 1x2_3v3 refs/remotes/origin/1x2_3v3
2025-02-16T15:46:57.6117107Z Switched to a new branch '1x2_3v3'
2025-02-16T15:46:57.6120791Z branch '1x2_3v3' set up to track 'origin/1x2_3v3'.
2025-02-16T15:46:57.6128677Z ##[endgroup]
2025-02-16T15:46:57.6131499Z ##[group]Setting up auth for fetching submodules
2025-02-16T15:46:57.6133763Z [command]/usr/bin/git config --global http.https://github.com/.extraheader AUTHORIZATION: basic ***
2025-02-16T15:46:57.6168115Z [command]/usr/bin/git config --global --unset-all url.https://github.com/.insteadOf
2025-02-16T15:46:57.6201678Z [command]/usr/bin/git config --global --add url.https://github.com/.insteadOf git@github.com:
2025-02-16T15:46:57.6235405Z [command]/usr/bin/git config --global --add url.https://github.com/.insteadOf org-1518649@github.com:
2025-02-16T15:46:57.6264251Z ##[endgroup]
2025-02-16T15:46:57.6266846Z ##[group]Fetching submodules
2025-02-16T15:46:57.6269708Z [command]/usr/bin/git submodule sync --recursive
2025-02-16T15:46:57.6515049Z [command]/usr/bin/git -c protocol.version=2 submodule update --init --force --depth=1 --recursive
2025-02-16T15:46:57.6763609Z [command]/usr/bin/git submodule foreach --recursive git config --local gc.auto 0
2025-02-16T15:46:57.7007007Z ##[endgroup]
2025-02-16T15:46:57.7010771Z ##[group]Persisting credentials for submodules
2025-02-16T15:46:57.7018590Z [command]/usr/bin/git submodule foreach --recursive sh -c "git config --local --name-only --get-regexp 'url\.https\:\/\/github\.com\/\.insteadOf' && git config --local --unset-all 'url.https://github.com/.insteadOf' || :"
2025-02-16T15:46:57.7258030Z [command]/usr/bin/git submodule foreach --recursive sh -c "git config --local 'http.https://github.com/.extraheader' 'AUTHORIZATION: basic ***' && git config --local --show-origin --name-only --get-regexp remote.origin.url"
2025-02-16T15:46:57.7499517Z [command]/usr/bin/git submodule foreach --recursive git config --local --add 'url.https://github.com/.insteadOf' 'git@github.com:'
2025-02-16T15:46:57.7741891Z [command]/usr/bin/git submodule foreach --recursive git config --local --add 'url.https://github.com/.insteadOf' 'org-1518649@github.com:'
2025-02-16T15:46:57.7975290Z ##[endgroup]
2025-02-16T15:46:57.8011339Z [command]/usr/bin/git log -1 --format=%H
2025-02-16T15:46:57.8034551Z 7c937c8a5bebe48744a1f6c4a7c9eefe1c962e80
2025-02-16T15:46:57.8251625Z ##[group]Run mikefarah/yq@v4
2025-02-16T15:46:57.8252582Z with:
2025-02-16T15:46:57.8253686Z   cmd: echo TOP_MODULE=`yq '.project.top_module' info.yaml` > $GITHUB_OUTPUT
2025-02-16T15:46:57.8255064Z ##[endgroup]
2025-02-16T15:46:57.8375609Z ##[command]/usr/bin/docker run --name mikefarahyq4githubaction_6443df --label 2aabb8 --workdir /github/workspace --rm -e "INPUT_CMD" -e "HOME" -e "GITHUB_JOB" -e "GITHUB_REF" -e "GITHUB_SHA" -e "GITHUB_REPOSITORY" -e "GITHUB_REPOSITORY_OWNER" -e "GITHUB_REPOSITORY_OWNER_ID" -e "GITHUB_RUN_ID" -e "GITHUB_RUN_NUMBER" -e "GITHUB_RETENTION_DAYS" -e "GITHUB_RUN_ATTEMPT" -e "GITHUB_REPOSITORY_ID" -e "GITHUB_ACTOR_ID" -e "GITHUB_ACTOR" -e "GITHUB_TRIGGERING_ACTOR" -e "GITHUB_WORKFLOW" -e "GITHUB_HEAD_REF" -e "GITHUB_BASE_REF" -e "GITHUB_EVENT_NAME" -e "GITHUB_SERVER_URL" -e "GITHUB_API_URL" -e "GITHUB_GRAPHQL_URL" -e "GITHUB_REF_NAME" -e "GITHUB_REF_PROTECTED" -e "GITHUB_REF_TYPE" -e "GITHUB_WORKFLOW_REF" -e "GITHUB_WORKFLOW_SHA" -e "GITHUB_WORKSPACE" -e "GITHUB_ACTION" -e "GITHUB_EVENT_PATH" -e "GITHUB_ACTION_REPOSITORY" -e "GITHUB_ACTION_REF" -e "GITHUB_PATH" -e "GITHUB_ENV" -e "GITHUB_STEP_SUMMARY" -e "GITHUB_STATE" -e "GITHUB_OUTPUT" -e "RUNNER_OS" -e "RUNNER_ARCH" -e "RUNNER_NAME" -e "RUNNER_ENVIRONMENT" -e "RUNNER_TOOL_CACHE" -e "RUNNER_TEMP" -e "RUNNER_WORKSPACE" -e "ACTIONS_RUNTIME_URL" -e "ACTIONS_RUNTIME_TOKEN" -e "ACTIONS_CACHE_URL" -e "ACTIONS_RESULTS_URL" -e GITHUB_ACTIONS=true -e CI=true -v "/var/run/docker.sock":"/var/run/docker.sock" -v "/home/runner/work/_temp/_github_home":"/github/home" -v "/home/runner/work/_temp/_github_workflow":"/github/workflow" -v "/home/runner/work/_temp/_runner_file_commands":"/github/file_commands" -v "/home/runner/work/tt10-analog-tatzeltapeout/tt10-analog-tatzeltapeout":"/github/workspace" mikefarah/yq:4-githubaction  "echo TOP_MODULE=`yq '.project.top_module' info.yaml` > $GITHUB_OUTPUT"
2025-02-16T15:46:58.1823865Z ##[group]Run TinyTapeout/tt-gds-action/custom_gds@tt10
2025-02-16T15:46:58.1824765Z with:
2025-02-16T15:46:58.1825462Z   top_module: tt_um_tatzeltapeout
2025-02-16T15:46:58.1826276Z   gds_path: gds/tt_um_tatzeltapeout.gds
2025-02-16T15:46:58.1827103Z   lef_path: lef/tt_um_tatzeltapeout.lef
2025-02-16T15:46:58.1828148Z   verilog_path: src/project.v
2025-02-16T15:46:58.1828959Z   tools-repo: TinyTapeout/tt-support-tools
2025-02-16T15:46:58.1829777Z   tools-ref: tt10
2025-02-16T15:46:58.1830468Z ##[endgroup]
2025-02-16T15:46:58.1936807Z ##[group]Run mkdir -p tt_submission
2025-02-16T15:46:58.1937864Z [36;1mmkdir -p tt_submission[0m
2025-02-16T15:46:58.1938576Z [36;1mjq -n \[0m
2025-02-16T15:46:58.1939253Z [36;1m  --arg app "custom_gds action" \[0m
2025-02-16T15:46:58.1940216Z [36;1m  --arg repo "https://github.com/tatzelbrumm/tt10-analog-tatzeltapeout" \[0m
2025-02-16T15:46:58.1941275Z [36;1m  --arg commit "7c937c8a5bebe48744a1f6c4a7c9eefe1c962e80" \[0m
2025-02-16T15:46:58.1942507Z [36;1m  --arg workflow_url "https://github.com/tatzelbrumm/tt10-analog-tatzeltapeout/actions/runs/13356518699" \[0m
2025-02-16T15:46:58.1943733Z [36;1m  '{app: $app, repo: $repo, commit: $commit, workflow_url: $workflow_url}' \[0m
2025-02-16T15:46:58.1944643Z [36;1m  > tt_submission/commit_id.json[0m
2025-02-16T15:46:58.2009887Z shell: /usr/bin/bash --noprofile --norc -e -o pipefail {0}
2025-02-16T15:46:58.2010878Z ##[endgroup]
2025-02-16T15:46:58.2217120Z ##[group]Run wget https://github.com/htfab/klayout/releases/download/v0.29.11/klayout_0.29.11-1_amd64.deb
2025-02-16T15:46:58.2218951Z [36;1mwget https://github.com/htfab/klayout/releases/download/v0.29.11/klayout_0.29.11-1_amd64.deb[0m
2025-02-16T15:46:58.2220172Z [36;1msudo apt-get update && sudo apt-get install -y ./klayout_0.29.11-1_amd64.deb[0m
2025-02-16T15:46:58.2221101Z [36;1mpip install klayout==0.29.11[0m
2025-02-16T15:46:58.2276641Z shell: /usr/bin/bash --noprofile --norc -e -o pipefail {0}
2025-02-16T15:46:58.2277845Z ##[endgroup]
2025-02-16T15:46:58.2395237Z --2025-02-16 15:46:58--  https://github.com/htfab/klayout/releases/download/v0.29.11/klayout_0.29.11-1_amd64.deb
2025-02-16T15:46:58.2656949Z Resolving github.com (github.com)... 140.82.113.4
2025-02-16T15:46:58.2675134Z Connecting to github.com (github.com)|140.82.113.4|:443... connected.
2025-02-16T15:46:58.3500888Z HTTP request sent, awaiting response... 302 Found
2025-02-16T15:46:58.3510941Z Location: https://objects.githubusercontent.com/github-production-release-asset-2e65be/905016093/dbcc0ca6-02ff-4d06-8cae-343744c6a373?X-Amz-Algorithm=AWS4-HMAC-SHA256&X-Amz-Credential=releaseassetproduction%2F20250216%2Fus-east-1%2Fs3%2Faws4_request&X-Amz-Date=20250216T154658Z&X-Amz-Expires=300&X-Amz-Signature=47b3669638481eb692873a0883fbae26d35539d6fffa757def1307a8b18c6180&X-Amz-SignedHeaders=host&response-content-disposition=attachment%3B%20filename%3Dklayout_0.29.11-1_amd64.deb&response-content-type=application%2Foctet-stream [following]
2025-02-16T15:46:58.3521613Z --2025-02-16 15:46:58--  https://objects.githubusercontent.com/github-production-release-asset-2e65be/905016093/dbcc0ca6-02ff-4d06-8cae-343744c6a373?X-Amz-Algorithm=AWS4-HMAC-SHA256&X-Amz-Credential=releaseassetproduction%2F20250216%2Fus-east-1%2Fs3%2Faws4_request&X-Amz-Date=20250216T154658Z&X-Amz-Expires=300&X-Amz-Signature=47b3669638481eb692873a0883fbae26d35539d6fffa757def1307a8b18c6180&X-Amz-SignedHeaders=host&response-content-disposition=attachment%3B%20filename%3Dklayout_0.29.11-1_amd64.deb&response-content-type=application%2Foctet-stream
2025-02-16T15:46:58.3530133Z Resolving objects.githubusercontent.com (objects.githubusercontent.com)... 185.199.108.133, 185.199.109.133, 185.199.110.133, ...
2025-02-16T15:46:58.3538285Z Connecting to objects.githubusercontent.com (objects.githubusercontent.com)|185.199.108.133|:443... connected.
2025-02-16T15:46:58.3896059Z HTTP request sent, awaiting response... 200 OK
2025-02-16T15:46:58.3898113Z Length: 63179420 (60M) [application/octet-stream]
2025-02-16T15:46:58.3901139Z Saving to: ‘klayout_0.29.11-1_amd64.deb’
2025-02-16T15:46:58.3902872Z 
2025-02-16T15:46:58.3911281Z      0K .......... .......... .......... .......... ..........  0% 37.8M 2s
2025-02-16T15:46:58.3918612Z     50K .......... .......... .......... .......... ..........  0% 69.3M 1s
2025-02-16T15:46:58.3921165Z    100K .......... .......... .......... .......... ..........  0%  231M 1s
2025-02-16T15:46:58.3923189Z    150K .......... .......... .......... .......... ..........  0%  263M 1s
2025-02-16T15:46:58.3930332Z    200K .......... .......... .......... .......... ..........  0% 59.9M 1s
2025-02-16T15:46:58.3932094Z    250K .......... .......... .......... .......... ..........  0%  229M 1s
2025-02-16T15:46:58.3936583Z    300K .......... .......... .......... .......... ..........  0%  138M 1s
2025-02-16T15:46:58.3938766Z    350K .......... .......... .......... .......... ..........  0%  198M 1s
2025-02-16T15:46:58.3941523Z    400K .......... .......... .......... .......... ..........  0%  212M 1s
2025-02-16T15:46:58.3943826Z    450K .......... .......... .......... .......... ..........  0%  233M 1s
2025-02-16T15:46:58.3946247Z    500K .......... .......... .......... .......... ..........  0%  292M 1s
2025-02-16T15:46:58.3949106Z    550K .......... .......... .......... .......... ..........  0%  277M 0s
2025-02-16T15:46:58.3951473Z    600K .......... .......... .......... .......... ..........  1%  278M 0s
2025-02-16T15:46:58.3953498Z    650K .......... .......... .......... .......... ..........  1%  274M 0s
2025-02-16T15:46:58.3955516Z    700K .......... .......... .......... .......... ..........  1%  290M 0s
2025-02-16T15:46:58.3958411Z    750K .......... .......... .......... .......... ..........  1%  228M 0s
2025-02-16T15:46:58.3960570Z    800K .......... .......... .......... .......... ..........  1%  308M 0s
2025-02-16T15:46:58.3962457Z    850K .......... .......... .......... .......... ..........  1%  325M 0s
2025-02-16T15:46:58.3963809Z    900K .......... .......... .......... .......... ..........  1%  287M 0s
2025-02-16T15:46:58.3965957Z    950K .......... .......... .......... .......... ..........  1%  294M 0s
2025-02-16T15:46:58.3968525Z   1000K .......... .......... .......... .......... ..........  1%  308M 0s
2025-02-16T15:46:58.3969915Z   1050K .......... .......... .......... .......... ..........  1%  285M 0s
2025-02-16T15:46:58.3972530Z   1100K .......... .......... .......... .......... ..........  1%  290M 0s
2025-02-16T15:46:58.3974494Z   1150K .......... .......... .......... .......... ..........  1%  226M 0s
2025-02-16T15:46:58.3976481Z   1200K .......... .......... .......... .......... ..........  2%  316M 0s
2025-02-16T15:46:58.3978580Z   1250K .......... .......... .......... .......... ..........  2%  269M 0s
2025-02-16T15:46:58.3980219Z   1300K .......... .......... .......... .......... ..........  2%  322M 0s
2025-02-16T15:46:58.3982108Z   1350K .......... .......... .......... .......... ..........  2%  296M 0s
2025-02-16T15:46:58.3983268Z   1400K .......... .......... .......... .......... ..........  2%  290M 0s
2025-02-16T15:46:58.3985863Z   1450K .......... .......... .......... .......... ..........  2%  289M 0s
2025-02-16T15:46:58.3987034Z   1500K .......... .......... .......... .......... ..........  2%  317M 0s
2025-02-16T15:46:58.3989564Z   1550K .......... .......... .......... .......... ..........  2%  193M 0s
2025-02-16T15:46:58.3991351Z   1600K .......... .......... .......... .......... ..........  2%  300M 0s
2025-02-16T15:46:58.3993494Z   1650K .......... .......... .......... .......... ..........  2%  294M 0s
2025-02-16T15:46:58.3994690Z   1700K .......... .......... .......... .......... ..........  2%  313M 0s
2025-02-16T15:46:58.3995571Z   1750K .......... .......... .......... .......... ..........  2%  297M 0s
2025-02-16T15:46:58.3996918Z   1800K .......... .......... .......... .......... ..........  2%  274M 0s
2025-02-16T15:46:58.3998830Z   1850K .......... .......... .......... .......... ..........  3%  261M 0s
2025-02-16T15:46:58.4000422Z   1900K .......... .......... .......... .......... ..........  3%  281M 0s
2025-02-16T15:46:58.4003145Z   1950K .......... .......... .......... .......... ..........  3%  282M 0s
2025-02-16T15:46:58.4004480Z   2000K .......... .......... .......... .......... ..........  3%  444M 0s
2025-02-16T15:46:58.4006529Z   2050K .......... .......... .......... .......... ..........  3%  484M 0s
2025-02-16T15:46:58.4007953Z   2100K .......... .......... .......... .......... ..........  3%  482M 0s
2025-02-16T15:46:58.4010286Z   2150K .......... .......... .......... .......... ..........  3%  434M 0s
2025-02-16T15:46:58.4012296Z   2200K .......... .......... .......... .......... ..........  3%  297M 0s
2025-02-16T15:46:58.4013471Z   2250K .......... .......... .......... .......... ..........  3%  308M 0s
2025-02-16T15:46:58.4014713Z   2300K .......... .......... .......... .......... ..........  3%  265M 0s
2025-02-16T15:46:58.4016922Z   2350K .......... .......... .......... .......... ..........  3%  235M 0s
2025-02-16T15:46:58.4018917Z   2400K .......... .......... .......... .......... ..........  3%  285M 0s
2025-02-16T15:46:58.4020072Z   2450K .......... .......... .......... .......... ..........  4%  249M 0s
2025-02-16T15:46:58.4022448Z   2500K .......... .......... .......... .......... ..........  4%  282M 0s
2025-02-16T15:46:58.4023620Z   2550K .......... .......... .......... .......... ..........  4%  303M 0s
2025-02-16T15:46:58.4025955Z   2600K .......... .......... .......... .......... ..........  4%  272M 0s
2025-02-16T15:46:58.4027224Z   2650K .......... .......... .......... .......... ..........  4%  302M 0s
2025-02-16T15:46:58.4029692Z   2700K .......... .......... .......... .......... ..........  4%  290M 0s
2025-02-16T15:46:58.4031671Z   2750K .......... .......... .......... .......... ..........  4%  202M 0s
2025-02-16T15:46:58.4032528Z   2800K .......... .......... .......... .......... ..........  4%  308M 0s
2025-02-16T15:46:58.4033386Z   2850K .......... .......... .......... .......... ..........  4%  258M 0s
2025-02-16T15:46:58.4034231Z   2900K .......... .......... .......... .......... ..........  4%  311M 0s
2025-02-16T15:46:58.4036087Z   2950K .......... .......... .......... .......... ..........  4%  280M 0s
2025-02-16T15:46:58.4036954Z   3000K .......... .......... .......... .......... ..........  4%  287M 0s
2025-02-16T15:46:58.4038881Z   3050K .......... .......... .......... .......... ..........  5%  284M 0s
2025-02-16T15:46:58.4040756Z   3100K .......... .......... .......... .......... ..........  5%  332M 0s
2025-02-16T15:46:58.4043063Z   3150K .......... .......... .......... .......... ..........  5%  334M 0s
2025-02-16T15:46:58.4045036Z   3200K .......... .......... .......... .......... ..........  5%  490M 0s
2025-02-16T15:46:58.4046129Z   3250K .......... .......... .......... .......... ..........  5%  465M 0s
2025-02-16T15:46:58.4048712Z   3300K .......... .......... .......... .......... ..........  5%  486M 0s
2025-02-16T15:46:58.4049861Z   3350K .......... .......... .......... .......... ..........  5%  442M 0s
2025-02-16T15:46:58.4051083Z   3400K .......... .......... .......... .......... ..........  5%  395M 0s
2025-02-16T15:46:58.4053952Z   3450K .......... .......... .......... .......... ..........  5%  467M 0s
2025-02-16T15:46:58.4055111Z   3500K .......... .......... .......... .......... ..........  5%  369M 0s
2025-02-16T15:46:58.4056277Z   3550K .......... .......... .......... .......... ..........  5%  222M 0s
2025-02-16T15:46:58.4058983Z   3600K .......... .......... .......... .......... ..........  5%  278M 0s
2025-02-16T15:46:58.4060234Z   3650K .......... .......... .......... .......... ..........  5%  279M 0s
2025-02-16T15:46:58.4062655Z   3700K .......... .......... .......... .......... ..........  6%  305M 0s
2025-02-16T15:46:58.4063754Z   3750K .......... .......... .......... .......... ..........  6%  258M 0s
2025-02-16T15:46:58.4065030Z   3800K .......... .......... .......... .......... ..........  6%  306M 0s
2025-02-16T15:46:58.4067906Z   3850K .......... .......... .......... .......... ..........  6%  301M 0s
2025-02-16T15:46:58.4069084Z   3900K .......... .......... .......... .......... ..........  6%  273M 0s
2025-02-16T15:46:58.4071290Z   3950K .......... .......... .......... .......... ..........  6%  214M 0s
2025-02-16T15:46:58.4072613Z   4000K .......... .......... .......... .......... ..........  6%  266M 0s
2025-02-16T15:46:58.4075013Z   4050K .......... .......... .......... .......... ..........  6%  272M 0s
2025-02-16T15:46:58.4076163Z   4100K .......... .......... .......... .......... ..........  6%  291M 0s
2025-02-16T15:46:58.4078651Z   4150K .......... .......... .......... .......... ..........  6%  281M 0s
2025-02-16T15:46:58.4079737Z   4200K .......... .......... .......... .......... ..........  6%  306M 0s
2025-02-16T15:46:58.4082114Z   4250K .......... .......... .......... .......... ..........  6%  305M 0s
2025-02-16T15:46:58.4083223Z   4300K .......... .......... .......... .......... ..........  7%  237M 0s
2025-02-16T15:46:58.4084445Z   4350K .......... .......... .......... .......... ..........  7%  223M 0s
2025-02-16T15:46:58.4086937Z   4400K .......... .......... .......... .......... ..........  7%  287M 0s
2025-02-16T15:46:58.4088321Z   4450K .......... .......... .......... .......... ..........  7%  307M 0s
2025-02-16T15:46:58.4089390Z   4500K .......... .......... .......... .......... ..........  7%  290M 0s
2025-02-16T15:46:58.4092197Z   4550K .......... .......... .......... .......... ..........  7%  294M 0s
2025-02-16T15:46:58.4093314Z   4600K .......... .......... .......... .......... ..........  7%  264M 0s
2025-02-16T15:46:58.4094676Z   4650K .......... .......... .......... .......... ..........  7%  304M 0s
2025-02-16T15:46:58.4097712Z   4700K .......... .......... .......... .......... ..........  7%  245M 0s
2025-02-16T15:46:58.4099011Z   4750K .......... .......... .......... .......... ..........  7%  239M 0s
2025-02-16T15:46:58.4099897Z   4800K .......... .......... .......... .......... ..........  7%  285M 0s
2025-02-16T15:46:58.4102806Z   4850K .......... .......... .......... .......... ..........  7%  238M 0s
2025-02-16T15:46:58.4104855Z   4900K .......... .......... .......... .......... ..........  8%  308M 0s
2025-02-16T15:46:58.4107201Z   4950K .......... .......... .......... .......... ..........  8%  260M 0s
2025-02-16T15:46:58.4108445Z   5000K .......... .......... .......... .......... ..........  8%  312M 0s
2025-02-16T15:46:58.4110408Z   5050K .......... .......... .......... .......... ..........  8%  310M 0s
2025-02-16T15:46:58.4111814Z   5100K .......... .......... .......... .......... ..........  8%  260M 0s
2025-02-16T15:46:58.4112873Z   5150K .......... .......... .......... .......... ..........  8%  220M 0s
2025-02-16T15:46:58.4115678Z   5200K .......... .......... .......... .......... ..........  8%  305M 0s
2025-02-16T15:46:58.4116735Z   5250K .......... .......... .......... .......... ..........  8%  276M 0s
2025-02-16T15:46:58.4118091Z   5300K .......... .......... .......... .......... ..........  8%  290M 0s
2025-02-16T15:46:58.4121214Z   5350K .......... .......... .......... .......... ..........  8%  300M 0s
2025-02-16T15:46:58.4122976Z   5400K .......... .......... .......... .......... ..........  8%  236M 0s
2025-02-16T15:46:58.4124772Z   5450K .......... .......... .......... .......... ..........  8%  291M 0s
2025-02-16T15:46:58.4126426Z   5500K .......... .......... .......... .......... ..........  8%  247M 0s
2025-02-16T15:46:58.4128084Z   5550K .......... .......... .......... .......... ..........  9%  234M 0s
2025-02-16T15:46:58.4128951Z   5600K .......... .......... .......... .......... ..........  9%  262M 0s
2025-02-16T15:46:58.4129806Z   5650K .......... .......... .......... .......... ..........  9%  292M 0s
2025-02-16T15:46:58.4130645Z   5700K .......... .......... .......... .......... ..........  9%  293M 0s
2025-02-16T15:46:58.4132403Z   5750K .......... .......... .......... .......... ..........  9%  259M 0s
2025-02-16T15:46:58.4133984Z   5800K .......... .......... .......... .......... ..........  9%  292M 0s
2025-02-16T15:46:58.4135494Z   5850K .......... .......... .......... .......... ..........  9%  297M 0s
2025-02-16T15:46:58.4138202Z   5900K .......... .......... .......... .......... ..........  9%  306M 0s
2025-02-16T15:46:58.4139560Z   5950K .......... .......... .......... .......... ..........  9%  364M 0s
2025-02-16T15:46:58.4140967Z   6000K .......... .......... .......... .......... ..........  9%  389M 0s
2025-02-16T15:46:58.4142408Z   6050K .......... .......... .......... .......... ..........  9%  450M 0s
2025-02-16T15:46:58.4143827Z   6100K .......... .......... .......... .......... ..........  9%  480M 0s
2025-02-16T15:46:58.4145024Z   6150K .......... .......... .......... .......... .......... 10%  477M 0s
2025-02-16T15:46:58.4146290Z   6200K .......... .......... .......... .......... .......... 10%  442M 0s
2025-02-16T15:46:58.4147948Z   6250K .......... .......... .......... .......... .......... 10%  438M 0s
2025-02-16T15:46:58.4149291Z   6300K .......... .......... .......... .......... .......... 10%  459M 0s
2025-02-16T15:46:58.4150502Z   6350K .......... .......... .......... .......... .......... 10%  322M 0s
2025-02-16T15:46:58.4151847Z   6400K .......... .......... .......... .......... .......... 10%  353M 0s
2025-02-16T15:46:58.4152973Z   6450K .......... .......... .......... .......... .......... 10%  274M 0s
2025-02-16T15:46:58.4154310Z   6500K .......... .......... .......... .......... .......... 10%  291M 0s
2025-02-16T15:46:58.4155435Z   6550K .......... .......... .......... .......... .......... 10%  306M 0s
2025-02-16T15:46:58.4156993Z   6600K .......... .......... .......... .......... .......... 10%  282M 0s
2025-02-16T15:46:58.4158476Z   6650K .......... .......... .......... .......... .......... 10%  298M 0s
2025-02-16T15:46:58.4159711Z   6700K .......... .......... .......... .......... .......... 10%  263M 0s
2025-02-16T15:46:58.4160814Z   6750K .......... .......... .......... .......... .......... 11%  224M 0s
2025-02-16T15:46:58.4161921Z   6800K .......... .......... .......... .......... .......... 11%  319M 0s
2025-02-16T15:46:58.4163303Z   6850K .......... .......... .......... .......... .......... 11%  304M 0s
2025-02-16T15:46:58.4164409Z   6900K .......... .......... .......... .......... .......... 11%  318M 0s
2025-02-16T15:46:58.4165251Z   6950K .......... .......... .......... .......... .......... 11%  276M 0s
2025-02-16T15:46:58.4166080Z   7000K .......... .......... .......... .......... .......... 11%  254M 0s
2025-02-16T15:46:58.4167039Z   7050K .......... .......... .......... .......... .......... 11%  289M 0s
2025-02-16T15:46:58.4168562Z   7100K .......... .......... .......... .......... .......... 11%  296M 0s
2025-02-16T15:46:58.4169716Z   7150K .......... .......... .......... .......... .......... 11%  201M 0s
2025-02-16T15:46:58.4170873Z   7200K .......... .......... .......... .......... .......... 11%  317M 0s
2025-02-16T15:46:58.4172140Z   7250K .......... .......... .......... .......... .......... 11%  297M 0s
2025-02-16T15:46:58.4173449Z   7300K .......... .......... .......... .......... .......... 11%  244M 0s
2025-02-16T15:46:58.4174706Z   7350K .......... .......... .......... .......... .......... 11%  311M 0s
2025-02-16T15:46:58.4175832Z   7400K .......... .......... .......... .......... .......... 12%  315M 0s
2025-02-16T15:46:58.4177122Z   7450K .......... .......... .......... .......... .......... 12%  259M 0s
2025-02-16T15:46:58.4178585Z   7500K .......... .......... .......... .......... .......... 12%  290M 0s
2025-02-16T15:46:58.4179853Z   7550K .......... .......... .......... .......... .......... 12%  206M 0s
2025-02-16T15:46:58.4181493Z   7600K .......... .......... .......... .......... .......... 12%  271M 0s
2025-02-16T15:46:58.4184904Z   7650K .......... .......... .......... .......... .......... 12%  320M 0s
2025-02-16T15:46:58.4186718Z   7700K .......... .......... .......... .......... .......... 12%  439M 0s
2025-02-16T15:46:58.4188982Z   7750K .......... .......... .......... .......... .......... 12%  290M 0s
2025-02-16T15:46:58.4190692Z   7800K .......... .......... .......... .......... .......... 12%  298M 0s
2025-02-16T15:46:58.4192702Z   7850K .......... .......... .......... .......... .......... 12%  285M 0s
2025-02-16T15:46:58.4194935Z   7900K .......... .......... .......... .......... .......... 12%  312M 0s
2025-02-16T15:46:58.4196183Z   7950K .......... .......... .......... .......... .......... 12%  231M 0s
2025-02-16T15:46:58.4199288Z   8000K .......... .......... .......... .......... .......... 13%  322M 0s
2025-02-16T15:46:58.4201183Z   8050K .......... .......... .......... .......... .......... 13%  315M 0s
2025-02-16T15:46:58.4203883Z   8100K .......... .......... .......... .......... .......... 13%  317M 0s
2025-02-16T15:46:58.4206688Z   8150K .......... .......... .......... .......... .......... 13%  218M 0s
2025-02-16T15:46:58.4208491Z   8200K .......... .......... .......... .......... .......... 13%  275M 0s
2025-02-16T15:46:58.4211204Z   8250K .......... .......... .......... .......... .......... 13%  302M 0s
2025-02-16T15:46:58.4213255Z   8300K .......... .......... .......... .......... .......... 13%  291M 0s
2025-02-16T15:46:58.4215103Z   8350K .......... .......... .......... .......... .......... 13%  242M 0s
2025-02-16T15:46:58.4217022Z   8400K .......... .......... .......... .......... .......... 13%  257M 0s
2025-02-16T15:46:58.4220147Z   8450K .......... .......... .......... .......... .......... 13%  315M 0s
2025-02-16T15:46:58.4221924Z   8500K .......... .......... .......... .......... .......... 13%  286M 0s
2025-02-16T15:46:58.4225165Z   8550K .......... .......... .......... .......... .......... 13%  309M 0s
2025-02-16T15:46:58.4227868Z   8600K .......... .......... .......... .......... .......... 14%  312M 0s
2025-02-16T15:46:58.4229840Z   8650K .......... .......... .......... .......... .......... 14%  321M 0s
2025-02-16T15:46:58.4231951Z   8700K .......... .......... .......... .......... .......... 14%  324M 0s
2025-02-16T15:46:58.4233655Z   8750K .......... .......... .......... .......... .......... 14%  209M 0s
2025-02-16T15:46:58.4235939Z   8800K .......... .......... .......... .......... .......... 14%  307M 0s
2025-02-16T15:46:58.4237387Z   8850K .......... .......... .......... .......... .......... 14%  310M 0s
2025-02-16T15:46:58.4238926Z   8900K .......... .......... .......... .......... .......... 14%  301M 0s
2025-02-16T15:46:58.4240346Z   8950K .......... .......... .......... .......... .......... 14%  309M 0s
2025-02-16T15:46:58.4268241Z   9000K .......... .......... .......... .......... .......... 14%  287M 0s
2025-02-16T15:46:58.4269177Z   9050K .......... .......... .......... .......... .......... 14%  276M 0s
2025-02-16T15:46:58.4270062Z   9100K .......... .......... .......... .......... .......... 14%  307M 0s
2025-02-16T15:46:58.4270940Z   9150K .......... .......... .......... .......... .......... 14%  247M 0s
2025-02-16T15:46:58.4271822Z   9200K .......... .......... .......... .......... .......... 14%  301M 0s
2025-02-16T15:46:58.4272718Z   9250K .......... .......... .......... .......... .......... 15%  313M 0s
2025-02-16T15:46:58.4273600Z   9300K .......... .......... .......... .......... .......... 15%  309M 0s
2025-02-16T15:46:58.4274475Z   9350K .......... .......... .......... .......... .......... 15%  312M 0s
2025-02-16T15:46:58.4275356Z   9400K .......... .......... .......... .......... .......... 15%  336M 0s
2025-02-16T15:46:58.4276232Z   9450K .......... .......... .......... .......... .......... 15%  469M 0s
2025-02-16T15:46:58.4277136Z   9500K .......... .......... .......... .......... .......... 15%  476M 0s
2025-02-16T15:46:58.4278283Z   9550K .......... .......... .......... .......... .......... 15%  371M 0s
2025-02-16T15:46:58.4279171Z   9600K .......... .......... .......... .......... .......... 15%  462M 0s
2025-02-16T15:46:58.4280055Z   9650K .......... .......... .......... .......... .......... 15%  475M 0s
2025-02-16T15:46:58.4281138Z   9700K .......... .......... .......... .......... .......... 15%  480M 0s
2025-02-16T15:46:58.4283929Z   9750K .......... .......... .......... .......... .......... 15%  410M 0s
2025-02-16T15:46:58.4285115Z   9800K .......... .......... .......... .......... .......... 15%  492M 0s
2025-02-16T15:46:58.4286269Z   9850K .......... .......... .......... .......... .......... 16%  487M 0s
2025-02-16T15:46:58.4287329Z   9900K .......... .......... .......... .......... .......... 16%  448M 0s
2025-02-16T15:46:58.4288307Z   9950K .......... .......... .......... .......... .......... 16%  360M 0s
2025-02-16T15:46:58.4289162Z  10000K .......... .......... .......... .......... .......... 16%  484M 0s
2025-02-16T15:46:58.4290003Z  10050K .......... .......... .......... .......... .......... 16%  483M 0s
2025-02-16T15:46:58.4290845Z  10100K .......... .......... .......... .......... .......... 16%  477M 0s
2025-02-16T15:46:58.4291687Z  10150K .......... .......... .......... .......... .......... 16%  485M 0s
2025-02-16T15:46:58.4294371Z  10200K .......... .......... .......... .......... .......... 16% 19.4M 0s
2025-02-16T15:46:58.4295600Z  10250K .......... .......... .......... .......... .......... 16%  298M 0s
2025-02-16T15:46:58.4296766Z  10300K .......... .......... .......... .......... .......... 16%  313M 0s
2025-02-16T15:46:58.4299658Z  10350K .......... .......... .......... .......... .......... 16% 62.8M 0s
2025-02-16T15:46:58.4300869Z  10400K .......... .......... .......... .......... .......... 16%  287M 0s
2025-02-16T15:46:58.4301995Z  10450K .......... .......... .......... .......... .......... 17%  317M 0s
2025-02-16T15:46:58.4304912Z  10500K .......... .......... .......... .......... .......... 17%  306M 0s
2025-02-16T15:46:58.4306025Z  10550K .......... .......... .......... .......... .......... 17%  293M 0s
2025-02-16T15:46:58.4307140Z  10600K .......... .......... .......... .......... .......... 17%  325M 0s
2025-02-16T15:46:58.4309953Z  10650K .......... .......... .......... .......... .......... 17%  332M 0s
2025-02-16T15:46:58.4311108Z  10700K .......... .......... .......... .......... .......... 17%  304M 0s
2025-02-16T15:46:58.4312182Z  10750K .......... .......... .......... .......... .......... 17%  249M 0s
2025-02-16T15:46:58.4314795Z  10800K .......... .......... .......... .......... .......... 17%  320M 0s
2025-02-16T15:46:58.4315897Z  10850K .......... .......... .......... .......... .......... 17%  325M 0s
2025-02-16T15:46:58.4318546Z  10900K .......... .......... .......... .......... .......... 17%  289M 0s
2025-02-16T15:46:58.4320490Z  10950K .......... .......... .......... .......... .......... 17%  287M 0s
2025-02-16T15:46:58.4323136Z  11000K .......... .......... .......... .......... .......... 17%  302M 0s
2025-02-16T15:46:58.4324658Z  11050K .......... .......... .......... .......... .......... 17%  323M 0s
2025-02-16T15:46:58.4326473Z  11100K .......... .......... .......... .......... .......... 18%  340M 0s
2025-02-16T15:46:58.4329236Z  11150K .......... .......... .......... .......... .......... 18%  266M 0s
2025-02-16T15:46:58.4331185Z  11200K .......... .......... .......... .......... .......... 18%  333M 0s
2025-02-16T15:46:58.4333439Z  11250K .......... .......... .......... .......... .......... 18%  261M 0s
2025-02-16T15:46:58.4334677Z  11300K .......... .......... .......... .......... .......... 18%  316M 0s
2025-02-16T15:46:58.4336510Z  11350K .......... .......... .......... .......... .......... 18%  322M 0s
2025-02-16T15:46:58.4338696Z  11400K .......... .......... .......... .......... .......... 18%  306M 0s
2025-02-16T15:46:58.4340413Z  11450K .......... .......... .......... .......... .......... 18%  279M 0s
2025-02-16T15:46:58.4342577Z  11500K .......... .......... .......... .......... .......... 18%  320M 0s
2025-02-16T15:46:58.4344794Z  11550K .......... .......... .......... .......... .......... 18%  237M 0s
2025-02-16T15:46:58.4346974Z  11600K .......... .......... .......... .......... .......... 18%  303M 0s
2025-02-16T15:46:58.4348919Z  11650K .......... .......... .......... .......... .......... 18%  330M 0s
2025-02-16T15:46:58.4351166Z  11700K .......... .......... .......... .......... .......... 19%  319M 0s
2025-02-16T15:46:58.4352314Z  11750K .......... .......... .......... .......... .......... 19%  276M 0s
2025-02-16T15:46:58.4353448Z  11800K .......... .......... .......... .......... .......... 19%  312M 0s
2025-02-16T15:46:58.4355991Z  11850K .......... .......... .......... .......... .......... 19%  316M 0s
2025-02-16T15:46:58.4357121Z  11900K .......... .......... .......... .......... .......... 19%  320M 0s
2025-02-16T15:46:58.4358441Z  11950K .......... .......... .......... .......... .......... 19%  250M 0s
2025-02-16T15:46:58.4361192Z  12000K .......... .......... .......... .......... .......... 19%  307M 0s
2025-02-16T15:46:58.4362371Z  12050K .......... .......... .......... .......... .......... 19%  292M 0s
2025-02-16T15:46:58.4363498Z  12100K .......... .......... .......... .......... .......... 19%  326M 0s
2025-02-16T15:46:58.4366285Z  12150K .......... .......... .......... .......... .......... 19%  299M 0s
2025-02-16T15:46:58.4367538Z  12200K .......... .......... .......... .......... .......... 19%  329M 0s
2025-02-16T15:46:58.4368828Z  12250K .......... .......... .......... .......... .......... 19%  342M 0s
2025-02-16T15:46:58.4371696Z  12300K .......... .......... .......... .......... .......... 20%  312M 0s
2025-02-16T15:46:58.4372884Z  12350K .......... .......... .......... .......... .......... 20%  231M 0s
2025-02-16T15:46:58.4373999Z  12400K .......... .......... .......... .......... .......... 20%  335M 0s
2025-02-16T15:46:58.4377079Z  12450K .......... .......... .......... .......... .......... 20%  291M 0s
2025-02-16T15:46:58.4378394Z  12500K .......... .......... .......... .......... .......... 20%  331M 0s
2025-02-16T15:46:58.4379614Z  12550K .......... .......... .......... .......... .......... 20%  337M 0s
2025-02-16T15:46:58.4382339Z  12600K .......... .......... .......... .......... .......... 20%  326M 0s
2025-02-16T15:46:58.4383512Z  12650K .......... .......... .......... .......... .......... 20%  298M 0s
2025-02-16T15:46:58.4386331Z  12700K .......... .......... .......... .......... .......... 20%  295M 0s
2025-02-16T15:46:58.4387702Z  12750K .......... .......... .......... .......... .......... 20%  254M 0s
2025-02-16T15:46:58.4388842Z  12800K .......... .......... .......... .......... .......... 20%  308M 0s
2025-02-16T15:46:58.4391566Z  12850K .......... .......... .......... .......... .......... 20%  339M 0s
2025-02-16T15:46:58.4392747Z  12900K .......... .......... .......... .......... .......... 20%  344M 0s
2025-02-16T15:46:58.4393925Z  12950K .......... .......... .......... .......... .......... 21%  307M 0s
2025-02-16T15:46:58.4396728Z  13000K .......... .......... .......... .......... .......... 21%  296M 0s
2025-02-16T15:46:58.4398086Z  13050K .......... .......... .......... .......... .......... 21%  334M 0s
2025-02-16T15:46:58.4399235Z  13100K .......... .......... .......... .......... .......... 21%  316M 0s
2025-02-16T15:46:58.4402129Z  13150K .......... .......... .......... .......... .......... 21%  265M 0s
2025-02-16T15:46:58.4403367Z  13200K .......... .......... .......... .......... .......... 21%  345M 0s
2025-02-16T15:46:58.4404546Z  13250K .......... .......... .......... .......... .......... 21%  291M 0s
2025-02-16T15:46:58.4405641Z  13300K .......... .......... .......... .......... .......... 21%  287M 0s
2025-02-16T15:46:58.4408703Z  13350K .......... .......... .......... .......... .......... 21%  337M 0s
2025-02-16T15:46:58.4409917Z  13400K .......... .......... .......... .......... .......... 21%  297M 0s
2025-02-16T15:46:58.4412567Z  13450K .......... .......... .......... .......... .......... 21%  319M 0s
2025-02-16T15:46:58.4413695Z  13500K .......... .......... .......... .......... .......... 21%  334M 0s
2025-02-16T15:46:58.4414820Z  13550K .......... .......... .......... .......... .......... 22%  241M 0s
2025-02-16T15:46:58.4417907Z  13600K .......... .......... .......... .......... .......... 22%  298M 0s
2025-02-16T15:46:58.4419095Z  13650K .......... .......... .......... .......... .......... 22%  336M 0s
2025-02-16T15:46:58.4421893Z  13700K .......... .......... .......... .......... .......... 22%  317M 0s
2025-02-16T15:46:58.4423045Z  13750K .......... .......... .......... .......... .......... 22%  325M 0s
2025-02-16T15:46:58.4426121Z  13800K .......... .......... .......... .......... .......... 22%  329M 0s
2025-02-16T15:46:58.4427285Z  13850K .......... .......... .......... .......... .......... 22%  341M 0s
2025-02-16T15:46:58.4428563Z  13900K .......... .......... .......... .......... .......... 22%  335M 0s
2025-02-16T15:46:58.4431349Z  13950K .......... .......... .......... .......... .......... 22%  229M 0s
2025-02-16T15:46:58.4432503Z  14000K .......... .......... .......... .......... .......... 22%  338M 0s
2025-02-16T15:46:58.4435235Z  14050K .......... .......... .......... .......... .......... 22%  333M 0s
2025-02-16T15:46:58.4436401Z  14100K .......... .......... .......... .......... .......... 22%  300M 0s
2025-02-16T15:46:58.4437705Z  14150K .......... .......... .......... .......... .......... 23%  327M 0s
2025-02-16T15:46:58.4440585Z  14200K .......... .......... .......... .......... .......... 23%  325M 0s
2025-02-16T15:46:58.4441724Z  14250K .......... .......... .......... .......... .......... 23%  270M 0s
2025-02-16T15:46:58.4442821Z  14300K .......... .......... .......... .......... .......... 23%  332M 0s
2025-02-16T15:46:58.4445629Z  14350K .......... .......... .......... .......... .......... 23%  240M 0s
2025-02-16T15:46:58.4447040Z  14400K .......... .......... .......... .......... .......... 23%  341M 0s
2025-02-16T15:46:58.4449980Z  14450K .......... .......... .......... .......... .......... 23%  308M 0s
2025-02-16T15:46:58.4451119Z  14500K .......... .......... .......... .......... .......... 23%  286M 0s
2025-02-16T15:46:58.4452299Z  14550K .......... .......... .......... .......... .......... 23%  292M 0s
2025-02-16T15:46:58.4455166Z  14600K .......... .......... .......... .......... .......... 23%  332M 0s
2025-02-16T15:46:58.4456367Z  14650K .......... .......... .......... .......... .......... 23%  298M 0s
2025-02-16T15:46:58.4457683Z  14700K .......... .......... .......... .......... .......... 23%  322M 0s
2025-02-16T15:46:58.4460629Z  14750K .......... .......... .......... .......... .......... 23%  256M 0s
2025-02-16T15:46:58.4461682Z  14800K .......... .......... .......... .......... .......... 24%  301M 0s
2025-02-16T15:46:58.4462871Z  14850K .......... .......... .......... .......... .......... 24%  298M 0s
2025-02-16T15:46:58.4465694Z  14900K .......... .......... .......... .......... .......... 24%  337M 0s
2025-02-16T15:46:58.4466961Z  14950K .......... .......... .......... .......... .......... 24%  301M 0s
2025-02-16T15:46:58.4469781Z  15000K .......... .......... .......... .......... .......... 24%  321M 0s
2025-02-16T15:46:58.4470841Z  15050K .......... .......... .......... .......... .......... 24%  336M 0s
2025-02-16T15:46:58.4472070Z  15100K .......... .......... .......... .......... .......... 24%  309M 0s
2025-02-16T15:46:58.4473349Z  15150K .......... .......... .......... .......... .......... 24%  228M 0s
2025-02-16T15:46:58.4475824Z  15200K .......... .......... .......... .......... .......... 24%  314M 0s
2025-02-16T15:46:58.4477094Z  15250K .......... .......... .......... .......... .......... 24%  301M 0s
2025-02-16T15:46:58.4479935Z  15300K .......... .......... .......... .......... .......... 24%  342M 0s
2025-02-16T15:46:58.4481012Z  15350K .......... .......... .......... .......... .......... 24%  325M 0s
2025-02-16T15:46:58.4482179Z  15400K .......... .......... .......... .......... .......... 25%  312M 0s
2025-02-16T15:46:58.4483428Z  15450K .......... .......... .......... .......... .......... 25%  337M 0s
2025-02-16T15:46:58.4486265Z  15500K .......... .......... .......... .......... .......... 25%  294M 0s
2025-02-16T15:46:58.4487324Z  15550K .......... .......... .......... .......... .......... 25%  217M 0s
2025-02-16T15:46:58.4488769Z  15600K .......... .......... .......... .......... .......... 25%  333M 0s
2025-02-16T15:46:58.4491631Z  15650K .......... .......... .......... .......... .......... 25%  337M 0s
2025-02-16T15:46:58.4492736Z  15700K .......... .......... .......... .......... .......... 25%  297M 0s
2025-02-16T15:46:58.4495349Z  15750K .......... .......... .......... .......... .......... 25%  326M 0s
2025-02-16T15:46:58.4496636Z  15800K .......... .......... .......... .......... .......... 25%  290M 0s
2025-02-16T15:46:58.4497958Z  15850K .......... .......... .......... .......... .......... 25%  291M 0s
2025-02-16T15:46:58.4500558Z  15900K .......... .......... .......... .......... .......... 25%  319M 0s
2025-02-16T15:46:58.4501769Z  15950K .......... .......... .......... .......... .......... 25%  255M 0s
2025-02-16T15:46:58.4502926Z  16000K .......... .......... .......... .......... .......... 26%  282M 0s
2025-02-16T15:46:58.4505532Z  16050K .......... .......... .......... .......... .......... 26%  314M 0s
2025-02-16T15:46:58.4506778Z  16100K .......... .......... .......... .......... .......... 26%  290M 0s
2025-02-16T15:46:58.4509698Z  16150K .......... .......... .......... .......... .......... 26%  295M 0s
2025-02-16T15:46:58.4510783Z  16200K .......... .......... .......... .......... .......... 26%  335M 0s
2025-02-16T15:46:58.4511880Z  16250K .......... .......... .......... .......... .......... 26%  336M 0s
2025-02-16T15:46:58.4514720Z  16300K .......... .......... .......... .......... .......... 26%  333M 0s
2025-02-16T15:46:58.4516012Z  16350K .......... .......... .......... .......... .......... 26%  222M 0s
2025-02-16T15:46:58.4517186Z  16400K .......... .......... .......... .......... .......... 26%  298M 0s
2025-02-16T15:46:58.4520055Z  16450K .......... .......... .......... .......... .......... 26%  311M 0s
2025-02-16T15:46:58.4521145Z  16500K .......... .......... .......... .......... .......... 26%  297M 0s
2025-02-16T15:46:58.4522308Z  16550K .......... .......... .......... .......... .......... 26%  314M 0s
2025-02-16T15:46:58.4525044Z  16600K .......... .......... .......... .......... .......... 26%  293M 0s
2025-02-16T15:46:58.4526275Z  16650K .......... .......... .......... .......... .......... 27%  308M 0s
2025-02-16T15:46:58.4527142Z  16700K .......... .......... .......... .......... .......... 27%  284M 0s
2025-02-16T15:46:58.4530125Z  16750K .......... .......... .......... .......... .......... 27%  220M 0s
2025-02-16T15:46:58.4531272Z  16800K .......... .......... .......... .......... .......... 27%  340M 0s
2025-02-16T15:46:58.4533952Z  16850K .......... .......... .......... .......... .......... 27%  324M 0s
2025-02-16T15:46:58.4535072Z  16900K .......... .......... .......... .......... .......... 27%  299M 0s
2025-02-16T15:46:58.4536255Z  16950K .......... .......... .......... .......... .......... 27%  322M 0s
2025-02-16T15:46:58.4538934Z  17000K .......... .......... .......... .......... .......... 27%  297M 0s
2025-02-16T15:46:58.4540101Z  17050K .......... .......... .......... .......... .......... 27%  302M 0s
2025-02-16T15:46:58.4542260Z  17100K .......... .......... .......... .......... .......... 27%  318M 0s
2025-02-16T15:46:58.4543545Z  17150K .......... .......... .......... .......... .......... 27%  247M 0s
2025-02-16T15:46:58.4546065Z  17200K .......... .......... .......... .......... .......... 27%  282M 0s
2025-02-16T15:46:58.4547891Z  17250K .......... .......... .......... .......... .......... 28%  334M 0s
2025-02-16T15:46:58.4549801Z  17300K .......... .......... .......... .......... .......... 28%  296M 0s
2025-02-16T15:46:58.4550925Z  17350K .......... .......... .......... .......... .......... 28%  258M 0s
2025-02-16T15:46:58.4553258Z  17400K .......... .......... .......... .......... .......... 28%  332M 0s
2025-02-16T15:46:58.4555108Z  17450K .......... .......... .......... .......... .......... 28%  326M 0s
2025-02-16T15:46:58.4556490Z  17500K .......... .......... .......... .......... .......... 28%  285M 0s
2025-02-16T15:46:58.4558782Z  17550K .......... .......... .......... .......... .......... 28%  245M 0s
2025-02-16T15:46:58.4560062Z  17600K .......... .......... .......... .......... .......... 28%  290M 0s
2025-02-16T15:46:58.4561858Z  17650K .......... .......... .......... .......... .......... 28%  291M 0s
2025-02-16T15:46:58.4563167Z  17700K .......... .......... .......... .......... .......... 28%  339M 0s
2025-02-16T15:46:58.4564963Z  17750K .......... .......... .......... .......... .......... 28%  316M 0s
2025-02-16T15:46:58.4566235Z  17800K .......... .......... .......... .......... .......... 28%  270M 0s
2025-02-16T15:46:58.4568395Z  17850K .......... .......... .......... .......... .......... 29%  331M 0s
2025-02-16T15:46:58.4570101Z  17900K .......... .......... .......... .......... .......... 29%  280M 0s
2025-02-16T15:46:58.4571282Z  17950K .......... .......... .......... .......... .......... 29%  237M 0s
2025-02-16T15:46:58.4573533Z  18000K .......... .......... .......... .......... .......... 29%  282M 0s
2025-02-16T15:46:58.4575440Z  18050K .......... .......... .......... .......... .......... 29%  313M 0s
2025-02-16T15:46:58.4577593Z  18100K .......... .......... .......... .......... .......... 29%  325M 0s
2025-02-16T15:46:58.4578667Z  18150K .......... .......... .......... .......... .......... 29%  300M 0s
2025-02-16T15:46:58.4579815Z  18200K .......... .......... .......... .......... .......... 29%  276M 0s
2025-02-16T15:46:58.4580873Z  18250K .......... .......... .......... .......... .......... 29%  316M 0s
2025-02-16T15:46:58.4582254Z  18300K .......... .......... .......... .......... .......... 29%  323M 0s
2025-02-16T15:46:58.4583406Z  18350K .......... .......... .......... .......... .......... 29%  234M 0s
2025-02-16T15:46:58.4585246Z  18400K .......... .......... .......... .......... .......... 29%  316M 0s
2025-02-16T15:46:58.4587330Z  18450K .......... .......... .......... .......... .......... 29%  328M 0s
2025-02-16T15:46:58.4589249Z  18500K .......... .......... .......... .......... .......... 30%  269M 0s
2025-02-16T15:46:58.4590945Z  18550K .......... .......... .......... .......... .......... 30%  290M 0s
2025-02-16T15:46:58.4592769Z  18600K .......... .......... .......... .......... .......... 30%  337M 0s
2025-02-16T15:46:58.4593639Z  18650K .......... .......... .......... .......... .......... 30%  312M 0s
2025-02-16T15:46:58.4595541Z  18700K .......... .......... .......... .......... .......... 30%  311M 0s
2025-02-16T15:46:58.4596889Z  18750K .......... .......... .......... .......... .......... 30%  252M 0s
2025-02-16T15:46:58.4598773Z  18800K .......... .......... .......... .......... .......... 30%  274M 0s
2025-02-16T15:46:58.4600062Z  18850K .......... .......... .......... .......... .......... 30%  302M 0s
2025-02-16T15:46:58.4602365Z  18900K .......... .......... .......... .......... .......... 30%  344M 0s
2025-02-16T15:46:58.4603465Z  18950K .......... .......... .......... .......... .......... 30%  330M 0s
2025-02-16T15:46:58.4604708Z  19000K .......... .......... .......... .......... .......... 30%  306M 0s
2025-02-16T15:46:58.4606132Z  19050K .......... .......... .......... .......... .......... 30%  309M 0s
2025-02-16T15:46:58.4608094Z  19100K .......... .......... .......... .......... .......... 31%  288M 0s
2025-02-16T15:46:58.4609923Z  19150K .......... .......... .......... .......... .......... 31%  233M 0s
2025-02-16T15:46:58.4611496Z  19200K .......... .......... .......... .......... .......... 31%  321M 0s
2025-02-16T15:46:58.4613100Z  19250K .......... .......... .......... .......... .......... 31%  341M 0s
2025-02-16T15:46:58.4614241Z  19300K .......... .......... .......... .......... .......... 31%  331M 0s
2025-02-16T15:46:58.4616753Z  19350K .......... .......... .......... .......... .......... 31%  294M 0s
2025-02-16T15:46:58.4618094Z  19400K .......... .......... .......... .......... .......... 31%  256M 0s
2025-02-16T15:46:58.4619491Z  19450K .......... .......... .......... .......... .......... 31%  305M 0s
2025-02-16T15:46:58.4622090Z  19500K .......... .......... .......... .......... .......... 31%  305M 0s
2025-02-16T15:46:58.4623334Z  19550K .......... .......... .......... .......... .......... 31%  222M 0s
2025-02-16T15:46:58.4624498Z  19600K .......... .......... .......... .......... .......... 31%  312M 0s
2025-02-16T15:46:58.4627148Z  19650K .......... .......... .......... .......... .......... 31%  288M 0s
2025-02-16T15:46:58.4628447Z  19700K .......... .......... .......... .......... .......... 32%  267M 0s
2025-02-16T15:46:58.4629675Z  19750K .......... .......... .......... .......... .......... 32%  329M 0s
2025-02-16T15:46:58.4632254Z  19800K .......... .......... .......... .......... .......... 32%  309M 0s
2025-02-16T15:46:58.4633416Z  19850K .......... .......... .......... .......... .......... 32%  303M 0s
2025-02-16T15:46:58.4634551Z  19900K .......... .......... .......... .......... .......... 32%  325M 0s
2025-02-16T15:46:58.4637177Z  19950K .......... .......... .......... .......... .......... 32%  230M 0s
2025-02-16T15:46:58.4638583Z  20000K .......... .......... .......... .......... .......... 32%  274M 0s
2025-02-16T15:46:58.4641260Z  20050K .......... .......... .......... .......... .......... 32%  299M 0s
2025-02-16T15:46:58.4642293Z  20100K .......... .......... .......... .......... .......... 32%  309M 0s
2025-02-16T15:46:58.4643522Z  20150K .......... .......... .......... .......... .......... 32%  321M 0s
2025-02-16T15:46:58.4646255Z  20200K .......... .......... .......... .......... .......... 32%  334M 0s
2025-02-16T15:46:58.4647834Z  20250K .......... .......... .......... .......... .......... 32%  329M 0s
2025-02-16T15:46:58.4649094Z  20300K .......... .......... .......... .......... .......... 32%  269M 0s
2025-02-16T15:46:58.4651735Z  20350K .......... .......... .......... .......... .......... 33%  245M 0s
2025-02-16T15:46:58.4652818Z  20400K .......... .......... .......... .......... .......... 33%  302M 0s
2025-02-16T15:46:58.4654930Z  20450K .......... .......... .......... .......... .......... 33%  281M 0s
2025-02-16T15:46:58.4656001Z  20500K .......... .......... .......... .......... .......... 33%  334M 0s
2025-02-16T15:46:58.4659431Z  20550K .......... .......... .......... .......... .......... 33%  305M 0s
2025-02-16T15:46:58.4660417Z  20600K .......... .......... .......... .......... .......... 33%  257M 0s
2025-02-16T15:46:58.4662385Z  20650K .......... .......... .......... .......... .......... 33%  325M 0s
2025-02-16T15:46:58.4664561Z  20700K .......... .......... .......... .......... .......... 33%  276M 0s
2025-02-16T15:46:58.4665725Z  20750K .......... .......... .......... .......... .......... 33%  227M 0s
2025-02-16T15:46:58.4667991Z  20800K .......... .......... .......... .......... .......... 33%  332M 0s
2025-02-16T15:46:58.4669707Z  20850K .......... .......... .......... .......... .......... 33%  293M 0s
2025-02-16T15:46:58.4672057Z  20900K .......... .......... .......... .......... .......... 33%  276M 0s
2025-02-16T15:46:58.4673255Z  20950K .......... .......... .......... .......... .......... 34%  334M 0s
2025-02-16T15:46:58.4674441Z  21000K .......... .......... .......... .......... .......... 34%  291M 0s
2025-02-16T15:46:58.4676697Z  21050K .......... .......... .......... .......... .......... 34%  309M 0s
2025-02-16T15:46:58.4678359Z  21100K .......... .......... .......... .......... .......... 34%  288M 0s
2025-02-16T15:46:58.4679980Z  21150K .......... .......... .......... .......... .......... 34%  217M 0s
2025-02-16T15:46:58.4681928Z  21200K .......... .......... .......... .......... .......... 34%  277M 0s
2025-02-16T15:46:58.4683626Z  21250K .......... .......... .......... .......... .......... 34%  263M 0s
2025-02-16T15:46:58.4685364Z  21300K .......... .......... .......... .......... .......... 34%  309M 0s
2025-02-16T15:46:58.4687204Z  21350K .......... .......... .......... .......... .......... 34%  315M 0s
2025-02-16T15:46:58.4688993Z  21400K .......... .......... .......... .......... .......... 34%  298M 0s
2025-02-16T15:46:58.4691369Z  21450K .......... .......... .......... .......... .......... 34%  316M 0s
2025-02-16T15:46:58.4693231Z  21500K .......... .......... .......... .......... .......... 34%  260M 0s
2025-02-16T15:46:58.4694705Z  21550K .......... .......... .......... .......... .......... 35%  230M 0s
2025-02-16T15:46:58.4696387Z  21600K .......... .......... .......... .......... .......... 35%  306M 0s
2025-02-16T15:46:58.4698426Z  21650K .......... .......... .......... .......... .......... 35%  285M 0s
2025-02-16T15:46:58.4700591Z  21700K .......... .......... .......... .......... .......... 35%  311M 0s
2025-02-16T15:46:58.4701587Z  21750K .......... .......... .......... .......... .......... 35%  288M 0s
2025-02-16T15:46:58.4703244Z  21800K .......... .......... .......... .......... .......... 35%  312M 0s
2025-02-16T15:46:58.4705253Z  21850K .......... .......... .......... .......... .......... 35%  321M 0s
2025-02-16T15:46:58.4707228Z  21900K .......... .......... .......... .......... .......... 35%  284M 0s
2025-02-16T15:46:58.4709408Z  21950K .......... .......... .......... .......... .......... 35%  239M 0s
2025-02-16T15:46:58.4711263Z  22000K .......... .......... .......... .......... .......... 35%  305M 0s
2025-02-16T15:46:58.4712979Z  22050K .......... .......... .......... .......... .......... 35%  213M 0s
2025-02-16T15:46:58.4714242Z  22100K .......... .......... .......... .......... .......... 35%  303M 0s
2025-02-16T15:46:58.4715346Z  22150K .......... .......... .......... .......... .......... 35%  285M 0s
2025-02-16T15:46:58.4717324Z  22200K .......... .......... .......... .......... .......... 36%  291M 0s
2025-02-16T15:46:58.4719362Z  22250K .......... .......... .......... .......... .......... 36%  306M 0s
2025-02-16T15:46:58.4720682Z  22300K .......... .......... .......... .......... .......... 36%  294M 0s
2025-02-16T15:46:58.4722706Z  22350K .......... .......... .......... .......... .......... 36%  209M 0s
2025-02-16T15:46:58.4724469Z  22400K .......... .......... .......... .......... .......... 36%  315M 0s
2025-02-16T15:46:58.4725424Z  22450K .......... .......... .......... .......... .......... 36%  300M 0s
2025-02-16T15:46:58.4727893Z  22500K .......... .......... .......... .......... .......... 36%  319M 0s
2025-02-16T15:46:58.4729299Z  22550K .......... .......... .......... .......... .......... 36%  311M 0s
2025-02-16T15:46:58.4730822Z  22600K .......... .......... .......... .......... .......... 36%  301M 0s
2025-02-16T15:46:58.4732732Z  22650K .......... .......... .......... .......... .......... 36%  277M 0s
2025-02-16T15:46:58.4733891Z  22700K .......... .......... .......... .......... .......... 36%  310M 0s
2025-02-16T15:46:58.4736152Z  22750K .......... .......... .......... .......... .......... 36%  231M 0s
2025-02-16T15:46:58.4738046Z  22800K .......... .......... .......... .......... .......... 37%  322M 0s
2025-02-16T15:46:58.4739923Z  22850K .......... .......... .......... .......... .......... 37%  306M 0s
2025-02-16T15:46:58.4741682Z  22900K .......... .......... .......... .......... .......... 37%  235M 0s
2025-02-16T15:46:58.4743487Z  22950K .......... .......... .......... .......... .......... 37%  307M 0s
2025-02-16T15:46:58.4745240Z  23000K .......... .......... .......... .......... .......... 37%  283M 0s
2025-02-16T15:46:58.4746536Z  23050K .......... .......... .......... .......... .......... 37%  291M 0s
2025-02-16T15:46:58.4748464Z  23100K .......... .......... .......... .......... .......... 37%  296M 0s
2025-02-16T15:46:58.4749996Z  23150K .......... .......... .......... .......... .......... 37%  236M 0s
2025-02-16T15:46:58.4751518Z  23200K .......... .......... .......... .......... .......... 37%  279M 0s
2025-02-16T15:46:58.4752925Z  23250K .......... .......... .......... .......... .......... 37%  312M 0s
2025-02-16T15:46:58.4754942Z  23300K .......... .......... .......... .......... .......... 37%  314M 0s
2025-02-16T15:46:58.4756850Z  23350K .......... .......... .......... .......... .......... 37%  290M 0s
2025-02-16T15:46:58.4758537Z  23400K .......... .......... .......... .......... .......... 38%  253M 0s
2025-02-16T15:46:58.4760439Z  23450K .......... .......... .......... .......... .......... 38%  319M 0s
2025-02-16T15:46:58.4762121Z  23500K .......... .......... .......... .......... .......... 38%  267M 0s
2025-02-16T15:46:58.4763492Z  23550K .......... .......... .......... .......... .......... 38%  222M 0s
2025-02-16T15:46:58.4765584Z  23600K .......... .......... .......... .......... .......... 38%  302M 0s
2025-02-16T15:46:58.4766991Z  23650K .......... .......... .......... .......... .......... 38%  294M 0s
2025-02-16T15:46:58.4768966Z  23700K .......... .......... .......... .......... .......... 38%  320M 0s
2025-02-16T15:46:58.4770524Z  23750K .......... .......... .......... .......... .......... 38%  282M 0s
2025-02-16T15:46:58.4772165Z  23800K .......... .......... .......... .......... .......... 38%  262M 0s
2025-02-16T15:46:58.4773885Z  23850K .......... .......... .......... .......... .......... 38%  245M 0s
2025-02-16T15:46:58.4774984Z  23900K .......... .......... .......... .......... .......... 38%  316M 0s
2025-02-16T15:46:58.4776609Z  23950K .......... .......... .......... .......... .......... 38%  247M 0s
2025-02-16T15:46:58.4778490Z  24000K .......... .......... .......... .......... .......... 38%  300M 0s
2025-02-16T15:46:58.4780257Z  24050K .......... .......... .......... .......... .......... 39%  289M 0s
2025-02-16T15:46:58.4781309Z  24100K .......... .......... .......... .......... .......... 39%  286M 0s
2025-02-16T15:46:58.4784395Z  24150K .......... .......... .......... .......... .......... 39%  283M 0s
2025-02-16T15:46:58.4785397Z  24200K .......... .......... .......... .......... .......... 39%  281M 0s
2025-02-16T15:46:58.4787377Z  24250K .......... .......... .......... .......... .......... 39%  321M 0s
2025-02-16T15:46:58.4789595Z  24300K .......... .......... .......... .......... .......... 39%  290M 0s
2025-02-16T15:46:58.4791300Z  24350K .......... .......... .......... .......... .......... 39%  215M 0s
2025-02-16T15:46:58.4792408Z  24400K .......... .......... .......... .......... .......... 39%  306M 0s
2025-02-16T15:46:58.4794877Z  24450K .......... .......... .......... .......... .......... 39%  303M 0s
2025-02-16T15:46:58.4796189Z  24500K .......... .......... .......... .......... .......... 39%  296M 0s
2025-02-16T15:46:58.4797350Z  24550K .......... .......... .......... .......... .......... 39%  303M 0s
2025-02-16T15:46:58.4798503Z  24600K .......... .......... .......... .......... .......... 39%  270M 0s
2025-02-16T15:46:58.4800142Z  24650K .......... .......... .......... .......... .......... 40%  255M 0s
2025-02-16T15:46:58.4801837Z  24700K .......... .......... .......... .......... .......... 40%  278M 0s
2025-02-16T15:46:58.4803135Z  24750K .......... .......... .......... .......... .......... 40%  234M 0s
2025-02-16T15:46:58.4805212Z  24800K .......... .......... .......... .......... .......... 40%  306M 0s
2025-02-16T15:46:58.4806231Z  24850K .......... .......... .......... .......... .......... 40%  305M 0s
2025-02-16T15:46:58.4808774Z  24900K .......... .......... .......... .......... .......... 40%  300M 0s
2025-02-16T15:46:58.4809995Z  24950K .......... .......... .......... .......... .......... 40%  264M 0s
2025-02-16T15:46:58.4810916Z  25000K .......... .......... .......... .......... .......... 40%  302M 0s
2025-02-16T15:46:58.4812971Z  25050K .......... .......... .......... .......... .......... 40%  319M 0s
2025-02-16T15:46:58.4814674Z  25100K .......... .......... .......... .......... .......... 40%  240M 0s
2025-02-16T15:46:58.4815968Z  25150K .......... .......... .......... .......... .......... 40%  249M 0s
2025-02-16T15:46:58.4817156Z  25200K .......... .......... .......... .......... .......... 40%  283M 0s
2025-02-16T15:46:58.4818901Z  25250K .......... .......... .......... .......... .......... 41%  280M 0s
2025-02-16T15:46:58.4821357Z  25300K .......... .......... .......... .......... .......... 41%  289M 0s
2025-02-16T15:46:58.4823539Z  25350K .......... .......... .......... .......... .......... 41%  296M 0s
2025-02-16T15:46:58.4824623Z  25400K .......... .......... .......... .......... .......... 41%  297M 0s
2025-02-16T15:46:58.4826694Z  25450K .......... .......... .......... .......... .......... 41%  309M 0s
2025-02-16T15:46:58.4828086Z  25500K .......... .......... .......... .......... .......... 41%  291M 0s
2025-02-16T15:46:58.4830153Z  25550K .......... .......... .......... .......... .......... 41%  223M 0s
2025-02-16T15:46:58.4832039Z  25600K .......... .......... .......... .......... .......... 41%  317M 0s
2025-02-16T15:46:58.4833746Z  25650K .......... .......... .......... .......... .......... 41%  350M 0s
2025-02-16T15:46:58.4835725Z  25700K .......... .......... .......... .......... .......... 41%  292M 0s
2025-02-16T15:46:58.4836965Z  25750K .......... .......... .......... .......... .......... 41%  210M 0s
2025-02-16T15:46:58.4838553Z  25800K .......... .......... .......... .......... .......... 41%  290M 0s
2025-02-16T15:46:58.4840334Z  25850K .......... .......... .......... .......... .......... 41%  295M 0s
2025-02-16T15:46:58.4842036Z  25900K .......... .......... .......... .......... .......... 42%  225M 0s
2025-02-16T15:46:58.4844139Z  25950K .......... .......... .......... .......... .......... 42%  240M 0s
2025-02-16T15:46:58.4845808Z  26000K .......... .......... .......... .......... .......... 42%  323M 0s
2025-02-16T15:46:58.4847120Z  26050K .......... .......... .......... .......... .......... 42%  290M 0s
2025-02-16T15:46:58.4849228Z  26100K .......... .......... .......... .......... .......... 42%  300M 0s
2025-02-16T15:46:58.4850536Z  26150K .......... .......... .......... .......... .......... 42%  293M 0s
2025-02-16T15:46:58.4852967Z  26200K .......... .......... .......... .......... .......... 42%  309M 0s
2025-02-16T15:46:58.4854800Z  26250K .......... .......... .......... .......... .......... 42%  294M 0s
2025-02-16T15:46:58.4856504Z  26300K .......... .......... .......... .......... .......... 42%  315M 0s
2025-02-16T15:46:58.4857863Z  26350K .......... .......... .......... .......... .......... 42%  208M 0s
2025-02-16T15:46:58.4859362Z  26400K .......... .......... .......... .......... .......... 42%  326M 0s
2025-02-16T15:46:58.4860932Z  26450K .......... .......... .......... .......... .......... 42%  294M 0s
2025-02-16T15:46:58.4863292Z  26500K .......... .......... .......... .......... .......... 43%  307M 0s
2025-02-16T15:46:58.4864349Z  26550K .......... .......... .......... .......... .......... 43%  303M 0s
2025-02-16T15:46:58.4866728Z  26600K .......... .......... .......... .......... .......... 43%  301M 0s
2025-02-16T15:46:58.4868549Z  26650K .......... .......... .......... .......... .......... 43%  256M 0s
2025-02-16T15:46:58.4871072Z  26700K .......... .......... .......... .......... .......... 43%  298M 0s
2025-02-16T15:46:58.4873052Z  26750K .......... .......... .......... .......... .......... 43%  234M 0s
2025-02-16T15:46:58.4874951Z  26800K .......... .......... .......... .......... .......... 43%  309M 0s
2025-02-16T15:46:58.4876171Z  26850K .......... .......... .......... .......... .......... 43%  300M 0s
2025-02-16T15:46:58.4877400Z  26900K .......... .......... .......... .......... .......... 43%  296M 0s
2025-02-16T15:46:58.4878877Z  26950K .......... .......... .......... .......... .......... 43%  219M 0s
2025-02-16T15:46:58.4880747Z  27000K .......... .......... .......... .......... .......... 43%  338M 0s
2025-02-16T15:46:58.4881718Z  27050K .......... .......... .......... .......... .......... 43%  320M 0s
2025-02-16T15:46:58.4883432Z  27100K .......... .......... .......... .......... .......... 44%  291M 0s
2025-02-16T15:46:58.4885217Z  27150K .......... .......... .......... .......... .......... 44%  213M 0s
2025-02-16T15:46:58.4886406Z  27200K .......... .......... .......... .......... .......... 44%  319M 0s
2025-02-16T15:46:58.4889147Z  27250K .......... .......... .......... .......... .......... 44%  282M 0s
2025-02-16T15:46:58.4891185Z  27300K .......... .......... .......... .......... .......... 44%  316M 0s
2025-02-16T15:46:58.4892089Z  27350K .......... .......... .......... .......... .......... 44%  318M 0s
2025-02-16T15:46:58.4893938Z  27400K .......... .......... .......... .......... .......... 44%  291M 0s
2025-02-16T15:46:58.4895741Z  27450K .......... .......... .......... .......... .......... 44%  315M 0s
2025-02-16T15:46:58.4896945Z  27500K .......... .......... .......... .......... .......... 44%  286M 0s
2025-02-16T15:46:58.4899089Z  27550K .......... .......... .......... .......... .......... 44%  206M 0s
2025-02-16T15:46:58.4900230Z  27600K .......... .......... .......... .......... .......... 44%  318M 0s
2025-02-16T15:46:58.4901333Z  27650K .......... .......... .......... .......... .......... 44%  303M 0s
2025-02-16T15:46:58.4903620Z  27700K .......... .......... .......... .......... .......... 44%  291M 0s
2025-02-16T15:46:58.4905224Z  27750K .......... .......... .......... .......... .......... 45%  255M 0s
2025-02-16T15:46:58.4907333Z  27800K .......... .......... .......... .......... .......... 45%  309M 0s
2025-02-16T15:46:58.4909077Z  27850K .......... .......... .......... .......... .......... 45%  307M 0s
2025-02-16T15:46:58.4909972Z  27900K .......... .......... .......... .......... .......... 45%  308M 0s
2025-02-16T15:46:58.4911455Z  27950K .......... .......... .......... .......... .......... 45%  232M 0s
2025-02-16T15:46:58.4913093Z  28000K .......... .......... .......... .......... .......... 45%  299M 0s
2025-02-16T15:46:58.4914433Z  28050K .......... .......... .......... .......... .......... 45%  308M 0s
2025-02-16T15:46:58.4915694Z  28100K .......... .......... .......... .......... .......... 45%  267M 0s
2025-02-16T15:46:58.4916848Z  28150K .......... .......... .......... .......... .......... 45%  290M 0s
2025-02-16T15:46:58.4920178Z  28200K .......... .......... .......... .......... .......... 45%  258M 0s
2025-02-16T15:46:58.4921033Z  28250K .......... .......... .......... .......... .......... 45%  305M 0s
2025-02-16T15:46:58.4921873Z  28300K .......... .......... .......... .......... .......... 45%  283M 0s
2025-02-16T15:46:58.4922719Z  28350K .......... .......... .......... .......... .......... 46%  223M 0s
2025-02-16T15:46:58.4923550Z  28400K .......... .......... .......... .......... .......... 46%  271M 0s
2025-02-16T15:46:58.4924382Z  28450K .......... .......... .......... .......... .......... 46%  305M 0s
2025-02-16T15:46:58.4925258Z  28500K .......... .......... .......... .......... .......... 46%  333M 0s
2025-02-16T15:46:58.4927719Z  28550K .......... .......... .......... .......... .......... 46%  314M 0s
2025-02-16T15:46:58.4928579Z  28600K .......... .......... .......... .......... .......... 46%  293M 0s
2025-02-16T15:46:58.4929450Z  28650K .......... .......... .......... .......... .......... 46%  278M 0s
2025-02-16T15:46:58.4930294Z  28700K .......... .......... .......... .......... .......... 46%  255M 0s
2025-02-16T15:46:58.4932084Z  28750K .......... .......... .......... .......... .......... 46%  239M 0s
2025-02-16T15:46:58.4932914Z  28800K .......... .......... .......... .......... .......... 46%  314M 0s
2025-02-16T15:46:58.4933898Z  28850K .......... .......... .......... .......... .......... 46%  307M 0s
2025-02-16T15:46:58.4934980Z  28900K .......... .......... .......... .......... .......... 46%  322M 0s
2025-02-16T15:46:58.4935812Z  28950K .......... .......... .......... .......... .......... 47%  325M 0s
2025-02-16T15:46:58.4938247Z  29000K .......... .......... .......... .......... .......... 47%  283M 0s
2025-02-16T15:46:58.4939675Z  29050K .......... .......... .......... .......... .......... 47%  415M 0s
2025-02-16T15:46:58.4940916Z  29100K .......... .......... .......... .......... .......... 47%  446M 0s
2025-02-16T15:46:58.4942034Z  29150K .......... .......... .......... .......... .......... 47%  344M 0s
2025-02-16T15:46:58.4943383Z  29200K .......... .......... .......... .......... .......... 47%  463M 0s
2025-02-16T15:46:58.4944729Z  29250K .......... .......... .......... .......... .......... 47%  464M 0s
2025-02-16T15:46:58.4946135Z  29300K .......... .......... .......... .......... .......... 47%  459M 0s
2025-02-16T15:46:58.4947302Z  29350K .......... .......... .......... .......... .......... 47%  474M 0s
2025-02-16T15:46:58.4948666Z  29400K .......... .......... .......... .......... .......... 47%  365M 0s
2025-02-16T15:46:58.4949757Z  29450K .......... .......... .......... .......... .......... 47%  461M 0s
2025-02-16T15:46:58.4950990Z  29500K .......... .......... .......... .......... .......... 47%  454M 0s
2025-02-16T15:46:58.4952204Z  29550K .......... .......... .......... .......... .......... 47%  312M 0s
2025-02-16T15:46:58.4953467Z  29600K .......... .......... .......... .......... .......... 48%  445M 0s
2025-02-16T15:46:58.4954987Z  29650K .......... .......... .......... .......... .......... 48%  434M 0s
2025-02-16T15:46:58.4956314Z  29700K .......... .......... .......... .......... .......... 48%  452M 0s
2025-02-16T15:46:58.4957621Z  29750K .......... .......... .......... .......... .......... 48%  443M 0s
2025-02-16T15:46:58.4959024Z  29800K .......... .......... .......... .......... .......... 48%  458M 0s
2025-02-16T15:46:58.4960178Z  29850K .......... .......... .......... .......... .......... 48%  274M 0s
2025-02-16T15:46:58.4960994Z  29900K .......... .......... .......... .......... .......... 48%  297M 0s
2025-02-16T15:46:58.4961809Z  29950K .......... .......... .......... .......... .......... 48%  220M 0s
2025-02-16T15:46:58.4963244Z  30000K .......... .......... .......... .......... .......... 48%  305M 0s
2025-02-16T15:46:58.4964544Z  30050K .......... .......... .......... .......... .......... 48%  290M 0s
2025-02-16T15:46:58.4965666Z  30100K .......... .......... .......... .......... .......... 48%  187M 0s
2025-02-16T15:46:58.4966735Z  30150K .......... .......... .......... .......... .......... 48%  276M 0s
2025-02-16T15:46:58.4968228Z  30200K .......... .......... .......... .......... .......... 49%  299M 0s
2025-02-16T15:46:58.4969514Z  30250K .......... .......... .......... .......... .......... 49%  291M 0s
2025-02-16T15:46:58.4970750Z  30300K .......... .......... .......... .......... .......... 49%  279M 0s
2025-02-16T15:46:58.4972001Z  30350K .......... .......... .......... .......... .......... 49%  188M 0s
2025-02-16T15:46:58.4973326Z  30400K .......... .......... .......... .......... .......... 49%  278M 0s
2025-02-16T15:46:58.4974445Z  30450K .......... .......... .......... .......... .......... 49%  320M 0s
2025-02-16T15:46:58.4975531Z  30500K .......... .......... .......... .......... .......... 49%  327M 0s
2025-02-16T15:46:58.4976830Z  30550K .......... .......... .......... .......... .......... 49%  264M 0s
2025-02-16T15:46:58.4978339Z  30600K .......... .......... .......... .......... .......... 49%  300M 0s
2025-02-16T15:46:58.4979333Z  30650K .......... .......... .......... .......... .......... 49%  262M 0s
2025-02-16T15:46:58.4980331Z  30700K .......... .......... .......... .......... .......... 49%  265M 0s
2025-02-16T15:46:58.4981466Z  30750K .......... .......... .......... .......... .......... 49%  248M 0s
2025-02-16T15:46:58.4982826Z  30800K .......... .......... .......... .......... .......... 50%  297M 0s
2025-02-16T15:46:58.4983929Z  30850K .......... .......... .......... .......... .......... 50%  310M 0s
2025-02-16T15:46:58.4985305Z  30900K .......... .......... .......... .......... .......... 50%  305M 0s
2025-02-16T15:46:58.4986577Z  30950K .......... .......... .......... .......... .......... 50%  250M 0s
2025-02-16T15:46:58.4988050Z  31000K .......... .......... .......... .......... .......... 50%  336M 0s
2025-02-16T15:46:58.4989360Z  31050K .......... .......... .......... .......... .......... 50%  275M 0s
2025-02-16T15:46:58.4990663Z  31100K .......... .......... .......... .......... .......... 50%  331M 0s
2025-02-16T15:46:58.4992221Z  31150K .......... .......... .......... .......... .......... 50%  224M 0s
2025-02-16T15:46:58.4993574Z  31200K .......... .......... .......... .......... .......... 50%  269M 0s
2025-02-16T15:46:58.4994786Z  31250K .......... .......... .......... .......... .......... 50%  296M 0s
2025-02-16T15:46:58.4995997Z  31300K .......... .......... .......... .......... .......... 50%  312M 0s
2025-02-16T15:46:58.4997119Z  31350K .......... .......... .......... .......... .......... 50%  295M 0s
2025-02-16T15:46:58.4998656Z  31400K .......... .......... .......... .......... .......... 50%  288M 0s
2025-02-16T15:46:58.4999869Z  31450K .......... .......... .......... .......... .......... 51%  310M 0s
2025-02-16T15:46:58.5001200Z  31500K .......... .......... .......... .......... .......... 51%  277M 0s
2025-02-16T15:46:58.5002415Z  31550K .......... .......... .......... .......... .......... 51%  220M 0s
2025-02-16T15:46:58.5003560Z  31600K .......... .......... .......... .......... .......... 51%  301M 0s
2025-02-16T15:46:58.5004894Z  31650K .......... .......... .......... .......... .......... 51%  313M 0s
2025-02-16T15:46:58.5006019Z  31700K .......... .......... .......... .......... .......... 51%  292M 0s
2025-02-16T15:46:58.5007279Z  31750K .......... .......... .......... .......... .......... 51%  303M 0s
2025-02-16T15:46:58.5009046Z  31800K .......... .......... .......... .......... .......... 51%  276M 0s
2025-02-16T15:46:58.5010982Z  31850K .......... .......... .......... .......... .......... 51%  290M 0s
2025-02-16T15:46:58.5012869Z  31900K .......... .......... .......... .......... .......... 51%  262M 0s
2025-02-16T15:46:58.5014947Z  31950K .......... .......... .......... .......... .......... 51%  209M 0s
2025-02-16T15:46:58.5016882Z  32000K .......... .......... .......... .......... .......... 51%  264M 0s
2025-02-16T15:46:58.5018862Z  32050K .......... .......... .......... .......... .......... 52%  261M 0s
2025-02-16T15:46:58.5020446Z  32100K .......... .......... .......... .......... .......... 52%  284M 0s
2025-02-16T15:46:58.5022220Z  32150K .......... .......... .......... .......... .......... 52%  278M 0s
2025-02-16T15:46:58.5024077Z  32200K .......... .......... .......... .......... .......... 52%  283M 0s
2025-02-16T15:46:58.5025857Z  32250K .......... .......... .......... .......... .......... 52%  269M 0s
2025-02-16T15:46:58.5027697Z  32300K .......... .......... .......... .......... .......... 52%  285M 0s
2025-02-16T15:46:58.5030089Z  32350K .......... .......... .......... .......... .......... 52%  202M 0s
2025-02-16T15:46:58.5031643Z  32400K .......... .......... .......... .......... .......... 52%  276M 0s
2025-02-16T15:46:58.5033518Z  32450K .......... .......... .......... .......... .......... 52%  289M 0s
2025-02-16T15:46:58.5035219Z  32500K .......... .......... .......... .......... .......... 52%  261M 0s
2025-02-16T15:46:58.5037102Z  32550K .......... .......... .......... .......... .......... 52%  275M 0s
2025-02-16T15:46:58.5039152Z  32600K .......... .......... .......... .......... .......... 52%  250M 0s
2025-02-16T15:46:58.5040850Z  32650K .......... .......... .......... .......... .......... 52%  291M 0s
2025-02-16T15:46:58.5042695Z  32700K .......... .......... .......... .......... .......... 53%  275M 0s
2025-02-16T15:46:58.5044827Z  32750K .......... .......... .......... .......... .......... 53%  209M 0s
2025-02-16T15:46:58.5046332Z  32800K .......... .......... .......... .......... .......... 53%  308M 0s
2025-02-16T15:46:58.5048369Z  32850K .......... .......... .......... .......... .......... 53%  257M 0s
2025-02-16T15:46:58.5050349Z  32900K .......... .......... .......... .......... .......... 53%  227M 0s
2025-02-16T15:46:58.5052066Z  32950K .......... .......... .......... .......... .......... 53%  292M 0s
2025-02-16T15:46:58.5054097Z  33000K .......... .......... .......... .......... .......... 53%  279M 0s
2025-02-16T15:46:58.5055703Z  33050K .......... .......... .......... .......... .......... 53%  256M 0s
2025-02-16T15:46:58.5057867Z  33100K .......... .......... .......... .......... .......... 53%  271M 0s
2025-02-16T15:46:58.5059810Z  33150K .......... .......... .......... .......... .......... 53%  204M 0s
2025-02-16T15:46:58.5061438Z  33200K .......... .......... .......... .......... .......... 53%  306M 0s
2025-02-16T15:46:58.5063021Z  33250K .......... .......... .......... .......... .......... 53%  301M 0s
2025-02-16T15:46:58.5065776Z  33300K .......... .......... .......... .......... .......... 54%  305M 0s
2025-02-16T15:46:58.5067256Z  33350K .......... .......... .......... .......... .......... 54%  329M 0s
2025-02-16T15:46:58.5070385Z  33400K .......... .......... .......... .......... .......... 54%  229M 0s
2025-02-16T15:46:58.5071761Z  33450K .......... .......... .......... .......... .......... 54%  280M 0s
2025-02-16T15:46:58.5073117Z  33500K .......... .......... .......... .......... .......... 54%  316M 0s
2025-02-16T15:46:58.5074525Z  33550K .......... .......... .......... .......... .......... 54%  207M 0s
2025-02-16T15:46:58.5075930Z  33600K .......... .......... .......... .......... .......... 54%  284M 0s
2025-02-16T15:46:58.5077307Z  33650K .......... .......... .......... .......... .......... 54%  297M 0s
2025-02-16T15:46:58.5079057Z  33700K .......... .......... .......... .......... .......... 54%  277M 0s
2025-02-16T15:46:58.5080669Z  33750K .......... .......... .......... .......... .......... 54%  296M 0s
2025-02-16T15:46:58.5082279Z  33800K .......... .......... .......... .......... .......... 54%  296M 0s
2025-02-16T15:46:58.5084026Z  33850K .......... .......... .......... .......... .......... 54%  300M 0s
2025-02-16T15:46:58.5086526Z  33900K .......... .......... .......... .......... .......... 55%  318M 0s
2025-02-16T15:46:58.5088674Z  33950K .......... .......... .......... .......... .......... 55%  237M 0s
2025-02-16T15:46:58.5090424Z  34000K .......... .......... .......... .......... .......... 55%  266M 0s
2025-02-16T15:46:58.5092223Z  34050K .......... .......... .......... .......... .......... 55%  302M 0s
2025-02-16T15:46:58.5094866Z  34100K .......... .......... .......... .......... .......... 55%  318M 0s
2025-02-16T15:46:58.5097113Z  34150K .......... .......... .......... .......... .......... 55%  255M 0s
2025-02-16T15:46:58.5099394Z  34200K .......... .......... .......... .......... .......... 55%  320M 0s
2025-02-16T15:46:58.5101551Z  34250K .......... .......... .......... .......... .......... 55%  300M 0s
2025-02-16T15:46:58.5103114Z  34300K .......... .......... .......... .......... .......... 55%  259M 0s
2025-02-16T15:46:58.5105313Z  34350K .......... .......... .......... .......... .......... 55%  224M 0s
2025-02-16T15:46:58.5107132Z  34400K .......... .......... .......... .......... .......... 55%  288M 0s
2025-02-16T15:46:58.5109424Z  34450K .......... .......... .......... .......... .......... 55%  304M 0s
2025-02-16T15:46:58.5111007Z  34500K .......... .......... .......... .......... .......... 55%  308M 0s
2025-02-16T15:46:58.5113047Z  34550K .......... .......... .......... .......... .......... 56%  308M 0s
2025-02-16T15:46:58.5115152Z  34600K .......... .......... .......... .......... .......... 56%  224M 0s
2025-02-16T15:46:58.5116482Z  34650K .......... .......... .......... .......... .......... 56%  331M 0s
2025-02-16T15:46:58.5119251Z  34700K .......... .......... .......... .......... .......... 56%  313M 0s
2025-02-16T15:46:58.5121333Z  34750K .......... .......... .......... .......... .......... 56%  235M 0s
2025-02-16T15:46:58.5123386Z  34800K .......... .......... .......... .......... .......... 56%  302M 0s
2025-02-16T15:46:58.5125444Z  34850K .......... .......... .......... .......... .......... 56%  287M 0s
2025-02-16T15:46:58.5127232Z  34900K .......... .......... .......... .......... .......... 56%  282M 0s
2025-02-16T15:46:58.5129216Z  34950K .......... .......... .......... .......... .......... 56%  296M 0s
2025-02-16T15:46:58.5131400Z  35000K .......... .......... .......... .......... .......... 56%  279M 0s
2025-02-16T15:46:58.5134207Z  35050K .......... .......... .......... .......... .......... 56%  300M 0s
2025-02-16T15:46:58.5135985Z  35100K .......... .......... .......... .......... .......... 56%  292M 0s
2025-02-16T15:46:58.5138791Z  35150K .......... .......... .......... .......... .......... 57%  214M 0s
2025-02-16T15:46:58.5140123Z  35200K .......... .......... .......... .......... .......... 57%  314M 0s
2025-02-16T15:46:58.5142774Z  35250K .......... .......... .......... .......... .......... 57%  292M 0s
2025-02-16T15:46:58.5144089Z  35300K .......... .......... .......... .......... .......... 57%  293M 0s
2025-02-16T15:46:58.5145856Z  35350K .......... .......... .......... .......... .......... 57%  294M 0s
2025-02-16T15:46:58.5147837Z  35400K .......... .......... .......... .......... .......... 57%  309M 0s
2025-02-16T15:46:58.5149833Z  35450K .......... .......... .......... .......... .......... 57%  270M 0s
2025-02-16T15:46:58.5152359Z  35500K .......... .......... .......... .......... .......... 57%  263M 0s
2025-02-16T15:46:58.5153704Z  35550K .......... .......... .......... .......... .......... 57%  299M 0s
2025-02-16T15:46:58.5156575Z  35600K .......... .......... .......... .......... .......... 57%  304M 0s
2025-02-16T15:46:58.5158903Z  35650K .......... .......... .......... .......... .......... 57%  235M 0s
2025-02-16T15:46:58.5160802Z  35700K .......... .......... .......... .......... .......... 57%  317M 0s
2025-02-16T15:46:58.5162661Z  35750K .......... .......... .......... .......... .......... 58%  268M 0s
2025-02-16T15:46:58.5164376Z  35800K .......... .......... .......... .......... .......... 58%  316M 0s
2025-02-16T15:46:58.5167592Z  35850K .......... .......... .......... .......... .......... 58%  300M 0s
2025-02-16T15:46:58.5169351Z  35900K .......... .......... .......... .......... .......... 58%  295M 0s
2025-02-16T15:46:58.5171133Z  35950K .......... .......... .......... .......... .......... 58%  210M 0s
2025-02-16T15:46:58.5172996Z  36000K .......... .......... .......... .......... .......... 58%  278M 0s
2025-02-16T15:46:58.5174264Z  36050K .......... .......... .......... .......... .......... 58%  272M 0s
2025-02-16T15:46:58.5176067Z  36100K .......... .......... .......... .......... .......... 58%  317M 0s
2025-02-16T15:46:58.5177985Z  36150K .......... .......... .......... .......... .......... 58%  299M 0s
2025-02-16T15:46:58.5179141Z  36200K .......... .......... .......... .......... .......... 58%  304M 0s
2025-02-16T15:46:58.5181672Z  36250K .......... .......... .......... .......... .......... 58%  280M 0s
2025-02-16T15:46:58.5183738Z  36300K .......... .......... .......... .......... .......... 58%  259M 0s
2025-02-16T15:46:58.5185454Z  36350K .......... .......... .......... .......... .......... 58%  214M 0s
2025-02-16T15:46:58.5186763Z  36400K .......... .......... .......... .......... .......... 59%  314M 0s
2025-02-16T15:46:58.5188713Z  36450K .......... .......... .......... .......... .......... 59%  316M 0s
2025-02-16T15:46:58.5190810Z  36500K .......... .......... .......... .......... .......... 59%  302M 0s
2025-02-16T15:46:58.5192673Z  36550K .......... .......... .......... .......... .......... 59%  301M 0s
2025-02-16T15:46:58.5194571Z  36600K .......... .......... .......... .......... .......... 59%  256M 0s
2025-02-16T15:46:58.5195816Z  36650K .......... .......... .......... .......... .......... 59%  325M 0s
2025-02-16T15:46:58.5197815Z  36700K .......... .......... .......... .......... .......... 59%  263M 0s
2025-02-16T15:46:58.5198673Z  36750K .......... .......... .......... .......... .......... 59%  229M 0s
2025-02-16T15:46:58.5200344Z  36800K .......... .......... .......... .......... .......... 59%  288M 0s
2025-02-16T15:46:58.5201738Z  36850K .......... .......... .......... .......... .......... 59%  293M 0s
2025-02-16T15:46:58.5202565Z  36900K .......... .......... .......... .......... .......... 59%  268M 0s
2025-02-16T15:46:58.5203805Z  36950K .......... .......... .......... .......... .......... 59%  284M 0s
2025-02-16T15:46:58.5205573Z  37000K .......... .......... .......... .......... .......... 60%  302M 0s
2025-02-16T15:46:58.5206529Z  37050K .......... .......... .......... .......... .......... 60%  278M 0s
2025-02-16T15:46:58.5208039Z  37100K .......... .......... .......... .......... .......... 60%  288M 0s
2025-02-16T15:46:58.5209890Z  37150K .......... .......... .......... .......... .......... 60%  200M 0s
2025-02-16T15:46:58.5211935Z  37200K .......... .......... .......... .......... .......... 60%  358M 0s
2025-02-16T15:46:58.5213248Z  37250K .......... .......... .......... .......... .......... 60%  476M 0s
2025-02-16T15:46:58.5216323Z  37300K .......... .......... .......... .......... .......... 60%  425M 0s
2025-02-16T15:46:58.5217795Z  37350K .......... .......... .......... .......... .......... 60%  475M 0s
2025-02-16T15:46:58.5219121Z  37400K .......... .......... .......... .......... .......... 60%  480M 0s
2025-02-16T15:46:58.5222079Z  37450K .......... .......... .......... .......... .......... 60%  451M 0s
2025-02-16T15:46:58.5224303Z  37500K .......... .......... .......... .......... .......... 60%  402M 0s
2025-02-16T15:46:58.5226746Z  37550K .......... .......... .......... .......... .......... 60%  230M 0s
2025-02-16T15:46:58.5228768Z  37600K .......... .......... .......... .......... .......... 61%  270M 0s
2025-02-16T15:46:58.5230701Z  37650K .......... .......... .......... .......... .......... 61%  298M 0s
2025-02-16T15:46:58.5232010Z  37700K .......... .......... .......... .......... .......... 61%  322M 0s
2025-02-16T15:46:58.5235322Z  37750K .......... .......... .......... .......... .......... 61%  300M 0s
2025-02-16T15:46:58.5238138Z  37800K .......... .......... .......... .......... .......... 61%  279M 0s
2025-02-16T15:46:58.5239757Z  37850K .......... .......... .......... .......... .......... 61%  283M 0s
2025-02-16T15:46:58.5241427Z  37900K .......... .......... .......... .......... .......... 61%  314M 0s
2025-02-16T15:46:58.5243780Z  37950K .......... .......... .......... .......... .......... 61%  216M 0s
2025-02-16T15:46:58.5245850Z  38000K .......... .......... .......... .......... .......... 61%  295M 0s
2025-02-16T15:46:58.5247858Z  38050K .......... .......... .......... .......... .......... 61%  327M 0s
2025-02-16T15:46:58.5249788Z  38100K .......... .......... .......... .......... .......... 61%  299M 0s
2025-02-16T15:46:58.5252052Z  38150K .......... .......... .......... .......... .......... 61%  257M 0s
2025-02-16T15:46:58.5253920Z  38200K .......... .......... .......... .......... .......... 61%  288M 0s
2025-02-16T15:46:58.5255656Z  38250K .......... .......... .......... .......... .......... 62%  320M 0s
2025-02-16T15:46:58.5256999Z  38300K .......... .......... .......... .......... .......... 62%  276M 0s
2025-02-16T15:46:58.5259892Z  38350K .......... .......... .......... .......... .......... 62%  223M 0s
2025-02-16T15:46:58.5261220Z  38400K .......... .......... .......... .......... .......... 62%  250M 0s
2025-02-16T15:46:58.5263521Z  38450K .......... .......... .......... .......... .......... 62%  315M 0s
2025-02-16T15:46:58.5265534Z  38500K .......... .......... .......... .......... .......... 62%  301M 0s
2025-02-16T15:46:58.5267614Z  38550K .......... .......... .......... .......... .......... 62%  321M 0s
2025-02-16T15:46:58.5269272Z  38600K .......... .......... .......... .......... .......... 62%  285M 0s
2025-02-16T15:46:58.5271041Z  38650K .......... .......... .......... .......... .......... 62%  267M 0s
2025-02-16T15:46:58.5273154Z  38700K .......... .......... .......... .......... .......... 62%  276M 0s
2025-02-16T15:46:58.5275107Z  38750K .......... .......... .......... .......... .......... 62%  226M 0s
2025-02-16T15:46:58.5277014Z  38800K .......... .......... .......... .......... .......... 62%  305M 0s
2025-02-16T15:46:58.5279093Z  38850K .......... .......... .......... .......... .......... 63%  259M 0s
2025-02-16T15:46:58.5281004Z  38900K .......... .......... .......... .......... .......... 63%  309M 0s
2025-02-16T15:46:58.5283176Z  38950K .......... .......... .......... .......... .......... 63%  295M 0s
2025-02-16T15:46:58.5285921Z  39000K .......... .......... .......... .......... .......... 63%  268M 0s
2025-02-16T15:46:58.5287255Z  39050K .......... .......... .......... .......... .......... 63%  286M 0s
2025-02-16T15:46:58.5289772Z  39100K .......... .......... .......... .......... .......... 63%  329M 0s
2025-02-16T15:46:58.5291464Z  39150K .......... .......... .......... .......... .......... 63%  218M 0s
2025-02-16T15:46:58.5292772Z  39200K .......... .......... .......... .......... .......... 63%  293M 0s
2025-02-16T15:46:58.5295760Z  39250K .......... .......... .......... .......... .......... 63%  305M 0s
2025-02-16T15:46:58.5297752Z  39300K .......... .......... .......... .......... .......... 63%  296M 0s
2025-02-16T15:46:58.5299899Z  39350K .......... .......... .......... .......... .......... 63%  270M 0s
2025-02-16T15:46:58.5301413Z  39400K .......... .......... .......... .......... .......... 63%  314M 0s
2025-02-16T15:46:58.5303417Z  39450K .......... .......... .......... .......... .......... 64%  290M 0s
2025-02-16T15:46:58.5305224Z  39500K .......... .......... .......... .......... .......... 64%  313M 0s
2025-02-16T15:46:58.5306768Z  39550K .......... .......... .......... .......... .......... 64%  206M 0s
2025-02-16T15:46:58.5308447Z  39600K .......... .......... .......... .......... .......... 64%  292M 0s
2025-02-16T15:46:58.5310783Z  39650K .......... .......... .......... .......... .......... 64%  313M 0s
2025-02-16T15:46:58.5312175Z  39700K .......... .......... .......... .......... .......... 64%  311M 0s
2025-02-16T15:46:58.5314045Z  39750K .......... .......... .......... .......... .......... 64%  313M 0s
2025-02-16T15:46:58.5315124Z  39800K .......... .......... .......... .......... .......... 64%  293M 0s
2025-02-16T15:46:58.5317330Z  39850K .......... .......... .......... .......... .......... 64%  294M 0s
2025-02-16T15:46:58.5319347Z  39900K .......... .......... .......... .......... .......... 64%  255M 0s
2025-02-16T15:46:58.5320277Z  39950K .......... .......... .......... .......... .......... 64%  218M 0s
2025-02-16T15:46:58.5323103Z  40000K .......... .......... .......... .......... .......... 64%  326M 0s
2025-02-16T15:46:58.5324507Z  40050K .......... .......... .......... .......... .......... 64%  291M 0s
2025-02-16T15:46:58.5326138Z  40100K .......... .......... .......... .......... .......... 65%  276M 0s
2025-02-16T15:46:58.5327249Z  40150K .......... .......... .......... .......... .......... 65%  297M 0s
2025-02-16T15:46:58.5329901Z  40200K .......... .......... .......... .......... .......... 65%  285M 0s
2025-02-16T15:46:58.5331601Z  40250K .......... .......... .......... .......... .......... 65%  289M 0s
2025-02-16T15:46:58.5332948Z  40300K .......... .......... .......... .......... .......... 65%  308M 0s
2025-02-16T15:46:58.5334585Z  40350K .......... .......... .......... .......... .......... 65%  216M 0s
2025-02-16T15:46:58.5335666Z  40400K .......... .......... .......... .......... .......... 65%  271M 0s
2025-02-16T15:46:58.5336747Z  40450K .......... .......... .......... .......... .......... 65%  304M 0s
2025-02-16T15:46:58.5338416Z  40500K .......... .......... .......... .......... .......... 65%  273M 0s
2025-02-16T15:46:58.5340040Z  40550K .......... .......... .......... .......... .......... 65%  297M 0s
2025-02-16T15:46:58.5341585Z  40600K .......... .......... .......... .......... .......... 65%  303M 0s
2025-02-16T15:46:58.5343146Z  40650K .......... .......... .......... .......... .......... 65%  309M 0s
2025-02-16T15:46:58.5344176Z  40700K .......... .......... .......... .......... .......... 66%  266M 0s
2025-02-16T15:46:58.5345342Z  40750K .......... .......... .......... .......... .......... 66%  220M 0s
2025-02-16T15:46:58.5346585Z  40800K .......... .......... .......... .......... .......... 66%  284M 0s
2025-02-16T15:46:58.5348011Z  40850K .......... .......... .......... .......... .......... 66%  281M 0s
2025-02-16T15:46:58.5349575Z  40900K .......... .......... .......... .......... .......... 66%  267M 0s
2025-02-16T15:46:58.5350450Z  40950K .......... .......... .......... .......... .......... 66%  273M 0s
2025-02-16T15:46:58.5351822Z  41000K .......... .......... .......... .......... .......... 66%  278M 0s
2025-02-16T15:46:58.5352644Z  41050K .......... .......... .......... .......... .......... 66%  257M 0s
2025-02-16T15:46:58.5353479Z  41100K .......... .......... .......... .......... .......... 66%  253M 0s
2025-02-16T15:46:58.5354330Z  41150K .......... .......... .......... .......... .......... 66%  221M 0s
2025-02-16T15:46:58.5355179Z  41200K .......... .......... .......... .......... .......... 66%  295M 0s
2025-02-16T15:46:58.5356003Z  41250K .......... .......... .......... .......... .......... 66%  269M 0s
2025-02-16T15:46:58.5356798Z  41300K .......... .......... .......... .......... .......... 67%  277M 0s
2025-02-16T15:46:58.5357888Z  41350K .......... .......... .......... .......... .......... 67%  294M 0s
2025-02-16T15:46:58.5359630Z  41400K .......... .......... .......... .......... .......... 67%  293M 0s
2025-02-16T15:46:58.5361154Z  41450K .......... .......... .......... .......... .......... 67%  294M 0s
2025-02-16T15:46:58.5362499Z  41500K .......... .......... .......... .......... .......... 67%  302M 0s
2025-02-16T15:46:58.5363834Z  41550K .......... .......... .......... .......... .......... 67%  239M 0s
2025-02-16T15:46:58.5366238Z  41600K .......... .......... .......... .......... .......... 67%  452M 0s
2025-02-16T15:46:58.5367710Z  41650K .......... .......... .......... .......... .......... 67%  457M 0s
2025-02-16T15:46:58.5369991Z  41700K .......... .......... .......... .......... .......... 67%  473M 0s
2025-02-16T15:46:58.5371313Z  41750K .......... .......... .......... .......... .......... 67%  458M 0s
2025-02-16T15:46:58.5373292Z  41800K .......... .......... .......... .......... .......... 67%  460M 0s
2025-02-16T15:46:58.5374623Z  41850K .......... .......... .......... .......... .......... 67%  485M 0s
2025-02-16T15:46:58.5376273Z  41900K .......... .......... .......... .......... .......... 67%  479M 0s
2025-02-16T15:46:58.5378403Z  41950K .......... .......... .......... .......... .......... 68%  364M 0s
2025-02-16T15:46:58.5379930Z  42000K .......... .......... .......... .......... .......... 68%  229M 0s
2025-02-16T15:46:58.5381901Z  42050K .......... .......... .......... .......... .......... 68%  306M 0s
2025-02-16T15:46:58.5384282Z  42100K .......... .......... .......... .......... .......... 68%  307M 0s
2025-02-16T15:46:58.5386462Z  42150K .......... .......... .......... .......... .......... 68%  322M 0s
2025-02-16T15:46:58.5388473Z  42200K .......... .......... .......... .......... .......... 68%  327M 0s
2025-02-16T15:46:58.5390801Z  42250K .......... .......... .......... .......... .......... 68%  309M 0s
2025-02-16T15:46:58.5392129Z  42300K .......... .......... .......... .......... .......... 68%  280M 0s
2025-02-16T15:46:58.5393456Z  42350K .......... .......... .......... .......... .......... 68%  228M 0s
2025-02-16T15:46:58.5396305Z  42400K .......... .......... .......... .......... .......... 68%  325M 0s
2025-02-16T15:46:58.5397756Z  42450K .......... .......... .......... .......... .......... 68%  315M 0s
2025-02-16T15:46:58.5399896Z  42500K .......... .......... .......... .......... .......... 68%  314M 0s
2025-02-16T15:46:58.5401471Z  42550K .......... .......... .......... .......... .......... 69%  312M 0s
2025-02-16T15:46:58.5403345Z  42600K .......... .......... .......... .......... .......... 69%  221M 0s
2025-02-16T15:46:58.5405370Z  42650K .......... .......... .......... .......... .......... 69%  300M 0s
2025-02-16T15:46:58.5407355Z  42700K .......... .......... .......... .......... .......... 69%  257M 0s
2025-02-16T15:46:58.5408816Z  42750K .......... .......... .......... .......... .......... 69%  248M 0s
2025-02-16T15:46:58.5411150Z  42800K .......... .......... .......... .......... .......... 69%  279M 0s
2025-02-16T15:46:58.5412652Z  42850K .......... .......... .......... .......... .......... 69%  281M 0s
2025-02-16T15:46:58.5413988Z  42900K .......... .......... .......... .......... .......... 69%  303M 0s
2025-02-16T15:46:58.5416856Z  42950K .......... .......... .......... .......... .......... 69%  310M 0s
2025-02-16T15:46:58.5418313Z  43000K .......... .......... .......... .......... .......... 69%  325M 0s
2025-02-16T15:46:58.5420996Z  43050K .......... .......... .......... .......... .......... 69%  324M 0s
2025-02-16T15:46:58.5422142Z  43100K .......... .......... .......... .......... .......... 69%  284M 0s
2025-02-16T15:46:58.5423230Z  43150K .......... .......... .......... .......... .......... 70%  224M 0s
2025-02-16T15:46:58.5424035Z  43200K .......... .......... .......... .......... .......... 70%  304M 0s
2025-02-16T15:46:58.5426808Z  43250K .......... .......... .......... .......... .......... 70%  299M 0s
2025-02-16T15:46:58.5428157Z  43300K .......... .......... .......... .......... .......... 70%  271M 0s
2025-02-16T15:46:58.5429328Z  43350K .......... .......... .......... .......... .......... 70%  286M 0s
2025-02-16T15:46:58.5432073Z  43400K .......... .......... .......... .......... .......... 70%  315M 0s
2025-02-16T15:46:58.5433443Z  43450K .......... .......... .......... .......... .......... 70%  292M 0s
2025-02-16T15:46:58.5436194Z  43500K .......... .......... .......... .......... .......... 70%  311M 0s
2025-02-16T15:46:58.5437880Z  43550K .......... .......... .......... .......... .......... 70%  233M 0s
2025-02-16T15:46:58.5440768Z  43600K .......... .......... .......... .......... .......... 70%  331M 0s
2025-02-16T15:46:58.5442351Z  43650K .......... .......... .......... .......... .......... 70%  324M 0s
2025-02-16T15:46:58.5443729Z  43700K .......... .......... .......... .......... .......... 70%  285M 0s
2025-02-16T15:46:58.5446868Z  43750K .......... .......... .......... .......... .......... 70%  281M 0s
2025-02-16T15:46:58.5448328Z  43800K .......... .......... .......... .......... .......... 71%  286M 0s
2025-02-16T15:46:58.5450785Z  43850K .......... .......... .......... .......... .......... 71%  307M 0s
2025-02-16T15:46:58.5452131Z  43900K .......... .......... .......... .......... .......... 71%  332M 0s
2025-02-16T15:46:58.5453450Z  43950K .......... .......... .......... .......... .......... 71%  235M 0s
2025-02-16T15:46:58.5456511Z  44000K .......... .......... .......... .......... .......... 71%  303M 0s
2025-02-16T15:46:58.5458066Z  44050K .......... .......... .......... .......... .......... 71%  260M 0s
2025-02-16T15:46:58.5460862Z  44100K .......... .......... .......... .......... .......... 71%  310M 0s
2025-02-16T15:46:58.5462046Z  44150K .......... .......... .......... .......... .......... 71%  317M 0s
2025-02-16T15:46:58.5463250Z  44200K .......... .......... .......... .......... .......... 71%  298M 0s
2025-02-16T15:46:58.5466083Z  44250K .......... .......... .......... .......... .......... 71%  343M 0s
2025-02-16T15:46:58.5467751Z  44300K .......... .......... .......... .......... .......... 71%  289M 0s
2025-02-16T15:46:58.5469078Z  44350K .......... .......... .......... .......... .......... 71%  233M 0s
2025-02-16T15:46:58.5470151Z  44400K .......... .......... .......... .......... .......... 72%  304M 0s
2025-02-16T15:46:58.5471464Z  44450K .......... .......... .......... .......... .......... 72%  305M 0s
2025-02-16T15:46:58.5502066Z  44500K .......... .......... .......... .......... .......... 72%  327M 0s
2025-02-16T15:46:58.5503421Z  44550K .......... .......... .......... .......... .......... 72%  310M 0s
2025-02-16T15:46:58.5505888Z  44600K .......... .......... .......... .......... .......... 72%  295M 0s
2025-02-16T15:46:58.5507106Z  44650K .......... .......... .......... .......... .......... 72%  285M 0s
2025-02-16T15:46:58.5508531Z  44700K .......... .......... .......... .......... .......... 72%  309M 0s
2025-02-16T15:46:58.5511308Z  44750K .......... .......... .......... .......... .......... 72%  236M 0s
2025-02-16T15:46:58.5512655Z  44800K .......... .......... .......... .......... .......... 72%  335M 0s
2025-02-16T15:46:58.5515168Z  44850K .......... .......... .......... .......... .......... 72%  288M 0s
2025-02-16T15:46:58.5516248Z  44900K .......... .......... .......... .......... .......... 72%  326M 0s
2025-02-16T15:46:58.5517269Z  44950K .......... .......... .......... .......... .......... 72%  286M 0s
2025-02-16T15:46:58.5519746Z  45000K .......... .......... .......... .......... .......... 73%  295M 0s
2025-02-16T15:46:58.5520991Z  45050K .......... .......... .......... .......... .......... 73%  334M 0s
2025-02-16T15:46:58.5522156Z  45100K .......... .......... .......... .......... .......... 73%  297M 0s
2025-02-16T15:46:58.5523259Z  45150K .......... .......... .......... .......... .......... 73%  234M 0s
2025-02-16T15:46:58.5525727Z  45200K .......... .......... .......... .......... .......... 73%  318M 0s
2025-02-16T15:46:58.5526816Z  45250K .......... .......... .......... .......... .......... 73%  301M 0s
2025-02-16T15:46:58.5529554Z  45300K .......... .......... .......... .......... .......... 73%  333M 0s
2025-02-16T15:46:58.5530751Z  45350K .......... .......... .......... .......... .......... 73%  311M 0s
2025-02-16T15:46:58.5531769Z  45400K .......... .......... .......... .......... .......... 73%  338M 0s
2025-02-16T15:46:58.5534159Z  45450K .......... .......... .......... .......... .......... 73%  315M 0s
2025-02-16T15:46:58.5535233Z  45500K .......... .......... .......... .......... .......... 73%  475M 0s
2025-02-16T15:46:58.5536439Z  45550K .......... .......... .......... .......... .......... 73%  368M 0s
2025-02-16T15:46:58.5539506Z  45600K .......... .......... .......... .......... .......... 73%  387M 0s
2025-02-16T15:46:58.5540431Z  45650K .......... .......... .......... .......... .......... 74%  420M 0s
2025-02-16T15:46:58.5541633Z  45700K .......... .......... .......... .......... .......... 74%  460M 0s
2025-02-16T15:46:58.5543928Z  45750K .......... .......... .......... .......... .......... 74%  476M 0s
2025-02-16T15:46:58.5545112Z  45800K .......... .......... .......... .......... .......... 74%  399M 0s
2025-02-16T15:46:58.5547713Z  45850K .......... .......... .......... .......... .......... 74%  469M 0s
2025-02-16T15:46:58.5548929Z  45900K .......... .......... .......... .......... .......... 74%  424M 0s
2025-02-16T15:46:58.5550031Z  45950K .......... .......... .......... .......... .......... 74%  369M 0s
2025-02-16T15:46:58.5551036Z  46000K .......... .......... .......... .......... .......... 74%  455M 0s
2025-02-16T15:46:58.5553452Z  46050K .......... .......... .......... .......... .......... 74%  410M 0s
2025-02-16T15:46:58.5554517Z  46100K .......... .......... .......... .......... .......... 74%  412M 0s
2025-02-16T15:46:58.5557212Z  46150K .......... .......... .......... .......... .......... 74%  486M 0s
2025-02-16T15:46:58.5558586Z  46200K .......... .......... .......... .......... .......... 74%  462M 0s
2025-02-16T15:46:58.5559596Z  46250K .......... .......... .......... .......... .......... 75%  498M 0s
2025-02-16T15:46:58.5561747Z  46300K .......... .......... .......... .......... .......... 75%  483M 0s
2025-02-16T15:46:58.5562845Z  46350K .......... .......... .......... .......... .......... 75%  346M 0s
2025-02-16T15:46:58.5564050Z  46400K .......... .......... .......... .......... .......... 75%  470M 0s
2025-02-16T15:46:58.5566597Z  46450K .......... .......... .......... .......... .......... 75%  484M 0s
2025-02-16T15:46:58.5567852Z  46500K .......... .......... .......... .......... .......... 75%  419M 0s
2025-02-16T15:46:58.5570304Z  46550K .......... .......... .......... .......... .......... 75%  483M 0s
2025-02-16T15:46:58.5571311Z  46600K .......... .......... .......... .......... .......... 75%  476M 0s
2025-02-16T15:46:58.5572534Z  46650K .......... .......... .......... .......... .......... 75%  470M 0s
2025-02-16T15:46:58.5574918Z  46700K .......... .......... .......... .......... .......... 75%  329M 0s
2025-02-16T15:46:58.5576327Z  46750K .......... .......... .......... .......... .......... 75%  224M 0s
2025-02-16T15:46:58.5577220Z  46800K .......... .......... .......... .......... .......... 75%  307M 0s
2025-02-16T15:46:58.5579993Z  46850K .......... .......... .......... .......... .......... 76%  282M 0s
2025-02-16T15:46:58.5580904Z  46900K .......... .......... .......... .......... .......... 76%  293M 0s
2025-02-16T15:46:58.5581740Z  46950K .......... .......... .......... .......... .......... 76%  286M 0s
2025-02-16T15:46:58.5583939Z  47000K .......... .......... .......... .......... .......... 76%  308M 0s
2025-02-16T15:46:58.5584788Z  47050K .......... .......... .......... .......... .......... 76%  275M 0s
2025-02-16T15:46:58.5585588Z  47100K .......... .......... .......... .......... .......... 76%  307M 0s
2025-02-16T15:46:58.5586388Z  47150K .......... .......... .......... .......... .......... 76%  194M 0s
2025-02-16T15:46:58.5588665Z  47200K .......... .......... .......... .......... .......... 76%  305M 0s
2025-02-16T15:46:58.5589832Z  47250K .......... .......... .......... .......... .......... 76%  320M 0s
2025-02-16T15:46:58.5591168Z  47300K .......... .......... .......... .......... .......... 76%  312M 0s
2025-02-16T15:46:58.5594087Z  47350K .......... .......... .......... .......... .......... 76%  277M 0s
2025-02-16T15:46:58.5595411Z  47400K .......... .......... .......... .......... .......... 76%  314M 0s
2025-02-16T15:46:58.5598191Z  47450K .......... .......... .......... .......... .......... 76%  240M 0s
2025-02-16T15:46:58.5599535Z  47500K .......... .......... .......... .......... .......... 77%  303M 0s
2025-02-16T15:46:58.5601080Z  47550K .......... .......... .......... .......... .......... 77%  232M 0s
2025-02-16T15:46:58.5604138Z  47600K .......... .......... .......... .......... .......... 77%  275M 0s
2025-02-16T15:46:58.5605455Z  47650K .......... .......... .......... .......... .......... 77%  298M 0s
2025-02-16T15:46:58.5608296Z  47700K .......... .......... .......... .......... .......... 77%  272M 0s
2025-02-16T15:46:58.5609633Z  47750K .......... .......... .......... .......... .......... 77%  288M 0s
2025-02-16T15:46:58.5610942Z  47800K .......... .......... .......... .......... .......... 77%  303M 0s
2025-02-16T15:46:58.5612926Z  47850K .......... .......... .......... .......... .......... 77%  277M 0s
2025-02-16T15:46:58.5614604Z  47900K .......... .......... .......... .......... .......... 77%  305M 0s
2025-02-16T15:46:58.5616581Z  47950K .......... .......... .......... .......... .......... 77%  230M 0s
2025-02-16T15:46:58.5618592Z  48000K .......... .......... .......... .......... .......... 77%  262M 0s
2025-02-16T15:46:58.5620686Z  48050K .......... .......... .......... .......... .......... 77%  321M 0s
2025-02-16T15:46:58.5622840Z  48100K .......... .......... .......... .......... .......... 78%  291M 0s
2025-02-16T15:46:58.5625142Z  48150K .......... .......... .......... .......... .......... 78%  292M 0s
2025-02-16T15:46:58.5626472Z  48200K .......... .......... .......... .......... .......... 78%  321M 0s
2025-02-16T15:46:58.5627914Z  48250K .......... .......... .......... .......... .......... 78%  279M 0s
2025-02-16T15:46:58.5629216Z  48300K .......... .......... .......... .......... .......... 78%  279M 0s
2025-02-16T15:46:58.5630522Z  48350K .......... .......... .......... .......... .......... 78%  223M 0s
2025-02-16T15:46:58.5632285Z  48400K .......... .......... .......... .......... .......... 78%  306M 0s
2025-02-16T15:46:58.5634290Z  48450K .......... .......... .......... .......... .......... 78%  323M 0s
2025-02-16T15:46:58.5635616Z  48500K .......... .......... .......... .......... .......... 78%  317M 0s
2025-02-16T15:46:58.5638272Z  48550K .......... .......... .......... .......... .......... 78%  259M 0s
2025-02-16T15:46:58.5639601Z  48600K .......... .......... .......... .......... .......... 78%  291M 0s
2025-02-16T15:46:58.5640728Z  48650K .......... .......... .......... .......... .......... 78%  274M 0s
2025-02-16T15:46:58.5643094Z  48700K .......... .......... .......... .......... .......... 79%  301M 0s
2025-02-16T15:46:58.5644318Z  48750K .......... .......... .......... .......... .......... 79%  223M 0s
2025-02-16T15:46:58.5647076Z  48800K .......... .......... .......... .......... .......... 79%  252M 0s
2025-02-16T15:46:58.5648215Z  48850K .......... .......... .......... .......... .......... 79%  274M 0s
2025-02-16T15:46:58.5650897Z  48900K .......... .......... .......... .......... .......... 79%  324M 0s
2025-02-16T15:46:58.5652061Z  48950K .......... .......... .......... .......... .......... 79%  447M 0s
2025-02-16T15:46:58.5653068Z  49000K .......... .......... .......... .......... .......... 79%  490M 0s
2025-02-16T15:46:58.5655715Z  49050K .......... .......... .......... .......... .......... 79%  456M 0s
2025-02-16T15:46:58.5656743Z  49100K .......... .......... .......... .......... .......... 79%  411M 0s
2025-02-16T15:46:58.5658105Z  49150K .......... .......... .......... .......... .......... 79%  367M 0s
2025-02-16T15:46:58.5660545Z  49200K .......... .......... .......... .......... .......... 79%  478M 0s
2025-02-16T15:46:58.5661731Z  49250K .......... .......... .......... .......... .......... 79%  211M 0s
2025-02-16T15:46:58.5662950Z  49300K .......... .......... .......... .......... .......... 79%  322M 0s
2025-02-16T15:46:58.5665580Z  49350K .......... .......... .......... .......... .......... 80%  327M 0s
2025-02-16T15:46:58.5666646Z  49400K .......... .......... .......... .......... .......... 80%  264M 0s
2025-02-16T15:46:58.5669469Z  49450K .......... .......... .......... .......... .......... 80%  315M 0s
2025-02-16T15:46:58.5671263Z  49500K .......... .......... .......... .......... .......... 80%  328M 0s
2025-02-16T15:46:58.5673406Z  49550K .......... .......... .......... .......... .......... 80%  207M 0s
2025-02-16T15:46:58.5674416Z  49600K .......... .......... .......... .......... .......... 80%  319M 0s
2025-02-16T15:46:58.5675674Z  49650K .......... .......... .......... .......... .......... 80%  328M 0s
2025-02-16T15:46:58.5676927Z  49700K .......... .......... .......... .......... .......... 80%  303M 0s
2025-02-16T15:46:58.5678263Z  49750K .......... .......... .......... .......... .......... 80%  301M 0s
2025-02-16T15:46:58.5679316Z  49800K .......... .......... .......... .......... .......... 80%  292M 0s
2025-02-16T15:46:58.5680387Z  49850K .......... .......... .......... .......... .......... 80%  245M 0s
2025-02-16T15:46:58.5681509Z  49900K .......... .......... .......... .......... .......... 80%  320M 0s
2025-02-16T15:46:58.5682615Z  49950K .......... .......... .......... .......... .......... 81%  235M 0s
2025-02-16T15:46:58.5683731Z  50000K .......... .......... .......... .......... .......... 81%  302M 0s
2025-02-16T15:46:58.5684914Z  50050K .......... .......... .......... .......... .......... 81%  287M 0s
2025-02-16T15:46:58.5686123Z  50100K .......... .......... .......... .......... .......... 81%  274M 0s
2025-02-16T15:46:58.5687199Z  50150K .......... .......... .......... .......... .......... 81%  260M 0s
2025-02-16T15:46:58.5688434Z  50200K .......... .......... .......... .......... .......... 81%  268M 0s
2025-02-16T15:46:58.5689550Z  50250K .......... .......... .......... .......... .......... 81%  295M 0s
2025-02-16T15:46:58.5691075Z  50300K .......... .......... .......... .......... .......... 81%  304M 0s
2025-02-16T15:46:58.5692061Z  50350K .......... .......... .......... .......... .......... 81%  227M 0s
2025-02-16T15:46:58.5694613Z  50400K .......... .......... .......... .......... .......... 81%  292M 0s
2025-02-16T15:46:58.5695943Z  50450K .......... .......... .......... .......... .......... 81%  326M 0s
2025-02-16T15:46:58.5697120Z  50500K .......... .......... .......... .......... .......... 81%  328M 0s
2025-02-16T15:46:58.5698475Z  50550K .......... .......... .......... .......... .......... 82%  286M 0s
2025-02-16T15:46:58.5699754Z  50600K .......... .......... .......... .......... .......... 82%  256M 0s
2025-02-16T15:46:58.5702139Z  50650K .......... .......... .......... .......... .......... 82%  297M 0s
2025-02-16T15:46:58.5704247Z  50700K .......... .......... .......... .......... .......... 82%  244M 0s
2025-02-16T15:46:58.5705980Z  50750K .......... .......... .......... .......... .......... 82%  243M 0s
2025-02-16T15:46:58.5708452Z  50800K .......... .......... .......... .......... .......... 82%  314M 0s
2025-02-16T15:46:58.5710153Z  50850K .......... .......... .......... .......... .......... 82%  295M 0s
2025-02-16T15:46:58.5711352Z  50900K .......... .......... .......... .......... .......... 82%  335M 0s
2025-02-16T15:46:58.5713435Z  50950K .......... .......... .......... .......... .......... 82%  254M 0s
2025-02-16T15:46:58.5714678Z  51000K .......... .......... .......... .......... .......... 82%  298M 0s
2025-02-16T15:46:58.5717147Z  51050K .......... .......... .......... .......... .......... 82%  297M 0s
2025-02-16T15:46:58.5717897Z  51100K .......... .......... .......... .......... .......... 82%  302M 0s
2025-02-16T15:46:58.5718284Z  51150K .......... .......... .......... .......... .......... 82%  248M 0s
2025-02-16T15:46:58.5719760Z  51200K .......... .......... .......... .......... .......... 83%  241M 0s
2025-02-16T15:46:58.5720153Z  51250K .......... .......... .......... .......... .......... 83%  294M 0s
2025-02-16T15:46:58.5720523Z  51300K .......... .......... .......... .......... .......... 83%  275M 0s
2025-02-16T15:46:58.5721092Z  51350K .......... .......... .......... .......... .......... 83%  300M 0s
2025-02-16T15:46:58.5721669Z  51400K .......... .......... .......... .......... .......... 83%  325M 0s
2025-02-16T15:46:58.5722311Z  51450K .......... .......... .......... .......... .......... 83%  323M 0s
2025-02-16T15:46:58.5722890Z  51500K .......... .......... .......... .......... .......... 83%  220M 0s
2025-02-16T15:46:58.5724932Z  51550K .......... .......... .......... .......... .......... 83%  274M 0s
2025-02-16T15:46:58.5725316Z  51600K .......... .......... .......... .......... .......... 83%  268M 0s
2025-02-16T15:46:58.5725885Z  51650K .......... .......... .......... .......... .......... 83%  323M 0s
2025-02-16T15:46:58.5726465Z  51700K .......... .......... .......... .......... .......... 83%  254M 0s
2025-02-16T15:46:58.5726837Z  51750K .......... .......... .......... .......... .......... 83%  316M 0s
2025-02-16T15:46:58.5727355Z  51800K .......... .......... .......... .......... .......... 84%  334M 0s
2025-02-16T15:46:58.5729545Z  51850K .......... .......... .......... .......... .......... 84%  293M 0s
2025-02-16T15:46:58.5730034Z  51900K .......... .......... .......... .......... .......... 84%  251M 0s
2025-02-16T15:46:58.5730411Z  51950K .......... .......... .......... .......... .......... 84%  341M 0s
2025-02-16T15:46:58.5730944Z  52000K .......... .......... .......... .......... .......... 84%  343M 0s
2025-02-16T15:46:58.5731516Z  52050K .......... .......... .......... .......... .......... 84%  334M 0s
2025-02-16T15:46:58.5731925Z  52100K .......... .......... .......... .......... .......... 84%  338M 0s
2025-02-16T15:46:58.5733926Z  52150K .......... .......... .......... .......... .......... 84%  312M 0s
2025-02-16T15:46:58.5734424Z  52200K .......... .......... .......... .......... .......... 84%  314M 0s
2025-02-16T15:46:58.5735002Z  52250K .......... .......... .......... .......... .......... 84%  270M 0s
2025-02-16T15:46:58.5735459Z  52300K .......... .......... .......... .......... .......... 84%  309M 0s
2025-02-16T15:46:58.5735895Z  52350K .......... .......... .......... .......... .......... 84%  284M 0s
2025-02-16T15:46:58.5737720Z  52400K .......... .......... .......... .......... .......... 85%  228M 0s
2025-02-16T15:46:58.5738331Z  52450K .......... .......... .......... .......... .......... 85%  294M 0s
2025-02-16T15:46:58.5738762Z  52500K .......... .......... .......... .......... .......... 85%  343M 0s
2025-02-16T15:46:58.5739131Z  52550K .......... .......... .......... .......... .......... 85%  333M 0s
2025-02-16T15:46:58.5739763Z  52600K .......... .......... .......... .......... .......... 85%  305M 0s
2025-02-16T15:46:58.5740428Z  52650K .......... .......... .......... .......... .......... 85%  276M 0s
2025-02-16T15:46:58.5742364Z  52700K .......... .......... .......... .......... .......... 85%  221M 0s
2025-02-16T15:46:58.5742838Z  52750K .......... .......... .......... .......... .......... 85%  247M 0s
2025-02-16T15:46:58.5743416Z  52800K .......... .......... .......... .......... .......... 85%  335M 0s
2025-02-16T15:46:58.5743870Z  52850K .......... .......... .......... .......... .......... 85%  329M 0s
2025-02-16T15:46:58.5744333Z  52900K .......... .......... .......... .......... .......... 85%  357M 0s
2025-02-16T15:46:58.5744911Z  52950K .......... .......... .......... .......... .......... 85%  301M 0s
2025-02-16T15:46:58.5746858Z  53000K .......... .......... .......... .......... .......... 85%  319M 0s
2025-02-16T15:46:58.5747250Z  53050K .......... .......... .......... .......... .......... 86%  254M 0s
2025-02-16T15:46:58.5747882Z  53100K .......... .......... .......... .......... .......... 86%  218M 0s
2025-02-16T15:46:58.5748472Z  53150K .......... .......... .......... .......... .......... 86%  310M 0s
2025-02-16T15:46:58.5748982Z  53200K .......... .......... .......... .......... .......... 86%  327M 0s
2025-02-16T15:46:58.5749363Z  53250K .......... .......... .......... .......... .......... 86%  297M 0s
2025-02-16T15:46:58.5751550Z  53300K .......... .......... .......... .......... .......... 86%  306M 0s
2025-02-16T15:46:58.5752069Z  53350K .......... .......... .......... .......... .......... 86%  285M 0s
2025-02-16T15:46:58.5752674Z  53400K .......... .......... .......... .......... .......... 86%  277M 0s
2025-02-16T15:46:58.5753256Z  53450K .......... .......... .......... .......... .......... 86%  329M 0s
2025-02-16T15:46:58.5753787Z  53500K .......... .......... .......... .......... .......... 86%  220M 0s
2025-02-16T15:46:58.5754238Z  53550K .......... .......... .......... .......... .......... 86%  304M 0s
2025-02-16T15:46:58.5756389Z  53600K .......... .......... .......... .......... .......... 86%  308M 0s
2025-02-16T15:46:58.5756837Z  53650K .......... .......... .......... .......... .......... 87%  236M 0s
2025-02-16T15:46:58.5757205Z  53700K .......... .......... .......... .......... .......... 87%  331M 0s
2025-02-16T15:46:58.5757894Z  53750K .......... .......... .......... .......... .......... 87%  293M 0s
2025-02-16T15:46:58.5759969Z  53800K .......... .......... .......... .......... .......... 87%  316M 0s
2025-02-16T15:46:58.5760393Z  53850K .......... .......... .......... .......... .......... 87%  342M 0s
2025-02-16T15:46:58.5760792Z  53900K .......... .......... .......... .......... .......... 87%  229M 0s
2025-02-16T15:46:58.5761154Z  53950K .......... .......... .......... .......... .......... 87%  282M 0s
2025-02-16T15:46:58.5761715Z  54000K .......... .......... .......... .......... .......... 87%  337M 0s
2025-02-16T15:46:58.5762293Z  54050K .......... .......... .......... .......... .......... 87%  278M 0s
2025-02-16T15:46:58.5762653Z  54100K .......... .......... .......... .......... .......... 87%  339M 0s
2025-02-16T15:46:58.5763222Z  54150K .......... .......... .......... .......... .......... 87%  337M 0s
2025-02-16T15:46:58.5765334Z  54200K .......... .......... .......... .......... .......... 87%  286M 0s
2025-02-16T15:46:58.5765732Z  54250K .......... .......... .......... .......... .......... 88%  294M 0s
2025-02-16T15:46:58.5766282Z  54300K .......... .......... .......... .......... .......... 88%  206M 0s
2025-02-16T15:46:58.5766861Z  54350K .......... .......... .......... .......... .......... 88%  324M 0s
2025-02-16T15:46:58.5767274Z  54400K .......... .......... .......... .......... .......... 88%  343M 0s
2025-02-16T15:46:58.5769339Z  54450K .......... .......... .......... .......... .......... 88%  286M 0s
2025-02-16T15:46:58.5769975Z  54500K .......... .......... .......... .......... .......... 88%  301M 0s
2025-02-16T15:46:58.5770692Z  54550K .......... .......... .......... .......... .......... 88%  263M 0s
2025-02-16T15:46:58.5771731Z  54600K .......... .......... .......... .......... .......... 88%  299M 0s
2025-02-16T15:46:58.5774249Z  54650K .......... .......... .......... .......... .......... 88%  334M 0s
2025-02-16T15:46:58.5775273Z  54700K .......... .......... .......... .......... .......... 88%  224M 0s
2025-02-16T15:46:58.5778587Z  54750K .......... .......... .......... .......... .......... 88%  330M 0s
2025-02-16T15:46:58.5779064Z  54800K .......... .......... .......... .......... .......... 88%  331M 0s
2025-02-16T15:46:58.5780185Z  54850K .......... .......... .......... .......... .......... 88%  249M 0s
2025-02-16T15:46:58.5783240Z  54900K .......... .......... .......... .......... .......... 89%  334M 0s
2025-02-16T15:46:58.5783798Z  54950K .......... .......... .......... .......... .......... 89%  320M 0s
2025-02-16T15:46:58.5785055Z  55000K .......... .......... .......... .......... .......... 89%  274M 0s
2025-02-16T15:46:58.5788387Z  55050K .......... .......... .......... .......... .......... 89%  321M 0s
2025-02-16T15:46:58.5788990Z  55100K .......... .......... .......... .......... .......... 89%  267M 0s
2025-02-16T15:46:58.5790198Z  55150K .......... .......... .......... .......... .......... 89%  258M 0s
2025-02-16T15:46:58.5792013Z  55200K .......... .......... .......... .......... .......... 89%  300M 0s
2025-02-16T15:46:58.5794116Z  55250K .......... .......... .......... .......... .......... 89%  233M 0s
2025-02-16T15:46:58.5795482Z  55300K .......... .......... .......... .......... .......... 89%  324M 0s
2025-02-16T15:46:58.5797292Z  55350K .......... .......... .......... .......... .......... 89%  278M 0s
2025-02-16T15:46:58.5799340Z  55400K .......... .......... .......... .......... .......... 89%  259M 0s
2025-02-16T15:46:58.5800674Z  55450K .......... .......... .......... .......... .......... 89%  308M 0s
2025-02-16T15:46:58.5803088Z  55500K .......... .......... .......... .......... .......... 90%  216M 0s
2025-02-16T15:46:58.5804529Z  55550K .......... .......... .......... .......... .......... 90%  320M 0s
2025-02-16T15:46:58.5806107Z  55600K .......... .......... .......... .......... .......... 90%  293M 0s
2025-02-16T15:46:58.5808607Z  55650K .......... .......... .......... .......... .......... 90%  285M 0s
2025-02-16T15:46:58.5818883Z  55700K .......... .......... .......... .......... .......... 90%  280M 0s
2025-02-16T15:46:58.5820653Z  55750K .......... .......... .......... .......... .......... 90%  296M 0s
2025-02-16T15:46:58.5821270Z  55800K .......... .......... .......... .......... .......... 90%  314M 0s
2025-02-16T15:46:58.5821914Z  55850K .......... .......... .......... .......... .......... 90%  330M 0s
2025-02-16T15:46:58.5822511Z  55900K .......... .......... .......... .......... .......... 90%  230M 0s
2025-02-16T15:46:58.5823172Z  55950K .......... .......... .......... .......... .......... 90%  258M 0s
2025-02-16T15:46:58.5823796Z  56000K .......... .......... .......... .......... .......... 90%  216M 0s
2025-02-16T15:46:58.5825061Z  56050K .......... .......... .......... .......... .......... 90%  256M 0s
2025-02-16T15:46:58.5825653Z  56100K .......... .......... .......... .......... .......... 91%  294M 0s
2025-02-16T15:46:58.5829011Z  56150K .......... .......... .......... .......... .......... 91%  245M 0s
2025-02-16T15:46:58.5829640Z  56200K .......... .......... .......... .......... .......... 91%  309M 0s
2025-02-16T15:46:58.5830701Z  56250K .......... .......... .......... .......... .......... 91%  256M 0s
2025-02-16T15:46:58.5838838Z  56300K .......... .......... .......... .......... .......... 91%  182M 0s
2025-02-16T15:46:58.5839477Z  56350K .......... .......... .......... .......... .......... 91%  241M 0s
2025-02-16T15:46:58.5840054Z  56400K .......... .......... .......... .......... .......... 91%  295M 0s
2025-02-16T15:46:58.5842376Z  56450K .......... .......... .......... .......... .......... 91%  282M 0s
2025-02-16T15:46:58.5843086Z  56500K .......... .......... .......... .......... .......... 91%  226M 0s
2025-02-16T15:46:58.5843702Z  56550K .......... .......... .......... .......... .......... 91%  289M 0s
2025-02-16T15:46:58.5844301Z  56600K .......... .......... .......... .......... .......... 91%  226M 0s
2025-02-16T15:46:58.5845659Z  56650K .......... .......... .......... .......... .......... 91%  275M 0s
2025-02-16T15:46:58.5868719Z  56700K .......... .......... .......... .......... .......... 91%  187M 0s
2025-02-16T15:46:58.5870468Z  56750K .......... .......... .......... .......... .......... 92%  242M 0s
2025-02-16T15:46:58.5870861Z  56800K .......... .......... .......... .......... .......... 92%  338M 0s
2025-02-16T15:46:58.5871254Z  56850K .......... .......... .......... .......... .......... 92%  291M 0s
2025-02-16T15:46:58.5871640Z  56900K .......... .......... .......... .......... .......... 92%  239M 0s
2025-02-16T15:46:58.5872020Z  56950K .......... .......... .......... .......... .......... 92%  262M 0s
2025-02-16T15:46:58.5872411Z  57000K .......... .......... .......... .......... .......... 92%  211M 0s
2025-02-16T15:46:58.5872785Z  57050K .......... .......... .......... .......... .......... 92%  292M 0s
2025-02-16T15:46:58.5873153Z  57100K .......... .......... .......... .......... .......... 92%  281M 0s
2025-02-16T15:46:58.5873533Z  57150K .......... .......... .......... .......... .......... 92%  308M 0s
2025-02-16T15:46:58.5873908Z  57200K .......... .......... .......... .......... .......... 92%  324M 0s
2025-02-16T15:46:58.5875323Z  57250K .......... .......... .......... .......... .......... 92%  257M 0s
2025-02-16T15:46:58.5877163Z  57300K .......... .......... .......... .......... .......... 92% 57.4M 0s
2025-02-16T15:46:58.5886475Z  57350K .......... .......... .......... .......... .......... 93% 66.6M 0s
2025-02-16T15:46:58.5893946Z  57400K .......... .......... .......... .......... .......... 93% 60.9M 0s
2025-02-16T15:46:58.5901697Z  57450K .......... .......... .......... .......... .......... 93% 60.9M 0s
2025-02-16T15:46:58.5910054Z  57500K .......... .......... .......... .......... .......... 93% 52.1M 0s
2025-02-16T15:46:58.5920319Z  57550K .......... .......... .......... .......... .......... 93%  118M 0s
2025-02-16T15:46:58.5921059Z  57600K .......... .......... .......... .......... .......... 93%  312M 0s
2025-02-16T15:46:58.5922560Z  57650K .......... .......... .......... .......... .......... 93%  313M 0s
2025-02-16T15:46:58.5923048Z  57700K .......... .......... .......... .......... .......... 93%  295M 0s
2025-02-16T15:46:58.5927145Z  57750K .......... .......... .......... .......... .......... 93% 74.3M 0s
2025-02-16T15:46:58.5949472Z  57800K .......... .......... .......... .......... .......... 93% 71.5M 0s
2025-02-16T15:46:58.5949982Z  57850K .......... .......... .......... .......... .......... 93%  266M 0s
2025-02-16T15:46:58.5950488Z  57900K .......... .......... .......... .......... .......... 93%  198M 0s
2025-02-16T15:46:58.5951643Z  57950K .......... .......... .......... .......... .......... 94%  284M 0s
2025-02-16T15:46:58.5952147Z  58000K .......... .......... .......... .......... .......... 94%  258M 0s
2025-02-16T15:46:58.5952646Z  58050K .......... .......... .......... .......... .......... 94%  299M 0s
2025-02-16T15:46:58.5953141Z  58100K .......... .......... .......... .......... .......... 94%  274M 0s
2025-02-16T15:46:58.5953675Z  58150K .......... .......... .......... .......... .......... 94%  287M 0s
2025-02-16T15:46:58.5954353Z  58200K .......... .......... .......... .......... .......... 94%  288M 0s
2025-02-16T15:46:58.5954855Z  58250K .......... .......... .......... .......... .......... 94%  274M 0s
2025-02-16T15:46:58.5957667Z  58300K .......... .......... .......... .......... .......... 94% 69.0M 0s
2025-02-16T15:46:58.5966145Z  58350K .......... .......... .......... .......... .......... 94% 49.0M 0s
2025-02-16T15:46:58.5973829Z  58400K .......... .......... .......... .......... .......... 94% 64.3M 0s
2025-02-16T15:46:58.5981838Z  58450K .......... .......... .......... .......... .......... 94% 66.2M 0s
2025-02-16T15:46:58.5999048Z  58500K .......... .......... .......... .......... .......... 94% 90.7M 0s
2025-02-16T15:46:58.5999787Z  58550K .......... .......... .......... .......... .......... 94%  287M 0s
2025-02-16T15:46:58.6000348Z  58600K .......... .......... .......... .......... .......... 95%  254M 0s
2025-02-16T15:46:58.6000905Z  58650K .......... .......... .......... .......... .......... 95%  258M 0s
2025-02-16T15:46:58.6001468Z  58700K .......... .......... .......... .......... .......... 95%  233M 0s
2025-02-16T15:46:58.6002027Z  58750K .......... .......... .......... .......... .......... 95%  292M 0s
2025-02-16T15:46:58.6002604Z  58800K .......... .......... .......... .......... .......... 95%  262M 0s
2025-02-16T15:46:58.6003161Z  58850K .......... .......... .......... .......... .......... 95%  295M 0s
2025-02-16T15:46:58.6006616Z  58900K .......... .......... .......... .......... .......... 95% 85.5M 0s
2025-02-16T15:46:58.6010937Z  58950K .......... .......... .......... .......... .......... 95% 96.8M 0s
2025-02-16T15:46:58.6018339Z  59000K .......... .......... .......... .......... .......... 95% 69.8M 0s
2025-02-16T15:46:58.6025727Z  59050K .......... .......... .......... .......... .......... 95% 65.6M 0s
2025-02-16T15:46:58.6039006Z  59100K .......... .......... .......... .......... .......... 95%  107M 0s
2025-02-16T15:46:58.6039864Z  59150K .......... .......... .......... .......... .......... 95%  256M 0s
2025-02-16T15:46:58.6040439Z  59200K .......... .......... .......... .......... .......... 96%  305M 0s
2025-02-16T15:46:58.6041199Z  59250K .......... .......... .......... .......... .......... 96%  240M 0s
2025-02-16T15:46:58.6041762Z  59300K .......... .......... .......... .......... .......... 96%  307M 0s
2025-02-16T15:46:58.6042325Z  59350K .......... .......... .......... .......... .......... 96%  322M 0s
2025-02-16T15:46:58.6042893Z  59400K .......... .......... .......... .......... .......... 96%  299M 0s
2025-02-16T15:46:58.6047133Z  59450K .......... .......... .......... .......... .......... 96% 76.3M 0s
2025-02-16T15:46:58.6055246Z  59500K .......... .......... .......... .......... .......... 96% 52.0M 0s
2025-02-16T15:46:58.6063089Z  59550K .......... .......... .......... .......... .......... 96% 62.5M 0s
2025-02-16T15:46:58.6078997Z  59600K .......... .......... .......... .......... .......... 96%  149M 0s
2025-02-16T15:46:58.6079764Z  59650K .......... .......... .......... .......... .......... 96%  284M 0s
2025-02-16T15:46:58.6080330Z  59700K .......... .......... .......... .......... .......... 96%  247M 0s
2025-02-16T15:46:58.6080925Z  59750K .......... .......... .......... .......... .......... 96%  279M 0s
2025-02-16T15:46:58.6081495Z  59800K .......... .......... .......... .......... .......... 97%  282M 0s
2025-02-16T15:46:58.6082050Z  59850K .......... .......... .......... .......... .......... 97%  273M 0s
2025-02-16T15:46:58.6082622Z  59900K .......... .......... .......... .......... .......... 97%  221M 0s
2025-02-16T15:46:58.6083176Z  59950K .......... .......... .......... .......... .......... 97%  290M 0s
2025-02-16T15:46:58.6085253Z  60000K .......... .......... .......... .......... .......... 97% 82.4M 0s
2025-02-16T15:46:58.6090409Z  60050K .......... .......... .......... .......... .......... 97% 83.4M 0s
2025-02-16T15:46:58.6092196Z  60100K .......... .......... .......... .......... .......... 97%  251M 0s
2025-02-16T15:46:58.6094063Z  60150K .......... .......... .......... .......... .......... 97%  252M 0s
2025-02-16T15:46:58.6095772Z  60200K .......... .......... .......... .......... .......... 97%  279M 0s
2025-02-16T15:46:58.6097619Z  60250K .......... .......... .......... .......... .......... 97%  287M 0s
2025-02-16T15:46:58.6100835Z  60300K .......... .......... .......... .......... .......... 97%  197M 0s
2025-02-16T15:46:58.6101870Z  60350K .......... .......... .......... .......... .......... 97%  270M 0s
2025-02-16T15:46:58.6103584Z  60400K .......... .......... .......... .......... .......... 97%  303M 0s
2025-02-16T15:46:58.6105042Z  60450K .......... .......... .......... .......... .......... 98%  295M 0s
2025-02-16T15:46:58.6106601Z  60500K .......... .......... .......... .......... .......... 98%  255M 0s
2025-02-16T15:46:58.6108982Z  60550K .......... .......... .......... .......... .......... 98%  269M 0s
2025-02-16T15:46:58.6110948Z  60600K .......... .......... .......... .......... .......... 98%  223M 0s
2025-02-16T15:46:58.6128758Z  60650K .......... .......... .......... .......... .......... 98%  217M 0s
2025-02-16T15:46:58.6129426Z  60700K .......... .......... .......... .......... .......... 98%  230M 0s
2025-02-16T15:46:58.6130103Z  60750K .......... .......... .......... .......... .......... 98%  313M 0s
2025-02-16T15:46:58.6130737Z  60800K .......... .......... .......... .......... .......... 98%  326M 0s
2025-02-16T15:46:58.6131360Z  60850K .......... .......... .......... .......... .......... 98%  273M 0s
2025-02-16T15:46:58.6132024Z  60900K .......... .......... .......... .......... .......... 98%  332M 0s
2025-02-16T15:46:58.6132509Z  60950K .......... .......... .......... .......... .......... 98%  330M 0s
2025-02-16T15:46:58.6133148Z  61000K .......... .......... .......... .......... .......... 98%  330M 0s
2025-02-16T15:46:58.6133800Z  61050K .......... .......... .......... .......... .......... 99%  314M 0s
2025-02-16T15:46:58.6134350Z  61100K .......... .......... .......... .......... .......... 99%  222M 0s
2025-02-16T15:46:58.6134927Z  61150K .......... .......... .......... .......... .......... 99%  254M 0s
2025-02-16T15:46:58.6135835Z  61200K .......... .......... .......... .......... .......... 99%  278M 0s
2025-02-16T15:46:58.6136399Z  61250K .......... .......... .......... .......... .......... 99%  278M 0s
2025-02-16T15:46:58.6137072Z  61300K .......... .......... .......... .......... .......... 99%  248M 0s
2025-02-16T15:46:58.6137946Z  61350K .......... .......... .......... .......... .......... 99%  285M 0s
2025-02-16T15:46:58.6139368Z  61400K .......... .......... .......... .......... .......... 99%  231M 0s
2025-02-16T15:46:58.6141709Z  61450K .......... .......... .......... .......... .......... 99%  285M 0s
2025-02-16T15:46:58.6143192Z  61500K .......... .......... .......... .......... .......... 99%  220M 0s
2025-02-16T15:46:58.6145265Z  61550K .......... .......... .......... .......... .......... 99%  277M 0s
2025-02-16T15:46:58.6146983Z  61600K .......... .......... .......... .......... .......... 99%  252M 0s
2025-02-16T15:46:58.6148947Z  61650K .......... .......... .......... .......... ........  100%  246M=0.2s
2025-02-16T15:46:58.6148998Z 
2025-02-16T15:46:58.6150605Z 2025-02-16 15:46:58 (268 MB/s) - ‘klayout_0.29.11-1_amd64.deb’ saved [63179420/63179420]
2025-02-16T15:46:58.6150621Z 
2025-02-16T15:46:58.6891181Z Get:1 file:/etc/apt/apt-mirrors.txt Mirrorlist [142 B]
2025-02-16T15:46:58.7205454Z Hit:2 http://azure.archive.ubuntu.com/ubuntu noble InRelease
2025-02-16T15:46:58.7219247Z Hit:6 https://packages.microsoft.com/repos/azure-cli noble InRelease
2025-02-16T15:46:58.7225729Z Get:3 http://azure.archive.ubuntu.com/ubuntu noble-updates InRelease [126 kB]
2025-02-16T15:46:58.7228318Z Get:7 https://packages.microsoft.com/ubuntu/24.04/prod noble InRelease [3600 B]
2025-02-16T15:46:58.7271004Z Get:4 http://azure.archive.ubuntu.com/ubuntu noble-backports InRelease [126 kB]
2025-02-16T15:46:58.7301629Z Get:5 http://azure.archive.ubuntu.com/ubuntu noble-security InRelease [126 kB]
2025-02-16T15:46:58.9096719Z Get:8 https://packages.microsoft.com/ubuntu/24.04/prod noble/main amd64 Packages [21.0 kB]
2025-02-16T15:46:58.9243088Z Get:9 https://packages.microsoft.com/ubuntu/24.04/prod noble/main arm64 Packages [12.9 kB]
2025-02-16T15:46:58.9278052Z Get:10 https://packages.microsoft.com/ubuntu/24.04/prod noble/main armhf Packages [6679 B]
2025-02-16T15:46:58.9576627Z Get:11 http://azure.archive.ubuntu.com/ubuntu noble-updates/main amd64 Packages [865 kB]
2025-02-16T15:46:58.9638253Z Get:12 http://azure.archive.ubuntu.com/ubuntu noble-updates/main amd64 Components [151 kB]
2025-02-16T15:46:58.9656443Z Get:13 http://azure.archive.ubuntu.com/ubuntu noble-updates/universe amd64 Packages [1014 kB]
2025-02-16T15:46:58.9723728Z Get:14 http://azure.archive.ubuntu.com/ubuntu noble-updates/universe amd64 Components [362 kB]
2025-02-16T15:46:58.9746116Z Get:15 http://azure.archive.ubuntu.com/ubuntu noble-updates/restricted amd64 Components [212 B]
2025-02-16T15:46:58.9751616Z Get:16 http://azure.archive.ubuntu.com/ubuntu noble-updates/multiverse amd64 Components [940 B]
2025-02-16T15:46:59.0108127Z Get:17 http://azure.archive.ubuntu.com/ubuntu noble-backports/main amd64 Components [208 B]
2025-02-16T15:46:59.0118494Z Get:18 http://azure.archive.ubuntu.com/ubuntu noble-backports/universe amd64 Components [17.6 kB]
2025-02-16T15:46:59.0124862Z Get:19 http://azure.archive.ubuntu.com/ubuntu noble-backports/restricted amd64 Components [216 B]
2025-02-16T15:46:59.0131414Z Get:20 http://azure.archive.ubuntu.com/ubuntu noble-backports/multiverse amd64 Components [212 B]
2025-02-16T15:46:59.1260105Z Get:21 http://azure.archive.ubuntu.com/ubuntu noble-security/main amd64 Packages [617 kB]
2025-02-16T15:46:59.1284980Z Get:22 http://azure.archive.ubuntu.com/ubuntu noble-security/main amd64 Components [8980 B]
2025-02-16T15:46:59.1293205Z Get:23 http://azure.archive.ubuntu.com/ubuntu noble-security/universe amd64 Packages [803 kB]
2025-02-16T15:46:59.1355532Z Get:24 http://azure.archive.ubuntu.com/ubuntu noble-security/universe amd64 Components [51.9 kB]
2025-02-16T15:46:59.1365323Z Get:25 http://azure.archive.ubuntu.com/ubuntu noble-security/restricted amd64 Components [212 B]
2025-02-16T15:46:59.1368122Z Get:26 http://azure.archive.ubuntu.com/ubuntu noble-security/multiverse amd64 Components [212 B]
2025-02-16T15:47:03.8618194Z Fetched 4316 kB in 1s (5881 kB/s)
2025-02-16T15:47:04.4624028Z Reading package lists...
2025-02-16T15:47:04.5164775Z Reading package lists...
2025-02-16T15:47:04.6454111Z Building dependency tree...
2025-02-16T15:47:04.6461663Z Reading state information...
2025-02-16T15:47:04.7761587Z The following additional packages will be installed:
2025-02-16T15:47:04.7762828Z   libasyncns0 libdouble-conversion3 libegl-mesa0 libegl1 libflac12t64
2025-02-16T15:47:04.7763723Z   libgit2-1.7 libhttp-parser2.9 libinput-bin libinput10 libmd4c0 libmp3lame0
2025-02-16T15:47:04.7764645Z   libmpg123-0t64 libmtdev1t64 libopus0 libpulse0 libqt5core5t64 libqt5dbus5t64
2025-02-16T15:47:04.7765725Z   libqt5designer5 libqt5gui5t64 libqt5multimedia5 libqt5multimediawidgets5
2025-02-16T15:47:04.7766751Z   libqt5network5t64 libqt5opengl5t64 libqt5printsupport5t64 libqt5qml5
2025-02-16T15:47:04.7768102Z   libqt5qmlmodels5 libqt5quick5 libqt5sql5-sqlite libqt5sql5t64 libqt5svg5
2025-02-16T15:47:04.7769174Z   libqt5waylandclient5 libqt5waylandcompositor5 libqt5widgets5t64
2025-02-16T15:47:04.7770277Z   libqt5xml5t64 libqt5xmlpatterns5 libsndfile1 libvorbisenc2 libwacom-common
2025-02-16T15:47:04.7771719Z   libwacom9 libxcb-icccm4 libxcb-image0 libxcb-keysyms1 libxcb-render-util0
2025-02-16T15:47:04.7773004Z   libxcb-shape0 libxcb-util1 libxcb-xinerama0 libxcb-xinput0 libxcb-xkb1
2025-02-16T15:47:04.7774235Z   libxkbcommon-x11-0 qt5-gtk-platformtheme qttranslations5-l10n qtwayland5
2025-02-16T15:47:04.7775176Z Suggested packages:
2025-02-16T15:47:04.7775889Z   opus-tools pulseaudio qgnomeplatform-qt5 qt5-image-formats-plugins
2025-02-16T15:47:04.7776861Z   qt5-qmltooling-plugins libwacom-bin
2025-02-16T15:47:04.8110225Z The following NEW packages will be installed:
2025-02-16T15:47:04.8111495Z   klayout libasyncns0 libdouble-conversion3 libegl-mesa0 libegl1 libflac12t64
2025-02-16T15:47:04.8112844Z   libgit2-1.7 libhttp-parser2.9 libinput-bin libinput10 libmd4c0 libmp3lame0
2025-02-16T15:47:04.8114492Z   libmpg123-0t64 libmtdev1t64 libopus0 libpulse0 libqt5core5t64 libqt5dbus5t64
2025-02-16T15:47:04.8116177Z   libqt5designer5 libqt5gui5t64 libqt5multimedia5 libqt5multimediawidgets5
2025-02-16T15:47:04.8118508Z   libqt5network5t64 libqt5opengl5t64 libqt5printsupport5t64 libqt5qml5
2025-02-16T15:47:04.8120066Z   libqt5qmlmodels5 libqt5quick5 libqt5sql5-sqlite libqt5sql5t64 libqt5svg5
2025-02-16T15:47:04.8121888Z   libqt5waylandclient5 libqt5waylandcompositor5 libqt5widgets5t64
2025-02-16T15:47:04.8123234Z   libqt5xml5t64 libqt5xmlpatterns5 libsndfile1 libvorbisenc2 libwacom-common
2025-02-16T15:47:04.8124602Z   libwacom9 libxcb-icccm4 libxcb-image0 libxcb-keysyms1 libxcb-render-util0
2025-02-16T15:47:04.8125872Z   libxcb-shape0 libxcb-util1 libxcb-xinerama0 libxcb-xinput0 libxcb-xkb1
2025-02-16T15:47:04.8127061Z   libxkbcommon-x11-0 qt5-gtk-platformtheme qttranslations5-l10n qtwayland5
2025-02-16T15:47:05.0992797Z 0 upgraded, 53 newly installed, 0 to remove and 22 not upgraded.
2025-02-16T15:47:05.0993490Z Need to get 23.2 MB/86.3 MB of archives.
2025-02-16T15:47:05.0994039Z After this operation, 301 MB of additional disk space will be used.
2025-02-16T15:47:05.0995133Z Get:1 /home/runner/work/tt10-analog-tatzeltapeout/tt10-analog-tatzeltapeout/klayout_0.29.11-1_amd64.deb klayout amd64 0.29.11-1 [63.2 MB]
2025-02-16T15:47:05.0996781Z Get:2 file:/etc/apt/apt-mirrors.txt Mirrorlist [142 B]
2025-02-16T15:47:05.1313032Z Get:3 http://azure.archive.ubuntu.com/ubuntu noble/universe amd64 libdouble-conversion3 amd64 3.3.0-1build1 [40.3 kB]
2025-02-16T15:47:05.1610834Z Get:4 http://azure.archive.ubuntu.com/ubuntu noble/universe amd64 libqt5core5t64 amd64 5.15.13+dfsg-1ubuntu1 [2011 kB]
2025-02-16T15:47:05.1933044Z Get:5 http://azure.archive.ubuntu.com/ubuntu noble-updates/main amd64 libegl-mesa0 amd64 24.2.8-1ubuntu1~24.04.1 [129 kB]
2025-02-16T15:47:05.2092762Z Get:6 http://azure.archive.ubuntu.com/ubuntu noble/main amd64 libegl1 amd64 1.7.0-1build1 [28.7 kB]
2025-02-16T15:47:05.2245891Z Get:7 http://azure.archive.ubuntu.com/ubuntu noble/main amd64 libmtdev1t64 amd64 1.1.6-1.1build1 [14.4 kB]
2025-02-16T15:47:05.2392547Z Get:8 http://azure.archive.ubuntu.com/ubuntu noble/main amd64 libwacom-common all 2.10.0-2 [63.4 kB]
2025-02-16T15:47:05.2540789Z Get:9 http://azure.archive.ubuntu.com/ubuntu noble/main amd64 libwacom9 amd64 2.10.0-2 [23.9 kB]
2025-02-16T15:47:05.2686961Z Get:10 http://azure.archive.ubuntu.com/ubuntu noble/main amd64 libinput-bin amd64 1.25.0-1ubuntu2 [22.2 kB]
2025-02-16T15:47:05.2830380Z Get:11 http://azure.archive.ubuntu.com/ubuntu noble/main amd64 libinput10 amd64 1.25.0-1ubuntu2 [133 kB]
2025-02-16T15:47:05.2989862Z Get:12 http://azure.archive.ubuntu.com/ubuntu noble/universe amd64 libmd4c0 amd64 0.4.8-1build1 [42.3 kB]
2025-02-16T15:47:05.3138860Z Get:13 http://azure.archive.ubuntu.com/ubuntu noble/universe amd64 libqt5dbus5t64 amd64 5.15.13+dfsg-1ubuntu1 [220 kB]
2025-02-16T15:47:05.3300583Z Get:14 http://azure.archive.ubuntu.com/ubuntu noble/universe amd64 libqt5network5t64 amd64 5.15.13+dfsg-1ubuntu1 [723 kB]
2025-02-16T15:47:05.3495792Z Get:15 http://azure.archive.ubuntu.com/ubuntu noble/main amd64 libxcb-icccm4 amd64 0.4.1-1.1build3 [10.8 kB]
2025-02-16T15:47:05.3644300Z Get:16 http://azure.archive.ubuntu.com/ubuntu noble/main amd64 libxcb-util1 amd64 0.4.0-1build3 [10.7 kB]
2025-02-16T15:47:05.3784794Z Get:17 http://azure.archive.ubuntu.com/ubuntu noble/main amd64 libxcb-image0 amd64 0.4.0-2build1 [10.8 kB]
2025-02-16T15:47:05.3929292Z Get:18 http://azure.archive.ubuntu.com/ubuntu noble/main amd64 libxcb-keysyms1 amd64 0.4.0-1build4 [7956 B]
2025-02-16T15:47:05.4071351Z Get:19 http://azure.archive.ubuntu.com/ubuntu noble/main amd64 libxcb-render-util0 amd64 0.3.9-1build4 [9608 B]
2025-02-16T15:47:05.4217257Z Get:20 http://azure.archive.ubuntu.com/ubuntu noble/main amd64 libxcb-shape0 amd64 1.15-1ubuntu2 [6100 B]
2025-02-16T15:47:05.4814072Z Get:21 http://azure.archive.ubuntu.com/ubuntu noble/main amd64 libxcb-xinerama0 amd64 1.15-1ubuntu2 [5410 B]
2025-02-16T15:47:05.4959649Z Get:22 http://azure.archive.ubuntu.com/ubuntu noble/main amd64 libxcb-xinput0 amd64 1.15-1ubuntu2 [33.2 kB]
2025-02-16T15:47:05.5109828Z Get:23 http://azure.archive.ubuntu.com/ubuntu noble/main amd64 libxcb-xkb1 amd64 1.15-1ubuntu2 [32.3 kB]
2025-02-16T15:47:05.5295974Z Get:24 http://azure.archive.ubuntu.com/ubuntu noble/main amd64 libxkbcommon-x11-0 amd64 1.6.0-1build1 [14.5 kB]
2025-02-16T15:47:05.5439946Z Get:25 http://azure.archive.ubuntu.com/ubuntu noble/universe amd64 libqt5gui5t64 amd64 5.15.13+dfsg-1ubuntu1 [3748 kB]
2025-02-16T15:47:05.5877961Z Get:26 http://azure.archive.ubuntu.com/ubuntu noble/universe amd64 libqt5widgets5t64 amd64 5.15.13+dfsg-1ubuntu1 [2561 kB]
2025-02-16T15:47:05.6243462Z Get:27 http://azure.archive.ubuntu.com/ubuntu noble/universe amd64 libqt5xml5t64 amd64 5.15.13+dfsg-1ubuntu1 [124 kB]
2025-02-16T15:47:05.6406484Z Get:28 http://azure.archive.ubuntu.com/ubuntu noble/universe amd64 libqt5designer5 amd64 5.15.13-1 [2824 kB]
2025-02-16T15:47:05.6739181Z Get:29 http://azure.archive.ubuntu.com/ubuntu noble/main amd64 libasyncns0 amd64 0.8-6build4 [11.3 kB]
2025-02-16T15:47:05.6884507Z Get:30 http://azure.archive.ubuntu.com/ubuntu noble/main amd64 libflac12t64 amd64 1.4.3+ds-2.1ubuntu2 [197 kB]
2025-02-16T15:47:05.7038704Z Get:31 http://azure.archive.ubuntu.com/ubuntu noble/main amd64 libmp3lame0 amd64 3.100-6build1 [142 kB]
2025-02-16T15:47:05.7227997Z Get:32 http://azure.archive.ubuntu.com/ubuntu noble-updates/main amd64 libmpg123-0t64 amd64 1.32.5-1ubuntu1.1 [169 kB]
2025-02-16T15:47:05.7388980Z Get:33 http://azure.archive.ubuntu.com/ubuntu noble/main amd64 libopus0 amd64 1.4-1build1 [208 kB]
2025-02-16T15:47:05.7544809Z Get:34 http://azure.archive.ubuntu.com/ubuntu noble/main amd64 libvorbisenc2 amd64 1.3.7-1build3 [80.8 kB]
2025-02-16T15:47:05.7694056Z Get:35 http://azure.archive.ubuntu.com/ubuntu noble/main amd64 libsndfile1 amd64 1.2.2-1ubuntu5 [208 kB]
2025-02-16T15:47:05.7849148Z Get:36 http://azure.archive.ubuntu.com/ubuntu noble-updates/main amd64 libpulse0 amd64 1:16.1+dfsg1-2ubuntu10.1 [292 kB]
2025-02-16T15:47:05.8063425Z Get:37 http://azure.archive.ubuntu.com/ubuntu noble/universe amd64 libqt5multimedia5 amd64 5.15.13-1 [310 kB]
2025-02-16T15:47:05.8310732Z Get:38 http://azure.archive.ubuntu.com/ubuntu noble/universe amd64 libqt5multimediawidgets5 amd64 5.15.13-1 [40.7 kB]
2025-02-16T15:47:05.8891947Z Get:39 http://azure.archive.ubuntu.com/ubuntu noble/universe amd64 libqt5opengl5t64 amd64 5.15.13+dfsg-1ubuntu1 [150 kB]
2025-02-16T15:47:05.9052440Z Get:40 http://azure.archive.ubuntu.com/ubuntu noble/universe amd64 libqt5printsupport5t64 amd64 5.15.13+dfsg-1ubuntu1 [208 kB]
2025-02-16T15:47:05.9216642Z Get:41 http://azure.archive.ubuntu.com/ubuntu noble/universe amd64 libqt5sql5t64 amd64 5.15.13+dfsg-1ubuntu1 [122 kB]
2025-02-16T15:47:05.9372863Z Get:42 http://azure.archive.ubuntu.com/ubuntu noble/universe amd64 libqt5svg5 amd64 5.15.13-1 [146 kB]
2025-02-16T15:47:05.9693129Z Get:43 http://azure.archive.ubuntu.com/ubuntu noble/universe amd64 libqt5xmlpatterns5 amd64 5.15.13-1 [899 kB]
2025-02-16T15:47:06.0051886Z Get:44 http://azure.archive.ubuntu.com/ubuntu noble/main amd64 libhttp-parser2.9 amd64 2.9.4-6build1 [22.3 kB]
2025-02-16T15:47:06.0202640Z Get:45 http://azure.archive.ubuntu.com/ubuntu noble/main amd64 libgit2-1.7 amd64 1.7.2+ds-1ubuntu3 [529 kB]
2025-02-16T15:47:06.0386773Z Get:46 http://azure.archive.ubuntu.com/ubuntu noble/universe amd64 libqt5qml5 amd64 5.15.13+dfsg-1 [1482 kB]
2025-02-16T15:47:06.0680446Z Get:47 http://azure.archive.ubuntu.com/ubuntu noble/universe amd64 libqt5qmlmodels5 amd64 5.15.13+dfsg-1 [203 kB]
2025-02-16T15:47:06.0845759Z Get:48 http://azure.archive.ubuntu.com/ubuntu noble/universe amd64 libqt5quick5 amd64 5.15.13+dfsg-1 [1736 kB]
2025-02-16T15:47:06.1095020Z Get:49 http://azure.archive.ubuntu.com/ubuntu noble/universe amd64 libqt5sql5-sqlite amd64 5.15.13+dfsg-1ubuntu1 [51.5 kB]
2025-02-16T15:47:06.1244876Z Get:50 http://azure.archive.ubuntu.com/ubuntu noble/universe amd64 libqt5waylandclient5 amd64 5.15.13-1 [405 kB]
2025-02-16T15:47:06.1412247Z Get:51 http://azure.archive.ubuntu.com/ubuntu noble/universe amd64 libqt5waylandcompositor5 amd64 5.15.13-1 [396 kB]
2025-02-16T15:47:06.1585937Z Get:52 http://azure.archive.ubuntu.com/ubuntu noble/universe amd64 qt5-gtk-platformtheme amd64 5.15.13+dfsg-1ubuntu1 [125 kB]
2025-02-16T15:47:06.1736833Z Get:53 http://azure.archive.ubuntu.com/ubuntu noble/universe amd64 qttranslations5-l10n all 5.15.13-1 [1964 kB]
2025-02-16T15:47:06.2055250Z Get:54 http://azure.archive.ubuntu.com/ubuntu noble/universe amd64 qtwayland5 amd64 5.15.13-1 [223 kB]
2025-02-16T15:47:06.5014127Z Fetched 23.2 MB in 1s (16.7 MB/s)
2025-02-16T15:47:06.5273445Z Selecting previously unselected package libdouble-conversion3:amd64.
2025-02-16T15:47:06.5494284Z (Reading database ... 
2025-02-16T15:47:06.5494948Z (Reading database ... 5%
2025-02-16T15:47:06.5495404Z (Reading database ... 10%
2025-02-16T15:47:06.5495864Z (Reading database ... 15%
2025-02-16T15:47:06.5496289Z (Reading database ... 20%
2025-02-16T15:47:06.5496706Z (Reading database ... 25%
2025-02-16T15:47:06.5497226Z (Reading database ... 30%
2025-02-16T15:47:06.5497993Z (Reading database ... 35%
2025-02-16T15:47:06.5498413Z (Reading database ... 40%
2025-02-16T15:47:06.5498917Z (Reading database ... 45%
2025-02-16T15:47:06.5499331Z (Reading database ... 50%
2025-02-16T15:47:06.5675750Z (Reading database ... 55%
2025-02-16T15:47:06.5874665Z (Reading database ... 60%
2025-02-16T15:47:06.6089228Z (Reading database ... 65%
2025-02-16T15:47:06.6308163Z (Reading database ... 70%
2025-02-16T15:47:06.6519541Z (Reading database ... 75%
2025-02-16T15:47:06.6897998Z (Reading database ... 80%
2025-02-16T15:47:06.7438526Z (Reading database ... 85%
2025-02-16T15:47:06.8114087Z (Reading database ... 90%
2025-02-16T15:47:06.8513783Z (Reading database ... 95%
2025-02-16T15:47:06.8514611Z (Reading database ... 100%
2025-02-16T15:47:06.8515425Z (Reading database ... 220710 files and directories currently installed.)
2025-02-16T15:47:06.8560885Z Preparing to unpack .../00-libdouble-conversion3_3.3.0-1build1_amd64.deb ...
2025-02-16T15:47:06.8648462Z Unpacking libdouble-conversion3:amd64 (3.3.0-1build1) ...
2025-02-16T15:47:06.8943613Z Selecting previously unselected package libqt5core5t64:amd64.
2025-02-16T15:47:06.9077650Z Preparing to unpack .../01-libqt5core5t64_5.15.13+dfsg-1ubuntu1_amd64.deb ...
2025-02-16T15:47:06.9090209Z Unpacking libqt5core5t64:amd64 (5.15.13+dfsg-1ubuntu1) ...
2025-02-16T15:47:06.9657979Z Selecting previously unselected package libegl-mesa0:amd64.
2025-02-16T15:47:06.9797819Z Preparing to unpack .../02-libegl-mesa0_24.2.8-1ubuntu1~24.04.1_amd64.deb ...
2025-02-16T15:47:06.9810420Z Unpacking libegl-mesa0:amd64 (24.2.8-1ubuntu1~24.04.1) ...
2025-02-16T15:47:07.0083849Z Selecting previously unselected package libegl1:amd64.
2025-02-16T15:47:07.0219617Z Preparing to unpack .../03-libegl1_1.7.0-1build1_amd64.deb ...
2025-02-16T15:47:07.0233434Z Unpacking libegl1:amd64 (1.7.0-1build1) ...
2025-02-16T15:47:07.0468009Z Selecting previously unselected package libmtdev1t64:amd64.
2025-02-16T15:47:07.0610303Z Preparing to unpack .../04-libmtdev1t64_1.1.6-1.1build1_amd64.deb ...
2025-02-16T15:47:07.0630431Z Unpacking libmtdev1t64:amd64 (1.1.6-1.1build1) ...
2025-02-16T15:47:07.0863277Z Selecting previously unselected package libwacom-common.
2025-02-16T15:47:07.1001574Z Preparing to unpack .../05-libwacom-common_2.10.0-2_all.deb ...
2025-02-16T15:47:07.1010773Z Unpacking libwacom-common (2.10.0-2) ...
2025-02-16T15:47:07.2032442Z Selecting previously unselected package libwacom9:amd64.
2025-02-16T15:47:07.2172980Z Preparing to unpack .../06-libwacom9_2.10.0-2_amd64.deb ...
2025-02-16T15:47:07.2184737Z Unpacking libwacom9:amd64 (2.10.0-2) ...
2025-02-16T15:47:07.2426796Z Selecting previously unselected package libinput-bin.
2025-02-16T15:47:07.2566704Z Preparing to unpack .../07-libinput-bin_1.25.0-1ubuntu2_amd64.deb ...
2025-02-16T15:47:07.2577965Z Unpacking libinput-bin (1.25.0-1ubuntu2) ...
2025-02-16T15:47:07.2892462Z Selecting previously unselected package libinput10:amd64.
2025-02-16T15:47:07.3028111Z Preparing to unpack .../08-libinput10_1.25.0-1ubuntu2_amd64.deb ...
2025-02-16T15:47:07.3036063Z Unpacking libinput10:amd64 (1.25.0-1ubuntu2) ...
2025-02-16T15:47:07.3295795Z Selecting previously unselected package libmd4c0:amd64.
2025-02-16T15:47:07.3431743Z Preparing to unpack .../09-libmd4c0_0.4.8-1build1_amd64.deb ...
2025-02-16T15:47:07.3440221Z Unpacking libmd4c0:amd64 (0.4.8-1build1) ...
2025-02-16T15:47:07.3683315Z Selecting previously unselected package libqt5dbus5t64:amd64.
2025-02-16T15:47:07.3817198Z Preparing to unpack .../10-libqt5dbus5t64_5.15.13+dfsg-1ubuntu1_amd64.deb ...
2025-02-16T15:47:07.3828363Z Unpacking libqt5dbus5t64:amd64 (5.15.13+dfsg-1ubuntu1) ...
2025-02-16T15:47:07.4108729Z Selecting previously unselected package libqt5network5t64:amd64.
2025-02-16T15:47:07.4242357Z Preparing to unpack .../11-libqt5network5t64_5.15.13+dfsg-1ubuntu1_amd64.deb ...
2025-02-16T15:47:07.4254286Z Unpacking libqt5network5t64:amd64 (5.15.13+dfsg-1ubuntu1) ...
2025-02-16T15:47:07.4603241Z Selecting previously unselected package libxcb-icccm4:amd64.
2025-02-16T15:47:07.4739226Z Preparing to unpack .../12-libxcb-icccm4_0.4.1-1.1build3_amd64.deb ...
2025-02-16T15:47:07.4750077Z Unpacking libxcb-icccm4:amd64 (0.4.1-1.1build3) ...
2025-02-16T15:47:07.4982149Z Selecting previously unselected package libxcb-util1:amd64.
2025-02-16T15:47:07.5117195Z Preparing to unpack .../13-libxcb-util1_0.4.0-1build3_amd64.deb ...
2025-02-16T15:47:07.5128634Z Unpacking libxcb-util1:amd64 (0.4.0-1build3) ...
2025-02-16T15:47:07.5367763Z Selecting previously unselected package libxcb-image0:amd64.
2025-02-16T15:47:07.5504124Z Preparing to unpack .../14-libxcb-image0_0.4.0-2build1_amd64.deb ...
2025-02-16T15:47:07.5513402Z Unpacking libxcb-image0:amd64 (0.4.0-2build1) ...
2025-02-16T15:47:07.5735204Z Selecting previously unselected package libxcb-keysyms1:amd64.
2025-02-16T15:47:07.5873067Z Preparing to unpack .../15-libxcb-keysyms1_0.4.0-1build4_amd64.deb ...
2025-02-16T15:47:07.5885318Z Unpacking libxcb-keysyms1:amd64 (0.4.0-1build4) ...
2025-02-16T15:47:07.6136581Z Selecting previously unselected package libxcb-render-util0:amd64.
2025-02-16T15:47:07.6272517Z Preparing to unpack .../16-libxcb-render-util0_0.3.9-1build4_amd64.deb ...
2025-02-16T15:47:07.6282178Z Unpacking libxcb-render-util0:amd64 (0.3.9-1build4) ...
2025-02-16T15:47:07.6522210Z Selecting previously unselected package libxcb-shape0:amd64.
2025-02-16T15:47:07.6657334Z Preparing to unpack .../17-libxcb-shape0_1.15-1ubuntu2_amd64.deb ...
2025-02-16T15:47:07.6667401Z Unpacking libxcb-shape0:amd64 (1.15-1ubuntu2) ...
2025-02-16T15:47:07.6907346Z Selecting previously unselected package libxcb-xinerama0:amd64.
2025-02-16T15:47:07.7043786Z Preparing to unpack .../18-libxcb-xinerama0_1.15-1ubuntu2_amd64.deb ...
2025-02-16T15:47:07.7053804Z Unpacking libxcb-xinerama0:amd64 (1.15-1ubuntu2) ...
2025-02-16T15:47:07.7270220Z Selecting previously unselected package libxcb-xinput0:amd64.
2025-02-16T15:47:07.7402988Z Preparing to unpack .../19-libxcb-xinput0_1.15-1ubuntu2_amd64.deb ...
2025-02-16T15:47:07.7412742Z Unpacking libxcb-xinput0:amd64 (1.15-1ubuntu2) ...
2025-02-16T15:47:07.7656815Z Selecting previously unselected package libxcb-xkb1:amd64.
2025-02-16T15:47:07.7790428Z Preparing to unpack .../20-libxcb-xkb1_1.15-1ubuntu2_amd64.deb ...
2025-02-16T15:47:07.7800006Z Unpacking libxcb-xkb1:amd64 (1.15-1ubuntu2) ...
2025-02-16T15:47:07.8043438Z Selecting previously unselected package libxkbcommon-x11-0:amd64.
2025-02-16T15:47:07.8180149Z Preparing to unpack .../21-libxkbcommon-x11-0_1.6.0-1build1_amd64.deb ...
2025-02-16T15:47:07.8192568Z Unpacking libxkbcommon-x11-0:amd64 (1.6.0-1build1) ...
2025-02-16T15:47:07.8449120Z Selecting previously unselected package libqt5gui5t64:amd64.
2025-02-16T15:47:07.8588972Z Preparing to unpack .../22-libqt5gui5t64_5.15.13+dfsg-1ubuntu1_amd64.deb ...
2025-02-16T15:47:07.8597941Z Unpacking libqt5gui5t64:amd64 (5.15.13+dfsg-1ubuntu1) ...
2025-02-16T15:47:07.9479611Z Selecting previously unselected package libqt5widgets5t64:amd64.
2025-02-16T15:47:07.9617732Z Preparing to unpack .../23-libqt5widgets5t64_5.15.13+dfsg-1ubuntu1_amd64.deb ...
2025-02-16T15:47:07.9626312Z Unpacking libqt5widgets5t64:amd64 (5.15.13+dfsg-1ubuntu1) ...
2025-02-16T15:47:08.0249310Z Selecting previously unselected package libqt5xml5t64:amd64.
2025-02-16T15:47:08.0387194Z Preparing to unpack .../24-libqt5xml5t64_5.15.13+dfsg-1ubuntu1_amd64.deb ...
2025-02-16T15:47:08.0397669Z Unpacking libqt5xml5t64:amd64 (5.15.13+dfsg-1ubuntu1) ...
2025-02-16T15:47:08.0661359Z Selecting previously unselected package libqt5designer5:amd64.
2025-02-16T15:47:08.0798348Z Preparing to unpack .../25-libqt5designer5_5.15.13-1_amd64.deb ...
2025-02-16T15:47:08.0808296Z Unpacking libqt5designer5:amd64 (5.15.13-1) ...
2025-02-16T15:47:08.1295243Z Selecting previously unselected package libasyncns0:amd64.
2025-02-16T15:47:08.1432220Z Preparing to unpack .../26-libasyncns0_0.8-6build4_amd64.deb ...
2025-02-16T15:47:08.1443538Z Unpacking libasyncns0:amd64 (0.8-6build4) ...
2025-02-16T15:47:08.1686074Z Selecting previously unselected package libflac12t64:amd64.
2025-02-16T15:47:08.1824884Z Preparing to unpack .../27-libflac12t64_1.4.3+ds-2.1ubuntu2_amd64.deb ...
2025-02-16T15:47:08.1835848Z Unpacking libflac12t64:amd64 (1.4.3+ds-2.1ubuntu2) ...
2025-02-16T15:47:08.2156295Z Selecting previously unselected package libmp3lame0:amd64.
2025-02-16T15:47:08.2295665Z Preparing to unpack .../28-libmp3lame0_3.100-6build1_amd64.deb ...
2025-02-16T15:47:08.2308384Z Unpacking libmp3lame0:amd64 (3.100-6build1) ...
2025-02-16T15:47:08.2580719Z Selecting previously unselected package libmpg123-0t64:amd64.
2025-02-16T15:47:08.2720178Z Preparing to unpack .../29-libmpg123-0t64_1.32.5-1ubuntu1.1_amd64.deb ...
2025-02-16T15:47:08.2730652Z Unpacking libmpg123-0t64:amd64 (1.32.5-1ubuntu1.1) ...
2025-02-16T15:47:08.2984987Z Selecting previously unselected package libopus0:amd64.
2025-02-16T15:47:08.3123331Z Preparing to unpack .../30-libopus0_1.4-1build1_amd64.deb ...
2025-02-16T15:47:08.3132731Z Unpacking libopus0:amd64 (1.4-1build1) ...
2025-02-16T15:47:08.3391099Z Selecting previously unselected package libvorbisenc2:amd64.
2025-02-16T15:47:08.3527235Z Preparing to unpack .../31-libvorbisenc2_1.3.7-1build3_amd64.deb ...
2025-02-16T15:47:08.3538016Z Unpacking libvorbisenc2:amd64 (1.3.7-1build3) ...
2025-02-16T15:47:08.3805666Z Selecting previously unselected package libsndfile1:amd64.
2025-02-16T15:47:08.3943301Z Preparing to unpack .../32-libsndfile1_1.2.2-1ubuntu5_amd64.deb ...
2025-02-16T15:47:08.3954745Z Unpacking libsndfile1:amd64 (1.2.2-1ubuntu5) ...
2025-02-16T15:47:08.4237396Z Selecting previously unselected package libpulse0:amd64.
2025-02-16T15:47:08.4374581Z Preparing to unpack .../33-libpulse0_1%3a16.1+dfsg1-2ubuntu10.1_amd64.deb ...
2025-02-16T15:47:08.4455196Z Unpacking libpulse0:amd64 (1:16.1+dfsg1-2ubuntu10.1) ...
2025-02-16T15:47:08.4736736Z Selecting previously unselected package libqt5multimedia5:amd64.
2025-02-16T15:47:08.4872418Z Preparing to unpack .../34-libqt5multimedia5_5.15.13-1_amd64.deb ...
2025-02-16T15:47:08.4886509Z Unpacking libqt5multimedia5:amd64 (5.15.13-1) ...
2025-02-16T15:47:08.5194576Z Selecting previously unselected package libqt5multimediawidgets5:amd64.
2025-02-16T15:47:08.5330580Z Preparing to unpack .../35-libqt5multimediawidgets5_5.15.13-1_amd64.deb ...
2025-02-16T15:47:08.5340858Z Unpacking libqt5multimediawidgets5:amd64 (5.15.13-1) ...
2025-02-16T15:47:08.5578720Z Selecting previously unselected package libqt5opengl5t64:amd64.
2025-02-16T15:47:08.5713034Z Preparing to unpack .../36-libqt5opengl5t64_5.15.13+dfsg-1ubuntu1_amd64.deb ...
2025-02-16T15:47:08.5725057Z Unpacking libqt5opengl5t64:amd64 (5.15.13+dfsg-1ubuntu1) ...
2025-02-16T15:47:08.5996283Z Selecting previously unselected package libqt5printsupport5t64:amd64.
2025-02-16T15:47:08.6131804Z Preparing to unpack .../37-libqt5printsupport5t64_5.15.13+dfsg-1ubuntu1_amd64.deb ...
2025-02-16T15:47:08.6146234Z Unpacking libqt5printsupport5t64:amd64 (5.15.13+dfsg-1ubuntu1) ...
2025-02-16T15:47:08.6419948Z Selecting previously unselected package libqt5sql5t64:amd64.
2025-02-16T15:47:08.6552375Z Preparing to unpack .../38-libqt5sql5t64_5.15.13+dfsg-1ubuntu1_amd64.deb ...
2025-02-16T15:47:08.6561954Z Unpacking libqt5sql5t64:amd64 (5.15.13+dfsg-1ubuntu1) ...
2025-02-16T15:47:08.6822296Z Selecting previously unselected package libqt5svg5:amd64.
2025-02-16T15:47:08.6957176Z Preparing to unpack .../39-libqt5svg5_5.15.13-1_amd64.deb ...
2025-02-16T15:47:08.6967934Z Unpacking libqt5svg5:amd64 (5.15.13-1) ...
2025-02-16T15:47:08.7266602Z Selecting previously unselected package libqt5xmlpatterns5:amd64.
2025-02-16T15:47:08.7401579Z Preparing to unpack .../40-libqt5xmlpatterns5_5.15.13-1_amd64.deb ...
2025-02-16T15:47:08.7411577Z Unpacking libqt5xmlpatterns5:amd64 (5.15.13-1) ...
2025-02-16T15:47:08.7820091Z Selecting previously unselected package libhttp-parser2.9:amd64.
2025-02-16T15:47:08.7958672Z Preparing to unpack .../41-libhttp-parser2.9_2.9.4-6build1_amd64.deb ...
2025-02-16T15:47:08.7969746Z Unpacking libhttp-parser2.9:amd64 (2.9.4-6build1) ...
2025-02-16T15:47:08.8212730Z Selecting previously unselected package libgit2-1.7:amd64.
2025-02-16T15:47:08.8348600Z Preparing to unpack .../42-libgit2-1.7_1.7.2+ds-1ubuntu3_amd64.deb ...
2025-02-16T15:47:08.8360617Z Unpacking libgit2-1.7:amd64 (1.7.2+ds-1ubuntu3) ...
2025-02-16T15:47:08.8705802Z Selecting previously unselected package klayout.
2025-02-16T15:47:08.8842405Z Preparing to unpack .../43-klayout_0.29.11-1_amd64.deb ...
2025-02-16T15:47:08.8851228Z Unpacking klayout (0.29.11-1) ...
2025-02-16T15:47:09.7721375Z Selecting previously unselected package libqt5qml5:amd64.
2025-02-16T15:47:09.7858170Z Preparing to unpack .../44-libqt5qml5_5.15.13+dfsg-1_amd64.deb ...
2025-02-16T15:47:09.7873083Z Unpacking libqt5qml5:amd64 (5.15.13+dfsg-1) ...
2025-02-16T15:47:09.8401314Z Selecting previously unselected package libqt5qmlmodels5:amd64.
2025-02-16T15:47:09.8538006Z Preparing to unpack .../45-libqt5qmlmodels5_5.15.13+dfsg-1_amd64.deb ...
2025-02-16T15:47:09.8548884Z Unpacking libqt5qmlmodels5:amd64 (5.15.13+dfsg-1) ...
2025-02-16T15:47:09.8860761Z Selecting previously unselected package libqt5quick5:amd64.
2025-02-16T15:47:09.9001820Z Preparing to unpack .../46-libqt5quick5_5.15.13+dfsg-1_amd64.deb ...
2025-02-16T15:47:09.9012669Z Unpacking libqt5quick5:amd64 (5.15.13+dfsg-1) ...
2025-02-16T15:47:09.9526160Z Selecting previously unselected package libqt5sql5-sqlite:amd64.
2025-02-16T15:47:09.9664639Z Preparing to unpack .../47-libqt5sql5-sqlite_5.15.13+dfsg-1ubuntu1_amd64.deb ...
2025-02-16T15:47:09.9675389Z Unpacking libqt5sql5-sqlite:amd64 (5.15.13+dfsg-1ubuntu1) ...
2025-02-16T15:47:09.9939589Z Selecting previously unselected package libqt5waylandclient5:amd64.
2025-02-16T15:47:10.0080036Z Preparing to unpack .../48-libqt5waylandclient5_5.15.13-1_amd64.deb ...
2025-02-16T15:47:10.0089548Z Unpacking libqt5waylandclient5:amd64 (5.15.13-1) ...
2025-02-16T15:47:10.0430323Z Selecting previously unselected package libqt5waylandcompositor5:amd64.
2025-02-16T15:47:10.0568015Z Preparing to unpack .../49-libqt5waylandcompositor5_5.15.13-1_amd64.deb ...
2025-02-16T15:47:10.0579868Z Unpacking libqt5waylandcompositor5:amd64 (5.15.13-1) ...
2025-02-16T15:47:10.0899667Z Selecting previously unselected package qt5-gtk-platformtheme:amd64.
2025-02-16T15:47:10.1039889Z Preparing to unpack .../50-qt5-gtk-platformtheme_5.15.13+dfsg-1ubuntu1_amd64.deb ...
2025-02-16T15:47:10.1052010Z Unpacking qt5-gtk-platformtheme:amd64 (5.15.13+dfsg-1ubuntu1) ...
2025-02-16T15:47:10.1306513Z Selecting previously unselected package qttranslations5-l10n.
2025-02-16T15:47:10.1444754Z Preparing to unpack .../51-qttranslations5-l10n_5.15.13-1_all.deb ...
2025-02-16T15:47:10.1455130Z Unpacking qttranslations5-l10n (5.15.13-1) ...
2025-02-16T15:47:10.2687603Z Selecting previously unselected package qtwayland5:amd64.
2025-02-16T15:47:10.2832642Z Preparing to unpack .../52-qtwayland5_5.15.13-1_amd64.deb ...
2025-02-16T15:47:10.2843181Z Unpacking qtwayland5:amd64 (5.15.13-1) ...
2025-02-16T15:47:10.3409851Z Setting up libdouble-conversion3:amd64 (3.3.0-1build1) ...
2025-02-16T15:47:10.3440910Z Setting up libxcb-xinput0:amd64 (1.15-1ubuntu2) ...
2025-02-16T15:47:10.3469819Z Setting up libxcb-keysyms1:amd64 (0.4.0-1build4) ...
2025-02-16T15:47:10.3498259Z Setting up libxcb-shape0:amd64 (1.15-1ubuntu2) ...
2025-02-16T15:47:10.3523791Z Setting up libxcb-render-util0:amd64 (0.3.9-1build4) ...
2025-02-16T15:47:10.3549456Z Setting up libxcb-icccm4:amd64 (0.4.1-1.1build3) ...
2025-02-16T15:47:10.3575915Z Setting up libmpg123-0t64:amd64 (1.32.5-1ubuntu1.1) ...
2025-02-16T15:47:10.3601886Z Setting up libxcb-util1:amd64 (0.4.0-1build3) ...
2025-02-16T15:47:10.3627241Z Setting up libxcb-xkb1:amd64 (1.15-1ubuntu2) ...
2025-02-16T15:47:10.3654007Z Setting up libxcb-image0:amd64 (0.4.0-2build1) ...
2025-02-16T15:47:10.3681158Z Setting up libqt5core5t64:amd64 (5.15.13+dfsg-1ubuntu1) ...
2025-02-16T15:47:10.3718032Z Setting up libegl-mesa0:amd64 (24.2.8-1ubuntu1~24.04.1) ...
2025-02-16T15:47:10.3743953Z Setting up libxcb-xinerama0:amd64 (1.15-1ubuntu2) ...
2025-02-16T15:47:10.3769531Z Setting up qttranslations5-l10n (5.15.13-1) ...
2025-02-16T15:47:10.3796790Z Setting up libopus0:amd64 (1.4-1build1) ...
2025-02-16T15:47:10.3830069Z Setting up libxkbcommon-x11-0:amd64 (1.6.0-1build1) ...
2025-02-16T15:47:10.3855082Z Setting up libmtdev1t64:amd64 (1.1.6-1.1build1) ...
2025-02-16T15:47:10.3883152Z Setting up libasyncns0:amd64 (0.8-6build4) ...
2025-02-16T15:47:10.3910640Z Setting up libegl1:amd64 (1.7.0-1build1) ...
2025-02-16T15:47:10.3933837Z Setting up libqt5sql5t64:amd64 (5.15.13+dfsg-1ubuntu1) ...
2025-02-16T15:47:10.3959761Z Setting up libmd4c0:amd64 (0.4.8-1build1) ...
2025-02-16T15:47:10.3985412Z Setting up libflac12t64:amd64 (1.4.3+ds-2.1ubuntu2) ...
2025-02-16T15:47:10.4013142Z Setting up libmp3lame0:amd64 (3.100-6build1) ...
2025-02-16T15:47:10.4042328Z Setting up libhttp-parser2.9:amd64 (2.9.4-6build1) ...
2025-02-16T15:47:10.4068601Z Setting up libvorbisenc2:amd64 (1.3.7-1build3) ...
2025-02-16T15:47:10.4102928Z Setting up libwacom-common (2.10.0-2) ...
2025-02-16T15:47:10.4128823Z Setting up libqt5dbus5t64:amd64 (5.15.13+dfsg-1ubuntu1) ...
2025-02-16T15:47:10.4152047Z Setting up libqt5sql5-sqlite:amd64 (5.15.13+dfsg-1ubuntu1) ...
2025-02-16T15:47:10.4176835Z Setting up libwacom9:amd64 (2.10.0-2) ...
2025-02-16T15:47:10.4201720Z Setting up libqt5network5t64:amd64 (5.15.13+dfsg-1ubuntu1) ...
2025-02-16T15:47:10.4226368Z Setting up libqt5xml5t64:amd64 (5.15.13+dfsg-1ubuntu1) ...
2025-02-16T15:47:10.4254632Z Setting up libinput-bin (1.25.0-1ubuntu2) ...
2025-02-16T15:47:10.4313459Z Setting up libqt5qml5:amd64 (5.15.13+dfsg-1) ...
2025-02-16T15:47:10.4343735Z Setting up libgit2-1.7:amd64 (1.7.2+ds-1ubuntu3) ...
2025-02-16T15:47:10.4370231Z Setting up libsndfile1:amd64 (1.2.2-1ubuntu5) ...
2025-02-16T15:47:10.4395801Z Setting up libinput10:amd64 (1.25.0-1ubuntu2) ...
2025-02-16T15:47:10.4424991Z Setting up libqt5qmlmodels5:amd64 (5.15.13+dfsg-1) ...
2025-02-16T15:47:10.4449567Z Setting up libpulse0:amd64 (1:16.1+dfsg1-2ubuntu10.1) ...
2025-02-16T15:47:10.4540065Z Setting up libqt5xmlpatterns5:amd64 (5.15.13-1) ...
2025-02-16T15:47:10.4565435Z Setting up libqt5gui5t64:amd64 (5.15.13+dfsg-1ubuntu1) ...
2025-02-16T15:47:10.4591893Z Setting up libqt5quick5:amd64 (5.15.13+dfsg-1) ...
2025-02-16T15:47:10.4619796Z Setting up libqt5widgets5t64:amd64 (5.15.13+dfsg-1ubuntu1) ...
2025-02-16T15:47:10.4645726Z Setting up libqt5svg5:amd64 (5.15.13-1) ...
2025-02-16T15:47:10.4674275Z Setting up qt5-gtk-platformtheme:amd64 (5.15.13+dfsg-1ubuntu1) ...
2025-02-16T15:47:10.4700656Z Setting up libqt5waylandclient5:amd64 (5.15.13-1) ...
2025-02-16T15:47:10.4724895Z Setting up libqt5multimedia5:amd64 (5.15.13-1) ...
2025-02-16T15:47:10.4755933Z Setting up libqt5waylandcompositor5:amd64 (5.15.13-1) ...
2025-02-16T15:47:10.4783610Z Setting up libqt5multimediawidgets5:amd64 (5.15.13-1) ...
2025-02-16T15:47:10.4811692Z Setting up libqt5opengl5t64:amd64 (5.15.13+dfsg-1ubuntu1) ...
2025-02-16T15:47:10.4835953Z Setting up libqt5printsupport5t64:amd64 (5.15.13+dfsg-1ubuntu1) ...
2025-02-16T15:47:10.4869606Z Setting up libqt5designer5:amd64 (5.15.13-1) ...
2025-02-16T15:47:10.4905198Z Setting up qtwayland5:amd64 (5.15.13-1) ...
2025-02-16T15:47:10.4932064Z Setting up klayout (0.29.11-1) ...
2025-02-16T15:47:10.4997957Z Processing triggers for udev (255.4-1ubuntu8.5) ...
2025-02-16T15:47:10.8023181Z Processing triggers for libc-bin (2.39-0ubuntu8.4) ...
2025-02-16T15:47:11.5066134Z 
2025-02-16T15:47:11.5066947Z Running kernel seems to be up-to-date.
2025-02-16T15:47:11.5067695Z 
2025-02-16T15:47:11.5067941Z No services need to be restarted.
2025-02-16T15:47:11.5068365Z 
2025-02-16T15:47:11.5068592Z No containers need to be restarted.
2025-02-16T15:47:11.5069027Z 
2025-02-16T15:47:11.5069308Z No user sessions are running outdated binaries.
2025-02-16T15:47:11.5069814Z 
2025-02-16T15:47:11.5070282Z No VM guests are running outdated hypervisor (qemu) binaries on this host.
2025-02-16T15:47:12.6800380Z Defaulting to user installation because normal site-packages is not writeable
2025-02-16T15:47:13.1108968Z Collecting klayout==0.29.11
2025-02-16T15:47:13.1455627Z   Downloading klayout-0.29.11-cp312-cp312-manylinux_2_17_x86_64.manylinux2014_x86_64.whl.metadata (915 bytes)
2025-02-16T15:47:13.1530645Z Downloading klayout-0.29.11-cp312-cp312-manylinux_2_17_x86_64.manylinux2014_x86_64.whl (23.8 MB)
2025-02-16T15:47:13.5935853Z    ━━━━━━━━━━━━━━━━━━━━━━━━━━━━━━━━━━━━━━━━ 23.8/23.8 MB 70.8 MB/s eta 0:00:00
2025-02-16T15:47:13.8727598Z Installing collected packages: klayout
2025-02-16T15:47:14.2532853Z Successfully installed klayout-0.29.11
2025-02-16T15:47:14.3163325Z ##[group]Run cp gds/tt_um_tatzeltapeout.gds tt_submission/tt_um_tatzeltapeout.gds
2025-02-16T15:47:14.3164150Z [36;1mcp gds/tt_um_tatzeltapeout.gds tt_submission/tt_um_tatzeltapeout.gds[0m
2025-02-16T15:47:14.3164935Z [36;1mstrm2oas gds/tt_um_tatzeltapeout.gds tt_submission/tt_um_tatzeltapeout.oas[0m
2025-02-16T15:47:14.3165706Z [36;1mcp lef/tt_um_tatzeltapeout.lef tt_submission/tt_um_tatzeltapeout.lef[0m
2025-02-16T15:47:14.3166429Z [36;1m[0m
2025-02-16T15:47:14.3166759Z [36;1mtouch tt_submission/tt_um_tatzeltapeout.v[0m
2025-02-16T15:47:14.3167222Z [36;1mif [ -n "src/project.v" ]; then[0m
2025-02-16T15:47:14.3167852Z [36;1m  cp src/project.v tt_submission/tt_um_tatzeltapeout.v[0m
2025-02-16T15:47:14.3168319Z [36;1mfi[0m
2025-02-16T15:47:14.3224096Z shell: /usr/bin/bash --noprofile --norc -e -o pipefail {0}
2025-02-16T15:47:14.3224587Z ##[endgroup]
2025-02-16T15:47:14.3316547Z cp: cannot stat 'gds/tt_um_tatzeltapeout.gds': No such file or directory
2025-02-16T15:47:14.3329757Z ##[error]Process completed with exit code 1.
2025-02-16T15:47:14.3445810Z Post job cleanup.
2025-02-16T15:47:14.3496622Z Post job cleanup.
2025-02-16T15:47:14.4446619Z [command]/usr/bin/git version
2025-02-16T15:47:14.4483558Z git version 2.48.1
2025-02-16T15:47:14.4527218Z Temporarily overriding HOME='/home/runner/work/_temp/54adce43-a933-4fa7-8158-baca91d80d07' before making global git config changes
2025-02-16T15:47:14.4529047Z Adding repository directory to the temporary git global config as a safe directory
2025-02-16T15:47:14.4534541Z [command]/usr/bin/git config --global --add safe.directory /home/runner/work/tt10-analog-tatzeltapeout/tt10-analog-tatzeltapeout
2025-02-16T15:47:14.4579661Z [command]/usr/bin/git config --local --name-only --get-regexp core\.sshCommand
2025-02-16T15:47:14.4615795Z [command]/usr/bin/git submodule foreach --recursive sh -c "git config --local --name-only --get-regexp 'core\.sshCommand' && git config --local --unset-all 'core.sshCommand' || :"
2025-02-16T15:47:14.4861059Z [command]/usr/bin/git config --local --name-only --get-regexp http\.https\:\/\/github\.com\/\.extraheader
2025-02-16T15:47:14.4883713Z http.https://github.com/.extraheader
2025-02-16T15:47:14.4897197Z [command]/usr/bin/git config --local --unset-all http.https://github.com/.extraheader
2025-02-16T15:47:14.4929201Z [command]/usr/bin/git submodule foreach --recursive sh -c "git config --local --name-only --get-regexp 'http\.https\:\/\/github\.com\/\.extraheader' && git config --local --unset-all 'http.https://github.com/.extraheader' || :"
2025-02-16T15:47:14.5290064Z Cleaning up orphan processes
